src/pages/AccessControl.tsx(8,49): error TS1003: Identifier expected.
src/pages/AccessControl.tsx(8,99): error TS1002: Unterminated string literal.
src/pages/AccessControl.tsx(9,7): error TS1128: Declaration or statement expected.
src/pages/AccessControl.tsx(23,5): error TS1128: Declaration or statement expected.
src/pages/AccessControl.tsx(24,3): error TS1109: Expression expected.
src/pages/AccessibilityAudit.tsx(8,49): error TS1003: Identifier expected.
src/pages/AccessibilityAudit.tsx(8,87): error TS1002: Unterminated string literal.
src/pages/AccessibilityAudit.tsx(9,7): error TS1128: Declaration or statement expected.
src/pages/AccessibilityAudit.tsx(15,5): error TS1128: Declaration or statement expected.
src/pages/AccessibilityAudit.tsx(16,3): error TS1109: Expression expected.
src/pages/AccountDirectory.tsx(40,5): error TS2657: JSX expressions must have one parent element.
src/pages/AccountDirectory.tsx(43,4): error TS1003: Identifier expected.
src/pages/AccountDirectory.tsx(44,9): error TS1005: ')' expected.
src/pages/AccountDirectory.tsx(45,7): error TS1109: Expression expected.
src/pages/AccountDirectory.tsx(47,7): error TS2657: JSX expressions must have one parent element.
src/pages/AccountDirectory.tsx(96,5): error TS1128: Declaration or statement expected.
src/pages/AccountDirectory.tsx(97,3): error TS1109: Expression expected.
src/pages/AccountHierarchy.tsx(10,49): error TS1003: Identifier expected.
src/pages/AccountHierarchy.tsx(10,94): error TS1002: Unterminated string literal.
src/pages/AccountHierarchy.tsx(11,7): error TS1128: Declaration or statement expected.
src/pages/AccountHierarchy.tsx(31,5): error TS1128: Declaration or statement expected.
src/pages/AccountHierarchy.tsx(32,3): error TS1109: Expression expected.
src/pages/AccountReconciliation.tsx(64,101): error TS17002: Expected corresponding JSX closing tag for 'StandardPage'.
src/pages/AccountReconciliation.tsx(65,7): error TS1005: ')' expected.
src/pages/AccountReconciliation.tsx(67,7): error TS2657: JSX expressions must have one parent element.
src/pages/AccountReconciliation.tsx(146,5): error TS1128: Declaration or statement expected.
src/pages/AccountReconciliation.tsx(147,3): error TS1109: Expression expected.
src/pages/ActivityTimeline.tsx(24,49): error TS1003: Identifier expected.
src/pages/ActivityTimeline.tsx(24,111): error TS1002: Unterminated string literal.
src/pages/ActivityTimeline.tsx(25,7): error TS1128: Declaration or statement expected.
src/pages/ActivityTimeline.tsx(27,7): error TS2657: JSX expressions must have one parent element.
src/pages/ActivityTimeline.tsx(51,5): error TS1128: Declaration or statement expected.
src/pages/ActivityTimeline.tsx(52,3): error TS1109: Expression expected.
src/pages/admin/BackupRestoreManager.tsx(142,5): error TS1109: Expression expected.
src/pages/admin/SoDMatrix.tsx(84,5): error TS1109: Expression expected.
src/pages/admin/TenantManagement.tsx(259,15): error TS17002: Expected corresponding JSX closing tag for 'StandardPage'.
src/pages/admin/TenantManagement.tsx(260,11): error TS17002: Expected corresponding JSX closing tag for 'AdminLayout'.
src/pages/admin/TenantManagement.tsx(261,9): error TS1005: ')' expected.
src/pages/admin/TenantManagement.tsx(262,5): error TS1109: Expression expected.
src/pages/AdminConsole.tsx(15,44): error TS1003: Identifier expected.
src/pages/AdminConsole.tsx(15,89): error TS1002: Unterminated string literal.
src/pages/AdminConsole.tsx(16,7): error TS1128: Declaration or statement expected.
src/pages/AdminConsole.tsx(17,7): error TS2657: JSX expressions must have one parent element.
src/pages/AdminConsole.tsx(23,5): error TS1128: Declaration or statement expected.
src/pages/AdminConsole.tsx(24,3): error TS1109: Expression expected.
src/pages/AdminRoles.tsx(58,36): error TS1003: Identifier expected.
src/pages/AdminRoles.tsx(58,87): error TS1002: Unterminated string literal.
src/pages/AdminRoles.tsx(59,7): error TS1128: Declaration or statement expected.
src/pages/AdminRoles.tsx(61,7): error TS2657: JSX expressions must have one parent element.
src/pages/AdminRoles.tsx(129,5): error TS1128: Declaration or statement expected.
src/pages/AdminRoles.tsx(130,3): error TS1109: Expression expected.
src/pages/AdvancedEncryption.tsx(8,49): error TS1003: Identifier expected.
src/pages/AdvancedEncryption.tsx(8,95): error TS1002: Unterminated string literal.
src/pages/AdvancedEncryption.tsx(9,7): error TS1128: Declaration or statement expected.
src/pages/AdvancedEncryption.tsx(16,5): error TS1128: Declaration or statement expected.
src/pages/AdvancedEncryption.tsx(17,3): error TS1109: Expression expected.
src/pages/AdvancedFeatures.tsx(52,49): error TS1003: Identifier expected.
src/pages/AdvancedFeatures.tsx(52,116): error TS1002: Unterminated string literal.
src/pages/AdvancedFeatures.tsx(53,7): error TS1128: Declaration or statement expected.
src/pages/AdvancedFeatures.tsx(122,5): error TS1128: Declaration or statement expected.
src/pages/AdvancedFeatures.tsx(123,3): error TS1109: Expression expected.
src/pages/AdvancedPermissions.tsx(8,49): error TS1003: Identifier expected.
src/pages/AdvancedPermissions.tsx(8,98): error TS1002: Unterminated string literal.
src/pages/AdvancedPermissions.tsx(9,7): error TS1128: Declaration or statement expected.
src/pages/AdvancedPermissions.tsx(23,5): error TS1128: Declaration or statement expected.
src/pages/AdvancedPermissions.tsx(24,3): error TS1109: Expression expected.
src/pages/AdvancedReporting.tsx(8,49): error TS1003: Identifier expected.
src/pages/AdvancedReporting.tsx(8,95): error TS1002: Unterminated string literal.
src/pages/AdvancedReporting.tsx(9,7): error TS1128: Declaration or statement expected.
src/pages/AdvancedReporting.tsx(23,5): error TS1128: Declaration or statement expected.
src/pages/AdvancedReporting.tsx(24,3): error TS1109: Expression expected.
src/pages/AdvancedSearch.tsx(11,49): error TS1003: Identifier expected.
src/pages/AdvancedSearch.tsx(11,96): error TS1002: Unterminated string literal.
src/pages/AdvancedSearch.tsx(12,7): error TS1128: Declaration or statement expected.
src/pages/AdvancedSearch.tsx(26,5): error TS1128: Declaration or statement expected.
src/pages/AdvancedSearch.tsx(27,3): error TS1109: Expression expected.
src/pages/AgingReport.tsx(79,10): error TS17008: JSX element 'div' has no corresponding closing tag.
src/pages/AgingReport.tsx(82,102): error TS1005: '}' expected.
src/pages/AgingReport.tsx(82,143): error TS1382: Unexpected token. Did you mean `{'>'}` or `&gt;`?
src/pages/AgingReport.tsx(82,201): error TS17002: Expected corresponding JSX closing tag for 'span'.
src/pages/AgingReport.tsx(197,1): error TS1005: '}' expected.
src/pages/AIAutomation.tsx(44,80): error TS1003: Identifier expected.
src/pages/AIAutomation.tsx(44,136): error TS1002: Unterminated string literal.
src/pages/AIAutomation.tsx(46,13): error TS1005: ';' expected.
src/pages/AIAutomation.tsx(46,24): error TS1005: ';' expected.
src/pages/AIAutomation.tsx(47,9): error TS2657: JSX expressions must have one parent element.
src/pages/AIAutomation.tsx(71,7): error TS1128: Declaration or statement expected.
src/pages/AIAutomation.tsx(73,7): error TS2657: JSX expressions must have one parent element.
src/pages/AIAutomation.tsx(81,5): error TS1128: Declaration or statement expected.
src/pages/AIAutomation.tsx(82,3): error TS1109: Expression expected.
src/pages/AlertsAndNotifications.tsx(16,5): error TS2657: JSX expressions must have one parent element.
src/pages/AlertsAndNotifications.tsx(22,44): error TS1003: Identifier expected.
src/pages/AlertsAndNotifications.tsx(22,46): error TS17002: Expected corresponding JSX closing tag for 'StandardPage'.
src/pages/AlertsAndNotifications.tsx(24,7): error TS1005: ')' expected.
src/pages/AlertsAndNotifications.tsx(38,5): error TS1128: Declaration or statement expected.
src/pages/AlertsAndNotifications.tsx(39,3): error TS1109: Expression expected.
src/pages/AnalyticsDetail.tsx(36,15): error TS17002: Expected corresponding JSX closing tag for 'StandardPage'.
src/pages/AnalyticsDetail.tsx(192,11): error TS17002: Expected corresponding JSX closing tag for 'div'.
src/pages/AnomalyDetection.tsx(49,49): error TS1003: Identifier expected.
src/pages/AnomalyDetection.tsx(49,98): error TS1002: Unterminated string literal.
src/pages/AnomalyDetection.tsx(50,7): error TS1128: Declaration or statement expected.
src/pages/AnomalyDetection.tsx(52,7): error TS2657: JSX expressions must have one parent element.
src/pages/AnomalyDetection.tsx(140,5): error TS1128: Declaration or statement expected.
src/pages/AnomalyDetection.tsx(141,3): error TS1109: Expression expected.
src/pages/ApprovalEscalations.tsx(42,49): error TS1003: Identifier expected.
src/pages/ApprovalEscalations.tsx(42,100): error TS1002: Unterminated string literal.
src/pages/ApprovalEscalations.tsx(43,7): error TS1128: Declaration or statement expected.
src/pages/ApprovalEscalations.tsx(45,7): error TS2657: JSX expressions must have one parent element.
src/pages/ApprovalEscalations.tsx(111,5): error TS1128: Declaration or statement expected.
src/pages/ApprovalEscalations.tsx(112,3): error TS1109: Expression expected.
src/pages/ApprovalWorkflow.tsx(66,52): error TS1003: Identifier expected.
src/pages/ApprovalWorkflow.tsx(66,115): error TS1002: Unterminated string literal.
src/pages/ApprovalWorkflow.tsx(67,7): error TS1128: Declaration or statement expected.
src/pages/ApprovalWorkflow.tsx(69,7): error TS2657: JSX expressions must have one parent element.
src/pages/ApprovalWorkflow.tsx(166,5): error TS1128: Declaration or statement expected.
src/pages/ApprovalWorkflow.tsx(167,3): error TS1109: Expression expected.
src/pages/AppStore.tsx(321,72): error TS1003: Identifier expected.
src/pages/AppStore.tsx(321,123): error TS1002: Unterminated string literal.
src/pages/AppStore.tsx(322,9): error TS1128: Declaration or statement expected.
src/pages/AppStore.tsx(333,7): error TS1128: Declaration or statement expected.
src/pages/AppStore.tsx(336,9): error TS1003: Identifier expected.
src/pages/AppStore.tsx(336,14): error TS1005: ',' expected.
src/pages/AppStore.tsx(337,21): error TS1005: ':' expected.
src/pages/AppStore.tsx(349,9): error TS1005: ',' expected.
src/pages/AppStore.tsx(349,14): error TS1005: ',' expected.
src/pages/AppStore.tsx(350,7): error TS1109: Expression expected.
src/pages/AppStore.tsx(350,9): error TS1128: Declaration or statement expected.
src/pages/AppStore.tsx(439,5): error TS1128: Declaration or statement expected.
src/pages/AppStore.tsx(440,3): error TS1109: Expression expected.
src/pages/AppStore.tsx(441,1): error TS1128: Declaration or statement expected.
src/pages/ArchiveManagement.tsx(8,49): error TS1003: Identifier expected.
src/pages/ArchiveManagement.tsx(8,89): error TS1002: Unterminated string literal.
src/pages/ArchiveManagement.tsx(9,7): error TS1128: Declaration or statement expected.
src/pages/ArchiveManagement.tsx(16,5): error TS1128: Declaration or statement expected.
src/pages/ArchiveManagement.tsx(17,3): error TS1109: Expression expected.
src/pages/AssessmentGrading.tsx(13,5): error TS2657: JSX expressions must have one parent element.
src/pages/AssessmentGrading.tsx(16,193): error TS17002: Expected corresponding JSX closing tag for 'StandardPage'.
src/pages/AssessmentGrading.tsx(24,5): error TS1005: ')' expected.
src/pages/AssessmentGrading.tsx(25,3): error TS1109: Expression expected.
src/pages/Assessments.tsx(3,94): error TS1003: Identifier expected.
src/pages/Assessments.tsx(3,210): error TS1005: ';' expected.
src/pages/Assessments.tsx(3,227): error TS1005: ';' expected.
src/pages/Assessments.tsx(3,232): error TS1005: ';' expected.
src/pages/Assessments.tsx(3,252): error TS1005: ';' expected.
src/pages/Assessments.tsx(3,255): error TS1005: ';' expected.
src/pages/Assessments.tsx(3,281): error TS1005: ';' expected.
src/pages/Assessments.tsx(3,285): error TS1005: ';' expected.
src/pages/Assessments.tsx(3,301): error TS1005: ';' expected.
src/pages/Assessments.tsx(3,309): error TS1005: ';' expected.
src/pages/Assessments.tsx(3,330): error TS1005: ';' expected.
src/pages/Assessments.tsx(3,355): error TS1005: ';' expected.
src/pages/Assessments.tsx(3,361): error TS1351: An identifier or keyword cannot immediately follow a numeric literal.
src/pages/Assessments.tsx(3,373): error TS1005: ';' expected.
src/pages/Assessments.tsx(3,438): error TS1005: ';' expected.
src/pages/Assessments.tsx(3,441): error TS1005: ';' expected.
src/pages/Assessments.tsx(3,467): error TS1005: ';' expected.
src/pages/Assessments.tsx(3,471): error TS1005: ';' expected.
src/pages/Assessments.tsx(3,487): error TS1005: ';' expected.
src/pages/Assessments.tsx(3,495): error TS1005: ';' expected.
src/pages/Assessments.tsx(3,516): error TS1005: ';' expected.
src/pages/Assessments.tsx(3,545): error TS1005: ';' expected.
src/pages/Assessments.tsx(3,551): error TS1351: An identifier or keyword cannot immediately follow a numeric literal.
src/pages/Assessments.tsx(3,564): error TS1005: ';' expected.
src/pages/Assessments.tsx(3,578): error TS1005: ';' expected.
src/pages/Assessments.tsx(3,634): error TS1005: ';' expected.
src/pages/Assessments.tsx(3,637): error TS1005: ';' expected.
src/pages/Assessments.tsx(3,663): error TS1005: ';' expected.
src/pages/Assessments.tsx(3,667): error TS1005: ';' expected.
src/pages/Assessments.tsx(3,683): error TS1005: ';' expected.
src/pages/Assessments.tsx(3,691): error TS1005: ';' expected.
src/pages/Assessments.tsx(3,712): error TS1005: ';' expected.
src/pages/Assessments.tsx(3,741): error TS1005: ';' expected.
src/pages/Assessments.tsx(3,747): error TS1351: An identifier or keyword cannot immediately follow a numeric literal.
src/pages/Assessments.tsx(3,760): error TS1005: ';' expected.
src/pages/Assessments.tsx(3,773): error TS1005: ';' expected.
src/pages/Assessments.tsx(3,829): error TS1005: ';' expected.
src/pages/Assessments.tsx(3,832): error TS1005: ';' expected.
src/pages/Assessments.tsx(3,858): error TS1005: ';' expected.
src/pages/Assessments.tsx(3,862): error TS1005: ';' expected.
src/pages/Assessments.tsx(3,878): error TS1005: ';' expected.
src/pages/Assessments.tsx(3,886): error TS1005: ';' expected.
src/pages/Assessments.tsx(3,907): error TS1005: ';' expected.
src/pages/Assessments.tsx(3,933): error TS1005: ';' expected.
src/pages/Assessments.tsx(3,939): error TS1351: An identifier or keyword cannot immediately follow a numeric literal.
src/pages/Assessments.tsx(3,951): error TS1005: ';' expected.
src/pages/Assessments.tsx(3,1110): error TS1005: ';' expected.
src/pages/Assessments.tsx(3,1119): error TS1005: ';' expected.
src/pages/Assessments.tsx(3,1182): error TS1005: ';' expected.
src/pages/Assessments.tsx(3,1191): error TS1005: ';' expected.
src/pages/Assessments.tsx(3,1268): error TS1005: ';' expected.
src/pages/Assessments.tsx(3,1290): error TS1005: ';' expected.
src/pages/Assessments.tsx(3,1302): error TS1005: ';' expected.
src/pages/Assessments.tsx(3,1306): error TS1005: ';' expected.
src/pages/Assessments.tsx(3,1399): error TS1005: ';' expected.
src/pages/Assessments.tsx(3,1403): error TS1005: ';' expected.
src/pages/Assessments.tsx(3,1410): error TS1434: Unexpected keyword or identifier.
src/pages/Assessments.tsx(3,1426): error TS1005: ';' expected.
src/pages/Assessments.tsx(3,1440): error TS1005: ';' expected.
src/pages/Assessments.tsx(3,1458): error TS1005: ';' expected.
src/pages/Assessments.tsx(3,1473): error TS1005: ';' expected.
src/pages/Assessments.tsx(3,1523): error TS1005: ';' expected.
src/pages/Assessments.tsx(3,1529): error TS1005: ';' expected.
src/pages/Assessments.tsx(3,1545): error TS1005: ';' expected.
src/pages/Assessments.tsx(3,1558): error TS1005: ';' expected.
src/pages/Assessments.tsx(3,1594): error TS1005: ';' expected.
src/pages/Assessments.tsx(3,1602): error TS1005: ';' expected.
src/pages/Assessments.tsx(3,1623): error TS1005: ';' expected.
src/pages/Assessments.tsx(3,1683): error TS1005: ';' expected.
src/pages/Assessments.tsx(3,1697): error TS1005: ';' expected.
src/pages/Assessments.tsx(3,1709): error TS1005: ';' expected.
src/pages/Assessments.tsx(3,1732): error TS1005: ';' expected.
src/pages/Assessments.tsx(3,1739): error TS1005: ';' expected.
src/pages/Assessments.tsx(3,1809): error TS1002: Unterminated string literal.
src/pages/Assessments.tsx(4,3): error TS1128: Declaration or statement expected.
src/pages/AssortmentPlanner.tsx(3,90): error TS1003: Identifier expected.
src/pages/AssortmentPlanner.tsx(3,221): error TS1005: ';' expected.
src/pages/AssortmentPlanner.tsx(3,238): error TS1005: ';' expected.
src/pages/AssortmentPlanner.tsx(3,243): error TS1005: ';' expected.
src/pages/AssortmentPlanner.tsx(3,263): error TS1005: ';' expected.
src/pages/AssortmentPlanner.tsx(3,266): error TS1005: ';' expected.
src/pages/AssortmentPlanner.tsx(3,292): error TS1005: ';' expected.
src/pages/AssortmentPlanner.tsx(3,296): error TS1005: ';' expected.
src/pages/AssortmentPlanner.tsx(3,312): error TS1005: ';' expected.
src/pages/AssortmentPlanner.tsx(3,320): error TS1005: ';' expected.
src/pages/AssortmentPlanner.tsx(3,341): error TS1005: ';' expected.
src/pages/AssortmentPlanner.tsx(3,372): error TS1005: ';' expected.
src/pages/AssortmentPlanner.tsx(3,378): error TS1351: An identifier or keyword cannot immediately follow a numeric literal.
src/pages/AssortmentPlanner.tsx(3,390): error TS1005: ';' expected.
src/pages/AssortmentPlanner.tsx(3,455): error TS1005: ';' expected.
src/pages/AssortmentPlanner.tsx(3,458): error TS1005: ';' expected.
src/pages/AssortmentPlanner.tsx(3,484): error TS1005: ';' expected.
src/pages/AssortmentPlanner.tsx(3,488): error TS1005: ';' expected.
src/pages/AssortmentPlanner.tsx(3,504): error TS1005: ';' expected.
src/pages/AssortmentPlanner.tsx(3,512): error TS1005: ';' expected.
src/pages/AssortmentPlanner.tsx(3,533): error TS1005: ';' expected.
src/pages/AssortmentPlanner.tsx(3,559): error TS1005: ';' expected.
src/pages/AssortmentPlanner.tsx(3,565): error TS1351: An identifier or keyword cannot immediately follow a numeric literal.
src/pages/AssortmentPlanner.tsx(3,578): error TS1005: ';' expected.
src/pages/AssortmentPlanner.tsx(3,592): error TS1005: ';' expected.
src/pages/AssortmentPlanner.tsx(3,645): error TS1005: ';' expected.
src/pages/AssortmentPlanner.tsx(3,648): error TS1005: ';' expected.
src/pages/AssortmentPlanner.tsx(3,674): error TS1005: ';' expected.
src/pages/AssortmentPlanner.tsx(3,678): error TS1005: ';' expected.
src/pages/AssortmentPlanner.tsx(3,694): error TS1005: ';' expected.
src/pages/AssortmentPlanner.tsx(3,702): error TS1005: ';' expected.
src/pages/AssortmentPlanner.tsx(3,723): error TS1005: ';' expected.
src/pages/AssortmentPlanner.tsx(3,749): error TS1005: ';' expected.
src/pages/AssortmentPlanner.tsx(3,755): error TS1351: An identifier or keyword cannot immediately follow a numeric literal.
src/pages/AssortmentPlanner.tsx(3,767): error TS1005: ';' expected.
src/pages/AssortmentPlanner.tsx(3,874): error TS1005: ';' expected.
src/pages/AssortmentPlanner.tsx(3,877): error TS1005: ';' expected.
src/pages/AssortmentPlanner.tsx(3,903): error TS1005: ';' expected.
src/pages/AssortmentPlanner.tsx(3,907): error TS1005: ';' expected.
src/pages/AssortmentPlanner.tsx(3,923): error TS1005: ';' expected.
src/pages/AssortmentPlanner.tsx(3,931): error TS1005: ';' expected.
src/pages/AssortmentPlanner.tsx(3,952): error TS1005: ';' expected.
src/pages/AssortmentPlanner.tsx(3,986): error TS1005: ';' expected.
src/pages/AssortmentPlanner.tsx(3,992): error TS1351: An identifier or keyword cannot immediately follow a numeric literal.
src/pages/AssortmentPlanner.tsx(3,1004): error TS1005: ';' expected.
src/pages/AssortmentPlanner.tsx(3,1163): error TS1005: ';' expected.
src/pages/AssortmentPlanner.tsx(3,1172): error TS1005: ';' expected.
src/pages/AssortmentPlanner.tsx(3,1235): error TS1005: ';' expected.
src/pages/AssortmentPlanner.tsx(3,1244): error TS1005: ';' expected.
src/pages/AssortmentPlanner.tsx(3,1321): error TS1005: ';' expected.
src/pages/AssortmentPlanner.tsx(3,1343): error TS1005: ';' expected.
src/pages/AssortmentPlanner.tsx(3,1355): error TS1005: ';' expected.
src/pages/AssortmentPlanner.tsx(3,1359): error TS1005: ';' expected.
src/pages/AssortmentPlanner.tsx(3,1452): error TS1005: ';' expected.
src/pages/AssortmentPlanner.tsx(3,1456): error TS1005: ';' expected.
src/pages/AssortmentPlanner.tsx(3,1463): error TS1434: Unexpected keyword or identifier.
src/pages/AssortmentPlanner.tsx(3,1479): error TS1005: ';' expected.
src/pages/AssortmentPlanner.tsx(3,1492): error TS1005: ';' expected.
src/pages/AssortmentPlanner.tsx(3,1540): error TS1005: ';' expected.
src/pages/AssortmentPlanner.tsx(3,1553): error TS1005: ';' expected.
src/pages/AssortmentPlanner.tsx(3,1590): error TS1005: ';' expected.
src/pages/AssortmentPlanner.tsx(3,1598): error TS1005: ';' expected.
src/pages/AssortmentPlanner.tsx(3,1619): error TS1005: ';' expected.
src/pages/AssortmentPlanner.tsx(3,1718): error TS1002: Unterminated string literal.
src/pages/AssortmentPlanner.tsx(4,3): error TS1128: Declaration or statement expected.
src/pages/Attendance.tsx(16,81): error TS1003: Identifier expected.
src/pages/Attendance.tsx(16,198): error TS1005: ';' expected.
src/pages/Attendance.tsx(16,215): error TS1005: ';' expected.
src/pages/Attendance.tsx(16,220): error TS1005: ';' expected.
src/pages/Attendance.tsx(16,240): error TS1005: ';' expected.
src/pages/Attendance.tsx(16,243): error TS1005: ';' expected.
src/pages/Attendance.tsx(16,269): error TS1005: ';' expected.
src/pages/Attendance.tsx(16,273): error TS1005: ';' expected.
src/pages/Attendance.tsx(16,289): error TS1005: ';' expected.
src/pages/Attendance.tsx(16,297): error TS1005: ';' expected.
src/pages/Attendance.tsx(16,318): error TS1005: ';' expected.
src/pages/Attendance.tsx(16,345): error TS1005: ';' expected.
src/pages/Attendance.tsx(16,351): error TS1351: An identifier or keyword cannot immediately follow a numeric literal.
src/pages/Attendance.tsx(16,363): error TS1005: ';' expected.
src/pages/Attendance.tsx(16,427): error TS1005: ';' expected.
src/pages/Attendance.tsx(16,430): error TS1005: ';' expected.
src/pages/Attendance.tsx(16,456): error TS1005: ';' expected.
src/pages/Attendance.tsx(16,460): error TS1005: ';' expected.
src/pages/Attendance.tsx(16,476): error TS1005: ';' expected.
src/pages/Attendance.tsx(16,484): error TS1005: ';' expected.
src/pages/Attendance.tsx(16,505): error TS1005: ';' expected.
src/pages/Attendance.tsx(16,532): error TS1005: ';' expected.
src/pages/Attendance.tsx(16,538): error TS1351: An identifier or keyword cannot immediately follow a numeric literal.
src/pages/Attendance.tsx(16,551): error TS1005: ';' expected.
src/pages/Attendance.tsx(16,565): error TS1005: ';' expected.
src/pages/Attendance.tsx(16,619): error TS1005: ';' expected.
src/pages/Attendance.tsx(16,622): error TS1005: ';' expected.
src/pages/Attendance.tsx(16,648): error TS1005: ';' expected.
src/pages/Attendance.tsx(16,652): error TS1005: ';' expected.
src/pages/Attendance.tsx(16,668): error TS1005: ';' expected.
src/pages/Attendance.tsx(16,676): error TS1005: ';' expected.
src/pages/Attendance.tsx(16,697): error TS1005: ';' expected.
src/pages/Attendance.tsx(16,723): error TS1005: ';' expected.
src/pages/Attendance.tsx(16,729): error TS1351: An identifier or keyword cannot immediately follow a numeric literal.
src/pages/Attendance.tsx(16,742): error TS1005: ';' expected.
src/pages/Attendance.tsx(16,754): error TS1005: ';' expected.
src/pages/Attendance.tsx(16,807): error TS1005: ';' expected.
src/pages/Attendance.tsx(16,810): error TS1005: ';' expected.
src/pages/Attendance.tsx(16,836): error TS1005: ';' expected.
src/pages/Attendance.tsx(16,840): error TS1005: ';' expected.
src/pages/Attendance.tsx(16,856): error TS1005: ';' expected.
src/pages/Attendance.tsx(16,864): error TS1005: ';' expected.
src/pages/Attendance.tsx(16,885): error TS1005: ';' expected.
src/pages/Attendance.tsx(16,911): error TS1005: ';' expected.
src/pages/Attendance.tsx(16,917): error TS1351: An identifier or keyword cannot immediately follow a numeric literal.
src/pages/Attendance.tsx(16,929): error TS1005: ';' expected.
src/pages/Attendance.tsx(16,1084): error TS1005: ';' expected.
src/pages/Attendance.tsx(16,1093): error TS1005: ';' expected.
src/pages/Attendance.tsx(16,1155): error TS1005: ';' expected.
src/pages/Attendance.tsx(16,1164): error TS1005: ';' expected.
src/pages/Attendance.tsx(16,1240): error TS1005: ';' expected.
src/pages/Attendance.tsx(16,1262): error TS1005: ';' expected.
src/pages/Attendance.tsx(16,1274): error TS1005: ';' expected.
src/pages/Attendance.tsx(16,1278): error TS1005: ';' expected.
src/pages/Attendance.tsx(16,1366): error TS1005: ';' expected.
src/pages/Attendance.tsx(16,1370): error TS1005: ';' expected.
src/pages/Attendance.tsx(16,1377): error TS1434: Unexpected keyword or identifier.
src/pages/Attendance.tsx(16,1393): error TS1005: ';' expected.
src/pages/Attendance.tsx(16,1407): error TS1005: ';' expected.
src/pages/Attendance.tsx(16,1425): error TS1005: ';' expected.
src/pages/Attendance.tsx(16,1440): error TS1005: ';' expected.
src/pages/Attendance.tsx(16,1490): error TS1005: ';' expected.
src/pages/Attendance.tsx(16,1496): error TS1005: ';' expected.
src/pages/Attendance.tsx(16,1512): error TS1005: ';' expected.
src/pages/Attendance.tsx(16,1525): error TS1005: ';' expected.
src/pages/Attendance.tsx(16,1556): error TS1005: ';' expected.
src/pages/Attendance.tsx(16,1564): error TS1005: ';' expected.
src/pages/Attendance.tsx(16,1585): error TS1005: ';' expected.
src/pages/Attendance.tsx(16,1636): error TS1005: ';' expected.
src/pages/Attendance.tsx(16,1648): error TS1005: ';' expected.
src/pages/Attendance.tsx(16,1660): error TS1005: ';' expected.
src/pages/Attendance.tsx(16,1683): error TS1005: ';' expected.
src/pages/Attendance.tsx(16,1690): error TS1005: ';' expected.
src/pages/Attendance.tsx(16,1760): error TS1002: Unterminated string literal.
src/pages/Attendance.tsx(17,3): error TS1128: Declaration or statement expected.
src/pages/AttendanceDashboard.tsx(17,5): error TS2657: JSX expressions must have one parent element.
src/pages/AttendanceDashboard.tsx(23,52): error TS1005: '}' expected.
src/pages/AttendanceDashboard.tsx(23,54): error TS17002: Expected corresponding JSX closing tag for 'StandardPage'.
src/pages/AttendanceDashboard.tsx(25,7): error TS1005: ')' expected.
src/pages/AttendanceDashboard.tsx(27,7): error TS2657: JSX expressions must have one parent element.
src/pages/AttendanceDashboard.tsx(64,5): error TS1128: Declaration or statement expected.
src/pages/AttendanceDashboard.tsx(65,3): error TS1109: Expression expected.
src/pages/AuthenticationMethods.tsx(17,49): error TS1003: Identifier expected.
src/pages/AuthenticationMethods.tsx(17,100): error TS1002: Unterminated string literal.
src/pages/AuthenticationMethods.tsx(18,7): error TS1128: Declaration or statement expected.
src/pages/AuthenticationMethods.tsx(20,7): error TS2657: JSX expressions must have one parent element.
src/pages/AuthenticationMethods.tsx(46,5): error TS1128: Declaration or statement expected.
src/pages/AuthenticationMethods.tsx(47,3): error TS1109: Expression expected.
src/pages/AutomationRules.tsx(42,49): error TS1003: Identifier expected.
src/pages/AutomationRules.tsx(42,87): error TS1002: Unterminated string literal.
src/pages/AutomationRules.tsx(43,7): error TS1128: Declaration or statement expected.
src/pages/AutomationRules.tsx(45,7): error TS2657: JSX expressions must have one parent element.
src/pages/AutomationRules.tsx(122,5): error TS1128: Declaration or statement expected.
src/pages/AutomationRules.tsx(123,3): error TS1109: Expression expected.
src/pages/BackendIntegration.tsx(30,49): error TS1003: Identifier expected.
src/pages/BackendIntegration.tsx(30,115): error TS1002: Unterminated string literal.
src/pages/BackendIntegration.tsx(31,7): error TS1128: Declaration or statement expected.
src/pages/BackendIntegration.tsx(33,7): error TS2657: JSX expressions must have one parent element.
src/pages/BackendIntegration.tsx(66,5): error TS1128: Declaration or statement expected.
src/pages/BackendIntegration.tsx(67,3): error TS1109: Expression expected.
src/pages/BackupRestore.tsx(17,5): error TS2657: JSX expressions must have one parent element.
src/pages/BackupRestore.tsx(23,14): error TS1005: '}' expected.
src/pages/BackupRestore.tsx(23,92): error TS17002: Expected corresponding JSX closing tag for 'Breadcrumb'.
src/pages/BackupRestore.tsx(24,11): error TS17002: Expected corresponding JSX closing tag for 'StandardPage'.
src/pages/BackupRestore.tsx(26,7): error TS1005: ')' expected.
src/pages/BackupRestore.tsx(28,7): error TS2657: JSX expressions must have one parent element.
src/pages/BackupRestore.tsx(40,5): error TS1128: Declaration or statement expected.
src/pages/BackupRestore.tsx(41,3): error TS1109: Expression expected.
src/pages/BankReconciliation.tsx(17,44): error TS1003: Identifier expected.
src/pages/BankReconciliation.tsx(17,93): error TS1002: Unterminated string literal.
src/pages/BankReconciliation.tsx(18,7): error TS1128: Declaration or statement expected.
src/pages/BankReconciliation.tsx(20,7): error TS2657: JSX expressions must have one parent element.
src/pages/BankReconciliation.tsx(85,5): error TS1128: Declaration or statement expected.
src/pages/BankReconciliation.tsx(86,3): error TS1109: Expression expected.
src/pages/BatchOperations.tsx(8,49): error TS1003: Identifier expected.
src/pages/BatchOperations.tsx(8,87): error TS1002: Unterminated string literal.
src/pages/BatchOperations.tsx(9,7): error TS1128: Declaration or statement expected.
src/pages/BatchOperations.tsx(23,5): error TS1128: Declaration or statement expected.
src/pages/BatchOperations.tsx(24,3): error TS1109: Expression expected.
src/pages/BatchTraceabilityGeology.tsx(19,49): error TS1003: Identifier expected.
src/pages/BatchTraceabilityGeology.tsx(19,125): error TS1002: Unterminated string literal.
src/pages/BatchTraceabilityGeology.tsx(20,7): error TS1128: Declaration or statement expected.
src/pages/BatchTraceabilityGeology.tsx(22,7): error TS2657: JSX expressions must have one parent element.
src/pages/BatchTraceabilityGeology.tsx(66,5): error TS1128: Declaration or statement expected.
src/pages/BatchTraceabilityGeology.tsx(67,3): error TS1109: Expression expected.
src/pages/BillingCustomers.tsx(3,88): error TS1003: Identifier expected.
src/pages/BillingCustomers.tsx(3,169): error TS1005: ';' expected.
src/pages/BillingCustomers.tsx(3,186): error TS1005: ';' expected.
src/pages/BillingCustomers.tsx(3,191): error TS1005: ';' expected.
src/pages/BillingCustomers.tsx(3,211): error TS1005: ';' expected.
src/pages/BillingCustomers.tsx(3,214): error TS1005: ';' expected.
src/pages/BillingCustomers.tsx(3,240): error TS1005: ';' expected.
src/pages/BillingCustomers.tsx(3,244): error TS1005: ';' expected.
src/pages/BillingCustomers.tsx(3,260): error TS1005: ';' expected.
src/pages/BillingCustomers.tsx(3,268): error TS1005: ';' expected.
src/pages/BillingCustomers.tsx(3,289): error TS1005: ';' expected.
src/pages/BillingCustomers.tsx(3,318): error TS1005: ';' expected.
src/pages/BillingCustomers.tsx(3,324): error TS1351: An identifier or keyword cannot immediately follow a numeric literal.
src/pages/BillingCustomers.tsx(3,336): error TS1005: ';' expected.
src/pages/BillingCustomers.tsx(3,399): error TS1005: ';' expected.
src/pages/BillingCustomers.tsx(3,402): error TS1005: ';' expected.
src/pages/BillingCustomers.tsx(3,428): error TS1005: ';' expected.
src/pages/BillingCustomers.tsx(3,432): error TS1005: ';' expected.
src/pages/BillingCustomers.tsx(3,448): error TS1005: ';' expected.
src/pages/BillingCustomers.tsx(3,456): error TS1005: ';' expected.
src/pages/BillingCustomers.tsx(3,477): error TS1005: ';' expected.
src/pages/BillingCustomers.tsx(3,503): error TS1005: ';' expected.
src/pages/BillingCustomers.tsx(3,509): error TS1351: An identifier or keyword cannot immediately follow a numeric literal.
src/pages/BillingCustomers.tsx(3,522): error TS1005: ';' expected.
src/pages/BillingCustomers.tsx(3,536): error TS1005: ';' expected.
src/pages/BillingCustomers.tsx(3,589): error TS1005: ';' expected.
src/pages/BillingCustomers.tsx(3,592): error TS1005: ';' expected.
src/pages/BillingCustomers.tsx(3,618): error TS1005: ';' expected.
src/pages/BillingCustomers.tsx(3,622): error TS1005: ';' expected.
src/pages/BillingCustomers.tsx(3,638): error TS1005: ';' expected.
src/pages/BillingCustomers.tsx(3,646): error TS1005: ';' expected.
src/pages/BillingCustomers.tsx(3,667): error TS1005: ';' expected.
src/pages/BillingCustomers.tsx(3,698): error TS1005: ';' expected.
src/pages/BillingCustomers.tsx(3,704): error TS1351: An identifier or keyword cannot immediately follow a numeric literal.
src/pages/BillingCustomers.tsx(3,717): error TS1005: ';' expected.
src/pages/BillingCustomers.tsx(3,730): error TS1005: ';' expected.
src/pages/BillingCustomers.tsx(3,812): error TS1005: ';' expected.
src/pages/BillingCustomers.tsx(3,815): error TS1005: ';' expected.
src/pages/BillingCustomers.tsx(3,841): error TS1005: ';' expected.
src/pages/BillingCustomers.tsx(3,845): error TS1005: ';' expected.
src/pages/BillingCustomers.tsx(3,861): error TS1005: ';' expected.
src/pages/BillingCustomers.tsx(3,869): error TS1005: ';' expected.
src/pages/BillingCustomers.tsx(3,890): error TS1005: ';' expected.
src/pages/BillingCustomers.tsx(3,918): error TS1005: ';' expected.
src/pages/BillingCustomers.tsx(3,924): error TS1351: An identifier or keyword cannot immediately follow a numeric literal.
src/pages/BillingCustomers.tsx(3,936): error TS1005: ';' expected.
src/pages/BillingCustomers.tsx(3,1087): error TS1005: ';' expected.
src/pages/BillingCustomers.tsx(3,1096): error TS1005: ';' expected.
src/pages/BillingCustomers.tsx(3,1156): error TS1005: ';' expected.
src/pages/BillingCustomers.tsx(3,1165): error TS1005: ';' expected.
src/pages/BillingCustomers.tsx(3,1239): error TS1005: ';' expected.
src/pages/BillingCustomers.tsx(3,1261): error TS1005: ';' expected.
src/pages/BillingCustomers.tsx(3,1273): error TS1005: ';' expected.
src/pages/BillingCustomers.tsx(3,1277): error TS1005: ';' expected.
src/pages/BillingCustomers.tsx(3,1365): error TS1005: ';' expected.
src/pages/BillingCustomers.tsx(3,1369): error TS1005: ';' expected.
src/pages/BillingCustomers.tsx(3,1376): error TS1434: Unexpected keyword or identifier.
src/pages/BillingCustomers.tsx(3,1392): error TS1005: ';' expected.
src/pages/BillingCustomers.tsx(3,1406): error TS1005: ';' expected.
src/pages/BillingCustomers.tsx(3,1424): error TS1005: ';' expected.
src/pages/BillingCustomers.tsx(3,1439): error TS1005: ';' expected.
src/pages/BillingCustomers.tsx(3,1486): error TS1005: ';' expected.
src/pages/BillingCustomers.tsx(3,1492): error TS1005: ';' expected.
src/pages/BillingCustomers.tsx(3,1508): error TS1005: ';' expected.
src/pages/BillingCustomers.tsx(3,1521): error TS1005: ';' expected.
src/pages/BillingCustomers.tsx(3,1555): error TS1005: ';' expected.
src/pages/BillingCustomers.tsx(3,1563): error TS1005: ';' expected.
src/pages/BillingCustomers.tsx(3,1584): error TS1005: ';' expected.
src/pages/BillingCustomers.tsx(3,1639): error TS1005: ';' expected.
src/pages/BillingCustomers.tsx(3,1650): error TS1005: ';' expected.
src/pages/BillingCustomers.tsx(3,1662): error TS1005: ';' expected.
src/pages/BillingCustomers.tsx(3,1685): error TS1005: ';' expected.
src/pages/BillingCustomers.tsx(3,1692): error TS1005: ';' expected.
src/pages/BillingCustomers.tsx(3,1758): error TS1002: Unterminated string literal.
src/pages/BillingCustomers.tsx(4,3): error TS1128: Declaration or statement expected.
src/pages/BillingEducation.tsx(3,85): error TS1003: Identifier expected.
src/pages/BillingEducation.tsx(3,204): error TS1005: ';' expected.
src/pages/BillingEducation.tsx(3,221): error TS1005: ';' expected.
src/pages/BillingEducation.tsx(3,226): error TS1005: ';' expected.
src/pages/BillingEducation.tsx(3,246): error TS1005: ';' expected.
src/pages/BillingEducation.tsx(3,249): error TS1005: ';' expected.
src/pages/BillingEducation.tsx(3,275): error TS1005: ';' expected.
src/pages/BillingEducation.tsx(3,279): error TS1005: ';' expected.
src/pages/BillingEducation.tsx(3,295): error TS1005: ';' expected.
src/pages/BillingEducation.tsx(3,303): error TS1005: ';' expected.
src/pages/BillingEducation.tsx(3,324): error TS1005: ';' expected.
src/pages/BillingEducation.tsx(3,352): error TS1005: ';' expected.
src/pages/BillingEducation.tsx(3,358): error TS1351: An identifier or keyword cannot immediately follow a numeric literal.
src/pages/BillingEducation.tsx(3,370): error TS1005: ';' expected.
src/pages/BillingEducation.tsx(3,432): error TS1005: ';' expected.
src/pages/BillingEducation.tsx(3,435): error TS1005: ';' expected.
src/pages/BillingEducation.tsx(3,461): error TS1005: ';' expected.
src/pages/BillingEducation.tsx(3,465): error TS1005: ';' expected.
src/pages/BillingEducation.tsx(3,481): error TS1005: ';' expected.
src/pages/BillingEducation.tsx(3,489): error TS1005: ';' expected.
src/pages/BillingEducation.tsx(3,510): error TS1005: ';' expected.
src/pages/BillingEducation.tsx(3,534): error TS1005: ';' expected.
src/pages/BillingEducation.tsx(3,540): error TS1351: An identifier or keyword cannot immediately follow a numeric literal.
src/pages/BillingEducation.tsx(3,553): error TS1005: ';' expected.
src/pages/BillingEducation.tsx(3,567): error TS1005: ';' expected.
src/pages/BillingEducation.tsx(3,618): error TS1005: ';' expected.
src/pages/BillingEducation.tsx(3,621): error TS1005: ';' expected.
src/pages/BillingEducation.tsx(3,647): error TS1005: ';' expected.
src/pages/BillingEducation.tsx(3,651): error TS1005: ';' expected.
src/pages/BillingEducation.tsx(3,667): error TS1005: ';' expected.
src/pages/BillingEducation.tsx(3,675): error TS1005: ';' expected.
src/pages/BillingEducation.tsx(3,696): error TS1005: ';' expected.
src/pages/BillingEducation.tsx(3,721): error TS1005: ';' expected.
src/pages/BillingEducation.tsx(3,727): error TS1351: An identifier or keyword cannot immediately follow a numeric literal.
src/pages/BillingEducation.tsx(3,740): error TS1005: ';' expected.
src/pages/BillingEducation.tsx(3,753): error TS1005: ';' expected.
src/pages/BillingEducation.tsx(3,827): error TS1005: ';' expected.
src/pages/BillingEducation.tsx(3,830): error TS1005: ';' expected.
src/pages/BillingEducation.tsx(3,856): error TS1005: ';' expected.
src/pages/BillingEducation.tsx(3,860): error TS1005: ';' expected.
src/pages/BillingEducation.tsx(3,876): error TS1005: ';' expected.
src/pages/BillingEducation.tsx(3,884): error TS1005: ';' expected.
src/pages/BillingEducation.tsx(3,905): error TS1005: ';' expected.
src/pages/BillingEducation.tsx(3,937): error TS1005: ';' expected.
src/pages/BillingEducation.tsx(3,943): error TS1351: An identifier or keyword cannot immediately follow a numeric literal.
src/pages/BillingEducation.tsx(3,955): error TS1005: ';' expected.
src/pages/BillingEducation.tsx(3,1103): error TS1005: ';' expected.
src/pages/BillingEducation.tsx(3,1112): error TS1005: ';' expected.
src/pages/BillingEducation.tsx(3,1172): error TS1005: ';' expected.
src/pages/BillingEducation.tsx(3,1181): error TS1005: ';' expected.
src/pages/BillingEducation.tsx(3,1255): error TS1005: ';' expected.
src/pages/BillingEducation.tsx(3,1277): error TS1005: ';' expected.
src/pages/BillingEducation.tsx(3,1289): error TS1005: ';' expected.
src/pages/BillingEducation.tsx(3,1293): error TS1005: ';' expected.
src/pages/BillingEducation.tsx(3,1380): error TS1005: ';' expected.
src/pages/BillingEducation.tsx(3,1384): error TS1005: ';' expected.
src/pages/BillingEducation.tsx(3,1391): error TS1434: Unexpected keyword or identifier.
src/pages/BillingEducation.tsx(3,1407): error TS1005: ';' expected.
src/pages/BillingEducation.tsx(3,1421): error TS1005: ';' expected.
src/pages/BillingEducation.tsx(3,1439): error TS1005: ';' expected.
src/pages/BillingEducation.tsx(3,1454): error TS1005: ';' expected.
src/pages/BillingEducation.tsx(3,1501): error TS1005: ';' expected.
src/pages/BillingEducation.tsx(3,1507): error TS1005: ';' expected.
src/pages/BillingEducation.tsx(3,1523): error TS1005: ';' expected.
src/pages/BillingEducation.tsx(3,1536): error TS1005: ';' expected.
src/pages/BillingEducation.tsx(3,1569): error TS1005: ';' expected.
src/pages/BillingEducation.tsx(3,1577): error TS1005: ';' expected.
src/pages/BillingEducation.tsx(3,1598): error TS1005: ';' expected.
src/pages/BillingEducation.tsx(3,1652): error TS1005: ';' expected.
src/pages/BillingEducation.tsx(3,1661): error TS1005: ';' expected.
src/pages/BillingEducation.tsx(3,1673): error TS1005: ';' expected.
src/pages/BillingEducation.tsx(3,1696): error TS1005: ';' expected.
src/pages/BillingEducation.tsx(3,1703): error TS1005: ';' expected.
src/pages/BillingEducation.tsx(3,1773): error TS1002: Unterminated string literal.
src/pages/BillingEducation.tsx(4,3): error TS1128: Declaration or statement expected.
src/pages/BillingInsurance.tsx(3,92): error TS1003: Identifier expected.
src/pages/BillingInsurance.tsx(3,211): error TS1005: ';' expected.
src/pages/BillingInsurance.tsx(3,228): error TS1005: ';' expected.
src/pages/BillingInsurance.tsx(3,233): error TS1005: ';' expected.
src/pages/BillingInsurance.tsx(3,253): error TS1005: ';' expected.
src/pages/BillingInsurance.tsx(3,256): error TS1005: ';' expected.
src/pages/BillingInsurance.tsx(3,282): error TS1005: ';' expected.
src/pages/BillingInsurance.tsx(3,286): error TS1005: ';' expected.
src/pages/BillingInsurance.tsx(3,302): error TS1005: ';' expected.
src/pages/BillingInsurance.tsx(3,310): error TS1005: ';' expected.
src/pages/BillingInsurance.tsx(3,331): error TS1005: ';' expected.
src/pages/BillingInsurance.tsx(3,357): error TS1005: ';' expected.
src/pages/BillingInsurance.tsx(3,363): error TS1351: An identifier or keyword cannot immediately follow a numeric literal.
src/pages/BillingInsurance.tsx(3,375): error TS1005: ';' expected.
src/pages/BillingInsurance.tsx(3,435): error TS1005: ';' expected.
src/pages/BillingInsurance.tsx(3,438): error TS1005: ';' expected.
src/pages/BillingInsurance.tsx(3,464): error TS1005: ';' expected.
src/pages/BillingInsurance.tsx(3,468): error TS1005: ';' expected.
src/pages/BillingInsurance.tsx(3,484): error TS1005: ';' expected.
src/pages/BillingInsurance.tsx(3,492): error TS1005: ';' expected.
src/pages/BillingInsurance.tsx(3,513): error TS1005: ';' expected.
src/pages/BillingInsurance.tsx(3,542): error TS1005: ';' expected.
src/pages/BillingInsurance.tsx(3,548): error TS1351: An identifier or keyword cannot immediately follow a numeric literal.
src/pages/BillingInsurance.tsx(3,561): error TS1005: ';' expected.
src/pages/BillingInsurance.tsx(3,575): error TS1005: ';' expected.
src/pages/BillingInsurance.tsx(3,631): error TS1005: ';' expected.
src/pages/BillingInsurance.tsx(3,634): error TS1005: ';' expected.
src/pages/BillingInsurance.tsx(3,660): error TS1005: ';' expected.
src/pages/BillingInsurance.tsx(3,664): error TS1005: ';' expected.
src/pages/BillingInsurance.tsx(3,680): error TS1005: ';' expected.
src/pages/BillingInsurance.tsx(3,688): error TS1005: ';' expected.
src/pages/BillingInsurance.tsx(3,709): error TS1005: ';' expected.
src/pages/BillingInsurance.tsx(3,741): error TS1005: ';' expected.
src/pages/BillingInsurance.tsx(3,747): error TS1351: An identifier or keyword cannot immediately follow a numeric literal.
src/pages/BillingInsurance.tsx(3,760): error TS1005: ';' expected.
src/pages/BillingInsurance.tsx(3,773): error TS1005: ';' expected.
src/pages/BillingInsurance.tsx(3,853): error TS1005: ';' expected.
src/pages/BillingInsurance.tsx(3,856): error TS1005: ';' expected.
src/pages/BillingInsurance.tsx(3,882): error TS1005: ';' expected.
src/pages/BillingInsurance.tsx(3,886): error TS1005: ';' expected.
src/pages/BillingInsurance.tsx(3,902): error TS1005: ';' expected.
src/pages/BillingInsurance.tsx(3,910): error TS1005: ';' expected.
src/pages/BillingInsurance.tsx(3,931): error TS1005: ';' expected.
src/pages/BillingInsurance.tsx(3,960): error TS1005: ';' expected.
src/pages/BillingInsurance.tsx(3,966): error TS1351: An identifier or keyword cannot immediately follow a numeric literal.
src/pages/BillingInsurance.tsx(3,978): error TS1005: ';' expected.
src/pages/BillingInsurance.tsx(3,1127): error TS1005: ';' expected.
src/pages/BillingInsurance.tsx(3,1136): error TS1005: ';' expected.
src/pages/BillingInsurance.tsx(3,1194): error TS1005: ';' expected.
src/pages/BillingInsurance.tsx(3,1203): error TS1005: ';' expected.
src/pages/BillingInsurance.tsx(3,1275): error TS1005: ';' expected.
src/pages/BillingInsurance.tsx(3,1297): error TS1005: ';' expected.
src/pages/BillingInsurance.tsx(3,1309): error TS1005: ';' expected.
src/pages/BillingInsurance.tsx(3,1313): error TS1005: ';' expected.
src/pages/BillingInsurance.tsx(3,1395): error TS1005: ';' expected.
src/pages/BillingInsurance.tsx(3,1399): error TS1005: ';' expected.
src/pages/BillingInsurance.tsx(3,1406): error TS1434: Unexpected keyword or identifier.
src/pages/BillingInsurance.tsx(3,1422): error TS1005: ';' expected.
src/pages/BillingInsurance.tsx(3,1436): error TS1005: ';' expected.
src/pages/BillingInsurance.tsx(3,1454): error TS1005: ';' expected.
src/pages/BillingInsurance.tsx(3,1469): error TS1005: ';' expected.
src/pages/BillingInsurance.tsx(3,1518): error TS1005: ';' expected.
src/pages/BillingInsurance.tsx(3,1524): error TS1005: ';' expected.
src/pages/BillingInsurance.tsx(3,1540): error TS1005: ';' expected.
src/pages/BillingInsurance.tsx(3,1553): error TS1005: ';' expected.
src/pages/BillingInsurance.tsx(3,1584): error TS1005: ';' expected.
src/pages/BillingInsurance.tsx(3,1592): error TS1005: ';' expected.
src/pages/BillingInsurance.tsx(3,1613): error TS1005: ';' expected.
src/pages/BillingInsurance.tsx(3,1673): error TS1005: ';' expected.
src/pages/BillingInsurance.tsx(3,1687): error TS1005: ';' expected.
src/pages/BillingInsurance.tsx(3,1699): error TS1005: ';' expected.
src/pages/BillingInsurance.tsx(3,1722): error TS1005: ';' expected.
src/pages/BillingInsurance.tsx(3,1729): error TS1005: ';' expected.
src/pages/BillingInsurance.tsx(3,1798): error TS1002: Unterminated string literal.
src/pages/BillingInsurance.tsx(4,3): error TS1128: Declaration or statement expected.
src/pages/BillingInvoicing.tsx(3,90): error TS1003: Identifier expected.
src/pages/BillingInvoicing.tsx(3,213): error TS1005: ';' expected.
src/pages/BillingInvoicing.tsx(3,230): error TS1005: ';' expected.
src/pages/BillingInvoicing.tsx(3,235): error TS1005: ';' expected.
src/pages/BillingInvoicing.tsx(3,255): error TS1005: ';' expected.
src/pages/BillingInvoicing.tsx(3,258): error TS1005: ';' expected.
src/pages/BillingInvoicing.tsx(3,284): error TS1005: ';' expected.
src/pages/BillingInvoicing.tsx(3,288): error TS1005: ';' expected.
src/pages/BillingInvoicing.tsx(3,304): error TS1005: ';' expected.
src/pages/BillingInvoicing.tsx(3,312): error TS1005: ';' expected.
src/pages/BillingInvoicing.tsx(3,333): error TS1005: ';' expected.
src/pages/BillingInvoicing.tsx(3,367): error TS1005: ';' expected.
src/pages/BillingInvoicing.tsx(3,373): error TS1351: An identifier or keyword cannot immediately follow a numeric literal.
src/pages/BillingInvoicing.tsx(3,385): error TS1005: ';' expected.
src/pages/BillingInvoicing.tsx(3,447): error TS1005: ';' expected.
src/pages/BillingInvoicing.tsx(3,450): error TS1005: ';' expected.
src/pages/BillingInvoicing.tsx(3,476): error TS1005: ';' expected.
src/pages/BillingInvoicing.tsx(3,480): error TS1005: ';' expected.
src/pages/BillingInvoicing.tsx(3,496): error TS1005: ';' expected.
src/pages/BillingInvoicing.tsx(3,504): error TS1005: ';' expected.
src/pages/BillingInvoicing.tsx(3,525): error TS1005: ';' expected.
src/pages/BillingInvoicing.tsx(3,556): error TS1005: ';' expected.
src/pages/BillingInvoicing.tsx(3,562): error TS1351: An identifier or keyword cannot immediately follow a numeric literal.
src/pages/BillingInvoicing.tsx(3,575): error TS1005: ';' expected.
src/pages/BillingInvoicing.tsx(3,589): error TS1005: ';' expected.
src/pages/BillingInvoicing.tsx(3,668): error TS1005: ';' expected.
src/pages/BillingInvoicing.tsx(3,671): error TS1005: ';' expected.
src/pages/BillingInvoicing.tsx(3,697): error TS1005: ';' expected.
src/pages/BillingInvoicing.tsx(3,701): error TS1005: ';' expected.
src/pages/BillingInvoicing.tsx(3,717): error TS1005: ';' expected.
src/pages/BillingInvoicing.tsx(3,725): error TS1005: ';' expected.
src/pages/BillingInvoicing.tsx(3,746): error TS1005: ';' expected.
src/pages/BillingInvoicing.tsx(3,777): error TS1005: ';' expected.
src/pages/BillingInvoicing.tsx(3,783): error TS1351: An identifier or keyword cannot immediately follow a numeric literal.
src/pages/BillingInvoicing.tsx(3,796): error TS1005: ';' expected.
src/pages/BillingInvoicing.tsx(3,808): error TS1005: ';' expected.
src/pages/BillingInvoicing.tsx(3,866): error TS1005: ';' expected.
src/pages/BillingInvoicing.tsx(3,869): error TS1005: ';' expected.
src/pages/BillingInvoicing.tsx(3,895): error TS1005: ';' expected.
src/pages/BillingInvoicing.tsx(3,899): error TS1005: ';' expected.
src/pages/BillingInvoicing.tsx(3,915): error TS1005: ';' expected.
src/pages/BillingInvoicing.tsx(3,923): error TS1005: ';' expected.
src/pages/BillingInvoicing.tsx(3,944): error TS1005: ';' expected.
src/pages/BillingInvoicing.tsx(3,976): error TS1005: ';' expected.
src/pages/BillingInvoicing.tsx(3,982): error TS1351: An identifier or keyword cannot immediately follow a numeric literal.
src/pages/BillingInvoicing.tsx(3,995): error TS1005: ';' expected.
src/pages/BillingInvoicing.tsx(3,1008): error TS1005: ';' expected.
src/pages/BillingInvoicing.tsx(3,1156): error TS1005: ';' expected.
src/pages/BillingInvoicing.tsx(3,1165): error TS1005: ';' expected.
src/pages/BillingInvoicing.tsx(3,1225): error TS1005: ';' expected.
src/pages/BillingInvoicing.tsx(3,1234): error TS1005: ';' expected.
src/pages/BillingInvoicing.tsx(3,1308): error TS1005: ';' expected.
src/pages/BillingInvoicing.tsx(3,1330): error TS1005: ';' expected.
src/pages/BillingInvoicing.tsx(3,1342): error TS1005: ';' expected.
src/pages/BillingInvoicing.tsx(3,1346): error TS1005: ';' expected.
src/pages/BillingInvoicing.tsx(3,1432): error TS1005: ';' expected.
src/pages/BillingInvoicing.tsx(3,1436): error TS1005: ';' expected.
src/pages/BillingInvoicing.tsx(3,1443): error TS1434: Unexpected keyword or identifier.
src/pages/BillingInvoicing.tsx(3,1459): error TS1005: ';' expected.
src/pages/BillingInvoicing.tsx(3,1473): error TS1005: ';' expected.
src/pages/BillingInvoicing.tsx(3,1491): error TS1005: ';' expected.
src/pages/BillingInvoicing.tsx(3,1506): error TS1005: ';' expected.
src/pages/BillingInvoicing.tsx(3,1553): error TS1005: ';' expected.
src/pages/BillingInvoicing.tsx(3,1559): error TS1005: ';' expected.
src/pages/BillingInvoicing.tsx(3,1575): error TS1005: ';' expected.
src/pages/BillingInvoicing.tsx(3,1588): error TS1005: ';' expected.
src/pages/BillingInvoicing.tsx(3,1621): error TS1005: ';' expected.
src/pages/BillingInvoicing.tsx(3,1629): error TS1005: ';' expected.
src/pages/BillingInvoicing.tsx(3,1650): error TS1005: ';' expected.
src/pages/BillingInvoicing.tsx(3,1707): error TS1005: ';' expected.
src/pages/BillingInvoicing.tsx(3,1716): error TS1005: ';' expected.
src/pages/BillingInvoicing.tsx(3,1728): error TS1005: ';' expected.
src/pages/BillingInvoicing.tsx(3,1751): error TS1005: ';' expected.
src/pages/BillingInvoicing.tsx(3,1758): error TS1005: ';' expected.
src/pages/BillingInvoicing.tsx(3,1828): error TS1002: Unterminated string literal.
src/pages/BillingInvoicing.tsx(4,3): error TS1128: Declaration or statement expected.
src/pages/BillingPaymentRetail.tsx(3,84): error TS1003: Identifier expected.
src/pages/BillingPaymentRetail.tsx(3,204): error TS1005: ';' expected.
src/pages/BillingPaymentRetail.tsx(3,221): error TS1005: ';' expected.
src/pages/BillingPaymentRetail.tsx(3,226): error TS1005: ';' expected.
src/pages/BillingPaymentRetail.tsx(3,246): error TS1005: ';' expected.
src/pages/BillingPaymentRetail.tsx(3,249): error TS1005: ';' expected.
src/pages/BillingPaymentRetail.tsx(3,275): error TS1005: ';' expected.
src/pages/BillingPaymentRetail.tsx(3,279): error TS1005: ';' expected.
src/pages/BillingPaymentRetail.tsx(3,295): error TS1005: ';' expected.
src/pages/BillingPaymentRetail.tsx(3,303): error TS1005: ';' expected.
src/pages/BillingPaymentRetail.tsx(3,324): error TS1005: ';' expected.
src/pages/BillingPaymentRetail.tsx(3,352): error TS1005: ';' expected.
src/pages/BillingPaymentRetail.tsx(3,358): error TS1351: An identifier or keyword cannot immediately follow a numeric literal.
src/pages/BillingPaymentRetail.tsx(3,370): error TS1005: ';' expected.
src/pages/BillingPaymentRetail.tsx(3,432): error TS1005: ';' expected.
src/pages/BillingPaymentRetail.tsx(3,435): error TS1005: ';' expected.
src/pages/BillingPaymentRetail.tsx(3,461): error TS1005: ';' expected.
src/pages/BillingPaymentRetail.tsx(3,465): error TS1005: ';' expected.
src/pages/BillingPaymentRetail.tsx(3,481): error TS1005: ';' expected.
src/pages/BillingPaymentRetail.tsx(3,489): error TS1005: ';' expected.
src/pages/BillingPaymentRetail.tsx(3,510): error TS1005: ';' expected.
src/pages/BillingPaymentRetail.tsx(3,534): error TS1005: ';' expected.
src/pages/BillingPaymentRetail.tsx(3,540): error TS1351: An identifier or keyword cannot immediately follow a numeric literal.
src/pages/BillingPaymentRetail.tsx(3,553): error TS1005: ';' expected.
src/pages/BillingPaymentRetail.tsx(3,567): error TS1005: ';' expected.
src/pages/BillingPaymentRetail.tsx(3,618): error TS1005: ';' expected.
src/pages/BillingPaymentRetail.tsx(3,621): error TS1005: ';' expected.
src/pages/BillingPaymentRetail.tsx(3,647): error TS1005: ';' expected.
src/pages/BillingPaymentRetail.tsx(3,651): error TS1005: ';' expected.
src/pages/BillingPaymentRetail.tsx(3,667): error TS1005: ';' expected.
src/pages/BillingPaymentRetail.tsx(3,675): error TS1005: ';' expected.
src/pages/BillingPaymentRetail.tsx(3,696): error TS1005: ';' expected.
src/pages/BillingPaymentRetail.tsx(3,728): error TS1005: ';' expected.
src/pages/BillingPaymentRetail.tsx(3,734): error TS1351: An identifier or keyword cannot immediately follow a numeric literal.
src/pages/BillingPaymentRetail.tsx(3,747): error TS1005: ';' expected.
src/pages/BillingPaymentRetail.tsx(3,760): error TS1005: ';' expected.
src/pages/BillingPaymentRetail.tsx(3,840): error TS1005: ';' expected.
src/pages/BillingPaymentRetail.tsx(3,843): error TS1005: ';' expected.
src/pages/BillingPaymentRetail.tsx(3,869): error TS1005: ';' expected.
src/pages/BillingPaymentRetail.tsx(3,873): error TS1005: ';' expected.
src/pages/BillingPaymentRetail.tsx(3,889): error TS1005: ';' expected.
src/pages/BillingPaymentRetail.tsx(3,897): error TS1005: ';' expected.
src/pages/BillingPaymentRetail.tsx(3,918): error TS1005: ';' expected.
src/pages/BillingPaymentRetail.tsx(3,950): error TS1005: ';' expected.
src/pages/BillingPaymentRetail.tsx(3,956): error TS1351: An identifier or keyword cannot immediately follow a numeric literal.
src/pages/BillingPaymentRetail.tsx(3,968): error TS1005: ';' expected.
src/pages/BillingPaymentRetail.tsx(3,1116): error TS1005: ';' expected.
src/pages/BillingPaymentRetail.tsx(3,1125): error TS1005: ';' expected.
src/pages/BillingPaymentRetail.tsx(3,1185): error TS1005: ';' expected.
src/pages/BillingPaymentRetail.tsx(3,1194): error TS1005: ';' expected.
src/pages/BillingPaymentRetail.tsx(3,1268): error TS1005: ';' expected.
src/pages/BillingPaymentRetail.tsx(3,1290): error TS1005: ';' expected.
src/pages/BillingPaymentRetail.tsx(3,1302): error TS1005: ';' expected.
src/pages/BillingPaymentRetail.tsx(3,1306): error TS1005: ';' expected.
src/pages/BillingPaymentRetail.tsx(3,1393): error TS1005: ';' expected.
src/pages/BillingPaymentRetail.tsx(3,1397): error TS1005: ';' expected.
src/pages/BillingPaymentRetail.tsx(3,1404): error TS1434: Unexpected keyword or identifier.
src/pages/BillingPaymentRetail.tsx(3,1420): error TS1005: ';' expected.
src/pages/BillingPaymentRetail.tsx(3,1434): error TS1005: ';' expected.
src/pages/BillingPaymentRetail.tsx(3,1452): error TS1005: ';' expected.
src/pages/BillingPaymentRetail.tsx(3,1467): error TS1005: ';' expected.
src/pages/BillingPaymentRetail.tsx(3,1514): error TS1005: ';' expected.
src/pages/BillingPaymentRetail.tsx(3,1520): error TS1005: ';' expected.
src/pages/BillingPaymentRetail.tsx(3,1536): error TS1005: ';' expected.
src/pages/BillingPaymentRetail.tsx(3,1549): error TS1005: ';' expected.
src/pages/BillingPaymentRetail.tsx(3,1582): error TS1005: ';' expected.
src/pages/BillingPaymentRetail.tsx(3,1590): error TS1005: ';' expected.
src/pages/BillingPaymentRetail.tsx(3,1611): error TS1005: ';' expected.
src/pages/BillingPaymentRetail.tsx(3,1665): error TS1005: ';' expected.
src/pages/BillingPaymentRetail.tsx(3,1674): error TS1005: ';' expected.
src/pages/BillingPaymentRetail.tsx(3,1686): error TS1005: ';' expected.
src/pages/BillingPaymentRetail.tsx(3,1709): error TS1005: ';' expected.
src/pages/BillingPaymentRetail.tsx(3,1716): error TS1005: ';' expected.
src/pages/BillingPaymentRetail.tsx(3,1786): error TS1002: Unterminated string literal.
src/pages/BillingPaymentRetail.tsx(4,3): error TS1128: Declaration or statement expected.
src/pages/BillingPaymentsRetail.tsx(3,77): error TS1003: Identifier expected.
src/pages/BillingPaymentsRetail.tsx(3,149): error TS1005: ';' expected.
src/pages/BillingPaymentsRetail.tsx(3,166): error TS1005: ';' expected.
src/pages/BillingPaymentsRetail.tsx(3,171): error TS1005: ';' expected.
src/pages/BillingPaymentsRetail.tsx(3,191): error TS1005: ';' expected.
src/pages/BillingPaymentsRetail.tsx(3,194): error TS1005: ';' expected.
src/pages/BillingPaymentsRetail.tsx(3,220): error TS1005: ';' expected.
src/pages/BillingPaymentsRetail.tsx(3,224): error TS1005: ';' expected.
src/pages/BillingPaymentsRetail.tsx(3,240): error TS1005: ';' expected.
src/pages/BillingPaymentsRetail.tsx(3,248): error TS1005: ';' expected.
src/pages/BillingPaymentsRetail.tsx(3,269): error TS1005: ';' expected.
src/pages/BillingPaymentsRetail.tsx(3,297): error TS1005: ';' expected.
src/pages/BillingPaymentsRetail.tsx(3,303): error TS1351: An identifier or keyword cannot immediately follow a numeric literal.
src/pages/BillingPaymentsRetail.tsx(3,315): error TS1005: ';' expected.
src/pages/BillingPaymentsRetail.tsx(3,376): error TS1005: ';' expected.
src/pages/BillingPaymentsRetail.tsx(3,379): error TS1005: ';' expected.
src/pages/BillingPaymentsRetail.tsx(3,405): error TS1005: ';' expected.
src/pages/BillingPaymentsRetail.tsx(3,409): error TS1005: ';' expected.
src/pages/BillingPaymentsRetail.tsx(3,425): error TS1005: ';' expected.
src/pages/BillingPaymentsRetail.tsx(3,433): error TS1005: ';' expected.
src/pages/BillingPaymentsRetail.tsx(3,454): error TS1005: ';' expected.
src/pages/BillingPaymentsRetail.tsx(3,478): error TS1005: ';' expected.
src/pages/BillingPaymentsRetail.tsx(3,484): error TS1351: An identifier or keyword cannot immediately follow a numeric literal.
src/pages/BillingPaymentsRetail.tsx(3,497): error TS1005: ';' expected.
src/pages/BillingPaymentsRetail.tsx(3,511): error TS1005: ';' expected.
src/pages/BillingPaymentsRetail.tsx(3,562): error TS1005: ';' expected.
src/pages/BillingPaymentsRetail.tsx(3,565): error TS1005: ';' expected.
src/pages/BillingPaymentsRetail.tsx(3,591): error TS1005: ';' expected.
src/pages/BillingPaymentsRetail.tsx(3,595): error TS1005: ';' expected.
src/pages/BillingPaymentsRetail.tsx(3,611): error TS1005: ';' expected.
src/pages/BillingPaymentsRetail.tsx(3,619): error TS1005: ';' expected.
src/pages/BillingPaymentsRetail.tsx(3,640): error TS1005: ';' expected.
src/pages/BillingPaymentsRetail.tsx(3,667): error TS1005: ';' expected.
src/pages/BillingPaymentsRetail.tsx(3,673): error TS1351: An identifier or keyword cannot immediately follow a numeric literal.
src/pages/BillingPaymentsRetail.tsx(3,686): error TS1005: ';' expected.
src/pages/BillingPaymentsRetail.tsx(3,699): error TS1005: ';' expected.
src/pages/BillingPaymentsRetail.tsx(3,776): error TS1005: ';' expected.
src/pages/BillingPaymentsRetail.tsx(3,779): error TS1005: ';' expected.
src/pages/BillingPaymentsRetail.tsx(3,805): error TS1005: ';' expected.
src/pages/BillingPaymentsRetail.tsx(3,809): error TS1005: ';' expected.
src/pages/BillingPaymentsRetail.tsx(3,825): error TS1005: ';' expected.
src/pages/BillingPaymentsRetail.tsx(3,833): error TS1005: ';' expected.
src/pages/BillingPaymentsRetail.tsx(3,854): error TS1005: ';' expected.
src/pages/BillingPaymentsRetail.tsx(3,886): error TS1005: ';' expected.
src/pages/BillingPaymentsRetail.tsx(3,892): error TS1351: An identifier or keyword cannot immediately follow a numeric literal.
src/pages/BillingPaymentsRetail.tsx(3,904): error TS1005: ';' expected.
src/pages/BillingPaymentsRetail.tsx(3,1049): error TS1005: ';' expected.
src/pages/BillingPaymentsRetail.tsx(3,1058): error TS1005: ';' expected.
src/pages/BillingPaymentsRetail.tsx(3,1117): error TS1005: ';' expected.
src/pages/BillingPaymentsRetail.tsx(3,1126): error TS1005: ';' expected.
src/pages/BillingPaymentsRetail.tsx(3,1198): error TS1005: ';' expected.
src/pages/BillingPaymentsRetail.tsx(3,1220): error TS1005: ';' expected.
src/pages/BillingPaymentsRetail.tsx(3,1232): error TS1005: ';' expected.
src/pages/BillingPaymentsRetail.tsx(3,1236): error TS1005: ';' expected.
src/pages/BillingPaymentsRetail.tsx(3,1321): error TS1005: ';' expected.
src/pages/BillingPaymentsRetail.tsx(3,1325): error TS1005: ';' expected.
src/pages/BillingPaymentsRetail.tsx(3,1332): error TS1434: Unexpected keyword or identifier.
src/pages/BillingPaymentsRetail.tsx(3,1348): error TS1005: ';' expected.
src/pages/BillingPaymentsRetail.tsx(3,1362): error TS1005: ';' expected.
src/pages/BillingPaymentsRetail.tsx(3,1380): error TS1005: ';' expected.
src/pages/BillingPaymentsRetail.tsx(3,1395): error TS1005: ';' expected.
src/pages/BillingPaymentsRetail.tsx(3,1441): error TS1005: ';' expected.
src/pages/BillingPaymentsRetail.tsx(3,1447): error TS1005: ';' expected.
src/pages/BillingPaymentsRetail.tsx(3,1463): error TS1005: ';' expected.
src/pages/BillingPaymentsRetail.tsx(3,1476): error TS1005: ';' expected.
src/pages/BillingPaymentsRetail.tsx(3,1509): error TS1005: ';' expected.
src/pages/BillingPaymentsRetail.tsx(3,1517): error TS1005: ';' expected.
src/pages/BillingPaymentsRetail.tsx(3,1538): error TS1005: ';' expected.
src/pages/BillingPaymentsRetail.tsx(3,1591): error TS1005: ';' expected.
src/pages/BillingPaymentsRetail.tsx(3,1600): error TS1005: ';' expected.
src/pages/BillingPaymentsRetail.tsx(3,1612): error TS1005: ';' expected.
src/pages/BillingPaymentsRetail.tsx(3,1635): error TS1005: ';' expected.
src/pages/BillingPaymentsRetail.tsx(3,1642): error TS1005: ';' expected.
src/pages/BillingPaymentsRetail.tsx(3,1708): error TS1002: Unterminated string literal.
src/pages/BillingPaymentsRetail.tsx(4,3): error TS1128: Declaration or statement expected.
src/pages/BOMRouting.tsx(3,71): error TS1003: Identifier expected.
src/pages/BOMRouting.tsx(3,181): error TS1005: ';' expected.
src/pages/BOMRouting.tsx(3,198): error TS1005: ';' expected.
src/pages/BOMRouting.tsx(3,203): error TS1005: ';' expected.
src/pages/BOMRouting.tsx(3,223): error TS1005: ';' expected.
src/pages/BOMRouting.tsx(3,226): error TS1005: ';' expected.
src/pages/BOMRouting.tsx(3,252): error TS1005: ';' expected.
src/pages/BOMRouting.tsx(3,256): error TS1005: ';' expected.
src/pages/BOMRouting.tsx(3,272): error TS1005: ';' expected.
src/pages/BOMRouting.tsx(3,280): error TS1005: ';' expected.
src/pages/BOMRouting.tsx(3,301): error TS1005: ';' expected.
src/pages/BOMRouting.tsx(3,325): error TS1005: ';' expected.
src/pages/BOMRouting.tsx(3,331): error TS1351: An identifier or keyword cannot immediately follow a numeric literal.
src/pages/BOMRouting.tsx(3,343): error TS1005: ';' expected.
src/pages/BOMRouting.tsx(3,401): error TS1005: ';' expected.
src/pages/BOMRouting.tsx(3,404): error TS1005: ';' expected.
src/pages/BOMRouting.tsx(3,430): error TS1005: ';' expected.
src/pages/BOMRouting.tsx(3,434): error TS1005: ';' expected.
src/pages/BOMRouting.tsx(3,450): error TS1005: ';' expected.
src/pages/BOMRouting.tsx(3,458): error TS1005: ';' expected.
src/pages/BOMRouting.tsx(3,479): error TS1005: ';' expected.
src/pages/BOMRouting.tsx(3,507): error TS1005: ';' expected.
src/pages/BOMRouting.tsx(3,513): error TS1351: An identifier or keyword cannot immediately follow a numeric literal.
src/pages/BOMRouting.tsx(3,526): error TS1005: ';' expected.
src/pages/BOMRouting.tsx(3,540): error TS1005: ';' expected.
src/pages/BOMRouting.tsx(3,595): error TS1005: ';' expected.
src/pages/BOMRouting.tsx(3,598): error TS1005: ';' expected.
src/pages/BOMRouting.tsx(3,624): error TS1005: ';' expected.
src/pages/BOMRouting.tsx(3,628): error TS1005: ';' expected.
src/pages/BOMRouting.tsx(3,644): error TS1005: ';' expected.
src/pages/BOMRouting.tsx(3,652): error TS1005: ';' expected.
src/pages/BOMRouting.tsx(3,673): error TS1005: ';' expected.
src/pages/BOMRouting.tsx(3,704): error TS1005: ';' expected.
src/pages/BOMRouting.tsx(3,710): error TS1351: An identifier or keyword cannot immediately follow a numeric literal.
src/pages/BOMRouting.tsx(3,723): error TS1005: ';' expected.
src/pages/BOMRouting.tsx(3,738): error TS1005: ';' expected.
src/pages/BOMRouting.tsx(3,779): error TS1005: ';' expected.
src/pages/BOMRouting.tsx(3,837): error TS1005: ';' expected.
src/pages/BOMRouting.tsx(3,840): error TS1005: ';' expected.
src/pages/BOMRouting.tsx(3,866): error TS1005: ';' expected.
src/pages/BOMRouting.tsx(3,870): error TS1005: ';' expected.
src/pages/BOMRouting.tsx(3,886): error TS1005: ';' expected.
src/pages/BOMRouting.tsx(3,894): error TS1005: ';' expected.
src/pages/BOMRouting.tsx(3,915): error TS1005: ';' expected.
src/pages/BOMRouting.tsx(3,945): error TS1005: ';' expected.
src/pages/BOMRouting.tsx(3,951): error TS1351: An identifier or keyword cannot immediately follow a numeric literal.
src/pages/BOMRouting.tsx(3,963): error TS1005: ';' expected.
src/pages/BOMRouting.tsx(3,1107): error TS1005: ';' expected.
src/pages/BOMRouting.tsx(3,1116): error TS1005: ';' expected.
src/pages/BOMRouting.tsx(3,1172): error TS1005: ';' expected.
src/pages/BOMRouting.tsx(3,1181): error TS1005: ';' expected.
src/pages/BOMRouting.tsx(3,1251): error TS1005: ';' expected.
src/pages/BOMRouting.tsx(3,1273): error TS1005: ';' expected.
src/pages/BOMRouting.tsx(3,1285): error TS1005: ';' expected.
src/pages/BOMRouting.tsx(3,1289): error TS1005: ';' expected.
src/pages/BOMRouting.tsx(3,1368): error TS1005: ';' expected.
src/pages/BOMRouting.tsx(3,1372): error TS1005: ';' expected.
src/pages/BOMRouting.tsx(3,1379): error TS1434: Unexpected keyword or identifier.
src/pages/BOMRouting.tsx(3,1395): error TS1005: ';' expected.
src/pages/BOMRouting.tsx(3,1409): error TS1005: ';' expected.
src/pages/BOMRouting.tsx(3,1427): error TS1005: ';' expected.
src/pages/BOMRouting.tsx(3,1442): error TS1005: ';' expected.
src/pages/BOMRouting.tsx(3,1489): error TS1005: ';' expected.
src/pages/BOMRouting.tsx(3,1495): error TS1005: ';' expected.
src/pages/BOMRouting.tsx(3,1511): error TS1005: ';' expected.
src/pages/BOMRouting.tsx(3,1524): error TS1005: ';' expected.
src/pages/BOMRouting.tsx(3,1553): error TS1005: ';' expected.
src/pages/BOMRouting.tsx(3,1561): error TS1005: ';' expected.
src/pages/BOMRouting.tsx(3,1582): error TS1005: ';' expected.
src/pages/BOMRouting.tsx(3,1638): error TS1005: ';' expected.
src/pages/BOMRouting.tsx(3,1651): error TS1005: ';' expected.
src/pages/BOMRouting.tsx(3,1663): error TS1005: ';' expected.
src/pages/BOMRouting.tsx(3,1686): error TS1005: ';' expected.
src/pages/BOMRouting.tsx(3,1693): error TS1005: ';' expected.
src/pages/BOMRouting.tsx(3,1763): error TS1002: Unterminated string literal.
src/pages/BOMRouting.tsx(4,3): error TS1128: Declaration or statement expected.
src/pages/BOQManagementConstruction.tsx(45,49): error TS1003: Identifier expected.
src/pages/BOQManagementConstruction.tsx(45,90): error TS1002: Unterminated string literal.
src/pages/BOQManagementConstruction.tsx(46,7): error TS1128: Declaration or statement expected.
src/pages/BOQManagementConstruction.tsx(48,7): error TS2657: JSX expressions must have one parent element.
src/pages/BOQManagementConstruction.tsx(104,5): error TS1128: Declaration or statement expected.
src/pages/BOQManagementConstruction.tsx(105,3): error TS1109: Expression expected.
src/pages/BPM.tsx(22,52): error TS1003: Identifier expected.
src/pages/BPM.tsx(22,107): error TS1002: Unterminated string literal.
src/pages/BPM.tsx(23,7): error TS1128: Declaration or statement expected.
src/pages/BPM.tsx(75,5): error TS1128: Declaration or statement expected.
src/pages/BPM.tsx(76,3): error TS1109: Expression expected.
src/pages/BrandingCustomization.tsx(10,49): error TS1003: Identifier expected.
src/pages/BrandingCustomization.tsx(10,97): error TS1002: Unterminated string literal.
src/pages/BrandingCustomization.tsx(11,7): error TS1128: Declaration or statement expected.
src/pages/BrandingCustomization.tsx(25,5): error TS1128: Declaration or statement expected.
src/pages/BrandingCustomization.tsx(26,3): error TS1109: Expression expected.
src/pages/BudgetPlanning.tsx(51,90): error TS17002: Expected corresponding JSX closing tag for 'StandardPage'.
src/pages/BudgetPlanning.tsx(52,7): error TS1005: ')' expected.
src/pages/BudgetPlanning.tsx(54,7): error TS2657: JSX expressions must have one parent element.
src/pages/BudgetPlanning.tsx(147,5): error TS1128: Declaration or statement expected.
src/pages/BudgetPlanning.tsx(148,3): error TS1109: Expression expected.
src/pages/BulkInventoryManagement.tsx(45,49): error TS1003: Identifier expected.
src/pages/BulkInventoryManagement.tsx(45,117): error TS1002: Unterminated string literal.
src/pages/BulkInventoryManagement.tsx(46,7): error TS1128: Declaration or statement expected.
src/pages/BulkInventoryManagement.tsx(48,7): error TS2657: JSX expressions must have one parent element.
src/pages/BulkInventoryManagement.tsx(124,5): error TS1128: Declaration or statement expected.
src/pages/BulkInventoryManagement.tsx(125,3): error TS1109: Expression expected.
src/pages/BulkOperations.tsx(8,49): error TS1003: Identifier expected.
src/pages/BulkOperations.tsx(8,86): error TS1002: Unterminated string literal.
src/pages/BulkOperations.tsx(9,7): error TS1128: Declaration or statement expected.
src/pages/BulkOperations.tsx(23,5): error TS1128: Declaration or statement expected.
src/pages/BulkOperations.tsx(24,3): error TS1109: Expression expected.
src/pages/CacheManagement.tsx(9,49): error TS1003: Identifier expected.
src/pages/CacheManagement.tsx(9,81): error TS1002: Unterminated string literal.
src/pages/CacheManagement.tsx(10,7): error TS1128: Declaration or statement expected.
src/pages/CacheManagement.tsx(11,7): error TS2657: JSX expressions must have one parent element.
src/pages/CacheManagement.tsx(32,5): error TS1128: Declaration or statement expected.
src/pages/CacheManagement.tsx(33,3): error TS1109: Expression expected.
src/pages/Calendar.tsx(10,5): error TS2657: JSX expressions must have one parent element.
src/pages/Calendar.tsx(12,3): error TS1003: Identifier expected.
src/pages/Calendar.tsx(13,7): error TS1005: ')' expected.
src/pages/Calendar.tsx(15,7): error TS2657: JSX expressions must have one parent element.
src/pages/Calendar.tsx(45,5): error TS1128: Declaration or statement expected.
src/pages/Calendar.tsx(46,3): error TS1109: Expression expected.
src/pages/CampaignsDetail.tsx(50,64): error TS1003: Identifier expected.
src/pages/CampaignsDetail.tsx(50,65): error TS1382: Unexpected token. Did you mean `{'>'}` or `&gt;`?
src/pages/CampaignsDetail.tsx(50,66): error TS1002: Unterminated string literal.
src/pages/CampaignsDetail.tsx(52,15): error TS17002: Expected corresponding JSX closing tag for 'Link'.
src/pages/CampaignsDetail.tsx(74,9): error TS17002: Expected corresponding JSX closing tag for 'StandardPage'.
src/pages/CampaignsDetail.tsx(76,7): error TS1005: ')' expected.
src/pages/CampaignsDetail.tsx(264,5): error TS1128: Declaration or statement expected.
src/pages/CampaignsDetail.tsx(265,3): error TS1109: Expression expected.
src/pages/CapacityPlanning.tsx(7,25): error TS1005: ')' expected.
src/pages/CapacityPlanning.tsx(7,34): error TS1434: Unexpected keyword or identifier.
src/pages/CapacityPlanning.tsx(7,42): error TS1128: Declaration or statement expected.
src/pages/CapacityPlanning.tsx(7,129): error TS1005: ';' expected.
src/pages/CapacityPlanning.tsx(13,5): error TS1128: Declaration or statement expected.
src/pages/CapacityPlanning.tsx(14,3): error TS1109: Expression expected.
src/pages/CarrierProcurement.tsx(45,49): error TS1003: Identifier expected.
src/pages/CarrierProcurement.tsx(45,131): error TS1002: Unterminated string literal.
src/pages/CarrierProcurement.tsx(46,7): error TS1128: Declaration or statement expected.
src/pages/CarrierProcurement.tsx(48,7): error TS2657: JSX expressions must have one parent element.
src/pages/CarrierProcurement.tsx(109,5): error TS1128: Declaration or statement expected.
src/pages/CarrierProcurement.tsx(110,3): error TS1109: Expression expected.
src/pages/ChangeManagement.tsx(7,25): error TS1005: ')' expected.
src/pages/ChangeManagement.tsx(7,32): error TS1434: Unexpected keyword or identifier.
src/pages/ChangeManagement.tsx(7,42): error TS1128: Declaration or statement expected.
src/pages/ChangeManagement.tsx(7,127): error TS1005: ';' expected.
src/pages/ChangeManagement.tsx(13,5): error TS1128: Declaration or statement expected.
src/pages/ChangeManagement.tsx(14,3): error TS1109: Expression expected.
src/pages/ChartOfAccounts.tsx(55,44): error TS1003: Identifier expected.
src/pages/ChartOfAccounts.tsx(55,94): error TS1002: Unterminated string literal.
src/pages/ChartOfAccounts.tsx(56,7): error TS1128: Declaration or statement expected.
src/pages/ChartOfAccounts.tsx(58,7): error TS2657: JSX expressions must have one parent element.
src/pages/ChartOfAccounts.tsx(112,5): error TS1128: Declaration or statement expected.
src/pages/ChartOfAccounts.tsx(113,3): error TS1109: Expression expected.
src/pages/ChurnPrediction.tsx(17,101): error TS1003: Identifier expected.
src/pages/ChurnPrediction.tsx(17,172): error TS1002: Unterminated string literal.
src/pages/ChurnPrediction.tsx(18,9): error TS1128: Declaration or statement expected.
src/pages/ChurnPrediction.tsx(29,7): error TS1128: Declaration or statement expected.
src/pages/ChurnPrediction.tsx(93,5): error TS1128: Declaration or statement expected.
src/pages/ChurnPrediction.tsx(94,3): error TS1109: Expression expected.
src/pages/CitizenCaseManagement.tsx(3,84): error TS1003: Identifier expected.
src/pages/CitizenCaseManagement.tsx(3,163): error TS1005: ';' expected.
src/pages/CitizenCaseManagement.tsx(3,180): error TS1005: ';' expected.
src/pages/CitizenCaseManagement.tsx(3,185): error TS1005: ';' expected.
src/pages/CitizenCaseManagement.tsx(3,205): error TS1005: ';' expected.
src/pages/CitizenCaseManagement.tsx(3,208): error TS1005: ';' expected.
src/pages/CitizenCaseManagement.tsx(3,234): error TS1005: ';' expected.
src/pages/CitizenCaseManagement.tsx(3,238): error TS1005: ';' expected.
src/pages/CitizenCaseManagement.tsx(3,254): error TS1005: ';' expected.
src/pages/CitizenCaseManagement.tsx(3,262): error TS1005: ';' expected.
src/pages/CitizenCaseManagement.tsx(3,283): error TS1005: ';' expected.
src/pages/CitizenCaseManagement.tsx(3,308): error TS1005: ';' expected.
src/pages/CitizenCaseManagement.tsx(3,314): error TS1351: An identifier or keyword cannot immediately follow a numeric literal.
src/pages/CitizenCaseManagement.tsx(3,326): error TS1005: ';' expected.
src/pages/CitizenCaseManagement.tsx(3,385): error TS1005: ';' expected.
src/pages/CitizenCaseManagement.tsx(3,388): error TS1005: ';' expected.
src/pages/CitizenCaseManagement.tsx(3,414): error TS1005: ';' expected.
src/pages/CitizenCaseManagement.tsx(3,418): error TS1005: ';' expected.
src/pages/CitizenCaseManagement.tsx(3,434): error TS1005: ';' expected.
src/pages/CitizenCaseManagement.tsx(3,442): error TS1005: ';' expected.
src/pages/CitizenCaseManagement.tsx(3,463): error TS1005: ';' expected.
src/pages/CitizenCaseManagement.tsx(3,491): error TS1005: ';' expected.
src/pages/CitizenCaseManagement.tsx(3,497): error TS1351: An identifier or keyword cannot immediately follow a numeric literal.
src/pages/CitizenCaseManagement.tsx(3,510): error TS1005: ';' expected.
src/pages/CitizenCaseManagement.tsx(3,524): error TS1005: ';' expected.
src/pages/CitizenCaseManagement.tsx(3,579): error TS1005: ';' expected.
src/pages/CitizenCaseManagement.tsx(3,582): error TS1005: ';' expected.
src/pages/CitizenCaseManagement.tsx(3,608): error TS1005: ';' expected.
src/pages/CitizenCaseManagement.tsx(3,612): error TS1005: ';' expected.
src/pages/CitizenCaseManagement.tsx(3,628): error TS1005: ';' expected.
src/pages/CitizenCaseManagement.tsx(3,636): error TS1005: ';' expected.
src/pages/CitizenCaseManagement.tsx(3,657): error TS1005: ';' expected.
src/pages/CitizenCaseManagement.tsx(3,684): error TS1005: ';' expected.
src/pages/CitizenCaseManagement.tsx(3,690): error TS1351: An identifier or keyword cannot immediately follow a numeric literal.
src/pages/CitizenCaseManagement.tsx(3,703): error TS1005: ';' expected.
src/pages/CitizenCaseManagement.tsx(3,718): error TS1005: ';' expected.
src/pages/CitizenCaseManagement.tsx(3,760): error TS1005: ';' expected.
src/pages/CitizenCaseManagement.tsx(3,820): error TS1005: ';' expected.
src/pages/CitizenCaseManagement.tsx(3,823): error TS1005: ';' expected.
src/pages/CitizenCaseManagement.tsx(3,849): error TS1005: ';' expected.
src/pages/CitizenCaseManagement.tsx(3,853): error TS1005: ';' expected.
src/pages/CitizenCaseManagement.tsx(3,869): error TS1005: ';' expected.
src/pages/CitizenCaseManagement.tsx(3,877): error TS1005: ';' expected.
src/pages/CitizenCaseManagement.tsx(3,898): error TS1005: ';' expected.
src/pages/CitizenCaseManagement.tsx(3,930): error TS1005: ';' expected.
src/pages/CitizenCaseManagement.tsx(3,936): error TS1351: An identifier or keyword cannot immediately follow a numeric literal.
src/pages/CitizenCaseManagement.tsx(3,948): error TS1005: ';' expected.
src/pages/CitizenCaseManagement.tsx(3,1093): error TS1005: ';' expected.
src/pages/CitizenCaseManagement.tsx(3,1102): error TS1005: ';' expected.
src/pages/CitizenCaseManagement.tsx(3,1158): error TS1005: ';' expected.
src/pages/CitizenCaseManagement.tsx(3,1167): error TS1005: ';' expected.
src/pages/CitizenCaseManagement.tsx(3,1237): error TS1005: ';' expected.
src/pages/CitizenCaseManagement.tsx(3,1259): error TS1005: ';' expected.
src/pages/CitizenCaseManagement.tsx(3,1271): error TS1005: ';' expected.
src/pages/CitizenCaseManagement.tsx(3,1275): error TS1005: ';' expected.
src/pages/CitizenCaseManagement.tsx(3,1355): error TS1005: ';' expected.
src/pages/CitizenCaseManagement.tsx(3,1359): error TS1005: ';' expected.
src/pages/CitizenCaseManagement.tsx(3,1366): error TS1434: Unexpected keyword or identifier.
src/pages/CitizenCaseManagement.tsx(3,1382): error TS1005: ';' expected.
src/pages/CitizenCaseManagement.tsx(3,1396): error TS1005: ';' expected.
src/pages/CitizenCaseManagement.tsx(3,1414): error TS1005: ';' expected.
src/pages/CitizenCaseManagement.tsx(3,1429): error TS1005: ';' expected.
src/pages/CitizenCaseManagement.tsx(3,1476): error TS1005: ';' expected.
src/pages/CitizenCaseManagement.tsx(3,1482): error TS1005: ';' expected.
src/pages/CitizenCaseManagement.tsx(3,1498): error TS1005: ';' expected.
src/pages/CitizenCaseManagement.tsx(3,1511): error TS1005: ';' expected.
src/pages/CitizenCaseManagement.tsx(3,1541): error TS1005: ';' expected.
src/pages/CitizenCaseManagement.tsx(3,1549): error TS1005: ';' expected.
src/pages/CitizenCaseManagement.tsx(3,1570): error TS1005: ';' expected.
src/pages/CitizenCaseManagement.tsx(3,1625): error TS1005: ';' expected.
src/pages/CitizenCaseManagement.tsx(3,1638): error TS1005: ';' expected.
src/pages/CitizenCaseManagement.tsx(3,1650): error TS1005: ';' expected.
src/pages/CitizenCaseManagement.tsx(3,1673): error TS1005: ';' expected.
src/pages/CitizenCaseManagement.tsx(3,1680): error TS1005: ';' expected.
src/pages/CitizenCaseManagement.tsx(3,1746): error TS1002: Unterminated string literal.
src/pages/CitizenCaseManagement.tsx(4,3): error TS1128: Declaration or statement expected.
src/pages/CitizenEngagement.tsx(3,83): error TS1003: Identifier expected.
src/pages/CitizenEngagement.tsx(3,162): error TS1005: ';' expected.
src/pages/CitizenEngagement.tsx(3,179): error TS1005: ';' expected.
src/pages/CitizenEngagement.tsx(3,184): error TS1005: ';' expected.
src/pages/CitizenEngagement.tsx(3,204): error TS1005: ';' expected.
src/pages/CitizenEngagement.tsx(3,207): error TS1005: ';' expected.
src/pages/CitizenEngagement.tsx(3,233): error TS1005: ';' expected.
src/pages/CitizenEngagement.tsx(3,237): error TS1005: ';' expected.
src/pages/CitizenEngagement.tsx(3,253): error TS1005: ';' expected.
src/pages/CitizenEngagement.tsx(3,261): error TS1005: ';' expected.
src/pages/CitizenEngagement.tsx(3,282): error TS1005: ';' expected.
src/pages/CitizenEngagement.tsx(3,314): error TS1005: ';' expected.
src/pages/CitizenEngagement.tsx(3,320): error TS1351: An identifier or keyword cannot immediately follow a numeric literal.
src/pages/CitizenEngagement.tsx(3,332): error TS1005: ';' expected.
src/pages/CitizenEngagement.tsx(3,398): error TS1005: ';' expected.
src/pages/CitizenEngagement.tsx(3,401): error TS1005: ';' expected.
src/pages/CitizenEngagement.tsx(3,427): error TS1005: ';' expected.
src/pages/CitizenEngagement.tsx(3,431): error TS1005: ';' expected.
src/pages/CitizenEngagement.tsx(3,447): error TS1005: ';' expected.
src/pages/CitizenEngagement.tsx(3,455): error TS1005: ';' expected.
src/pages/CitizenEngagement.tsx(3,476): error TS1005: ';' expected.
src/pages/CitizenEngagement.tsx(3,504): error TS1005: ';' expected.
src/pages/CitizenEngagement.tsx(3,510): error TS1351: An identifier or keyword cannot immediately follow a numeric literal.
src/pages/CitizenEngagement.tsx(3,523): error TS1005: ';' expected.
src/pages/CitizenEngagement.tsx(3,537): error TS1005: ';' expected.
src/pages/CitizenEngagement.tsx(3,592): error TS1005: ';' expected.
src/pages/CitizenEngagement.tsx(3,595): error TS1005: ';' expected.
src/pages/CitizenEngagement.tsx(3,621): error TS1005: ';' expected.
src/pages/CitizenEngagement.tsx(3,625): error TS1005: ';' expected.
src/pages/CitizenEngagement.tsx(3,641): error TS1005: ';' expected.
src/pages/CitizenEngagement.tsx(3,649): error TS1005: ';' expected.
src/pages/CitizenEngagement.tsx(3,670): error TS1005: ';' expected.
src/pages/CitizenEngagement.tsx(3,697): error TS1005: ';' expected.
src/pages/CitizenEngagement.tsx(3,703): error TS1351: An identifier or keyword cannot immediately follow a numeric literal.
src/pages/CitizenEngagement.tsx(3,716): error TS1005: ';' expected.
src/pages/CitizenEngagement.tsx(3,731): error TS1005: ';' expected.
src/pages/CitizenEngagement.tsx(3,780): error TS1005: ';' expected.
src/pages/CitizenEngagement.tsx(3,840): error TS1005: ';' expected.
src/pages/CitizenEngagement.tsx(3,843): error TS1005: ';' expected.
src/pages/CitizenEngagement.tsx(3,869): error TS1005: ';' expected.
src/pages/CitizenEngagement.tsx(3,873): error TS1005: ';' expected.
src/pages/CitizenEngagement.tsx(3,889): error TS1005: ';' expected.
src/pages/CitizenEngagement.tsx(3,897): error TS1005: ';' expected.
src/pages/CitizenEngagement.tsx(3,918): error TS1005: ';' expected.
src/pages/CitizenEngagement.tsx(3,950): error TS1005: ';' expected.
src/pages/CitizenEngagement.tsx(3,956): error TS1351: An identifier or keyword cannot immediately follow a numeric literal.
src/pages/CitizenEngagement.tsx(3,968): error TS1005: ';' expected.
src/pages/CitizenEngagement.tsx(3,1127): error TS1005: ';' expected.
src/pages/CitizenEngagement.tsx(3,1136): error TS1005: ';' expected.
src/pages/CitizenEngagement.tsx(3,1199): error TS1005: ';' expected.
src/pages/CitizenEngagement.tsx(3,1208): error TS1005: ';' expected.
src/pages/CitizenEngagement.tsx(3,1285): error TS1005: ';' expected.
src/pages/CitizenEngagement.tsx(3,1307): error TS1005: ';' expected.
src/pages/CitizenEngagement.tsx(3,1319): error TS1005: ';' expected.
src/pages/CitizenEngagement.tsx(3,1323): error TS1005: ';' expected.
src/pages/CitizenEngagement.tsx(3,1417): error TS1005: ';' expected.
src/pages/CitizenEngagement.tsx(3,1421): error TS1005: ';' expected.
src/pages/CitizenEngagement.tsx(3,1428): error TS1434: Unexpected keyword or identifier.
src/pages/CitizenEngagement.tsx(3,1444): error TS1005: ';' expected.
src/pages/CitizenEngagement.tsx(3,1458): error TS1005: ';' expected.
src/pages/CitizenEngagement.tsx(3,1476): error TS1005: ';' expected.
src/pages/CitizenEngagement.tsx(3,1491): error TS1005: ';' expected.
src/pages/CitizenEngagement.tsx(3,1537): error TS1005: ';' expected.
src/pages/CitizenEngagement.tsx(3,1543): error TS1005: ';' expected.
src/pages/CitizenEngagement.tsx(3,1559): error TS1005: ';' expected.
src/pages/CitizenEngagement.tsx(3,1572): error TS1005: ';' expected.
src/pages/CitizenEngagement.tsx(3,1609): error TS1005: ';' expected.
src/pages/CitizenEngagement.tsx(3,1617): error TS1005: ';' expected.
src/pages/CitizenEngagement.tsx(3,1638): error TS1005: ';' expected.
src/pages/CitizenEngagement.tsx(3,1688): error TS1005: ';' expected.
src/pages/CitizenEngagement.tsx(3,1701): error TS1005: ';' expected.
src/pages/CitizenEngagement.tsx(3,1713): error TS1005: ';' expected.
src/pages/CitizenEngagement.tsx(3,1736): error TS1005: ';' expected.
src/pages/CitizenEngagement.tsx(3,1743): error TS1005: ';' expected.
src/pages/CitizenEngagement.tsx(3,1809): error TS1002: Unterminated string literal.
src/pages/CitizenEngagement.tsx(4,3): error TS1128: Declaration or statement expected.
src/pages/ClientManagement.tsx(85,14): error TS1005: ',' expected.
src/pages/ClientManagement.tsx(86,13): error TS1005: ',' expected.
src/pages/ClientManagement.tsx(101,9): error TS1005: ',' expected.
src/pages/ClientManagement.tsx(102,5): error TS1128: Declaration or statement expected.
src/pages/ClientManagement.tsx(204,1): error TS1128: Declaration or statement expected.
src/pages/ClinicalEHR.tsx(3,83): error TS1003: Identifier expected.
src/pages/ClinicalEHR.tsx(3,214): error TS1005: ';' expected.
src/pages/ClinicalEHR.tsx(3,231): error TS1005: ';' expected.
src/pages/ClinicalEHR.tsx(3,236): error TS1005: ';' expected.
src/pages/ClinicalEHR.tsx(3,256): error TS1005: ';' expected.
src/pages/ClinicalEHR.tsx(3,259): error TS1005: ';' expected.
src/pages/ClinicalEHR.tsx(3,285): error TS1005: ';' expected.
src/pages/ClinicalEHR.tsx(3,289): error TS1005: ';' expected.
src/pages/ClinicalEHR.tsx(3,305): error TS1005: ';' expected.
src/pages/ClinicalEHR.tsx(3,313): error TS1005: ';' expected.
src/pages/ClinicalEHR.tsx(3,334): error TS1005: ';' expected.
src/pages/ClinicalEHR.tsx(3,364): error TS1005: ';' expected.
src/pages/ClinicalEHR.tsx(3,370): error TS1351: An identifier or keyword cannot immediately follow a numeric literal.
src/pages/ClinicalEHR.tsx(3,382): error TS1005: ';' expected.
src/pages/ClinicalEHR.tsx(3,446): error TS1005: ';' expected.
src/pages/ClinicalEHR.tsx(3,449): error TS1005: ';' expected.
src/pages/ClinicalEHR.tsx(3,475): error TS1005: ';' expected.
src/pages/ClinicalEHR.tsx(3,479): error TS1005: ';' expected.
src/pages/ClinicalEHR.tsx(3,495): error TS1005: ';' expected.
src/pages/ClinicalEHR.tsx(3,503): error TS1005: ';' expected.
src/pages/ClinicalEHR.tsx(3,524): error TS1005: ';' expected.
src/pages/ClinicalEHR.tsx(3,553): error TS1005: ';' expected.
src/pages/ClinicalEHR.tsx(3,559): error TS1351: An identifier or keyword cannot immediately follow a numeric literal.
src/pages/ClinicalEHR.tsx(3,572): error TS1005: ';' expected.
src/pages/ClinicalEHR.tsx(3,586): error TS1005: ';' expected.
src/pages/ClinicalEHR.tsx(3,642): error TS1005: ';' expected.
src/pages/ClinicalEHR.tsx(3,645): error TS1005: ';' expected.
src/pages/ClinicalEHR.tsx(3,671): error TS1005: ';' expected.
src/pages/ClinicalEHR.tsx(3,675): error TS1005: ';' expected.
src/pages/ClinicalEHR.tsx(3,691): error TS1005: ';' expected.
src/pages/ClinicalEHR.tsx(3,699): error TS1005: ';' expected.
src/pages/ClinicalEHR.tsx(3,720): error TS1005: ';' expected.
src/pages/ClinicalEHR.tsx(3,751): error TS1005: ';' expected.
src/pages/ClinicalEHR.tsx(3,757): error TS1351: An identifier or keyword cannot immediately follow a numeric literal.
src/pages/ClinicalEHR.tsx(3,770): error TS1005: ';' expected.
src/pages/ClinicalEHR.tsx(3,783): error TS1005: ';' expected.
src/pages/ClinicalEHR.tsx(3,841): error TS1005: ';' expected.
src/pages/ClinicalEHR.tsx(3,894): error TS1005: ';' expected.
src/pages/ClinicalEHR.tsx(3,897): error TS1005: ';' expected.
src/pages/ClinicalEHR.tsx(3,923): error TS1005: ';' expected.
src/pages/ClinicalEHR.tsx(3,927): error TS1005: ';' expected.
src/pages/ClinicalEHR.tsx(3,943): error TS1005: ';' expected.
src/pages/ClinicalEHR.tsx(3,951): error TS1005: ';' expected.
src/pages/ClinicalEHR.tsx(3,972): error TS1005: ';' expected.
src/pages/ClinicalEHR.tsx(3,1004): error TS1005: ';' expected.
src/pages/ClinicalEHR.tsx(3,1010): error TS1351: An identifier or keyword cannot immediately follow a numeric literal.
src/pages/ClinicalEHR.tsx(3,1022): error TS1005: ';' expected.
src/pages/ClinicalEHR.tsx(3,1179): error TS1005: ';' expected.
src/pages/ClinicalEHR.tsx(3,1188): error TS1005: ';' expected.
src/pages/ClinicalEHR.tsx(3,1250): error TS1005: ';' expected.
src/pages/ClinicalEHR.tsx(3,1259): error TS1005: ';' expected.
src/pages/ClinicalEHR.tsx(3,1335): error TS1005: ';' expected.
src/pages/ClinicalEHR.tsx(3,1357): error TS1005: ';' expected.
src/pages/ClinicalEHR.tsx(3,1369): error TS1005: ';' expected.
src/pages/ClinicalEHR.tsx(3,1373): error TS1005: ';' expected.
src/pages/ClinicalEHR.tsx(3,1464): error TS1005: ';' expected.
src/pages/ClinicalEHR.tsx(3,1468): error TS1005: ';' expected.
src/pages/ClinicalEHR.tsx(3,1475): error TS1434: Unexpected keyword or identifier.
src/pages/ClinicalEHR.tsx(3,1491): error TS1005: ';' expected.
src/pages/ClinicalEHR.tsx(3,1505): error TS1005: ';' expected.
src/pages/ClinicalEHR.tsx(3,1523): error TS1005: ';' expected.
src/pages/ClinicalEHR.tsx(3,1538): error TS1005: ';' expected.
src/pages/ClinicalEHR.tsx(3,1591): error TS1005: ';' expected.
src/pages/ClinicalEHR.tsx(3,1597): error TS1005: ';' expected.
src/pages/ClinicalEHR.tsx(3,1613): error TS1005: ';' expected.
src/pages/ClinicalEHR.tsx(3,1626): error TS1005: ';' expected.
src/pages/ClinicalEHR.tsx(3,1661): error TS1005: ';' expected.
src/pages/ClinicalEHR.tsx(3,1669): error TS1005: ';' expected.
src/pages/ClinicalEHR.tsx(3,1690): error TS1005: ';' expected.
src/pages/ClinicalEHR.tsx(3,1746): error TS1005: ';' expected.
src/pages/ClinicalEHR.tsx(3,1760): error TS1005: ';' expected.
src/pages/ClinicalEHR.tsx(3,1772): error TS1005: ';' expected.
src/pages/ClinicalEHR.tsx(3,1795): error TS1005: ';' expected.
src/pages/ClinicalEHR.tsx(3,1802): error TS1005: ';' expected.
src/pages/ClinicalEHR.tsx(3,1872): error TS1002: Unterminated string literal.
src/pages/ClinicalEHR.tsx(4,3): error TS1128: Declaration or statement expected.
src/pages/ClinicalSupply.tsx(3,95): error TS1003: Identifier expected.
src/pages/ClinicalSupply.tsx(3,225): error TS1005: ';' expected.
src/pages/ClinicalSupply.tsx(3,242): error TS1005: ';' expected.
src/pages/ClinicalSupply.tsx(3,247): error TS1005: ';' expected.
src/pages/ClinicalSupply.tsx(3,267): error TS1005: ';' expected.
src/pages/ClinicalSupply.tsx(3,270): error TS1005: ';' expected.
src/pages/ClinicalSupply.tsx(3,296): error TS1005: ';' expected.
src/pages/ClinicalSupply.tsx(3,300): error TS1005: ';' expected.
src/pages/ClinicalSupply.tsx(3,316): error TS1005: ';' expected.
src/pages/ClinicalSupply.tsx(3,324): error TS1005: ';' expected.
src/pages/ClinicalSupply.tsx(3,345): error TS1005: ';' expected.
src/pages/ClinicalSupply.tsx(3,375): error TS1005: ';' expected.
src/pages/ClinicalSupply.tsx(3,381): error TS1351: An identifier or keyword cannot immediately follow a numeric literal.
src/pages/ClinicalSupply.tsx(3,393): error TS1005: ';' expected.
src/pages/ClinicalSupply.tsx(3,455): error TS1005: ';' expected.
src/pages/ClinicalSupply.tsx(3,458): error TS1005: ';' expected.
src/pages/ClinicalSupply.tsx(3,484): error TS1005: ';' expected.
src/pages/ClinicalSupply.tsx(3,488): error TS1005: ';' expected.
src/pages/ClinicalSupply.tsx(3,504): error TS1005: ';' expected.
src/pages/ClinicalSupply.tsx(3,512): error TS1005: ';' expected.
src/pages/ClinicalSupply.tsx(3,533): error TS1005: ';' expected.
src/pages/ClinicalSupply.tsx(3,562): error TS1005: ';' expected.
src/pages/ClinicalSupply.tsx(3,568): error TS1351: An identifier or keyword cannot immediately follow a numeric literal.
src/pages/ClinicalSupply.tsx(3,581): error TS1005: ';' expected.
src/pages/ClinicalSupply.tsx(3,594): error TS1005: ';' expected.
src/pages/ClinicalSupply.tsx(3,650): error TS1005: ';' expected.
src/pages/ClinicalSupply.tsx(3,653): error TS1005: ';' expected.
src/pages/ClinicalSupply.tsx(3,679): error TS1005: ';' expected.
src/pages/ClinicalSupply.tsx(3,683): error TS1005: ';' expected.
src/pages/ClinicalSupply.tsx(3,699): error TS1005: ';' expected.
src/pages/ClinicalSupply.tsx(3,707): error TS1005: ';' expected.
src/pages/ClinicalSupply.tsx(3,728): error TS1005: ';' expected.
src/pages/ClinicalSupply.tsx(3,756): error TS1005: ';' expected.
src/pages/ClinicalSupply.tsx(3,762): error TS1351: An identifier or keyword cannot immediately follow a numeric literal.
src/pages/ClinicalSupply.tsx(3,775): error TS1005: ';' expected.
src/pages/ClinicalSupply.tsx(3,789): error TS1005: ';' expected.
src/pages/ClinicalSupply.tsx(3,844): error TS1005: ';' expected.
src/pages/ClinicalSupply.tsx(3,847): error TS1005: ';' expected.
src/pages/ClinicalSupply.tsx(3,873): error TS1005: ';' expected.
src/pages/ClinicalSupply.tsx(3,877): error TS1005: ';' expected.
src/pages/ClinicalSupply.tsx(3,893): error TS1005: ';' expected.
src/pages/ClinicalSupply.tsx(3,901): error TS1005: ';' expected.
src/pages/ClinicalSupply.tsx(3,922): error TS1005: ';' expected.
src/pages/ClinicalSupply.tsx(3,950): error TS1005: ';' expected.
src/pages/ClinicalSupply.tsx(3,956): error TS1351: An identifier or keyword cannot immediately follow a numeric literal.
src/pages/ClinicalSupply.tsx(3,968): error TS1005: ';' expected.
src/pages/ClinicalSupply.tsx(3,1120): error TS1005: ';' expected.
src/pages/ClinicalSupply.tsx(3,1129): error TS1005: ';' expected.
src/pages/ClinicalSupply.tsx(3,1192): error TS1005: ';' expected.
src/pages/ClinicalSupply.tsx(3,1201): error TS1005: ';' expected.
src/pages/ClinicalSupply.tsx(3,1275): error TS1005: ';' expected.
src/pages/ClinicalSupply.tsx(3,1297): error TS1005: ';' expected.
src/pages/ClinicalSupply.tsx(3,1309): error TS1005: ';' expected.
src/pages/ClinicalSupply.tsx(3,1313): error TS1005: ';' expected.
src/pages/ClinicalSupply.tsx(3,1395): error TS1005: ';' expected.
src/pages/ClinicalSupply.tsx(3,1399): error TS1005: ';' expected.
src/pages/ClinicalSupply.tsx(3,1406): error TS1434: Unexpected keyword or identifier.
src/pages/ClinicalSupply.tsx(3,1422): error TS1005: ';' expected.
src/pages/ClinicalSupply.tsx(3,1436): error TS1005: ';' expected.
src/pages/ClinicalSupply.tsx(3,1454): error TS1005: ';' expected.
src/pages/ClinicalSupply.tsx(3,1469): error TS1005: ';' expected.
src/pages/ClinicalSupply.tsx(3,1519): error TS1005: ';' expected.
src/pages/ClinicalSupply.tsx(3,1525): error TS1005: ';' expected.
src/pages/ClinicalSupply.tsx(3,1541): error TS1005: ';' expected.
src/pages/ClinicalSupply.tsx(3,1554): error TS1005: ';' expected.
src/pages/ClinicalSupply.tsx(3,1583): error TS1005: ';' expected.
src/pages/ClinicalSupply.tsx(3,1591): error TS1005: ';' expected.
src/pages/ClinicalSupply.tsx(3,1612): error TS1005: ';' expected.
src/pages/ClinicalSupply.tsx(3,1692): error TS1005: ';' expected.
src/pages/ClinicalSupply.tsx(3,1706): error TS1005: ';' expected.
src/pages/ClinicalSupply.tsx(3,1718): error TS1005: ';' expected.
src/pages/ClinicalSupply.tsx(3,1741): error TS1005: ';' expected.
src/pages/ClinicalSupply.tsx(3,1748): error TS1005: ';' expected.
src/pages/ClinicalSupply.tsx(3,1817): error TS1002: Unterminated string literal.
src/pages/ClinicalSupply.tsx(4,3): error TS1128: Declaration or statement expected.
src/pages/ClinicalTrials.tsx(3,79): error TS1003: Identifier expected.
src/pages/ClinicalTrials.tsx(3,211): error TS1005: ';' expected.
src/pages/ClinicalTrials.tsx(3,228): error TS1005: ';' expected.
src/pages/ClinicalTrials.tsx(3,233): error TS1005: ';' expected.
src/pages/ClinicalTrials.tsx(3,253): error TS1005: ';' expected.
src/pages/ClinicalTrials.tsx(3,256): error TS1005: ';' expected.
src/pages/ClinicalTrials.tsx(3,282): error TS1005: ';' expected.
src/pages/ClinicalTrials.tsx(3,286): error TS1005: ';' expected.
src/pages/ClinicalTrials.tsx(3,302): error TS1005: ';' expected.
src/pages/ClinicalTrials.tsx(3,310): error TS1005: ';' expected.
src/pages/ClinicalTrials.tsx(3,331): error TS1005: ';' expected.
src/pages/ClinicalTrials.tsx(3,357): error TS1005: ';' expected.
src/pages/ClinicalTrials.tsx(3,363): error TS1351: An identifier or keyword cannot immediately follow a numeric literal.
src/pages/ClinicalTrials.tsx(3,375): error TS1005: ';' expected.
src/pages/ClinicalTrials.tsx(3,435): error TS1005: ';' expected.
src/pages/ClinicalTrials.tsx(3,438): error TS1005: ';' expected.
src/pages/ClinicalTrials.tsx(3,464): error TS1005: ';' expected.
src/pages/ClinicalTrials.tsx(3,468): error TS1005: ';' expected.
src/pages/ClinicalTrials.tsx(3,484): error TS1005: ';' expected.
src/pages/ClinicalTrials.tsx(3,492): error TS1005: ';' expected.
src/pages/ClinicalTrials.tsx(3,513): error TS1005: ';' expected.
src/pages/ClinicalTrials.tsx(3,539): error TS1005: ';' expected.
src/pages/ClinicalTrials.tsx(3,545): error TS1351: An identifier or keyword cannot immediately follow a numeric literal.
src/pages/ClinicalTrials.tsx(3,558): error TS1005: ';' expected.
src/pages/ClinicalTrials.tsx(3,572): error TS1005: ';' expected.
src/pages/ClinicalTrials.tsx(3,625): error TS1005: ';' expected.
src/pages/ClinicalTrials.tsx(3,628): error TS1005: ';' expected.
src/pages/ClinicalTrials.tsx(3,654): error TS1005: ';' expected.
src/pages/ClinicalTrials.tsx(3,658): error TS1005: ';' expected.
src/pages/ClinicalTrials.tsx(3,674): error TS1005: ';' expected.
src/pages/ClinicalTrials.tsx(3,682): error TS1005: ';' expected.
src/pages/ClinicalTrials.tsx(3,703): error TS1005: ';' expected.
src/pages/ClinicalTrials.tsx(3,731): error TS1005: ';' expected.
src/pages/ClinicalTrials.tsx(3,737): error TS1351: An identifier or keyword cannot immediately follow a numeric literal.
src/pages/ClinicalTrials.tsx(3,750): error TS1005: ';' expected.
src/pages/ClinicalTrials.tsx(3,763): error TS1005: ';' expected.
src/pages/ClinicalTrials.tsx(3,823): error TS1005: ';' expected.
src/pages/ClinicalTrials.tsx(3,826): error TS1005: ';' expected.
src/pages/ClinicalTrials.tsx(3,852): error TS1005: ';' expected.
src/pages/ClinicalTrials.tsx(3,856): error TS1005: ';' expected.
src/pages/ClinicalTrials.tsx(3,872): error TS1005: ';' expected.
src/pages/ClinicalTrials.tsx(3,880): error TS1005: ';' expected.
src/pages/ClinicalTrials.tsx(3,901): error TS1005: ';' expected.
src/pages/ClinicalTrials.tsx(3,929): error TS1005: ';' expected.
src/pages/ClinicalTrials.tsx(3,935): error TS1351: An identifier or keyword cannot immediately follow a numeric literal.
src/pages/ClinicalTrials.tsx(3,947): error TS1005: ';' expected.
src/pages/ClinicalTrials.tsx(3,1093): error TS1005: ';' expected.
src/pages/ClinicalTrials.tsx(3,1102): error TS1005: ';' expected.
src/pages/ClinicalTrials.tsx(3,1169): error TS1005: ';' expected.
src/pages/ClinicalTrials.tsx(3,1178): error TS1005: ';' expected.
src/pages/ClinicalTrials.tsx(3,1250): error TS1005: ';' expected.
src/pages/ClinicalTrials.tsx(3,1272): error TS1005: ';' expected.
src/pages/ClinicalTrials.tsx(3,1284): error TS1005: ';' expected.
src/pages/ClinicalTrials.tsx(3,1288): error TS1005: ';' expected.
src/pages/ClinicalTrials.tsx(3,1371): error TS1005: ';' expected.
src/pages/ClinicalTrials.tsx(3,1375): error TS1005: ';' expected.
src/pages/ClinicalTrials.tsx(3,1382): error TS1434: Unexpected keyword or identifier.
src/pages/ClinicalTrials.tsx(3,1398): error TS1005: ';' expected.
src/pages/ClinicalTrials.tsx(3,1412): error TS1005: ';' expected.
src/pages/ClinicalTrials.tsx(3,1430): error TS1005: ';' expected.
src/pages/ClinicalTrials.tsx(3,1445): error TS1005: ';' expected.
src/pages/ClinicalTrials.tsx(3,1494): error TS1005: ';' expected.
src/pages/ClinicalTrials.tsx(3,1500): error TS1005: ';' expected.
src/pages/ClinicalTrials.tsx(3,1516): error TS1005: ';' expected.
src/pages/ClinicalTrials.tsx(3,1529): error TS1005: ';' expected.
src/pages/ClinicalTrials.tsx(3,1560): error TS1005: ';' expected.
src/pages/ClinicalTrials.tsx(3,1568): error TS1005: ';' expected.
src/pages/ClinicalTrials.tsx(3,1589): error TS1005: ';' expected.
src/pages/ClinicalTrials.tsx(3,1654): error TS1005: ';' expected.
src/pages/ClinicalTrials.tsx(3,1665): error TS1005: ';' expected.
src/pages/ClinicalTrials.tsx(3,1677): error TS1005: ';' expected.
src/pages/ClinicalTrials.tsx(3,1700): error TS1005: ';' expected.
src/pages/ClinicalTrials.tsx(3,1707): error TS1005: ';' expected.
src/pages/ClinicalTrials.tsx(3,1777): error TS1002: Unterminated string literal.
src/pages/ClinicalTrials.tsx(4,3): error TS1128: Declaration or statement expected.
src/pages/CMMSMaintenance.tsx(57,49): error TS1003: Identifier expected.
src/pages/CMMSMaintenance.tsx(57,128): error TS1002: Unterminated string literal.
src/pages/CMMSMaintenance.tsx(58,7): error TS1128: Declaration or statement expected.
src/pages/CMMSMaintenance.tsx(60,7): error TS2657: JSX expressions must have one parent element.
src/pages/CMMSMaintenance.tsx(146,5): error TS1128: Declaration or statement expected.
src/pages/CMMSMaintenance.tsx(147,3): error TS1109: Expression expected.
src/pages/CMTFactoryManagement.tsx(3,86): error TS1003: Identifier expected.
src/pages/CMTFactoryManagement.tsx(3,207): error TS1005: ';' expected.
src/pages/CMTFactoryManagement.tsx(3,224): error TS1005: ';' expected.
src/pages/CMTFactoryManagement.tsx(3,229): error TS1005: ';' expected.
src/pages/CMTFactoryManagement.tsx(3,249): error TS1005: ';' expected.
src/pages/CMTFactoryManagement.tsx(3,252): error TS1005: ';' expected.
src/pages/CMTFactoryManagement.tsx(3,278): error TS1005: ';' expected.
src/pages/CMTFactoryManagement.tsx(3,282): error TS1005: ';' expected.
src/pages/CMTFactoryManagement.tsx(3,298): error TS1005: ';' expected.
src/pages/CMTFactoryManagement.tsx(3,306): error TS1005: ';' expected.
src/pages/CMTFactoryManagement.tsx(3,327): error TS1005: ';' expected.
src/pages/CMTFactoryManagement.tsx(3,356): error TS1005: ';' expected.
src/pages/CMTFactoryManagement.tsx(3,362): error TS1351: An identifier or keyword cannot immediately follow a numeric literal.
src/pages/CMTFactoryManagement.tsx(3,374): error TS1005: ';' expected.
src/pages/CMTFactoryManagement.tsx(3,437): error TS1005: ';' expected.
src/pages/CMTFactoryManagement.tsx(3,440): error TS1005: ';' expected.
src/pages/CMTFactoryManagement.tsx(3,466): error TS1005: ';' expected.
src/pages/CMTFactoryManagement.tsx(3,470): error TS1005: ';' expected.
src/pages/CMTFactoryManagement.tsx(3,486): error TS1005: ';' expected.
src/pages/CMTFactoryManagement.tsx(3,494): error TS1005: ';' expected.
src/pages/CMTFactoryManagement.tsx(3,515): error TS1005: ';' expected.
src/pages/CMTFactoryManagement.tsx(3,544): error TS1005: ';' expected.
src/pages/CMTFactoryManagement.tsx(3,550): error TS1351: An identifier or keyword cannot immediately follow a numeric literal.
src/pages/CMTFactoryManagement.tsx(3,563): error TS1005: ';' expected.
src/pages/CMTFactoryManagement.tsx(3,577): error TS1005: ';' expected.
src/pages/CMTFactoryManagement.tsx(3,633): error TS1005: ';' expected.
src/pages/CMTFactoryManagement.tsx(3,636): error TS1005: ';' expected.
src/pages/CMTFactoryManagement.tsx(3,662): error TS1005: ';' expected.
src/pages/CMTFactoryManagement.tsx(3,666): error TS1005: ';' expected.
src/pages/CMTFactoryManagement.tsx(3,682): error TS1005: ';' expected.
src/pages/CMTFactoryManagement.tsx(3,690): error TS1005: ';' expected.
src/pages/CMTFactoryManagement.tsx(3,711): error TS1005: ';' expected.
src/pages/CMTFactoryManagement.tsx(3,744): error TS1005: ';' expected.
src/pages/CMTFactoryManagement.tsx(3,750): error TS1351: An identifier or keyword cannot immediately follow a numeric literal.
src/pages/CMTFactoryManagement.tsx(3,763): error TS1005: ';' expected.
src/pages/CMTFactoryManagement.tsx(3,776): error TS1005: ';' expected.
src/pages/CMTFactoryManagement.tsx(3,835): error TS1005: ';' expected.
src/pages/CMTFactoryManagement.tsx(3,838): error TS1005: ';' expected.
src/pages/CMTFactoryManagement.tsx(3,864): error TS1005: ';' expected.
src/pages/CMTFactoryManagement.tsx(3,868): error TS1005: ';' expected.
src/pages/CMTFactoryManagement.tsx(3,884): error TS1005: ';' expected.
src/pages/CMTFactoryManagement.tsx(3,892): error TS1005: ';' expected.
src/pages/CMTFactoryManagement.tsx(3,913): error TS1005: ';' expected.
src/pages/CMTFactoryManagement.tsx(3,948): error TS1005: ';' expected.
src/pages/CMTFactoryManagement.tsx(3,954): error TS1351: An identifier or keyword cannot immediately follow a numeric literal.
src/pages/CMTFactoryManagement.tsx(3,966): error TS1005: ';' expected.
src/pages/CMTFactoryManagement.tsx(3,1121): error TS1005: ';' expected.
src/pages/CMTFactoryManagement.tsx(3,1130): error TS1005: ';' expected.
src/pages/CMTFactoryManagement.tsx(3,1191): error TS1005: ';' expected.
src/pages/CMTFactoryManagement.tsx(3,1200): error TS1005: ';' expected.
src/pages/CMTFactoryManagement.tsx(3,1275): error TS1005: ';' expected.
src/pages/CMTFactoryManagement.tsx(3,1297): error TS1005: ';' expected.
src/pages/CMTFactoryManagement.tsx(3,1309): error TS1005: ';' expected.
src/pages/CMTFactoryManagement.tsx(3,1313): error TS1005: ';' expected.
src/pages/CMTFactoryManagement.tsx(3,1402): error TS1005: ';' expected.
src/pages/CMTFactoryManagement.tsx(3,1406): error TS1005: ';' expected.
src/pages/CMTFactoryManagement.tsx(3,1413): error TS1434: Unexpected keyword or identifier.
src/pages/CMTFactoryManagement.tsx(3,1429): error TS1005: ';' expected.
src/pages/CMTFactoryManagement.tsx(3,1443): error TS1005: ';' expected.
src/pages/CMTFactoryManagement.tsx(3,1461): error TS1005: ';' expected.
src/pages/CMTFactoryManagement.tsx(3,1476): error TS1005: ';' expected.
src/pages/CMTFactoryManagement.tsx(3,1527): error TS1005: ';' expected.
src/pages/CMTFactoryManagement.tsx(3,1533): error TS1005: ';' expected.
src/pages/CMTFactoryManagement.tsx(3,1549): error TS1005: ';' expected.
src/pages/CMTFactoryManagement.tsx(3,1562): error TS1005: ';' expected.
src/pages/CMTFactoryManagement.tsx(3,1595): error TS1005: ';' expected.
src/pages/CMTFactoryManagement.tsx(3,1603): error TS1005: ';' expected.
src/pages/CMTFactoryManagement.tsx(3,1624): error TS1005: ';' expected.
src/pages/CMTFactoryManagement.tsx(3,1725): error TS1005: ';' expected.
src/pages/CMTFactoryManagement.tsx(3,1739): error TS1005: ';' expected.
src/pages/CMTFactoryManagement.tsx(3,1751): error TS1005: ';' expected.
src/pages/CMTFactoryManagement.tsx(3,1774): error TS1005: ';' expected.
src/pages/CMTFactoryManagement.tsx(3,1781): error TS1005: ';' expected.
src/pages/CMTFactoryManagement.tsx(3,1851): error TS1002: Unterminated string literal.
src/pages/CMTFactoryManagement.tsx(4,3): error TS1128: Declaration or statement expected.
src/pages/CognitiveServices.tsx(14,83): error TS1003: Identifier expected.
src/pages/CognitiveServices.tsx(14,126): error TS1002: Unterminated string literal.
src/pages/CognitiveServices.tsx(15,12): error TS1005: ';' expected.
src/pages/CognitiveServices.tsx(16,9): error TS2657: JSX expressions must have one parent element.
src/pages/CognitiveServices.tsx(20,7): error TS1128: Declaration or statement expected.
src/pages/CognitiveServices.tsx(22,5): error TS1128: Declaration or statement expected.
src/pages/CognitiveServices.tsx(23,3): error TS1109: Expression expected.
src/pages/CollaborationTools.tsx(8,49): error TS1003: Identifier expected.
src/pages/CollaborationTools.tsx(8,94): error TS1002: Unterminated string literal.
src/pages/CollaborationTools.tsx(9,7): error TS1128: Declaration or statement expected.
src/pages/CollaborationTools.tsx(23,5): error TS1128: Declaration or statement expected.
src/pages/CollaborationTools.tsx(24,3): error TS1109: Expression expected.
src/pages/CommunicationCenter.tsx(49,82): error TS17002: Expected corresponding JSX closing tag for 'StandardPage'.
src/pages/CommunicationCenter.tsx(50,7): error TS1005: ')' expected.
src/pages/CommunicationCenter.tsx(52,7): error TS2657: JSX expressions must have one parent element.
src/pages/CommunicationCenter.tsx(131,5): error TS1128: Declaration or statement expected.
src/pages/CommunicationCenter.tsx(132,3): error TS1109: Expression expected.
src/pages/CompensationManagement.tsx(40,49): error TS1003: Identifier expected.
src/pages/CompensationManagement.tsx(40,92): error TS1002: Unterminated string literal.
src/pages/CompensationManagement.tsx(41,7): error TS1128: Declaration or statement expected.
src/pages/CompensationManagement.tsx(43,7): error TS2657: JSX expressions must have one parent element.
src/pages/CompensationManagement.tsx(78,5): error TS1128: Declaration or statement expected.
src/pages/CompensationManagement.tsx(79,3): error TS1109: Expression expected.
src/pages/CompetitorAnalysis.tsx(8,49): error TS1003: Identifier expected.
src/pages/CompetitorAnalysis.tsx(8,99): error TS1002: Unterminated string literal.
src/pages/CompetitorAnalysis.tsx(9,7): error TS1128: Declaration or statement expected.
src/pages/CompetitorAnalysis.tsx(23,5): error TS1128: Declaration or statement expected.
src/pages/CompetitorAnalysis.tsx(24,3): error TS1109: Expression expected.
src/pages/compliance/WHTRemittance.tsx(327,5): error TS1128: Declaration or statement expected.
src/pages/ComplianceAudit.tsx(3,92): error TS1003: Identifier expected.
src/pages/ComplianceAudit.tsx(3,217): error TS1005: ';' expected.
src/pages/ComplianceAudit.tsx(3,234): error TS1005: ';' expected.
src/pages/ComplianceAudit.tsx(3,239): error TS1005: ';' expected.
src/pages/ComplianceAudit.tsx(3,259): error TS1005: ';' expected.
src/pages/ComplianceAudit.tsx(3,262): error TS1005: ';' expected.
src/pages/ComplianceAudit.tsx(3,288): error TS1005: ';' expected.
src/pages/ComplianceAudit.tsx(3,292): error TS1005: ';' expected.
src/pages/ComplianceAudit.tsx(3,308): error TS1005: ';' expected.
src/pages/ComplianceAudit.tsx(3,316): error TS1005: ';' expected.
src/pages/ComplianceAudit.tsx(3,337): error TS1005: ';' expected.
src/pages/ComplianceAudit.tsx(3,364): error TS1005: ';' expected.
src/pages/ComplianceAudit.tsx(3,370): error TS1351: An identifier or keyword cannot immediately follow a numeric literal.
src/pages/ComplianceAudit.tsx(3,382): error TS1005: ';' expected.
src/pages/ComplianceAudit.tsx(3,446): error TS1005: ';' expected.
src/pages/ComplianceAudit.tsx(3,449): error TS1005: ';' expected.
src/pages/ComplianceAudit.tsx(3,475): error TS1005: ';' expected.
src/pages/ComplianceAudit.tsx(3,479): error TS1005: ';' expected.
src/pages/ComplianceAudit.tsx(3,495): error TS1005: ';' expected.
src/pages/ComplianceAudit.tsx(3,503): error TS1005: ';' expected.
src/pages/ComplianceAudit.tsx(3,524): error TS1005: ';' expected.
src/pages/ComplianceAudit.tsx(3,556): error TS1005: ';' expected.
src/pages/ComplianceAudit.tsx(3,562): error TS1351: An identifier or keyword cannot immediately follow a numeric literal.
src/pages/ComplianceAudit.tsx(3,575): error TS1005: ';' expected.
src/pages/ComplianceAudit.tsx(3,589): error TS1005: ';' expected.
src/pages/ComplianceAudit.tsx(3,643): error TS1005: ';' expected.
src/pages/ComplianceAudit.tsx(3,646): error TS1005: ';' expected.
src/pages/ComplianceAudit.tsx(3,672): error TS1005: ';' expected.
src/pages/ComplianceAudit.tsx(3,676): error TS1005: ';' expected.
src/pages/ComplianceAudit.tsx(3,692): error TS1005: ';' expected.
src/pages/ComplianceAudit.tsx(3,700): error TS1005: ';' expected.
src/pages/ComplianceAudit.tsx(3,721): error TS1005: ';' expected.
src/pages/ComplianceAudit.tsx(3,750): error TS1005: ';' expected.
src/pages/ComplianceAudit.tsx(3,756): error TS1351: An identifier or keyword cannot immediately follow a numeric literal.
src/pages/ComplianceAudit.tsx(3,769): error TS1005: ';' expected.
src/pages/ComplianceAudit.tsx(3,782): error TS1005: ';' expected.
src/pages/ComplianceAudit.tsx(3,838): error TS1005: ';' expected.
src/pages/ComplianceAudit.tsx(3,841): error TS1005: ';' expected.
src/pages/ComplianceAudit.tsx(3,867): error TS1005: ';' expected.
src/pages/ComplianceAudit.tsx(3,871): error TS1005: ';' expected.
src/pages/ComplianceAudit.tsx(3,887): error TS1005: ';' expected.
src/pages/ComplianceAudit.tsx(3,895): error TS1005: ';' expected.
src/pages/ComplianceAudit.tsx(3,916): error TS1005: ';' expected.
src/pages/ComplianceAudit.tsx(3,948): error TS1005: ';' expected.
src/pages/ComplianceAudit.tsx(3,954): error TS1351: An identifier or keyword cannot immediately follow a numeric literal.
src/pages/ComplianceAudit.tsx(3,966): error TS1005: ';' expected.
src/pages/ComplianceAudit.tsx(3,1123): error TS1005: ';' expected.
src/pages/ComplianceAudit.tsx(3,1132): error TS1005: ';' expected.
src/pages/ComplianceAudit.tsx(3,1202): error TS1005: ';' expected.
src/pages/ComplianceAudit.tsx(3,1211): error TS1005: ';' expected.
src/pages/ComplianceAudit.tsx(3,1287): error TS1005: ';' expected.
src/pages/ComplianceAudit.tsx(3,1309): error TS1005: ';' expected.
src/pages/ComplianceAudit.tsx(3,1321): error TS1005: ';' expected.
src/pages/ComplianceAudit.tsx(3,1325): error TS1005: ';' expected.
src/pages/ComplianceAudit.tsx(3,1413): error TS1005: ';' expected.
src/pages/ComplianceAudit.tsx(3,1417): error TS1005: ';' expected.
src/pages/ComplianceAudit.tsx(3,1424): error TS1434: Unexpected keyword or identifier.
src/pages/ComplianceAudit.tsx(3,1440): error TS1005: ';' expected.
src/pages/ComplianceAudit.tsx(3,1454): error TS1005: ';' expected.
src/pages/ComplianceAudit.tsx(3,1472): error TS1005: ';' expected.
src/pages/ComplianceAudit.tsx(3,1487): error TS1005: ';' expected.
src/pages/ComplianceAudit.tsx(3,1535): error TS1005: ';' expected.
src/pages/ComplianceAudit.tsx(3,1541): error TS1005: ';' expected.
src/pages/ComplianceAudit.tsx(3,1557): error TS1005: ';' expected.
src/pages/ComplianceAudit.tsx(3,1570): error TS1005: ';' expected.
src/pages/ComplianceAudit.tsx(3,1604): error TS1005: ';' expected.
src/pages/ComplianceAudit.tsx(3,1612): error TS1005: ';' expected.
src/pages/ComplianceAudit.tsx(3,1633): error TS1005: ';' expected.
src/pages/ComplianceAudit.tsx(3,1694): error TS1005: ';' expected.
src/pages/ComplianceAudit.tsx(3,1708): error TS1005: ';' expected.
src/pages/ComplianceAudit.tsx(3,1720): error TS1005: ';' expected.
src/pages/ComplianceAudit.tsx(3,1743): error TS1005: ';' expected.
src/pages/ComplianceAudit.tsx(3,1750): error TS1005: ';' expected.
src/pages/ComplianceAudit.tsx(3,1820): error TS1002: Unterminated string literal.
src/pages/ComplianceAudit.tsx(4,3): error TS1128: Declaration or statement expected.
src/pages/ComplianceDashboard.tsx(68,49): error TS1003: Identifier expected.
src/pages/ComplianceDashboard.tsx(68,109): error TS1002: Unterminated string literal.
src/pages/ComplianceDashboard.tsx(69,7): error TS1128: Declaration or statement expected.
src/pages/ComplianceDashboard.tsx(72,12): error TS1005: ';' expected.
src/pages/ComplianceDashboard.tsx(73,9): error TS2657: JSX expressions must have one parent element.
src/pages/ComplianceDashboard.tsx(107,7): error TS1128: Declaration or statement expected.
src/pages/ComplianceDashboard.tsx(111,9): error TS2657: JSX expressions must have one parent element.
src/pages/ComplianceDashboard.tsx(138,7): error TS1128: Declaration or statement expected.
src/pages/ComplianceDashboard.tsx(169,5): error TS1128: Declaration or statement expected.
src/pages/ComplianceDashboard.tsx(170,3): error TS1109: Expression expected.
src/pages/ComplianceQuality.tsx(3,90): error TS1003: Identifier expected.
src/pages/ComplianceQuality.tsx(3,200): error TS1005: ';' expected.
src/pages/ComplianceQuality.tsx(3,217): error TS1005: ';' expected.
src/pages/ComplianceQuality.tsx(3,222): error TS1005: ';' expected.
src/pages/ComplianceQuality.tsx(3,242): error TS1005: ';' expected.
src/pages/ComplianceQuality.tsx(3,245): error TS1005: ';' expected.
src/pages/ComplianceQuality.tsx(3,271): error TS1005: ';' expected.
src/pages/ComplianceQuality.tsx(3,275): error TS1005: ';' expected.
src/pages/ComplianceQuality.tsx(3,291): error TS1005: ';' expected.
src/pages/ComplianceQuality.tsx(3,299): error TS1005: ';' expected.
src/pages/ComplianceQuality.tsx(3,320): error TS1005: ';' expected.
src/pages/ComplianceQuality.tsx(3,347): error TS1005: ';' expected.
src/pages/ComplianceQuality.tsx(3,353): error TS1351: An identifier or keyword cannot immediately follow a numeric literal.
src/pages/ComplianceQuality.tsx(3,365): error TS1005: ';' expected.
src/pages/ComplianceQuality.tsx(3,429): error TS1005: ';' expected.
src/pages/ComplianceQuality.tsx(3,432): error TS1005: ';' expected.
src/pages/ComplianceQuality.tsx(3,458): error TS1005: ';' expected.
src/pages/ComplianceQuality.tsx(3,462): error TS1005: ';' expected.
src/pages/ComplianceQuality.tsx(3,478): error TS1005: ';' expected.
src/pages/ComplianceQuality.tsx(3,486): error TS1005: ';' expected.
src/pages/ComplianceQuality.tsx(3,507): error TS1005: ';' expected.
src/pages/ComplianceQuality.tsx(3,536): error TS1005: ';' expected.
src/pages/ComplianceQuality.tsx(3,542): error TS1351: An identifier or keyword cannot immediately follow a numeric literal.
src/pages/ComplianceQuality.tsx(3,555): error TS1005: ';' expected.
src/pages/ComplianceQuality.tsx(3,569): error TS1005: ';' expected.
src/pages/ComplianceQuality.tsx(3,625): error TS1005: ';' expected.
src/pages/ComplianceQuality.tsx(3,628): error TS1005: ';' expected.
src/pages/ComplianceQuality.tsx(3,654): error TS1005: ';' expected.
src/pages/ComplianceQuality.tsx(3,658): error TS1005: ';' expected.
src/pages/ComplianceQuality.tsx(3,674): error TS1005: ';' expected.
src/pages/ComplianceQuality.tsx(3,682): error TS1005: ';' expected.
src/pages/ComplianceQuality.tsx(3,703): error TS1005: ';' expected.
src/pages/ComplianceQuality.tsx(3,732): error TS1005: ';' expected.
src/pages/ComplianceQuality.tsx(3,738): error TS1351: An identifier or keyword cannot immediately follow a numeric literal.
src/pages/ComplianceQuality.tsx(3,751): error TS1005: ';' expected.
src/pages/ComplianceQuality.tsx(3,766): error TS1005: ';' expected.
src/pages/ComplianceQuality.tsx(3,821): error TS1005: ';' expected.
src/pages/ComplianceQuality.tsx(3,824): error TS1005: ';' expected.
src/pages/ComplianceQuality.tsx(3,850): error TS1005: ';' expected.
src/pages/ComplianceQuality.tsx(3,854): error TS1005: ';' expected.
src/pages/ComplianceQuality.tsx(3,870): error TS1005: ';' expected.
src/pages/ComplianceQuality.tsx(3,878): error TS1005: ';' expected.
src/pages/ComplianceQuality.tsx(3,899): error TS1005: ';' expected.
src/pages/ComplianceQuality.tsx(3,931): error TS1005: ';' expected.
src/pages/ComplianceQuality.tsx(3,937): error TS1351: An identifier or keyword cannot immediately follow a numeric literal.
src/pages/ComplianceQuality.tsx(3,949): error TS1005: ';' expected.
src/pages/ComplianceQuality.tsx(3,1106): error TS1005: ';' expected.
src/pages/ComplianceQuality.tsx(3,1115): error TS1005: ';' expected.
src/pages/ComplianceQuality.tsx(3,1180): error TS1005: ';' expected.
src/pages/ComplianceQuality.tsx(3,1189): error TS1005: ';' expected.
src/pages/ComplianceQuality.tsx(3,1265): error TS1005: ';' expected.
src/pages/ComplianceQuality.tsx(3,1287): error TS1005: ';' expected.
src/pages/ComplianceQuality.tsx(3,1299): error TS1005: ';' expected.
src/pages/ComplianceQuality.tsx(3,1303): error TS1005: ';' expected.
src/pages/ComplianceQuality.tsx(3,1391): error TS1005: ';' expected.
src/pages/ComplianceQuality.tsx(3,1395): error TS1005: ';' expected.
src/pages/ComplianceQuality.tsx(3,1402): error TS1434: Unexpected keyword or identifier.
src/pages/ComplianceQuality.tsx(3,1418): error TS1005: ';' expected.
src/pages/ComplianceQuality.tsx(3,1432): error TS1005: ';' expected.
src/pages/ComplianceQuality.tsx(3,1450): error TS1005: ';' expected.
src/pages/ComplianceQuality.tsx(3,1465): error TS1005: ';' expected.
src/pages/ComplianceQuality.tsx(3,1513): error TS1005: ';' expected.
src/pages/ComplianceQuality.tsx(3,1519): error TS1005: ';' expected.
src/pages/ComplianceQuality.tsx(3,1535): error TS1005: ';' expected.
src/pages/ComplianceQuality.tsx(3,1548): error TS1005: ';' expected.
src/pages/ComplianceQuality.tsx(3,1579): error TS1005: ';' expected.
src/pages/ComplianceQuality.tsx(3,1587): error TS1005: ';' expected.
src/pages/ComplianceQuality.tsx(3,1608): error TS1005: ';' expected.
src/pages/ComplianceQuality.tsx(3,1669): error TS1005: ';' expected.
src/pages/ComplianceQuality.tsx(3,1683): error TS1005: ';' expected.
src/pages/ComplianceQuality.tsx(3,1695): error TS1005: ';' expected.
src/pages/ComplianceQuality.tsx(3,1718): error TS1005: ';' expected.
src/pages/ComplianceQuality.tsx(3,1725): error TS1005: ';' expected.
src/pages/ComplianceQuality.tsx(3,1795): error TS1002: Unterminated string literal.
src/pages/ComplianceQuality.tsx(4,3): error TS1128: Declaration or statement expected.
src/pages/ComplianceReporting.tsx(3,81): error TS1003: Identifier expected.
src/pages/ComplianceReporting.tsx(3,152): error TS1005: ';' expected.
src/pages/ComplianceReporting.tsx(3,169): error TS1005: ';' expected.
src/pages/ComplianceReporting.tsx(3,174): error TS1005: ';' expected.
src/pages/ComplianceReporting.tsx(3,194): error TS1005: ';' expected.
src/pages/ComplianceReporting.tsx(3,197): error TS1005: ';' expected.
src/pages/ComplianceReporting.tsx(3,223): error TS1005: ';' expected.
src/pages/ComplianceReporting.tsx(3,227): error TS1005: ';' expected.
src/pages/ComplianceReporting.tsx(3,243): error TS1005: ';' expected.
src/pages/ComplianceReporting.tsx(3,251): error TS1005: ';' expected.
src/pages/ComplianceReporting.tsx(3,272): error TS1005: ';' expected.
src/pages/ComplianceReporting.tsx(3,303): error TS1005: ';' expected.
src/pages/ComplianceReporting.tsx(3,309): error TS1351: An identifier or keyword cannot immediately follow a numeric literal.
src/pages/ComplianceReporting.tsx(3,321): error TS1005: ';' expected.
src/pages/ComplianceReporting.tsx(3,386): error TS1005: ';' expected.
src/pages/ComplianceReporting.tsx(3,389): error TS1005: ';' expected.
src/pages/ComplianceReporting.tsx(3,415): error TS1005: ';' expected.
src/pages/ComplianceReporting.tsx(3,419): error TS1005: ';' expected.
src/pages/ComplianceReporting.tsx(3,435): error TS1005: ';' expected.
src/pages/ComplianceReporting.tsx(3,443): error TS1005: ';' expected.
src/pages/ComplianceReporting.tsx(3,464): error TS1005: ';' expected.
src/pages/ComplianceReporting.tsx(3,493): error TS1005: ';' expected.
src/pages/ComplianceReporting.tsx(3,499): error TS1351: An identifier or keyword cannot immediately follow a numeric literal.
src/pages/ComplianceReporting.tsx(3,512): error TS1005: ';' expected.
src/pages/ComplianceReporting.tsx(3,526): error TS1005: ';' expected.
src/pages/ComplianceReporting.tsx(3,582): error TS1005: ';' expected.
src/pages/ComplianceReporting.tsx(3,585): error TS1005: ';' expected.
src/pages/ComplianceReporting.tsx(3,611): error TS1005: ';' expected.
src/pages/ComplianceReporting.tsx(3,615): error TS1005: ';' expected.
src/pages/ComplianceReporting.tsx(3,631): error TS1005: ';' expected.
src/pages/ComplianceReporting.tsx(3,639): error TS1005: ';' expected.
src/pages/ComplianceReporting.tsx(3,660): error TS1005: ';' expected.
src/pages/ComplianceReporting.tsx(3,687): error TS1005: ';' expected.
src/pages/ComplianceReporting.tsx(3,693): error TS1351: An identifier or keyword cannot immediately follow a numeric literal.
src/pages/ComplianceReporting.tsx(3,706): error TS1005: ';' expected.
src/pages/ComplianceReporting.tsx(3,721): error TS1005: ';' expected.
src/pages/ComplianceReporting.tsx(3,769): error TS1005: ';' expected.
src/pages/ComplianceReporting.tsx(3,776): error TS1005: ';' expected.
src/pages/ComplianceReporting.tsx(3,829): error TS1005: ';' expected.
src/pages/ComplianceReporting.tsx(3,832): error TS1005: ';' expected.
src/pages/ComplianceReporting.tsx(3,858): error TS1005: ';' expected.
src/pages/ComplianceReporting.tsx(3,862): error TS1005: ';' expected.
src/pages/ComplianceReporting.tsx(3,878): error TS1005: ';' expected.
src/pages/ComplianceReporting.tsx(3,886): error TS1005: ';' expected.
src/pages/ComplianceReporting.tsx(3,907): error TS1005: ';' expected.
src/pages/ComplianceReporting.tsx(3,939): error TS1005: ';' expected.
src/pages/ComplianceReporting.tsx(3,945): error TS1351: An identifier or keyword cannot immediately follow a numeric literal.
src/pages/ComplianceReporting.tsx(3,957): error TS1005: ';' expected.
src/pages/ComplianceReporting.tsx(3,1115): error TS1005: ';' expected.
src/pages/ComplianceReporting.tsx(3,1124): error TS1005: ';' expected.
src/pages/ComplianceReporting.tsx(3,1186): error TS1005: ';' expected.
src/pages/ComplianceReporting.tsx(3,1195): error TS1005: ';' expected.
src/pages/ComplianceReporting.tsx(3,1271): error TS1005: ';' expected.
src/pages/ComplianceReporting.tsx(3,1293): error TS1005: ';' expected.
src/pages/ComplianceReporting.tsx(3,1305): error TS1005: ';' expected.
src/pages/ComplianceReporting.tsx(3,1309): error TS1005: ';' expected.
src/pages/ComplianceReporting.tsx(3,1401): error TS1005: ';' expected.
src/pages/ComplianceReporting.tsx(3,1405): error TS1005: ';' expected.
src/pages/ComplianceReporting.tsx(3,1412): error TS1434: Unexpected keyword or identifier.
src/pages/ComplianceReporting.tsx(3,1428): error TS1005: ';' expected.
src/pages/ComplianceReporting.tsx(3,1442): error TS1005: ';' expected.
src/pages/ComplianceReporting.tsx(3,1460): error TS1005: ';' expected.
src/pages/ComplianceReporting.tsx(3,1475): error TS1005: ';' expected.
src/pages/ComplianceReporting.tsx(3,1521): error TS1005: ';' expected.
src/pages/ComplianceReporting.tsx(3,1527): error TS1005: ';' expected.
src/pages/ComplianceReporting.tsx(3,1543): error TS1005: ';' expected.
src/pages/ComplianceReporting.tsx(3,1556): error TS1005: ';' expected.
src/pages/ComplianceReporting.tsx(3,1592): error TS1005: ';' expected.
src/pages/ComplianceReporting.tsx(3,1600): error TS1005: ';' expected.
src/pages/ComplianceReporting.tsx(3,1621): error TS1005: ';' expected.
src/pages/ComplianceReporting.tsx(3,1679): error TS1005: ';' expected.
src/pages/ComplianceReporting.tsx(3,1693): error TS1005: ';' expected.
src/pages/ComplianceReporting.tsx(3,1705): error TS1005: ';' expected.
src/pages/ComplianceReporting.tsx(3,1730): error TS1005: ';' expected.
src/pages/ComplianceReporting.tsx(3,1737): error TS1005: ';' expected.
src/pages/ComplianceReporting.tsx(3,1803): error TS1002: Unterminated string literal.
src/pages/ComplianceReporting.tsx(4,3): error TS1128: Declaration or statement expected.
src/pages/ComplianceReports.tsx(41,49): error TS1003: Identifier expected.
src/pages/ComplianceReports.tsx(41,97): error TS1002: Unterminated string literal.
src/pages/ComplianceReports.tsx(42,7): error TS1128: Declaration or statement expected.
src/pages/ComplianceReports.tsx(44,7): error TS2657: JSX expressions must have one parent element.
src/pages/ComplianceReports.tsx(89,5): error TS1128: Declaration or statement expected.
src/pages/ComplianceReports.tsx(90,3): error TS1109: Expression expected.
src/pages/ComplianceTax.tsx(3,74): error TS1003: Identifier expected.
src/pages/ComplianceTax.tsx(3,188): error TS1005: ';' expected.
src/pages/ComplianceTax.tsx(3,205): error TS1005: ';' expected.
src/pages/ComplianceTax.tsx(3,210): error TS1005: ';' expected.
src/pages/ComplianceTax.tsx(3,230): error TS1005: ';' expected.
src/pages/ComplianceTax.tsx(3,233): error TS1005: ';' expected.
src/pages/ComplianceTax.tsx(3,259): error TS1005: ';' expected.
src/pages/ComplianceTax.tsx(3,263): error TS1005: ';' expected.
src/pages/ComplianceTax.tsx(3,279): error TS1005: ';' expected.
src/pages/ComplianceTax.tsx(3,287): error TS1005: ';' expected.
src/pages/ComplianceTax.tsx(3,308): error TS1005: ';' expected.
src/pages/ComplianceTax.tsx(3,335): error TS1005: ';' expected.
src/pages/ComplianceTax.tsx(3,341): error TS1351: An identifier or keyword cannot immediately follow a numeric literal.
src/pages/ComplianceTax.tsx(3,353): error TS1005: ';' expected.
src/pages/ComplianceTax.tsx(3,417): error TS1005: ';' expected.
src/pages/ComplianceTax.tsx(3,420): error TS1005: ';' expected.
src/pages/ComplianceTax.tsx(3,446): error TS1005: ';' expected.
src/pages/ComplianceTax.tsx(3,450): error TS1005: ';' expected.
src/pages/ComplianceTax.tsx(3,466): error TS1005: ';' expected.
src/pages/ComplianceTax.tsx(3,474): error TS1005: ';' expected.
src/pages/ComplianceTax.tsx(3,495): error TS1005: ';' expected.
src/pages/ComplianceTax.tsx(3,524): error TS1005: ';' expected.
src/pages/ComplianceTax.tsx(3,530): error TS1351: An identifier or keyword cannot immediately follow a numeric literal.
src/pages/ComplianceTax.tsx(3,543): error TS1005: ';' expected.
src/pages/ComplianceTax.tsx(3,557): error TS1005: ';' expected.
src/pages/ComplianceTax.tsx(3,613): error TS1005: ';' expected.
src/pages/ComplianceTax.tsx(3,616): error TS1005: ';' expected.
src/pages/ComplianceTax.tsx(3,642): error TS1005: ';' expected.
src/pages/ComplianceTax.tsx(3,646): error TS1005: ';' expected.
src/pages/ComplianceTax.tsx(3,662): error TS1005: ';' expected.
src/pages/ComplianceTax.tsx(3,670): error TS1005: ';' expected.
src/pages/ComplianceTax.tsx(3,691): error TS1005: ';' expected.
src/pages/ComplianceTax.tsx(3,718): error TS1005: ';' expected.
src/pages/ComplianceTax.tsx(3,724): error TS1351: An identifier or keyword cannot immediately follow a numeric literal.
src/pages/ComplianceTax.tsx(3,737): error TS1005: ';' expected.
src/pages/ComplianceTax.tsx(3,752): error TS1005: ';' expected.
src/pages/ComplianceTax.tsx(3,799): error TS1005: ';' expected.
src/pages/ComplianceTax.tsx(3,806): error TS1005: ';' expected.
src/pages/ComplianceTax.tsx(3,859): error TS1005: ';' expected.
src/pages/ComplianceTax.tsx(3,862): error TS1005: ';' expected.
src/pages/ComplianceTax.tsx(3,888): error TS1005: ';' expected.
src/pages/ComplianceTax.tsx(3,892): error TS1005: ';' expected.
src/pages/ComplianceTax.tsx(3,908): error TS1005: ';' expected.
src/pages/ComplianceTax.tsx(3,916): error TS1005: ';' expected.
src/pages/ComplianceTax.tsx(3,937): error TS1005: ';' expected.
src/pages/ComplianceTax.tsx(3,969): error TS1005: ';' expected.
src/pages/ComplianceTax.tsx(3,975): error TS1351: An identifier or keyword cannot immediately follow a numeric literal.
src/pages/ComplianceTax.tsx(3,987): error TS1005: ';' expected.
src/pages/ComplianceTax.tsx(3,1144): error TS1005: ';' expected.
src/pages/ComplianceTax.tsx(3,1153): error TS1005: ';' expected.
src/pages/ComplianceTax.tsx(3,1216): error TS1005: ';' expected.
src/pages/ComplianceTax.tsx(3,1225): error TS1005: ';' expected.
src/pages/ComplianceTax.tsx(3,1301): error TS1005: ';' expected.
src/pages/ComplianceTax.tsx(3,1323): error TS1005: ';' expected.
src/pages/ComplianceTax.tsx(3,1335): error TS1005: ';' expected.
src/pages/ComplianceTax.tsx(3,1339): error TS1005: ';' expected.
src/pages/ComplianceTax.tsx(3,1427): error TS1005: ';' expected.
src/pages/ComplianceTax.tsx(3,1431): error TS1005: ';' expected.
src/pages/ComplianceTax.tsx(3,1438): error TS1434: Unexpected keyword or identifier.
src/pages/ComplianceTax.tsx(3,1454): error TS1005: ';' expected.
src/pages/ComplianceTax.tsx(3,1468): error TS1005: ';' expected.
src/pages/ComplianceTax.tsx(3,1486): error TS1005: ';' expected.
src/pages/ComplianceTax.tsx(3,1501): error TS1005: ';' expected.
src/pages/ComplianceTax.tsx(3,1548): error TS1005: ';' expected.
src/pages/ComplianceTax.tsx(3,1554): error TS1005: ';' expected.
src/pages/ComplianceTax.tsx(3,1570): error TS1005: ';' expected.
src/pages/ComplianceTax.tsx(3,1583): error TS1005: ';' expected.
src/pages/ComplianceTax.tsx(3,1614): error TS1005: ';' expected.
src/pages/ComplianceTax.tsx(3,1622): error TS1005: ';' expected.
src/pages/ComplianceTax.tsx(3,1643): error TS1005: ';' expected.
src/pages/ComplianceTax.tsx(3,1696): error TS1005: ';' expected.
src/pages/ComplianceTax.tsx(3,1710): error TS1005: ';' expected.
src/pages/ComplianceTax.tsx(3,1722): error TS1005: ';' expected.
src/pages/ComplianceTax.tsx(3,1745): error TS1005: ';' expected.
src/pages/ComplianceTax.tsx(3,1752): error TS1005: ';' expected.
src/pages/ComplianceTax.tsx(3,1822): error TS1002: Unterminated string literal.
src/pages/ComplianceTax.tsx(4,3): error TS1128: Declaration or statement expected.
src/pages/ComplianceTelecom.tsx(3,81): error TS1003: Identifier expected.
src/pages/ComplianceTelecom.tsx(3,171): error TS1005: ';' expected.
src/pages/ComplianceTelecom.tsx(3,188): error TS1005: ';' expected.
src/pages/ComplianceTelecom.tsx(3,193): error TS1005: ';' expected.
src/pages/ComplianceTelecom.tsx(3,213): error TS1005: ';' expected.
src/pages/ComplianceTelecom.tsx(3,216): error TS1005: ';' expected.
src/pages/ComplianceTelecom.tsx(3,242): error TS1005: ';' expected.
src/pages/ComplianceTelecom.tsx(3,246): error TS1005: ';' expected.
src/pages/ComplianceTelecom.tsx(3,262): error TS1005: ';' expected.
src/pages/ComplianceTelecom.tsx(3,270): error TS1005: ';' expected.
src/pages/ComplianceTelecom.tsx(3,291): error TS1005: ';' expected.
src/pages/ComplianceTelecom.tsx(3,318): error TS1005: ';' expected.
src/pages/ComplianceTelecom.tsx(3,324): error TS1351: An identifier or keyword cannot immediately follow a numeric literal.
src/pages/ComplianceTelecom.tsx(3,336): error TS1005: ';' expected.
src/pages/ComplianceTelecom.tsx(3,400): error TS1005: ';' expected.
src/pages/ComplianceTelecom.tsx(3,403): error TS1005: ';' expected.
src/pages/ComplianceTelecom.tsx(3,429): error TS1005: ';' expected.
src/pages/ComplianceTelecom.tsx(3,433): error TS1005: ';' expected.
src/pages/ComplianceTelecom.tsx(3,449): error TS1005: ';' expected.
src/pages/ComplianceTelecom.tsx(3,457): error TS1005: ';' expected.
src/pages/ComplianceTelecom.tsx(3,478): error TS1005: ';' expected.
src/pages/ComplianceTelecom.tsx(3,507): error TS1005: ';' expected.
src/pages/ComplianceTelecom.tsx(3,513): error TS1351: An identifier or keyword cannot immediately follow a numeric literal.
src/pages/ComplianceTelecom.tsx(3,526): error TS1005: ';' expected.
src/pages/ComplianceTelecom.tsx(3,540): error TS1005: ';' expected.
src/pages/ComplianceTelecom.tsx(3,596): error TS1005: ';' expected.
src/pages/ComplianceTelecom.tsx(3,599): error TS1005: ';' expected.
src/pages/ComplianceTelecom.tsx(3,625): error TS1005: ';' expected.
src/pages/ComplianceTelecom.tsx(3,629): error TS1005: ';' expected.
src/pages/ComplianceTelecom.tsx(3,645): error TS1005: ';' expected.
src/pages/ComplianceTelecom.tsx(3,653): error TS1005: ';' expected.
src/pages/ComplianceTelecom.tsx(3,674): error TS1005: ';' expected.
src/pages/ComplianceTelecom.tsx(3,701): error TS1005: ';' expected.
src/pages/ComplianceTelecom.tsx(3,707): error TS1351: An identifier or keyword cannot immediately follow a numeric literal.
src/pages/ComplianceTelecom.tsx(3,720): error TS1005: ';' expected.
src/pages/ComplianceTelecom.tsx(3,735): error TS1005: ';' expected.
src/pages/ComplianceTelecom.tsx(3,782): error TS1005: ';' expected.
src/pages/ComplianceTelecom.tsx(3,789): error TS1005: ';' expected.
src/pages/ComplianceTelecom.tsx(3,842): error TS1005: ';' expected.
src/pages/ComplianceTelecom.tsx(3,845): error TS1005: ';' expected.
src/pages/ComplianceTelecom.tsx(3,871): error TS1005: ';' expected.
src/pages/ComplianceTelecom.tsx(3,875): error TS1005: ';' expected.
src/pages/ComplianceTelecom.tsx(3,891): error TS1005: ';' expected.
src/pages/ComplianceTelecom.tsx(3,899): error TS1005: ';' expected.
src/pages/ComplianceTelecom.tsx(3,920): error TS1005: ';' expected.
src/pages/ComplianceTelecom.tsx(3,952): error TS1005: ';' expected.
src/pages/ComplianceTelecom.tsx(3,958): error TS1351: An identifier or keyword cannot immediately follow a numeric literal.
src/pages/ComplianceTelecom.tsx(3,970): error TS1005: ';' expected.
src/pages/ComplianceTelecom.tsx(3,1127): error TS1005: ';' expected.
src/pages/ComplianceTelecom.tsx(3,1136): error TS1005: ';' expected.
src/pages/ComplianceTelecom.tsx(3,1195): error TS1005: ';' expected.
src/pages/ComplianceTelecom.tsx(3,1204): error TS1005: ';' expected.
src/pages/ComplianceTelecom.tsx(3,1280): error TS1005: ';' expected.
src/pages/ComplianceTelecom.tsx(3,1302): error TS1005: ';' expected.
src/pages/ComplianceTelecom.tsx(3,1314): error TS1005: ';' expected.
src/pages/ComplianceTelecom.tsx(3,1318): error TS1005: ';' expected.
src/pages/ComplianceTelecom.tsx(3,1403): error TS1005: ';' expected.
src/pages/ComplianceTelecom.tsx(3,1407): error TS1005: ';' expected.
src/pages/ComplianceTelecom.tsx(3,1414): error TS1434: Unexpected keyword or identifier.
src/pages/ComplianceTelecom.tsx(3,1430): error TS1005: ';' expected.
src/pages/ComplianceTelecom.tsx(3,1444): error TS1005: ';' expected.
src/pages/ComplianceTelecom.tsx(3,1462): error TS1005: ';' expected.
src/pages/ComplianceTelecom.tsx(3,1477): error TS1005: ';' expected.
src/pages/ComplianceTelecom.tsx(3,1525): error TS1005: ';' expected.
src/pages/ComplianceTelecom.tsx(3,1531): error TS1005: ';' expected.
src/pages/ComplianceTelecom.tsx(3,1547): error TS1005: ';' expected.
src/pages/ComplianceTelecom.tsx(3,1560): error TS1005: ';' expected.
src/pages/ComplianceTelecom.tsx(3,1592): error TS1005: ';' expected.
src/pages/ComplianceTelecom.tsx(3,1600): error TS1005: ';' expected.
src/pages/ComplianceTelecom.tsx(3,1621): error TS1005: ';' expected.
src/pages/ComplianceTelecom.tsx(3,1676): error TS1005: ';' expected.
src/pages/ComplianceTelecom.tsx(3,1690): error TS1005: ';' expected.
src/pages/ComplianceTelecom.tsx(3,1702): error TS1005: ';' expected.
src/pages/ComplianceTelecom.tsx(3,1725): error TS1005: ';' expected.
src/pages/ComplianceTelecom.tsx(3,1732): error TS1005: ';' expected.
src/pages/ComplianceTelecom.tsx(3,1802): error TS1002: Unterminated string literal.
src/pages/ComplianceTelecom.tsx(4,3): error TS1128: Declaration or statement expected.
src/pages/ConsolidationEngine.tsx(65,52): error TS1003: Identifier expected.
src/pages/ConsolidationEngine.tsx(65,101): error TS1002: Unterminated string literal.
src/pages/ConsolidationEngine.tsx(66,7): error TS1128: Declaration or statement expected.
src/pages/ConsolidationEngine.tsx(68,7): error TS2657: JSX expressions must have one parent element.
src/pages/ConsolidationEngine.tsx(120,5): error TS1128: Declaration or statement expected.
src/pages/ConsolidationEngine.tsx(121,3): error TS1109: Expression expected.
src/pages/ContactDirectory.tsx(20,5): error TS2657: JSX expressions must have one parent element.
src/pages/ContactDirectory.tsx(25,56): error TS1005: '}' expected.
src/pages/ContactDirectory.tsx(25,134): error TS17002: Expected corresponding JSX closing tag for 'Breadcrumb'.
src/pages/ContactDirectory.tsx(26,11): error TS17002: Expected corresponding JSX closing tag for 'StandardPage'.
src/pages/ContactDirectory.tsx(28,7): error TS1005: ')' expected.
src/pages/ContactDirectory.tsx(30,7): error TS2657: JSX expressions must have one parent element.
src/pages/ContactDirectory.tsx(53,5): error TS1128: Declaration or statement expected.
src/pages/ContactDirectory.tsx(54,3): error TS1109: Expression expected.
src/pages/ContactsDetail.tsx(438,11): error TS17002: Expected corresponding JSX closing tag for 'div'.
src/pages/ContentManagement.tsx(15,44): error TS1003: Identifier expected.
src/pages/ContentManagement.tsx(15,82): error TS1002: Unterminated string literal.
src/pages/ContentManagement.tsx(16,7): error TS1128: Declaration or statement expected.
src/pages/ContentManagement.tsx(17,7): error TS2657: JSX expressions must have one parent element.
src/pages/ContentManagement.tsx(23,5): error TS1128: Declaration or statement expected.
src/pages/ContentManagement.tsx(24,3): error TS1109: Expression expected.
src/pages/ContentMedia.tsx(3,74): error TS1003: Identifier expected.
src/pages/ContentMedia.tsx(3,155): error TS1005: ';' expected.
src/pages/ContentMedia.tsx(3,172): error TS1005: ';' expected.
src/pages/ContentMedia.tsx(3,177): error TS1005: ';' expected.
src/pages/ContentMedia.tsx(3,197): error TS1005: ';' expected.
src/pages/ContentMedia.tsx(3,200): error TS1005: ';' expected.
src/pages/ContentMedia.tsx(3,226): error TS1005: ';' expected.
src/pages/ContentMedia.tsx(3,230): error TS1005: ';' expected.
src/pages/ContentMedia.tsx(3,246): error TS1005: ';' expected.
src/pages/ContentMedia.tsx(3,254): error TS1005: ';' expected.
src/pages/ContentMedia.tsx(3,275): error TS1005: ';' expected.
src/pages/ContentMedia.tsx(3,302): error TS1005: ';' expected.
src/pages/ContentMedia.tsx(3,308): error TS1351: An identifier or keyword cannot immediately follow a numeric literal.
src/pages/ContentMedia.tsx(3,320): error TS1005: ';' expected.
src/pages/ContentMedia.tsx(3,381): error TS1005: ';' expected.
src/pages/ContentMedia.tsx(3,384): error TS1005: ';' expected.
src/pages/ContentMedia.tsx(3,410): error TS1005: ';' expected.
src/pages/ContentMedia.tsx(3,414): error TS1005: ';' expected.
src/pages/ContentMedia.tsx(3,430): error TS1005: ';' expected.
src/pages/ContentMedia.tsx(3,438): error TS1005: ';' expected.
src/pages/ContentMedia.tsx(3,459): error TS1005: ';' expected.
src/pages/ContentMedia.tsx(3,487): error TS1005: ';' expected.
src/pages/ContentMedia.tsx(3,493): error TS1351: An identifier or keyword cannot immediately follow a numeric literal.
src/pages/ContentMedia.tsx(3,506): error TS1005: ';' expected.
src/pages/ContentMedia.tsx(3,520): error TS1005: ';' expected.
src/pages/ContentMedia.tsx(3,575): error TS1005: ';' expected.
src/pages/ContentMedia.tsx(3,578): error TS1005: ';' expected.
src/pages/ContentMedia.tsx(3,604): error TS1005: ';' expected.
src/pages/ContentMedia.tsx(3,608): error TS1005: ';' expected.
src/pages/ContentMedia.tsx(3,624): error TS1005: ';' expected.
src/pages/ContentMedia.tsx(3,632): error TS1005: ';' expected.
src/pages/ContentMedia.tsx(3,653): error TS1005: ';' expected.
src/pages/ContentMedia.tsx(3,678): error TS1005: ';' expected.
src/pages/ContentMedia.tsx(3,684): error TS1351: An identifier or keyword cannot immediately follow a numeric literal.
src/pages/ContentMedia.tsx(3,697): error TS1005: ';' expected.
src/pages/ContentMedia.tsx(3,710): error TS1005: ';' expected.
src/pages/ContentMedia.tsx(3,802): error TS1005: ';' expected.
src/pages/ContentMedia.tsx(3,805): error TS1005: ';' expected.
src/pages/ContentMedia.tsx(3,831): error TS1005: ';' expected.
src/pages/ContentMedia.tsx(3,835): error TS1005: ';' expected.
src/pages/ContentMedia.tsx(3,851): error TS1005: ';' expected.
src/pages/ContentMedia.tsx(3,859): error TS1005: ';' expected.
src/pages/ContentMedia.tsx(3,880): error TS1005: ';' expected.
src/pages/ContentMedia.tsx(3,910): error TS1005: ';' expected.
src/pages/ContentMedia.tsx(3,916): error TS1351: An identifier or keyword cannot immediately follow a numeric literal.
src/pages/ContentMedia.tsx(3,928): error TS1005: ';' expected.
src/pages/ContentMedia.tsx(3,1077): error TS1005: ';' expected.
src/pages/ContentMedia.tsx(3,1086): error TS1005: ';' expected.
src/pages/ContentMedia.tsx(3,1144): error TS1005: ';' expected.
src/pages/ContentMedia.tsx(3,1153): error TS1005: ';' expected.
src/pages/ContentMedia.tsx(3,1225): error TS1005: ';' expected.
src/pages/ContentMedia.tsx(3,1247): error TS1005: ';' expected.
src/pages/ContentMedia.tsx(3,1259): error TS1005: ';' expected.
src/pages/ContentMedia.tsx(3,1263): error TS1005: ';' expected.
src/pages/ContentMedia.tsx(3,1347): error TS1005: ';' expected.
src/pages/ContentMedia.tsx(3,1351): error TS1005: ';' expected.
src/pages/ContentMedia.tsx(3,1358): error TS1434: Unexpected keyword or identifier.
src/pages/ContentMedia.tsx(3,1374): error TS1005: ';' expected.
src/pages/ContentMedia.tsx(3,1388): error TS1005: ';' expected.
src/pages/ContentMedia.tsx(3,1406): error TS1005: ';' expected.
src/pages/ContentMedia.tsx(3,1421): error TS1005: ';' expected.
src/pages/ContentMedia.tsx(3,1468): error TS1005: ';' expected.
src/pages/ContentMedia.tsx(3,1474): error TS1005: ';' expected.
src/pages/ContentMedia.tsx(3,1490): error TS1005: ';' expected.
src/pages/ContentMedia.tsx(3,1503): error TS1005: ';' expected.
src/pages/ContentMedia.tsx(3,1532): error TS1005: ';' expected.
src/pages/ContentMedia.tsx(3,1540): error TS1005: ';' expected.
src/pages/ContentMedia.tsx(3,1561): error TS1005: ';' expected.
src/pages/ContentMedia.tsx(3,1611): error TS1005: ';' expected.
src/pages/ContentMedia.tsx(3,1623): error TS1005: ';' expected.
src/pages/ContentMedia.tsx(3,1646): error TS1005: ';' expected.
src/pages/ContentMedia.tsx(3,1653): error TS1005: ';' expected.
src/pages/ContentMedia.tsx(3,1670): error TS1005: ';' expected.
src/pages/ContentMedia.tsx(3,1683): error TS1005: ';' expected.
src/pages/ContentMedia.tsx(3,1683): error TS1434: Unexpected keyword or identifier.
src/pages/ContentMedia.tsx(3,1746): error TS1002: Unterminated string literal.
src/pages/ContentMedia.tsx(4,3): error TS1128: Declaration or statement expected.
src/pages/ContributorDashboard.tsx(141,4): error TS1003: Identifier expected.
src/pages/ContributorDashboard.tsx(143,11): error TS17002: Expected corresponding JSX closing tag for 'StandardPage'.
src/pages/ContributorDashboard.tsx(144,7): error TS1005: ')' expected.
src/pages/ContributorDashboard.tsx(146,16): error TS1005: ',' expected.
src/pages/ContributorDashboard.tsx(192,7): error TS2657: JSX expressions must have one parent element.
src/pages/ContributorDashboard.tsx(562,5): error TS1128: Declaration or statement expected.
src/pages/ContributorDashboard.tsx(563,3): error TS1109: Expression expected.
src/pages/ContributorDashboard.tsx(564,1): error TS1128: Declaration or statement expected.
src/pages/ContributorProfile.tsx(125,9): error TS17002: Expected corresponding JSX closing tag for 'StandardPage'.
src/pages/ContributorProfile.tsx(381,7): error TS17002: Expected corresponding JSX closing tag for 'div'.
src/pages/CostingMarginCPG.tsx(3,89): error TS1003: Identifier expected.
src/pages/CostingMarginCPG.tsx(3,212): error TS1005: ';' expected.
src/pages/CostingMarginCPG.tsx(3,229): error TS1005: ';' expected.
src/pages/CostingMarginCPG.tsx(3,234): error TS1005: ';' expected.
src/pages/CostingMarginCPG.tsx(3,254): error TS1005: ';' expected.
src/pages/CostingMarginCPG.tsx(3,257): error TS1005: ';' expected.
src/pages/CostingMarginCPG.tsx(3,283): error TS1005: ';' expected.
src/pages/CostingMarginCPG.tsx(3,287): error TS1005: ';' expected.
src/pages/CostingMarginCPG.tsx(3,303): error TS1005: ';' expected.
src/pages/CostingMarginCPG.tsx(3,311): error TS1005: ';' expected.
src/pages/CostingMarginCPG.tsx(3,332): error TS1005: ';' expected.
src/pages/CostingMarginCPG.tsx(3,363): error TS1005: ';' expected.
src/pages/CostingMarginCPG.tsx(3,369): error TS1351: An identifier or keyword cannot immediately follow a numeric literal.
src/pages/CostingMarginCPG.tsx(3,381): error TS1005: ';' expected.
src/pages/CostingMarginCPG.tsx(3,442): error TS1005: ';' expected.
src/pages/CostingMarginCPG.tsx(3,445): error TS1005: ';' expected.
src/pages/CostingMarginCPG.tsx(3,471): error TS1005: ';' expected.
src/pages/CostingMarginCPG.tsx(3,475): error TS1005: ';' expected.
src/pages/CostingMarginCPG.tsx(3,491): error TS1005: ';' expected.
src/pages/CostingMarginCPG.tsx(3,499): error TS1005: ';' expected.
src/pages/CostingMarginCPG.tsx(3,520): error TS1005: ';' expected.
src/pages/CostingMarginCPG.tsx(3,552): error TS1005: ';' expected.
src/pages/CostingMarginCPG.tsx(3,558): error TS1351: An identifier or keyword cannot immediately follow a numeric literal.
src/pages/CostingMarginCPG.tsx(3,571): error TS1005: ';' expected.
src/pages/CostingMarginCPG.tsx(3,585): error TS1005: ';' expected.
src/pages/CostingMarginCPG.tsx(3,642): error TS1005: ';' expected.
src/pages/CostingMarginCPG.tsx(3,645): error TS1005: ';' expected.
src/pages/CostingMarginCPG.tsx(3,671): error TS1005: ';' expected.
src/pages/CostingMarginCPG.tsx(3,675): error TS1005: ';' expected.
src/pages/CostingMarginCPG.tsx(3,691): error TS1005: ';' expected.
src/pages/CostingMarginCPG.tsx(3,699): error TS1005: ';' expected.
src/pages/CostingMarginCPG.tsx(3,720): error TS1005: ';' expected.
src/pages/CostingMarginCPG.tsx(3,753): error TS1005: ';' expected.
src/pages/CostingMarginCPG.tsx(3,759): error TS1351: An identifier or keyword cannot immediately follow a numeric literal.
src/pages/CostingMarginCPG.tsx(3,771): error TS1005: ';' expected.
src/pages/CostingMarginCPG.tsx(3,852): error TS1005: ';' expected.
src/pages/CostingMarginCPG.tsx(3,855): error TS1005: ';' expected.
src/pages/CostingMarginCPG.tsx(3,881): error TS1005: ';' expected.
src/pages/CostingMarginCPG.tsx(3,885): error TS1005: ';' expected.
src/pages/CostingMarginCPG.tsx(3,901): error TS1005: ';' expected.
src/pages/CostingMarginCPG.tsx(3,909): error TS1005: ';' expected.
src/pages/CostingMarginCPG.tsx(3,930): error TS1005: ';' expected.
src/pages/CostingMarginCPG.tsx(3,961): error TS1005: ';' expected.
src/pages/CostingMarginCPG.tsx(3,967): error TS1351: An identifier or keyword cannot immediately follow a numeric literal.
src/pages/CostingMarginCPG.tsx(3,979): error TS1005: ';' expected.
src/pages/CostingMarginCPG.tsx(3,1108): error TS1005: ';' expected.
src/pages/CostingMarginCPG.tsx(3,1117): error TS1005: ';' expected.
src/pages/CostingMarginCPG.tsx(3,1179): error TS1005: ';' expected.
src/pages/CostingMarginCPG.tsx(3,1188): error TS1005: ';' expected.
src/pages/CostingMarginCPG.tsx(3,1261): error TS1005: ';' expected.
src/pages/CostingMarginCPG.tsx(3,1283): error TS1005: ';' expected.
src/pages/CostingMarginCPG.tsx(3,1295): error TS1005: ';' expected.
src/pages/CostingMarginCPG.tsx(3,1299): error TS1005: ';' expected.
src/pages/CostingMarginCPG.tsx(3,1384): error TS1005: ';' expected.
src/pages/CostingMarginCPG.tsx(3,1388): error TS1005: ';' expected.
src/pages/CostingMarginCPG.tsx(3,1395): error TS1434: Unexpected keyword or identifier.
src/pages/CostingMarginCPG.tsx(3,1411): error TS1005: ';' expected.
src/pages/CostingMarginCPG.tsx(3,1425): error TS1005: ';' expected.
src/pages/CostingMarginCPG.tsx(3,1443): error TS1005: ';' expected.
src/pages/CostingMarginCPG.tsx(3,1458): error TS1005: ';' expected.
src/pages/CostingMarginCPG.tsx(3,1509): error TS1005: ';' expected.
src/pages/CostingMarginCPG.tsx(3,1515): error TS1005: ';' expected.
src/pages/CostingMarginCPG.tsx(3,1531): error TS1005: ';' expected.
src/pages/CostingMarginCPG.tsx(3,1544): error TS1005: ';' expected.
src/pages/CostingMarginCPG.tsx(3,1571): error TS1005: ';' expected.
src/pages/CostingMarginCPG.tsx(3,1579): error TS1005: ';' expected.
src/pages/CostingMarginCPG.tsx(3,1600): error TS1005: ';' expected.
src/pages/CostingMarginCPG.tsx(3,1679): error TS1005: ';' expected.
src/pages/CostingMarginCPG.tsx(3,1691): error TS1005: ';' expected.
src/pages/CostingMarginCPG.tsx(3,1714): error TS1005: ';' expected.
src/pages/CostingMarginCPG.tsx(3,1721): error TS1005: ';' expected.
src/pages/CostingMarginCPG.tsx(3,1799): error TS1002: Unterminated string literal.
src/pages/CostingMarginCPG.tsx(4,3): error TS1128: Declaration or statement expected.
src/pages/CostOptimization.tsx(7,25): error TS1005: ')' expected.
src/pages/CostOptimization.tsx(7,30): error TS1434: Unexpected keyword or identifier.
src/pages/CostOptimization.tsx(7,42): error TS1128: Declaration or statement expected.
src/pages/CostOptimization.tsx(7,135): error TS1005: ';' expected.
src/pages/CostOptimization.tsx(13,5): error TS1128: Declaration or statement expected.
src/pages/CostOptimization.tsx(14,3): error TS1109: Expression expected.
src/pages/CourseManagement.tsx(13,5): error TS2657: JSX expressions must have one parent element.
src/pages/CourseManagement.tsx(16,191): error TS17002: Expected corresponding JSX closing tag for 'StandardPage'.
src/pages/CourseManagement.tsx(24,5): error TS1005: ')' expected.
src/pages/CourseManagement.tsx(25,3): error TS1109: Expression expected.
src/pages/CPGAnalytics.tsx(3,77): error TS1003: Identifier expected.
src/pages/CPGAnalytics.tsx(3,209): error TS1005: ';' expected.
src/pages/CPGAnalytics.tsx(3,226): error TS1005: ';' expected.
src/pages/CPGAnalytics.tsx(3,231): error TS1005: ';' expected.
src/pages/CPGAnalytics.tsx(3,251): error TS1005: ';' expected.
src/pages/CPGAnalytics.tsx(3,254): error TS1005: ';' expected.
src/pages/CPGAnalytics.tsx(3,280): error TS1005: ';' expected.
src/pages/CPGAnalytics.tsx(3,284): error TS1005: ';' expected.
src/pages/CPGAnalytics.tsx(3,300): error TS1005: ';' expected.
src/pages/CPGAnalytics.tsx(3,308): error TS1005: ';' expected.
src/pages/CPGAnalytics.tsx(3,329): error TS1005: ';' expected.
src/pages/CPGAnalytics.tsx(3,353): error TS1005: ';' expected.
src/pages/CPGAnalytics.tsx(3,359): error TS1351: An identifier or keyword cannot immediately follow a numeric literal.
src/pages/CPGAnalytics.tsx(3,371): error TS1005: ';' expected.
src/pages/CPGAnalytics.tsx(3,434): error TS1005: ';' expected.
src/pages/CPGAnalytics.tsx(3,437): error TS1005: ';' expected.
src/pages/CPGAnalytics.tsx(3,463): error TS1005: ';' expected.
src/pages/CPGAnalytics.tsx(3,467): error TS1005: ';' expected.
src/pages/CPGAnalytics.tsx(3,483): error TS1005: ';' expected.
src/pages/CPGAnalytics.tsx(3,491): error TS1005: ';' expected.
src/pages/CPGAnalytics.tsx(3,512): error TS1005: ';' expected.
src/pages/CPGAnalytics.tsx(3,548): error TS1005: ';' expected.
src/pages/CPGAnalytics.tsx(3,554): error TS1351: An identifier or keyword cannot immediately follow a numeric literal.
src/pages/CPGAnalytics.tsx(3,567): error TS1005: ';' expected.
src/pages/CPGAnalytics.tsx(3,581): error TS1005: ';' expected.
src/pages/CPGAnalytics.tsx(3,640): error TS1005: ';' expected.
src/pages/CPGAnalytics.tsx(3,643): error TS1005: ';' expected.
src/pages/CPGAnalytics.tsx(3,669): error TS1005: ';' expected.
src/pages/CPGAnalytics.tsx(3,673): error TS1005: ';' expected.
src/pages/CPGAnalytics.tsx(3,689): error TS1005: ';' expected.
src/pages/CPGAnalytics.tsx(3,697): error TS1005: ';' expected.
src/pages/CPGAnalytics.tsx(3,718): error TS1005: ';' expected.
src/pages/CPGAnalytics.tsx(3,753): error TS1005: ';' expected.
src/pages/CPGAnalytics.tsx(3,759): error TS1351: An identifier or keyword cannot immediately follow a numeric literal.
src/pages/CPGAnalytics.tsx(3,772): error TS1005: ';' expected.
src/pages/CPGAnalytics.tsx(3,787): error TS1005: ';' expected.
src/pages/CPGAnalytics.tsx(3,848): error TS1005: ';' expected.
src/pages/CPGAnalytics.tsx(3,851): error TS1005: ';' expected.
src/pages/CPGAnalytics.tsx(3,877): error TS1005: ';' expected.
src/pages/CPGAnalytics.tsx(3,881): error TS1005: ';' expected.
src/pages/CPGAnalytics.tsx(3,897): error TS1005: ';' expected.
src/pages/CPGAnalytics.tsx(3,905): error TS1005: ';' expected.
src/pages/CPGAnalytics.tsx(3,926): error TS1005: ';' expected.
src/pages/CPGAnalytics.tsx(3,954): error TS1005: ';' expected.
src/pages/CPGAnalytics.tsx(3,960): error TS1351: An identifier or keyword cannot immediately follow a numeric literal.
src/pages/CPGAnalytics.tsx(3,972): error TS1005: ';' expected.
src/pages/CPGAnalytics.tsx(3,1100): error TS1005: ';' expected.
src/pages/CPGAnalytics.tsx(3,1109): error TS1005: ';' expected.
src/pages/CPGAnalytics.tsx(3,1170): error TS1005: ';' expected.
src/pages/CPGAnalytics.tsx(3,1179): error TS1005: ';' expected.
src/pages/CPGAnalytics.tsx(3,1254): error TS1005: ';' expected.
src/pages/CPGAnalytics.tsx(3,1276): error TS1005: ';' expected.
src/pages/CPGAnalytics.tsx(3,1288): error TS1005: ';' expected.
src/pages/CPGAnalytics.tsx(3,1292): error TS1005: ';' expected.
src/pages/CPGAnalytics.tsx(3,1376): error TS1005: ';' expected.
src/pages/CPGAnalytics.tsx(3,1380): error TS1005: ';' expected.
src/pages/CPGAnalytics.tsx(3,1387): error TS1434: Unexpected keyword or identifier.
src/pages/CPGAnalytics.tsx(3,1403): error TS1005: ';' expected.
src/pages/CPGAnalytics.tsx(3,1417): error TS1005: ';' expected.
src/pages/CPGAnalytics.tsx(3,1435): error TS1005: ';' expected.
src/pages/CPGAnalytics.tsx(3,1450): error TS1005: ';' expected.
src/pages/CPGAnalytics.tsx(3,1503): error TS1005: ';' expected.
src/pages/CPGAnalytics.tsx(3,1509): error TS1005: ';' expected.
src/pages/CPGAnalytics.tsx(3,1525): error TS1005: ';' expected.
src/pages/CPGAnalytics.tsx(3,1538): error TS1005: ';' expected.
src/pages/CPGAnalytics.tsx(3,1565): error TS1005: ';' expected.
src/pages/CPGAnalytics.tsx(3,1573): error TS1005: ';' expected.
src/pages/CPGAnalytics.tsx(3,1594): error TS1005: ';' expected.
src/pages/CPGAnalytics.tsx(3,1695): error TS1005: ';' expected.
src/pages/CPGAnalytics.tsx(3,1707): error TS1005: ';' expected.
src/pages/CPGAnalytics.tsx(3,1730): error TS1005: ';' expected.
src/pages/CPGAnalytics.tsx(3,1737): error TS1005: ';' expected.
src/pages/CPGAnalytics.tsx(3,1808): error TS1002: Unterminated string literal.
src/pages/CPGAnalytics.tsx(4,3): error TS1128: Declaration or statement expected.
src/pages/CreditManagementCollections.tsx(23,51): error TS1003: Identifier expected.
src/pages/CreditManagementCollections.tsx(23,131): error TS1002: Unterminated string literal.
src/pages/CreditManagementCollections.tsx(24,9): error TS1128: Declaration or statement expected.
src/pages/CreditManagementCollections.tsx(35,7): error TS1128: Declaration or statement expected.
src/pages/CreditManagementCollections.tsx(37,7): error TS2657: JSX expressions must have one parent element.
src/pages/CreditManagementCollections.tsx(102,5): error TS1128: Declaration or statement expected.
src/pages/CreditManagementCollections.tsx(103,3): error TS1109: Expression expected.
src/pages/CRMDealer.tsx(3,81): error TS1003: Identifier expected.
src/pages/CRMDealer.tsx(3,192): error TS1005: ';' expected.
src/pages/CRMDealer.tsx(3,209): error TS1005: ';' expected.
src/pages/CRMDealer.tsx(3,214): error TS1005: ';' expected.
src/pages/CRMDealer.tsx(3,234): error TS1005: ';' expected.
src/pages/CRMDealer.tsx(3,237): error TS1005: ';' expected.
src/pages/CRMDealer.tsx(3,263): error TS1005: ';' expected.
src/pages/CRMDealer.tsx(3,267): error TS1005: ';' expected.
src/pages/CRMDealer.tsx(3,283): error TS1005: ';' expected.
src/pages/CRMDealer.tsx(3,291): error TS1005: ';' expected.
src/pages/CRMDealer.tsx(3,312): error TS1005: ';' expected.
src/pages/CRMDealer.tsx(3,339): error TS1005: ';' expected.
src/pages/CRMDealer.tsx(3,345): error TS1351: An identifier or keyword cannot immediately follow a numeric literal.
src/pages/CRMDealer.tsx(3,357): error TS1005: ';' expected.
src/pages/CRMDealer.tsx(3,418): error TS1005: ';' expected.
src/pages/CRMDealer.tsx(3,421): error TS1005: ';' expected.
src/pages/CRMDealer.tsx(3,447): error TS1005: ';' expected.
src/pages/CRMDealer.tsx(3,451): error TS1005: ';' expected.
src/pages/CRMDealer.tsx(3,467): error TS1005: ';' expected.
src/pages/CRMDealer.tsx(3,475): error TS1005: ';' expected.
src/pages/CRMDealer.tsx(3,496): error TS1005: ';' expected.
src/pages/CRMDealer.tsx(3,522): error TS1005: ';' expected.
src/pages/CRMDealer.tsx(3,528): error TS1351: An identifier or keyword cannot immediately follow a numeric literal.
src/pages/CRMDealer.tsx(3,541): error TS1005: ';' expected.
src/pages/CRMDealer.tsx(3,555): error TS1005: ';' expected.
src/pages/CRMDealer.tsx(3,608): error TS1005: ';' expected.
src/pages/CRMDealer.tsx(3,611): error TS1005: ';' expected.
src/pages/CRMDealer.tsx(3,637): error TS1005: ';' expected.
src/pages/CRMDealer.tsx(3,641): error TS1005: ';' expected.
src/pages/CRMDealer.tsx(3,657): error TS1005: ';' expected.
src/pages/CRMDealer.tsx(3,665): error TS1005: ';' expected.
src/pages/CRMDealer.tsx(3,686): error TS1005: ';' expected.
src/pages/CRMDealer.tsx(3,714): error TS1005: ';' expected.
src/pages/CRMDealer.tsx(3,720): error TS1351: An identifier or keyword cannot immediately follow a numeric literal.
src/pages/CRMDealer.tsx(3,733): error TS1005: ';' expected.
src/pages/CRMDealer.tsx(3,748): error TS1005: ';' expected.
src/pages/CRMDealer.tsx(3,792): error TS1005: ';' expected.
src/pages/CRMDealer.tsx(3,853): error TS1005: ';' expected.
src/pages/CRMDealer.tsx(3,856): error TS1005: ';' expected.
src/pages/CRMDealer.tsx(3,882): error TS1005: ';' expected.
src/pages/CRMDealer.tsx(3,886): error TS1005: ';' expected.
src/pages/CRMDealer.tsx(3,902): error TS1005: ';' expected.
src/pages/CRMDealer.tsx(3,910): error TS1005: ';' expected.
src/pages/CRMDealer.tsx(3,931): error TS1005: ';' expected.
src/pages/CRMDealer.tsx(3,959): error TS1005: ';' expected.
src/pages/CRMDealer.tsx(3,965): error TS1351: An identifier or keyword cannot immediately follow a numeric literal.
src/pages/CRMDealer.tsx(3,977): error TS1005: ';' expected.
src/pages/CRMDealer.tsx(3,1125): error TS1005: ';' expected.
src/pages/CRMDealer.tsx(3,1134): error TS1005: ';' expected.
src/pages/CRMDealer.tsx(3,1193): error TS1005: ';' expected.
src/pages/CRMDealer.tsx(3,1202): error TS1005: ';' expected.
src/pages/CRMDealer.tsx(3,1275): error TS1005: ';' expected.
src/pages/CRMDealer.tsx(3,1297): error TS1005: ';' expected.
src/pages/CRMDealer.tsx(3,1309): error TS1005: ';' expected.
src/pages/CRMDealer.tsx(3,1313): error TS1005: ';' expected.
src/pages/CRMDealer.tsx(3,1395): error TS1005: ';' expected.
src/pages/CRMDealer.tsx(3,1399): error TS1005: ';' expected.
src/pages/CRMDealer.tsx(3,1406): error TS1434: Unexpected keyword or identifier.
src/pages/CRMDealer.tsx(3,1422): error TS1005: ';' expected.
src/pages/CRMDealer.tsx(3,1436): error TS1005: ';' expected.
src/pages/CRMDealer.tsx(3,1454): error TS1005: ';' expected.
src/pages/CRMDealer.tsx(3,1469): error TS1005: ';' expected.
src/pages/CRMDealer.tsx(3,1519): error TS1005: ';' expected.
src/pages/CRMDealer.tsx(3,1525): error TS1005: ';' expected.
src/pages/CRMDealer.tsx(3,1541): error TS1005: ';' expected.
src/pages/CRMDealer.tsx(3,1554): error TS1005: ';' expected.
src/pages/CRMDealer.tsx(3,1586): error TS1005: ';' expected.
src/pages/CRMDealer.tsx(3,1594): error TS1005: ';' expected.
src/pages/CRMDealer.tsx(3,1615): error TS1005: ';' expected.
src/pages/CRMDealer.tsx(3,1668): error TS1005: ';' expected.
src/pages/CRMDealer.tsx(3,1679): error TS1005: ';' expected.
src/pages/CRMDealer.tsx(3,1691): error TS1005: ';' expected.
src/pages/CRMDealer.tsx(3,1714): error TS1005: ';' expected.
src/pages/CRMDealer.tsx(3,1721): error TS1005: ';' expected.
src/pages/CRMDealer.tsx(3,1791): error TS1002: Unterminated string literal.
src/pages/CRMDealer.tsx(4,3): error TS1128: Declaration or statement expected.
src/pages/CRMLoyalty.tsx(3,80): error TS1003: Identifier expected.
src/pages/CRMLoyalty.tsx(3,211): error TS1005: ';' expected.
src/pages/CRMLoyalty.tsx(3,228): error TS1005: ';' expected.
src/pages/CRMLoyalty.tsx(3,233): error TS1005: ';' expected.
src/pages/CRMLoyalty.tsx(3,253): error TS1005: ';' expected.
src/pages/CRMLoyalty.tsx(3,256): error TS1005: ';' expected.
src/pages/CRMLoyalty.tsx(3,282): error TS1005: ';' expected.
src/pages/CRMLoyalty.tsx(3,286): error TS1005: ';' expected.
src/pages/CRMLoyalty.tsx(3,302): error TS1005: ';' expected.
src/pages/CRMLoyalty.tsx(3,310): error TS1005: ';' expected.
src/pages/CRMLoyalty.tsx(3,331): error TS1005: ';' expected.
src/pages/CRMLoyalty.tsx(3,360): error TS1005: ';' expected.
src/pages/CRMLoyalty.tsx(3,366): error TS1351: An identifier or keyword cannot immediately follow a numeric literal.
src/pages/CRMLoyalty.tsx(3,378): error TS1005: ';' expected.
src/pages/CRMLoyalty.tsx(3,441): error TS1005: ';' expected.
src/pages/CRMLoyalty.tsx(3,444): error TS1005: ';' expected.
src/pages/CRMLoyalty.tsx(3,470): error TS1005: ';' expected.
src/pages/CRMLoyalty.tsx(3,474): error TS1005: ';' expected.
src/pages/CRMLoyalty.tsx(3,490): error TS1005: ';' expected.
src/pages/CRMLoyalty.tsx(3,498): error TS1005: ';' expected.
src/pages/CRMLoyalty.tsx(3,519): error TS1005: ';' expected.
src/pages/CRMLoyalty.tsx(3,546): error TS1005: ';' expected.
src/pages/CRMLoyalty.tsx(3,552): error TS1351: An identifier or keyword cannot immediately follow a numeric literal.
src/pages/CRMLoyalty.tsx(3,565): error TS1005: ';' expected.
src/pages/CRMLoyalty.tsx(3,579): error TS1005: ';' expected.
src/pages/CRMLoyalty.tsx(3,633): error TS1005: ';' expected.
src/pages/CRMLoyalty.tsx(3,636): error TS1005: ';' expected.
src/pages/CRMLoyalty.tsx(3,662): error TS1005: ';' expected.
src/pages/CRMLoyalty.tsx(3,666): error TS1005: ';' expected.
src/pages/CRMLoyalty.tsx(3,682): error TS1005: ';' expected.
src/pages/CRMLoyalty.tsx(3,690): error TS1005: ';' expected.
src/pages/CRMLoyalty.tsx(3,711): error TS1005: ';' expected.
src/pages/CRMLoyalty.tsx(3,743): error TS1005: ';' expected.
src/pages/CRMLoyalty.tsx(3,749): error TS1351: An identifier or keyword cannot immediately follow a numeric literal.
src/pages/CRMLoyalty.tsx(3,761): error TS1005: ';' expected.
src/pages/CRMLoyalty.tsx(3,840): error TS1005: ';' expected.
src/pages/CRMLoyalty.tsx(3,843): error TS1005: ';' expected.
src/pages/CRMLoyalty.tsx(3,869): error TS1005: ';' expected.
src/pages/CRMLoyalty.tsx(3,873): error TS1005: ';' expected.
src/pages/CRMLoyalty.tsx(3,889): error TS1005: ';' expected.
src/pages/CRMLoyalty.tsx(3,897): error TS1005: ';' expected.
src/pages/CRMLoyalty.tsx(3,918): error TS1005: ';' expected.
src/pages/CRMLoyalty.tsx(3,948): error TS1005: ';' expected.
src/pages/CRMLoyalty.tsx(3,954): error TS1351: An identifier or keyword cannot immediately follow a numeric literal.
src/pages/CRMLoyalty.tsx(3,966): error TS1005: ';' expected.
src/pages/CRMLoyalty.tsx(3,1114): error TS1005: ';' expected.
src/pages/CRMLoyalty.tsx(3,1123): error TS1005: ';' expected.
src/pages/CRMLoyalty.tsx(3,1184): error TS1005: ';' expected.
src/pages/CRMLoyalty.tsx(3,1193): error TS1005: ';' expected.
src/pages/CRMLoyalty.tsx(3,1268): error TS1005: ';' expected.
src/pages/CRMLoyalty.tsx(3,1290): error TS1005: ';' expected.
src/pages/CRMLoyalty.tsx(3,1302): error TS1005: ';' expected.
src/pages/CRMLoyalty.tsx(3,1306): error TS1005: ';' expected.
src/pages/CRMLoyalty.tsx(3,1395): error TS1005: ';' expected.
src/pages/CRMLoyalty.tsx(3,1399): error TS1005: ';' expected.
src/pages/CRMLoyalty.tsx(3,1406): error TS1434: Unexpected keyword or identifier.
src/pages/CRMLoyalty.tsx(3,1422): error TS1005: ';' expected.
src/pages/CRMLoyalty.tsx(3,1436): error TS1005: ';' expected.
src/pages/CRMLoyalty.tsx(3,1454): error TS1005: ';' expected.
src/pages/CRMLoyalty.tsx(3,1469): error TS1005: ';' expected.
src/pages/CRMLoyalty.tsx(3,1521): error TS1005: ';' expected.
src/pages/CRMLoyalty.tsx(3,1527): error TS1005: ';' expected.
src/pages/CRMLoyalty.tsx(3,1543): error TS1005: ';' expected.
src/pages/CRMLoyalty.tsx(3,1556): error TS1005: ';' expected.
src/pages/CRMLoyalty.tsx(3,1590): error TS1005: ';' expected.
src/pages/CRMLoyalty.tsx(3,1598): error TS1005: ';' expected.
src/pages/CRMLoyalty.tsx(3,1619): error TS1005: ';' expected.
src/pages/CRMLoyalty.tsx(3,1678): error TS1005: ';' expected.
src/pages/CRMLoyalty.tsx(3,1690): error TS1005: ';' expected.
src/pages/CRMLoyalty.tsx(3,1702): error TS1005: ';' expected.
src/pages/CRMLoyalty.tsx(3,1725): error TS1005: ';' expected.
src/pages/CRMLoyalty.tsx(3,1732): error TS1005: ';' expected.
src/pages/CRMLoyalty.tsx(3,1800): error TS1002: Unterminated string literal.
src/pages/CRMLoyalty.tsx(4,3): error TS1128: Declaration or statement expected.
src/pages/CustomerBilling.tsx(3,87): error TS1003: Identifier expected.
src/pages/CustomerBilling.tsx(3,181): error TS1005: ';' expected.
src/pages/CustomerBilling.tsx(3,198): error TS1005: ';' expected.
src/pages/CustomerBilling.tsx(3,203): error TS1005: ';' expected.
src/pages/CustomerBilling.tsx(3,223): error TS1005: ';' expected.
src/pages/CustomerBilling.tsx(3,226): error TS1005: ';' expected.
src/pages/CustomerBilling.tsx(3,252): error TS1005: ';' expected.
src/pages/CustomerBilling.tsx(3,256): error TS1005: ';' expected.
src/pages/CustomerBilling.tsx(3,272): error TS1005: ';' expected.
src/pages/CustomerBilling.tsx(3,280): error TS1005: ';' expected.
src/pages/CustomerBilling.tsx(3,301): error TS1005: ';' expected.
src/pages/CustomerBilling.tsx(3,330): error TS1005: ';' expected.
src/pages/CustomerBilling.tsx(3,336): error TS1351: An identifier or keyword cannot immediately follow a numeric literal.
src/pages/CustomerBilling.tsx(3,348): error TS1005: ';' expected.
src/pages/CustomerBilling.tsx(3,411): error TS1005: ';' expected.
src/pages/CustomerBilling.tsx(3,414): error TS1005: ';' expected.
src/pages/CustomerBilling.tsx(3,440): error TS1005: ';' expected.
src/pages/CustomerBilling.tsx(3,444): error TS1005: ';' expected.
src/pages/CustomerBilling.tsx(3,460): error TS1005: ';' expected.
src/pages/CustomerBilling.tsx(3,468): error TS1005: ';' expected.
src/pages/CustomerBilling.tsx(3,489): error TS1005: ';' expected.
src/pages/CustomerBilling.tsx(3,515): error TS1005: ';' expected.
src/pages/CustomerBilling.tsx(3,521): error TS1351: An identifier or keyword cannot immediately follow a numeric literal.
src/pages/CustomerBilling.tsx(3,534): error TS1005: ';' expected.
src/pages/CustomerBilling.tsx(3,548): error TS1005: ';' expected.
src/pages/CustomerBilling.tsx(3,601): error TS1005: ';' expected.
src/pages/CustomerBilling.tsx(3,604): error TS1005: ';' expected.
src/pages/CustomerBilling.tsx(3,630): error TS1005: ';' expected.
src/pages/CustomerBilling.tsx(3,634): error TS1005: ';' expected.
src/pages/CustomerBilling.tsx(3,650): error TS1005: ';' expected.
src/pages/CustomerBilling.tsx(3,658): error TS1005: ';' expected.
src/pages/CustomerBilling.tsx(3,679): error TS1005: ';' expected.
src/pages/CustomerBilling.tsx(3,711): error TS1005: ';' expected.
src/pages/CustomerBilling.tsx(3,717): error TS1351: An identifier or keyword cannot immediately follow a numeric literal.
src/pages/CustomerBilling.tsx(3,730): error TS1005: ';' expected.
src/pages/CustomerBilling.tsx(3,743): error TS1005: ';' expected.
src/pages/CustomerBilling.tsx(3,823): error TS1005: ';' expected.
src/pages/CustomerBilling.tsx(3,826): error TS1005: ';' expected.
src/pages/CustomerBilling.tsx(3,852): error TS1005: ';' expected.
src/pages/CustomerBilling.tsx(3,856): error TS1005: ';' expected.
src/pages/CustomerBilling.tsx(3,872): error TS1005: ';' expected.
src/pages/CustomerBilling.tsx(3,880): error TS1005: ';' expected.
src/pages/CustomerBilling.tsx(3,901): error TS1005: ';' expected.
src/pages/CustomerBilling.tsx(3,929): error TS1005: ';' expected.
src/pages/CustomerBilling.tsx(3,935): error TS1351: An identifier or keyword cannot immediately follow a numeric literal.
src/pages/CustomerBilling.tsx(3,947): error TS1005: ';' expected.
src/pages/CustomerBilling.tsx(3,1099): error TS1005: ';' expected.
src/pages/CustomerBilling.tsx(3,1108): error TS1005: ';' expected.
src/pages/CustomerBilling.tsx(3,1169): error TS1005: ';' expected.
src/pages/CustomerBilling.tsx(3,1178): error TS1005: ';' expected.
src/pages/CustomerBilling.tsx(3,1253): error TS1005: ';' expected.
src/pages/CustomerBilling.tsx(3,1275): error TS1005: ';' expected.
src/pages/CustomerBilling.tsx(3,1287): error TS1005: ';' expected.
src/pages/CustomerBilling.tsx(3,1291): error TS1005: ';' expected.
src/pages/CustomerBilling.tsx(3,1379): error TS1005: ';' expected.
src/pages/CustomerBilling.tsx(3,1383): error TS1005: ';' expected.
src/pages/CustomerBilling.tsx(3,1390): error TS1434: Unexpected keyword or identifier.
src/pages/CustomerBilling.tsx(3,1406): error TS1005: ';' expected.
src/pages/CustomerBilling.tsx(3,1420): error TS1005: ';' expected.
src/pages/CustomerBilling.tsx(3,1438): error TS1005: ';' expected.
src/pages/CustomerBilling.tsx(3,1453): error TS1005: ';' expected.
src/pages/CustomerBilling.tsx(3,1501): error TS1005: ';' expected.
src/pages/CustomerBilling.tsx(3,1507): error TS1005: ';' expected.
src/pages/CustomerBilling.tsx(3,1523): error TS1005: ';' expected.
src/pages/CustomerBilling.tsx(3,1536): error TS1005: ';' expected.
src/pages/CustomerBilling.tsx(3,1570): error TS1005: ';' expected.
src/pages/CustomerBilling.tsx(3,1578): error TS1005: ';' expected.
src/pages/CustomerBilling.tsx(3,1599): error TS1005: ';' expected.
src/pages/CustomerBilling.tsx(3,1652): error TS1005: ';' expected.
src/pages/CustomerBilling.tsx(3,1663): error TS1005: ';' expected.
src/pages/CustomerBilling.tsx(3,1675): error TS1005: ';' expected.
src/pages/CustomerBilling.tsx(3,1698): error TS1005: ';' expected.
src/pages/CustomerBilling.tsx(3,1705): error TS1005: ';' expected.
src/pages/CustomerBilling.tsx(3,1774): error TS1002: Unterminated string literal.
src/pages/CustomerBilling.tsx(4,3): error TS1128: Declaration or statement expected.
src/pages/CustomerCRM.tsx(3,83): error TS1003: Identifier expected.
src/pages/CustomerCRM.tsx(3,197): error TS1005: ';' expected.
src/pages/CustomerCRM.tsx(3,214): error TS1005: ';' expected.
src/pages/CustomerCRM.tsx(3,219): error TS1005: ';' expected.
src/pages/CustomerCRM.tsx(3,239): error TS1005: ';' expected.
src/pages/CustomerCRM.tsx(3,242): error TS1005: ';' expected.
src/pages/CustomerCRM.tsx(3,268): error TS1005: ';' expected.
src/pages/CustomerCRM.tsx(3,272): error TS1005: ';' expected.
src/pages/CustomerCRM.tsx(3,288): error TS1005: ';' expected.
src/pages/CustomerCRM.tsx(3,296): error TS1005: ';' expected.
src/pages/CustomerCRM.tsx(3,317): error TS1005: ';' expected.
src/pages/CustomerCRM.tsx(3,346): error TS1005: ';' expected.
src/pages/CustomerCRM.tsx(3,352): error TS1351: An identifier or keyword cannot immediately follow a numeric literal.
src/pages/CustomerCRM.tsx(3,364): error TS1005: ';' expected.
src/pages/CustomerCRM.tsx(3,427): error TS1005: ';' expected.
src/pages/CustomerCRM.tsx(3,430): error TS1005: ';' expected.
src/pages/CustomerCRM.tsx(3,456): error TS1005: ';' expected.
src/pages/CustomerCRM.tsx(3,460): error TS1005: ';' expected.
src/pages/CustomerCRM.tsx(3,476): error TS1005: ';' expected.
src/pages/CustomerCRM.tsx(3,484): error TS1005: ';' expected.
src/pages/CustomerCRM.tsx(3,505): error TS1005: ';' expected.
src/pages/CustomerCRM.tsx(3,533): error TS1005: ';' expected.
src/pages/CustomerCRM.tsx(3,539): error TS1351: An identifier or keyword cannot immediately follow a numeric literal.
src/pages/CustomerCRM.tsx(3,552): error TS1005: ';' expected.
src/pages/CustomerCRM.tsx(3,566): error TS1005: ';' expected.
src/pages/CustomerCRM.tsx(3,616): error TS1005: ';' expected.
src/pages/CustomerCRM.tsx(3,619): error TS1005: ';' expected.
src/pages/CustomerCRM.tsx(3,645): error TS1005: ';' expected.
src/pages/CustomerCRM.tsx(3,649): error TS1005: ';' expected.
src/pages/CustomerCRM.tsx(3,665): error TS1005: ';' expected.
src/pages/CustomerCRM.tsx(3,673): error TS1005: ';' expected.
src/pages/CustomerCRM.tsx(3,694): error TS1005: ';' expected.
src/pages/CustomerCRM.tsx(3,726): error TS1005: ';' expected.
src/pages/CustomerCRM.tsx(3,732): error TS1351: An identifier or keyword cannot immediately follow a numeric literal.
src/pages/CustomerCRM.tsx(3,745): error TS1005: ';' expected.
src/pages/CustomerCRM.tsx(3,758): error TS1005: ';' expected.
src/pages/CustomerCRM.tsx(3,837): error TS1005: ';' expected.
src/pages/CustomerCRM.tsx(3,840): error TS1005: ';' expected.
src/pages/CustomerCRM.tsx(3,866): error TS1005: ';' expected.
src/pages/CustomerCRM.tsx(3,870): error TS1005: ';' expected.
src/pages/CustomerCRM.tsx(3,886): error TS1005: ';' expected.
src/pages/CustomerCRM.tsx(3,894): error TS1005: ';' expected.
src/pages/CustomerCRM.tsx(3,915): error TS1005: ';' expected.
src/pages/CustomerCRM.tsx(3,940): error TS1005: ';' expected.
src/pages/CustomerCRM.tsx(3,946): error TS1351: An identifier or keyword cannot immediately follow a numeric literal.
src/pages/CustomerCRM.tsx(3,958): error TS1005: ';' expected.
src/pages/CustomerCRM.tsx(3,1107): error TS1005: ';' expected.
src/pages/CustomerCRM.tsx(3,1116): error TS1005: ';' expected.
src/pages/CustomerCRM.tsx(3,1177): error TS1005: ';' expected.
src/pages/CustomerCRM.tsx(3,1186): error TS1005: ';' expected.
src/pages/CustomerCRM.tsx(3,1261): error TS1005: ';' expected.
src/pages/CustomerCRM.tsx(3,1283): error TS1005: ';' expected.
src/pages/CustomerCRM.tsx(3,1295): error TS1005: ';' expected.
src/pages/CustomerCRM.tsx(3,1299): error TS1005: ';' expected.
src/pages/CustomerCRM.tsx(3,1388): error TS1005: ';' expected.
src/pages/CustomerCRM.tsx(3,1392): error TS1005: ';' expected.
src/pages/CustomerCRM.tsx(3,1399): error TS1434: Unexpected keyword or identifier.
src/pages/CustomerCRM.tsx(3,1415): error TS1005: ';' expected.
src/pages/CustomerCRM.tsx(3,1429): error TS1005: ';' expected.
src/pages/CustomerCRM.tsx(3,1447): error TS1005: ';' expected.
src/pages/CustomerCRM.tsx(3,1462): error TS1005: ';' expected.
src/pages/CustomerCRM.tsx(3,1510): error TS1005: ';' expected.
src/pages/CustomerCRM.tsx(3,1516): error TS1005: ';' expected.
src/pages/CustomerCRM.tsx(3,1532): error TS1005: ';' expected.
src/pages/CustomerCRM.tsx(3,1545): error TS1005: ';' expected.
src/pages/CustomerCRM.tsx(3,1579): error TS1005: ';' expected.
src/pages/CustomerCRM.tsx(3,1587): error TS1005: ';' expected.
src/pages/CustomerCRM.tsx(3,1608): error TS1005: ';' expected.
src/pages/CustomerCRM.tsx(3,1658): error TS1005: ';' expected.
src/pages/CustomerCRM.tsx(3,1666): error TS1005: ';' expected.
src/pages/CustomerCRM.tsx(3,1678): error TS1005: ';' expected.
src/pages/CustomerCRM.tsx(3,1701): error TS1005: ';' expected.
src/pages/CustomerCRM.tsx(3,1708): error TS1005: ';' expected.
src/pages/CustomerCRM.tsx(3,1776): error TS1002: Unterminated string literal.
src/pages/CustomerCRM.tsx(4,3): error TS1128: Declaration or statement expected.
src/pages/CustomerJourneyMap.tsx(41,49): error TS1003: Identifier expected.
src/pages/CustomerJourneyMap.tsx(41,98): error TS1002: Unterminated string literal.
src/pages/CustomerJourneyMap.tsx(42,7): error TS1128: Declaration or statement expected.
src/pages/CustomerJourneyMap.tsx(44,7): error TS2657: JSX expressions must have one parent element.
src/pages/CustomerJourneyMap.tsx(75,5): error TS1128: Declaration or statement expected.
src/pages/CustomerJourneyMap.tsx(76,3): error TS1109: Expression expected.
src/pages/CustomerLoyalty.tsx(13,44): error TS1003: Identifier expected.
src/pages/CustomerLoyalty.tsx(13,85): error TS1002: Unterminated string literal.
src/pages/CustomerLoyalty.tsx(14,7): error TS1128: Declaration or statement expected.
src/pages/CustomerLoyalty.tsx(15,7): error TS2657: JSX expressions must have one parent element.
src/pages/CustomerLoyalty.tsx(21,5): error TS1128: Declaration or statement expected.
src/pages/CustomerLoyalty.tsx(22,3): error TS1109: Expression expected.
src/pages/CustomerPortal.tsx(10,49): error TS1003: Identifier expected.
src/pages/CustomerPortal.tsx(10,83): error TS1002: Unterminated string literal.
src/pages/CustomerPortal.tsx(11,7): error TS1128: Declaration or statement expected.
src/pages/CustomerPortal.tsx(13,7): error TS2657: JSX expressions must have one parent element.
src/pages/CustomerPortal.tsx(49,5): error TS1128: Declaration or statement expected.
src/pages/CustomerPortal.tsx(50,3): error TS1109: Expression expected.
src/pages/CustomerProfiles.tsx(3,78): error TS1003: Identifier expected.
src/pages/CustomerProfiles.tsx(3,148): error TS1005: ';' expected.
src/pages/CustomerProfiles.tsx(3,165): error TS1005: ';' expected.
src/pages/CustomerProfiles.tsx(3,170): error TS1005: ';' expected.
src/pages/CustomerProfiles.tsx(3,190): error TS1005: ';' expected.
src/pages/CustomerProfiles.tsx(3,193): error TS1005: ';' expected.
src/pages/CustomerProfiles.tsx(3,219): error TS1005: ';' expected.
src/pages/CustomerProfiles.tsx(3,223): error TS1005: ';' expected.
src/pages/CustomerProfiles.tsx(3,239): error TS1005: ';' expected.
src/pages/CustomerProfiles.tsx(3,247): error TS1005: ';' expected.
src/pages/CustomerProfiles.tsx(3,268): error TS1005: ';' expected.
src/pages/CustomerProfiles.tsx(3,297): error TS1005: ';' expected.
src/pages/CustomerProfiles.tsx(3,303): error TS1351: An identifier or keyword cannot immediately follow a numeric literal.
src/pages/CustomerProfiles.tsx(3,315): error TS1005: ';' expected.
src/pages/CustomerProfiles.tsx(3,378): error TS1005: ';' expected.
src/pages/CustomerProfiles.tsx(3,381): error TS1005: ';' expected.
src/pages/CustomerProfiles.tsx(3,407): error TS1005: ';' expected.
src/pages/CustomerProfiles.tsx(3,411): error TS1005: ';' expected.
src/pages/CustomerProfiles.tsx(3,427): error TS1005: ';' expected.
src/pages/CustomerProfiles.tsx(3,435): error TS1005: ';' expected.
src/pages/CustomerProfiles.tsx(3,456): error TS1005: ';' expected.
src/pages/CustomerProfiles.tsx(3,482): error TS1005: ';' expected.
src/pages/CustomerProfiles.tsx(3,488): error TS1351: An identifier or keyword cannot immediately follow a numeric literal.
src/pages/CustomerProfiles.tsx(3,501): error TS1005: ';' expected.
src/pages/CustomerProfiles.tsx(3,515): error TS1005: ';' expected.
src/pages/CustomerProfiles.tsx(3,568): error TS1005: ';' expected.
src/pages/CustomerProfiles.tsx(3,571): error TS1005: ';' expected.
src/pages/CustomerProfiles.tsx(3,597): error TS1005: ';' expected.
src/pages/CustomerProfiles.tsx(3,601): error TS1005: ';' expected.
src/pages/CustomerProfiles.tsx(3,617): error TS1005: ';' expected.
src/pages/CustomerProfiles.tsx(3,625): error TS1005: ';' expected.
src/pages/CustomerProfiles.tsx(3,646): error TS1005: ';' expected.
src/pages/CustomerProfiles.tsx(3,674): error TS1005: ';' expected.
src/pages/CustomerProfiles.tsx(3,680): error TS1351: An identifier or keyword cannot immediately follow a numeric literal.
src/pages/CustomerProfiles.tsx(3,693): error TS1005: ';' expected.
src/pages/CustomerProfiles.tsx(3,708): error TS1005: ';' expected.
src/pages/CustomerProfiles.tsx(3,754): error TS1005: ';' expected.
src/pages/CustomerProfiles.tsx(3,815): error TS1005: ';' expected.
src/pages/CustomerProfiles.tsx(3,818): error TS1005: ';' expected.
src/pages/CustomerProfiles.tsx(3,844): error TS1005: ';' expected.
src/pages/CustomerProfiles.tsx(3,848): error TS1005: ';' expected.
src/pages/CustomerProfiles.tsx(3,864): error TS1005: ';' expected.
src/pages/CustomerProfiles.tsx(3,872): error TS1005: ';' expected.
src/pages/CustomerProfiles.tsx(3,893): error TS1005: ';' expected.
src/pages/CustomerProfiles.tsx(3,921): error TS1005: ';' expected.
src/pages/CustomerProfiles.tsx(3,927): error TS1351: An identifier or keyword cannot immediately follow a numeric literal.
src/pages/CustomerProfiles.tsx(3,939): error TS1005: ';' expected.
src/pages/CustomerProfiles.tsx(3,1090): error TS1005: ';' expected.
src/pages/CustomerProfiles.tsx(3,1099): error TS1005: ';' expected.
src/pages/CustomerProfiles.tsx(3,1159): error TS1005: ';' expected.
src/pages/CustomerProfiles.tsx(3,1168): error TS1005: ';' expected.
src/pages/CustomerProfiles.tsx(3,1242): error TS1005: ';' expected.
src/pages/CustomerProfiles.tsx(3,1264): error TS1005: ';' expected.
src/pages/CustomerProfiles.tsx(3,1276): error TS1005: ';' expected.
src/pages/CustomerProfiles.tsx(3,1280): error TS1005: ';' expected.
src/pages/CustomerProfiles.tsx(3,1368): error TS1005: ';' expected.
src/pages/CustomerProfiles.tsx(3,1372): error TS1005: ';' expected.
src/pages/CustomerProfiles.tsx(3,1379): error TS1434: Unexpected keyword or identifier.
src/pages/CustomerProfiles.tsx(3,1395): error TS1005: ';' expected.
src/pages/CustomerProfiles.tsx(3,1409): error TS1005: ';' expected.
src/pages/CustomerProfiles.tsx(3,1427): error TS1005: ';' expected.
src/pages/CustomerProfiles.tsx(3,1442): error TS1005: ';' expected.
src/pages/CustomerProfiles.tsx(3,1489): error TS1005: ';' expected.
src/pages/CustomerProfiles.tsx(3,1495): error TS1005: ';' expected.
src/pages/CustomerProfiles.tsx(3,1511): error TS1005: ';' expected.
src/pages/CustomerProfiles.tsx(3,1524): error TS1005: ';' expected.
src/pages/CustomerProfiles.tsx(3,1558): error TS1005: ';' expected.
src/pages/CustomerProfiles.tsx(3,1566): error TS1005: ';' expected.
src/pages/CustomerProfiles.tsx(3,1587): error TS1005: ';' expected.
src/pages/CustomerProfiles.tsx(3,1638): error TS1005: ';' expected.
src/pages/CustomerProfiles.tsx(3,1649): error TS1005: ';' expected.
src/pages/CustomerProfiles.tsx(3,1661): error TS1005: ';' expected.
src/pages/CustomerProfiles.tsx(3,1684): error TS1005: ';' expected.
src/pages/CustomerProfiles.tsx(3,1691): error TS1005: ';' expected.
src/pages/CustomerProfiles.tsx(3,1757): error TS1002: Unterminated string literal.
src/pages/CustomerProfiles.tsx(4,3): error TS1128: Declaration or statement expected.
src/pages/CustomerSubscriberManagement.tsx(46,49): error TS1003: Identifier expected.
src/pages/CustomerSubscriberManagement.tsx(46,115): error TS1002: Unterminated string literal.
src/pages/CustomerSubscriberManagement.tsx(47,7): error TS1128: Declaration or statement expected.
src/pages/CustomerSubscriberManagement.tsx(49,7): error TS2657: JSX expressions must have one parent element.
src/pages/CustomerSubscriberManagement.tsx(110,5): error TS1128: Declaration or statement expected.
src/pages/CustomerSubscriberManagement.tsx(111,3): error TS1109: Expression expected.
src/pages/CustomerSuccessPanel.tsx(8,49): error TS1003: Identifier expected.
src/pages/CustomerSuccessPanel.tsx(8,91): error TS1002: Unterminated string literal.
src/pages/CustomerSuccessPanel.tsx(9,7): error TS1128: Declaration or statement expected.
src/pages/CustomerSuccessPanel.tsx(23,5): error TS1128: Declaration or statement expected.
src/pages/CustomerSuccessPanel.tsx(24,3): error TS1109: Expression expected.
src/pages/CustomerSupportCRM.tsx(3,89): error TS1003: Identifier expected.
src/pages/CustomerSupportCRM.tsx(3,222): error TS1005: ';' expected.
src/pages/CustomerSupportCRM.tsx(3,239): error TS1005: ';' expected.
src/pages/CustomerSupportCRM.tsx(3,244): error TS1005: ';' expected.
src/pages/CustomerSupportCRM.tsx(3,264): error TS1005: ';' expected.
src/pages/CustomerSupportCRM.tsx(3,267): error TS1005: ';' expected.
src/pages/CustomerSupportCRM.tsx(3,293): error TS1005: ';' expected.
src/pages/CustomerSupportCRM.tsx(3,297): error TS1005: ';' expected.
src/pages/CustomerSupportCRM.tsx(3,313): error TS1005: ';' expected.
src/pages/CustomerSupportCRM.tsx(3,321): error TS1005: ';' expected.
src/pages/CustomerSupportCRM.tsx(3,342): error TS1005: ';' expected.
src/pages/CustomerSupportCRM.tsx(3,375): error TS1005: ';' expected.
src/pages/CustomerSupportCRM.tsx(3,381): error TS1351: An identifier or keyword cannot immediately follow a numeric literal.
src/pages/CustomerSupportCRM.tsx(3,393): error TS1005: ';' expected.
src/pages/CustomerSupportCRM.tsx(3,454): error TS1005: ';' expected.
src/pages/CustomerSupportCRM.tsx(3,457): error TS1005: ';' expected.
src/pages/CustomerSupportCRM.tsx(3,483): error TS1005: ';' expected.
src/pages/CustomerSupportCRM.tsx(3,487): error TS1005: ';' expected.
src/pages/CustomerSupportCRM.tsx(3,503): error TS1005: ';' expected.
src/pages/CustomerSupportCRM.tsx(3,511): error TS1005: ';' expected.
src/pages/CustomerSupportCRM.tsx(3,532): error TS1005: ';' expected.
src/pages/CustomerSupportCRM.tsx(3,559): error TS1005: ';' expected.
src/pages/CustomerSupportCRM.tsx(3,565): error TS1351: An identifier or keyword cannot immediately follow a numeric literal.
src/pages/CustomerSupportCRM.tsx(3,578): error TS1005: ';' expected.
src/pages/CustomerSupportCRM.tsx(3,593): error TS1005: ';' expected.
src/pages/CustomerSupportCRM.tsx(3,647): error TS1005: ';' expected.
src/pages/CustomerSupportCRM.tsx(3,650): error TS1005: ';' expected.
src/pages/CustomerSupportCRM.tsx(3,676): error TS1005: ';' expected.
src/pages/CustomerSupportCRM.tsx(3,680): error TS1005: ';' expected.
src/pages/CustomerSupportCRM.tsx(3,696): error TS1005: ';' expected.
src/pages/CustomerSupportCRM.tsx(3,704): error TS1005: ';' expected.
src/pages/CustomerSupportCRM.tsx(3,725): error TS1005: ';' expected.
src/pages/CustomerSupportCRM.tsx(3,753): error TS1005: ';' expected.
src/pages/CustomerSupportCRM.tsx(3,759): error TS1351: An identifier or keyword cannot immediately follow a numeric literal.
src/pages/CustomerSupportCRM.tsx(3,772): error TS1005: ';' expected.
src/pages/CustomerSupportCRM.tsx(3,786): error TS1005: ';' expected.
src/pages/CustomerSupportCRM.tsx(3,841): error TS1005: ';' expected.
src/pages/CustomerSupportCRM.tsx(3,844): error TS1005: ';' expected.
src/pages/CustomerSupportCRM.tsx(3,870): error TS1005: ';' expected.
src/pages/CustomerSupportCRM.tsx(3,874): error TS1005: ';' expected.
src/pages/CustomerSupportCRM.tsx(3,890): error TS1005: ';' expected.
src/pages/CustomerSupportCRM.tsx(3,898): error TS1005: ';' expected.
src/pages/CustomerSupportCRM.tsx(3,919): error TS1005: ';' expected.
src/pages/CustomerSupportCRM.tsx(3,948): error TS1005: ';' expected.
src/pages/CustomerSupportCRM.tsx(3,954): error TS1351: An identifier or keyword cannot immediately follow a numeric literal.
src/pages/CustomerSupportCRM.tsx(3,967): error TS1005: ';' expected.
src/pages/CustomerSupportCRM.tsx(3,980): error TS1005: ';' expected.
src/pages/CustomerSupportCRM.tsx(3,1064): error TS1005: ';' expected.
src/pages/CustomerSupportCRM.tsx(3,1073): error TS1005: ';' expected.
src/pages/CustomerSupportCRM.tsx(3,1140): error TS1005: ';' expected.
src/pages/CustomerSupportCRM.tsx(3,1149): error TS1005: ';' expected.
src/pages/CustomerSupportCRM.tsx(3,1222): error TS1005: ';' expected.
src/pages/CustomerSupportCRM.tsx(3,1244): error TS1005: ';' expected.
src/pages/CustomerSupportCRM.tsx(3,1256): error TS1005: ';' expected.
src/pages/CustomerSupportCRM.tsx(3,1260): error TS1005: ';' expected.
src/pages/CustomerSupportCRM.tsx(3,1345): error TS1005: ';' expected.
src/pages/CustomerSupportCRM.tsx(3,1349): error TS1005: ';' expected.
src/pages/CustomerSupportCRM.tsx(3,1356): error TS1434: Unexpected keyword or identifier.
src/pages/CustomerSupportCRM.tsx(3,1372): error TS1005: ';' expected.
src/pages/CustomerSupportCRM.tsx(3,1386): error TS1005: ';' expected.
src/pages/CustomerSupportCRM.tsx(3,1404): error TS1005: ';' expected.
src/pages/CustomerSupportCRM.tsx(3,1419): error TS1005: ';' expected.
src/pages/CustomerSupportCRM.tsx(3,1469): error TS1005: ';' expected.
src/pages/CustomerSupportCRM.tsx(3,1475): error TS1005: ';' expected.
src/pages/CustomerSupportCRM.tsx(3,1491): error TS1005: ';' expected.
src/pages/CustomerSupportCRM.tsx(3,1504): error TS1005: ';' expected.
src/pages/CustomerSupportCRM.tsx(3,1536): error TS1005: ';' expected.
src/pages/CustomerSupportCRM.tsx(3,1544): error TS1005: ';' expected.
src/pages/CustomerSupportCRM.tsx(3,1565): error TS1005: ';' expected.
src/pages/CustomerSupportCRM.tsx(3,1647): error TS1005: ';' expected.
src/pages/CustomerSupportCRM.tsx(3,1660): error TS1005: ';' expected.
src/pages/CustomerSupportCRM.tsx(3,1672): error TS1005: ';' expected.
src/pages/CustomerSupportCRM.tsx(3,1695): error TS1005: ';' expected.
src/pages/CustomerSupportCRM.tsx(3,1702): error TS1005: ';' expected.
src/pages/CustomerSupportCRM.tsx(3,1772): error TS1002: Unterminated string literal.
src/pages/CustomerSupportCRM.tsx(4,3): error TS1128: Declaration or statement expected.
src/pages/CustomFields.tsx(10,101): error TS1003: Identifier expected.
src/pages/CustomFields.tsx(10,142): error TS1002: Unterminated string literal.
src/pages/CustomFields.tsx(11,9): error TS1128: Declaration or statement expected.
src/pages/CustomFields.tsx(13,7): error TS1128: Declaration or statement expected.
src/pages/CustomFields.tsx(27,5): error TS1128: Declaration or statement expected.
src/pages/CustomFields.tsx(28,3): error TS1109: Expression expected.
src/pages/CustomsCompliance.tsx(44,49): error TS1003: Identifier expected.
src/pages/CustomsCompliance.tsx(44,136): error TS1002: Unterminated string literal.
src/pages/CustomsCompliance.tsx(45,7): error TS1128: Declaration or statement expected.
src/pages/CustomsCompliance.tsx(47,7): error TS2657: JSX expressions must have one parent element.
src/pages/CustomsCompliance.tsx(108,5): error TS1128: Declaration or statement expected.
src/pages/CustomsCompliance.tsx(109,3): error TS1109: Expression expected.
src/pages/CustomWorkflows.tsx(8,49): error TS1003: Identifier expected.
src/pages/CustomWorkflows.tsx(8,83): error TS1002: Unterminated string literal.
src/pages/CustomWorkflows.tsx(9,7): error TS1128: Declaration or statement expected.
src/pages/CustomWorkflows.tsx(16,5): error TS1128: Declaration or statement expected.
src/pages/CustomWorkflows.tsx(17,3): error TS1109: Expression expected.
src/pages/CycleCountingAudit.tsx(45,49): error TS1003: Identifier expected.
src/pages/CycleCountingAudit.tsx(45,117): error TS1002: Unterminated string literal.
src/pages/CycleCountingAudit.tsx(46,7): error TS1128: Declaration or statement expected.
src/pages/CycleCountingAudit.tsx(48,7): error TS2657: JSX expressions must have one parent element.
src/pages/CycleCountingAudit.tsx(113,5): error TS1128: Declaration or statement expected.
src/pages/CycleCountingAudit.tsx(114,3): error TS1109: Expression expected.
src/pages/DailyProgressReport.tsx(45,49): error TS1003: Identifier expected.
src/pages/DailyProgressReport.tsx(45,114): error TS1002: Unterminated string literal.
src/pages/DailyProgressReport.tsx(46,7): error TS1128: Declaration or statement expected.
src/pages/DailyProgressReport.tsx(48,7): error TS2657: JSX expressions must have one parent element.
src/pages/DailyProgressReport.tsx(109,5): error TS1128: Declaration or statement expected.
src/pages/DailyProgressReport.tsx(110,3): error TS1109: Expression expected.
src/pages/DashboardBuilder.tsx(41,101): error TS1003: Identifier expected.
src/pages/DashboardBuilder.tsx(41,142): error TS1002: Unterminated string literal.
src/pages/DashboardBuilder.tsx(42,9): error TS1128: Declaration or statement expected.
src/pages/DashboardBuilder.tsx(43,7): error TS1109: Expression expected.
src/pages/DashboardBuilder.tsx(45,7): error TS2657: JSX expressions must have one parent element.
src/pages/DashboardBuilder.tsx(83,5): error TS1128: Declaration or statement expected.
src/pages/DashboardBuilder.tsx(84,3): error TS1109: Expression expected.
src/pages/DatabaseMaintenance.tsx(9,49): error TS1003: Identifier expected.
src/pages/DatabaseMaintenance.tsx(9,85): error TS1002: Unterminated string literal.
src/pages/DatabaseMaintenance.tsx(10,7): error TS1128: Declaration or statement expected.
src/pages/DatabaseMaintenance.tsx(25,5): error TS1128: Declaration or statement expected.
src/pages/DatabaseMaintenance.tsx(26,3): error TS1109: Expression expected.
src/pages/DataCleanup.tsx(9,49): error TS1003: Identifier expected.
src/pages/DataCleanup.tsx(9,87): error TS1002: Unterminated string literal.
src/pages/DataCleanup.tsx(10,7): error TS1128: Declaration or statement expected.
src/pages/DataCleanup.tsx(11,7): error TS2657: JSX expressions must have one parent element.
src/pages/DataCleanup.tsx(32,5): error TS1128: Declaration or statement expected.
src/pages/DataCleanup.tsx(33,3): error TS1109: Expression expected.
src/pages/DataExplorer.tsx(10,49): error TS1003: Identifier expected.
src/pages/DataExplorer.tsx(10,91): error TS1002: Unterminated string literal.
src/pages/DataExplorer.tsx(11,7): error TS1128: Declaration or statement expected.
src/pages/DataExplorer.tsx(31,5): error TS1128: Declaration or statement expected.
src/pages/DataExplorer.tsx(32,3): error TS1109: Expression expected.
src/pages/DataExport.tsx(8,69): error TS1003: Identifier expected.
src/pages/DataExport.tsx(8,105): error TS1002: Unterminated string literal.
src/pages/DataExport.tsx(9,7): error TS1128: Declaration or statement expected.
src/pages/DataExport.tsx(24,5): error TS1128: Declaration or statement expected.
src/pages/DataExport.tsx(25,3): error TS1109: Expression expected.
src/pages/DataGovernance.tsx(8,49): error TS1003: Identifier expected.
src/pages/DataGovernance.tsx(8,89): error TS1002: Unterminated string literal.
src/pages/DataGovernance.tsx(9,7): error TS1128: Declaration or statement expected.
src/pages/DataGovernance.tsx(23,5): error TS1128: Declaration or statement expected.
src/pages/DataGovernance.tsx(24,3): error TS1109: Expression expected.
src/pages/DataImport.tsx(9,69): error TS1003: Identifier expected.
src/pages/DataImport.tsx(9,102): error TS1002: Unterminated string literal.
src/pages/DataImport.tsx(10,7): error TS1128: Declaration or statement expected.
src/pages/DataImport.tsx(21,5): error TS1128: Declaration or statement expected.
src/pages/DataImport.tsx(22,3): error TS1109: Expression expected.
src/pages/DataSourceConfiguration.tsx(17,49): error TS1003: Identifier expected.
src/pages/DataSourceConfiguration.tsx(17,90): error TS1002: Unterminated string literal.
src/pages/DataSourceConfiguration.tsx(18,7): error TS1128: Declaration or statement expected.
src/pages/DataSourceConfiguration.tsx(20,7): error TS2657: JSX expressions must have one parent element.
src/pages/DataSourceConfiguration.tsx(50,5): error TS1128: Declaration or statement expected.
src/pages/DataSourceConfiguration.tsx(51,3): error TS1109: Expression expected.
src/pages/DataValidation.tsx(8,49): error TS1003: Identifier expected.
src/pages/DataValidation.tsx(8,89): error TS1002: Unterminated string literal.
src/pages/DataValidation.tsx(9,7): error TS1128: Declaration or statement expected.
src/pages/DataValidation.tsx(15,5): error TS1128: Declaration or statement expected.
src/pages/DataValidation.tsx(16,3): error TS1109: Expression expected.
src/pages/DeliveryScheduling.tsx(44,49): error TS1003: Identifier expected.
src/pages/DeliveryScheduling.tsx(44,88): error TS1002: Unterminated string literal.
src/pages/DeliveryScheduling.tsx(45,7): error TS1128: Declaration or statement expected.
src/pages/DeliveryScheduling.tsx(47,7): error TS2657: JSX expressions must have one parent element.
src/pages/DeliveryScheduling.tsx(110,5): error TS1128: Declaration or statement expected.
src/pages/DeliveryScheduling.tsx(111,3): error TS1109: Expression expected.
src/pages/DemandForecastingAI.tsx(23,51): error TS1003: Identifier expected.
src/pages/DemandForecastingAI.tsx(23,145): error TS1002: Unterminated string literal.
src/pages/DemandForecastingAI.tsx(24,9): error TS1128: Declaration or statement expected.
src/pages/DemandForecastingAI.tsx(35,7): error TS1128: Declaration or statement expected.
src/pages/DemandForecastingAI.tsx(37,7): error TS2657: JSX expressions must have one parent element.
src/pages/DemandForecastingAI.tsx(80,5): error TS1128: Declaration or statement expected.
src/pages/DemandForecastingAI.tsx(81,3): error TS1109: Expression expected.
src/pages/DemandForecastingFashion.tsx(3,91): error TS1003: Identifier expected.
src/pages/DemandForecastingFashion.tsx(3,220): error TS1005: ';' expected.
src/pages/DemandForecastingFashion.tsx(3,237): error TS1005: ';' expected.
src/pages/DemandForecastingFashion.tsx(3,242): error TS1005: ';' expected.
src/pages/DemandForecastingFashion.tsx(3,262): error TS1005: ';' expected.
src/pages/DemandForecastingFashion.tsx(3,265): error TS1005: ';' expected.
src/pages/DemandForecastingFashion.tsx(3,291): error TS1005: ';' expected.
src/pages/DemandForecastingFashion.tsx(3,295): error TS1005: ';' expected.
src/pages/DemandForecastingFashion.tsx(3,311): error TS1005: ';' expected.
src/pages/DemandForecastingFashion.tsx(3,319): error TS1005: ';' expected.
src/pages/DemandForecastingFashion.tsx(3,340): error TS1005: ';' expected.
src/pages/DemandForecastingFashion.tsx(3,369): error TS1005: ';' expected.
src/pages/DemandForecastingFashion.tsx(3,375): error TS1351: An identifier or keyword cannot immediately follow a numeric literal.
src/pages/DemandForecastingFashion.tsx(3,387): error TS1005: ';' expected.
src/pages/DemandForecastingFashion.tsx(3,450): error TS1005: ';' expected.
src/pages/DemandForecastingFashion.tsx(3,453): error TS1005: ';' expected.
src/pages/DemandForecastingFashion.tsx(3,479): error TS1005: ';' expected.
src/pages/DemandForecastingFashion.tsx(3,483): error TS1005: ';' expected.
src/pages/DemandForecastingFashion.tsx(3,499): error TS1005: ';' expected.
src/pages/DemandForecastingFashion.tsx(3,507): error TS1005: ';' expected.
src/pages/DemandForecastingFashion.tsx(3,528): error TS1005: ';' expected.
src/pages/DemandForecastingFashion.tsx(3,560): error TS1005: ';' expected.
src/pages/DemandForecastingFashion.tsx(3,566): error TS1351: An identifier or keyword cannot immediately follow a numeric literal.
src/pages/DemandForecastingFashion.tsx(3,579): error TS1005: ';' expected.
src/pages/DemandForecastingFashion.tsx(3,593): error TS1005: ';' expected.
src/pages/DemandForecastingFashion.tsx(3,652): error TS1005: ';' expected.
src/pages/DemandForecastingFashion.tsx(3,655): error TS1005: ';' expected.
src/pages/DemandForecastingFashion.tsx(3,681): error TS1005: ';' expected.
src/pages/DemandForecastingFashion.tsx(3,685): error TS1005: ';' expected.
src/pages/DemandForecastingFashion.tsx(3,701): error TS1005: ';' expected.
src/pages/DemandForecastingFashion.tsx(3,709): error TS1005: ';' expected.
src/pages/DemandForecastingFashion.tsx(3,730): error TS1005: ';' expected.
src/pages/DemandForecastingFashion.tsx(3,756): error TS1005: ';' expected.
src/pages/DemandForecastingFashion.tsx(3,762): error TS1351: An identifier or keyword cannot immediately follow a numeric literal.
src/pages/DemandForecastingFashion.tsx(3,774): error TS1005: ';' expected.
src/pages/DemandForecastingFashion.tsx(3,873): error TS1005: ';' expected.
src/pages/DemandForecastingFashion.tsx(3,876): error TS1005: ';' expected.
src/pages/DemandForecastingFashion.tsx(3,902): error TS1005: ';' expected.
src/pages/DemandForecastingFashion.tsx(3,906): error TS1005: ';' expected.
src/pages/DemandForecastingFashion.tsx(3,922): error TS1005: ';' expected.
src/pages/DemandForecastingFashion.tsx(3,930): error TS1005: ';' expected.
src/pages/DemandForecastingFashion.tsx(3,951): error TS1005: ';' expected.
src/pages/DemandForecastingFashion.tsx(3,984): error TS1005: ';' expected.
src/pages/DemandForecastingFashion.tsx(3,990): error TS1351: An identifier or keyword cannot immediately follow a numeric literal.
src/pages/DemandForecastingFashion.tsx(3,1002): error TS1005: ';' expected.
src/pages/DemandForecastingFashion.tsx(3,1125): error TS1005: ';' expected.
src/pages/DemandForecastingFashion.tsx(3,1134): error TS1005: ';' expected.
src/pages/DemandForecastingFashion.tsx(3,1194): error TS1005: ';' expected.
src/pages/DemandForecastingFashion.tsx(3,1203): error TS1005: ';' expected.
src/pages/DemandForecastingFashion.tsx(3,1277): error TS1005: ';' expected.
src/pages/DemandForecastingFashion.tsx(3,1299): error TS1005: ';' expected.
src/pages/DemandForecastingFashion.tsx(3,1311): error TS1005: ';' expected.
src/pages/DemandForecastingFashion.tsx(3,1315): error TS1005: ';' expected.
src/pages/DemandForecastingFashion.tsx(3,1403): error TS1005: ';' expected.
src/pages/DemandForecastingFashion.tsx(3,1407): error TS1005: ';' expected.
src/pages/DemandForecastingFashion.tsx(3,1414): error TS1434: Unexpected keyword or identifier.
src/pages/DemandForecastingFashion.tsx(3,1430): error TS1005: ';' expected.
src/pages/DemandForecastingFashion.tsx(3,1444): error TS1005: ';' expected.
src/pages/DemandForecastingFashion.tsx(3,1462): error TS1005: ';' expected.
src/pages/DemandForecastingFashion.tsx(3,1477): error TS1005: ';' expected.
src/pages/DemandForecastingFashion.tsx(3,1522): error TS1005: ';' expected.
src/pages/DemandForecastingFashion.tsx(3,1528): error TS1005: ';' expected.
src/pages/DemandForecastingFashion.tsx(3,1544): error TS1005: ';' expected.
src/pages/DemandForecastingFashion.tsx(3,1557): error TS1005: ';' expected.
src/pages/DemandForecastingFashion.tsx(3,1584): error TS1005: ';' expected.
src/pages/DemandForecastingFashion.tsx(3,1592): error TS1005: ';' expected.
src/pages/DemandForecastingFashion.tsx(3,1613): error TS1005: ';' expected.
src/pages/DemandForecastingFashion.tsx(3,1715): error TS1005: ';' expected.
src/pages/DemandForecastingFashion.tsx(3,1727): error TS1005: ';' expected.
src/pages/DemandForecastingFashion.tsx(3,1750): error TS1005: ';' expected.
src/pages/DemandForecastingFashion.tsx(3,1757): error TS1005: ';' expected.
src/pages/DemandForecastingFashion.tsx(3,1826): error TS1002: Unterminated string literal.
src/pages/DemandForecastingFashion.tsx(4,3): error TS1128: Declaration or statement expected.
src/pages/DeploymentSettings.tsx(9,49): error TS1003: Identifier expected.
src/pages/DeploymentSettings.tsx(9,87): error TS1002: Unterminated string literal.
src/pages/DeploymentSettings.tsx(10,7): error TS1128: Declaration or statement expected.
src/pages/DeploymentSettings.tsx(24,5): error TS1128: Declaration or statement expected.
src/pages/DeploymentSettings.tsx(25,3): error TS1109: Expression expected.
src/pages/DeveloperPortal.tsx(669,7): error TS1003: Identifier expected.
src/pages/DeveloperPortal.tsx(670,20): error TS1005: ';' expected.
src/pages/DeveloperPortal.tsx(670,25): error TS1434: Unexpected keyword or identifier.
src/pages/DeveloperPortal.tsx(670,30): error TS1434: Unexpected keyword or identifier.
src/pages/DeveloperPortal.tsx(670,34): error TS1434: Unexpected keyword or identifier.
src/pages/DeveloperPortal.tsx(671,11): error TS1128: Declaration or statement expected.
src/pages/DeveloperPortal.tsx(672,9): error TS1109: Expression expected.
src/pages/DeveloperPortal.tsx(677,7): error TS1128: Declaration or statement expected.
src/pages/DeveloperPortal.tsx(679,7): error TS2657: JSX expressions must have one parent element.
src/pages/DeveloperPortal.tsx(1021,5): error TS1128: Declaration or statement expected.
src/pages/DeveloperPortal.tsx(1022,3): error TS1109: Expression expected.
src/pages/DeveloperTools.tsx(9,49): error TS1003: Identifier expected.
src/pages/DeveloperTools.tsx(9,99): error TS1002: Unterminated string literal.
src/pages/DeveloperTools.tsx(10,7): error TS1128: Declaration or statement expected.
src/pages/DeveloperTools.tsx(25,5): error TS1128: Declaration or statement expected.
src/pages/DeveloperTools.tsx(26,3): error TS1109: Expression expected.
src/pages/DeviceManagement.tsx(17,49): error TS1003: Identifier expected.
src/pages/DeviceManagement.tsx(17,101): error TS1002: Unterminated string literal.
src/pages/DeviceManagement.tsx(18,7): error TS1128: Declaration or statement expected.
src/pages/DeviceManagement.tsx(20,7): error TS2657: JSX expressions must have one parent element.
src/pages/DeviceManagement.tsx(73,5): error TS1128: Declaration or statement expected.
src/pages/DeviceManagement.tsx(74,3): error TS1109: Expression expected.
src/pages/DeviceSIMManagement.tsx(3,92): error TS1003: Identifier expected.
src/pages/DeviceSIMManagement.tsx(3,213): error TS1005: ';' expected.
src/pages/DeviceSIMManagement.tsx(3,230): error TS1005: ';' expected.
src/pages/DeviceSIMManagement.tsx(3,235): error TS1005: ';' expected.
src/pages/DeviceSIMManagement.tsx(3,255): error TS1005: ';' expected.
src/pages/DeviceSIMManagement.tsx(3,258): error TS1005: ';' expected.
src/pages/DeviceSIMManagement.tsx(3,284): error TS1005: ';' expected.
src/pages/DeviceSIMManagement.tsx(3,288): error TS1005: ';' expected.
src/pages/DeviceSIMManagement.tsx(3,304): error TS1005: ';' expected.
src/pages/DeviceSIMManagement.tsx(3,312): error TS1005: ';' expected.
src/pages/DeviceSIMManagement.tsx(3,333): error TS1005: ';' expected.
src/pages/DeviceSIMManagement.tsx(3,366): error TS1005: ';' expected.
src/pages/DeviceSIMManagement.tsx(3,372): error TS1351: An identifier or keyword cannot immediately follow a numeric literal.
src/pages/DeviceSIMManagement.tsx(3,384): error TS1005: ';' expected.
src/pages/DeviceSIMManagement.tsx(3,445): error TS1005: ';' expected.
src/pages/DeviceSIMManagement.tsx(3,448): error TS1005: ';' expected.
src/pages/DeviceSIMManagement.tsx(3,474): error TS1005: ';' expected.
src/pages/DeviceSIMManagement.tsx(3,478): error TS1005: ';' expected.
src/pages/DeviceSIMManagement.tsx(3,494): error TS1005: ';' expected.
src/pages/DeviceSIMManagement.tsx(3,502): error TS1005: ';' expected.
src/pages/DeviceSIMManagement.tsx(3,523): error TS1005: ';' expected.
src/pages/DeviceSIMManagement.tsx(3,549): error TS1005: ';' expected.
src/pages/DeviceSIMManagement.tsx(3,555): error TS1351: An identifier or keyword cannot immediately follow a numeric literal.
src/pages/DeviceSIMManagement.tsx(3,568): error TS1005: ';' expected.
src/pages/DeviceSIMManagement.tsx(3,582): error TS1005: ';' expected.
src/pages/DeviceSIMManagement.tsx(3,635): error TS1005: ';' expected.
src/pages/DeviceSIMManagement.tsx(3,638): error TS1005: ';' expected.
src/pages/DeviceSIMManagement.tsx(3,664): error TS1005: ';' expected.
src/pages/DeviceSIMManagement.tsx(3,668): error TS1005: ';' expected.
src/pages/DeviceSIMManagement.tsx(3,684): error TS1005: ';' expected.
src/pages/DeviceSIMManagement.tsx(3,692): error TS1005: ';' expected.
src/pages/DeviceSIMManagement.tsx(3,713): error TS1005: ';' expected.
src/pages/DeviceSIMManagement.tsx(3,747): error TS1005: ';' expected.
src/pages/DeviceSIMManagement.tsx(3,753): error TS1351: An identifier or keyword cannot immediately follow a numeric literal.
src/pages/DeviceSIMManagement.tsx(3,766): error TS1005: ';' expected.
src/pages/DeviceSIMManagement.tsx(3,779): error TS1005: ';' expected.
src/pages/DeviceSIMManagement.tsx(3,839): error TS1005: ';' expected.
src/pages/DeviceSIMManagement.tsx(3,842): error TS1005: ';' expected.
src/pages/DeviceSIMManagement.tsx(3,868): error TS1005: ';' expected.
src/pages/DeviceSIMManagement.tsx(3,872): error TS1005: ';' expected.
src/pages/DeviceSIMManagement.tsx(3,888): error TS1005: ';' expected.
src/pages/DeviceSIMManagement.tsx(3,896): error TS1005: ';' expected.
src/pages/DeviceSIMManagement.tsx(3,917): error TS1005: ';' expected.
src/pages/DeviceSIMManagement.tsx(3,945): error TS1005: ';' expected.
src/pages/DeviceSIMManagement.tsx(3,951): error TS1351: An identifier or keyword cannot immediately follow a numeric literal.
src/pages/DeviceSIMManagement.tsx(3,963): error TS1005: ';' expected.
src/pages/DeviceSIMManagement.tsx(3,1111): error TS1005: ';' expected.
src/pages/DeviceSIMManagement.tsx(3,1120): error TS1005: ';' expected.
src/pages/DeviceSIMManagement.tsx(3,1179): error TS1005: ';' expected.
src/pages/DeviceSIMManagement.tsx(3,1188): error TS1005: ';' expected.
src/pages/DeviceSIMManagement.tsx(3,1261): error TS1005: ';' expected.
src/pages/DeviceSIMManagement.tsx(3,1283): error TS1005: ';' expected.
src/pages/DeviceSIMManagement.tsx(3,1295): error TS1005: ';' expected.
src/pages/DeviceSIMManagement.tsx(3,1299): error TS1005: ';' expected.
src/pages/DeviceSIMManagement.tsx(3,1384): error TS1005: ';' expected.
src/pages/DeviceSIMManagement.tsx(3,1388): error TS1005: ';' expected.
src/pages/DeviceSIMManagement.tsx(3,1395): error TS1434: Unexpected keyword or identifier.
src/pages/DeviceSIMManagement.tsx(3,1411): error TS1005: ';' expected.
src/pages/DeviceSIMManagement.tsx(3,1425): error TS1005: ';' expected.
src/pages/DeviceSIMManagement.tsx(3,1443): error TS1005: ';' expected.
src/pages/DeviceSIMManagement.tsx(3,1458): error TS1005: ';' expected.
src/pages/DeviceSIMManagement.tsx(3,1508): error TS1005: ';' expected.
src/pages/DeviceSIMManagement.tsx(3,1514): error TS1005: ';' expected.
src/pages/DeviceSIMManagement.tsx(3,1530): error TS1005: ';' expected.
src/pages/DeviceSIMManagement.tsx(3,1543): error TS1005: ';' expected.
src/pages/DeviceSIMManagement.tsx(3,1575): error TS1005: ';' expected.
src/pages/DeviceSIMManagement.tsx(3,1583): error TS1005: ';' expected.
src/pages/DeviceSIMManagement.tsx(3,1604): error TS1005: ';' expected.
src/pages/DeviceSIMManagement.tsx(3,1661): error TS1005: ';' expected.
src/pages/DeviceSIMManagement.tsx(3,1672): error TS1005: ';' expected.
src/pages/DeviceSIMManagement.tsx(3,1684): error TS1005: ';' expected.
src/pages/DeviceSIMManagement.tsx(3,1707): error TS1005: ';' expected.
src/pages/DeviceSIMManagement.tsx(3,1714): error TS1005: ';' expected.
src/pages/DeviceSIMManagement.tsx(3,1784): error TS1002: Unterminated string literal.
src/pages/DeviceSIMManagement.tsx(4,3): error TS1128: Declaration or statement expected.
src/pages/DigitalRetailLeads.tsx(45,49): error TS1003: Identifier expected.
src/pages/DigitalRetailLeads.tsx(45,123): error TS1002: Unterminated string literal.
src/pages/DigitalRetailLeads.tsx(46,7): error TS1128: Declaration or statement expected.
src/pages/DigitalRetailLeads.tsx(48,7): error TS2657: JSX expressions must have one parent element.
src/pages/DigitalRetailLeads.tsx(109,5): error TS1128: Declaration or statement expected.
src/pages/DigitalRetailLeads.tsx(110,3): error TS1109: Expression expected.
src/pages/DocumentManagement.tsx(17,49): error TS1003: Identifier expected.
src/pages/DocumentManagement.tsx(17,85): error TS1002: Unterminated string literal.
src/pages/DocumentManagement.tsx(18,7): error TS1128: Declaration or statement expected.
src/pages/DocumentManagement.tsx(72,5): error TS1128: Declaration or statement expected.
src/pages/DocumentManagement.tsx(73,3): error TS1109: Expression expected.
src/pages/DocumentProcessing.tsx(14,84): error TS1003: Identifier expected.
src/pages/DocumentProcessing.tsx(14,141): error TS1002: Unterminated string literal.
src/pages/DocumentProcessing.tsx(15,12): error TS1005: ';' expected.
src/pages/DocumentProcessing.tsx(16,9): error TS2657: JSX expressions must have one parent element.
src/pages/DocumentProcessing.tsx(20,7): error TS1128: Declaration or statement expected.
src/pages/DocumentProcessing.tsx(22,5): error TS1128: Declaration or statement expected.
src/pages/DocumentProcessing.tsx(23,3): error TS1109: Expression expected.
src/pages/DuplicateDetection.tsx(57,49): error TS1003: Identifier expected.
src/pages/DuplicateDetection.tsx(57,95): error TS1002: Unterminated string literal.
src/pages/DuplicateDetection.tsx(58,7): error TS1128: Declaration or statement expected.
src/pages/DuplicateDetection.tsx(61,9): error TS1003: Identifier expected.
src/pages/DuplicateDetection.tsx(61,14): error TS1005: ',' expected.
src/pages/DuplicateDetection.tsx(61,74): error TS1005: ',' expected.
src/pages/DuplicateDetection.tsx(61,84): error TS1005: ',' expected.
src/pages/DuplicateDetection.tsx(61,94): error TS1005: ',' expected.
src/pages/DuplicateDetection.tsx(61,97): error TS1003: Identifier expected.
src/pages/DuplicateDetection.tsx(61,102): error TS1005: ',' expected.
src/pages/DuplicateDetection.tsx(62,7): error TS1109: Expression expected.
src/pages/DuplicateDetection.tsx(62,9): error TS1128: Declaration or statement expected.
src/pages/DuplicateDetection.tsx(138,5): error TS1128: Declaration or statement expected.
src/pages/DuplicateDetection.tsx(139,3): error TS1109: Expression expected.
src/pages/DuplicateDetection.tsx(140,1): error TS1128: Declaration or statement expected.
src/pages/EarnedValueAnalysis.tsx(19,49): error TS1003: Identifier expected.
src/pages/EarnedValueAnalysis.tsx(19,128): error TS1002: Unterminated string literal.
src/pages/EarnedValueAnalysis.tsx(20,7): error TS1128: Declaration or statement expected.
src/pages/EarnedValueAnalysis.tsx(22,7): error TS2657: JSX expressions must have one parent element.
src/pages/EarnedValueAnalysis.tsx(60,5): error TS1128: Declaration or statement expected.
src/pages/EarnedValueAnalysis.tsx(61,3): error TS1109: Expression expected.
src/pages/ECommerceDelivery.tsx(45,49): error TS1003: Identifier expected.
src/pages/ECommerceDelivery.tsx(45,133): error TS1002: Unterminated string literal.
src/pages/ECommerceDelivery.tsx(46,7): error TS1128: Declaration or statement expected.
src/pages/ECommerceDelivery.tsx(48,7): error TS2657: JSX expressions must have one parent element.
src/pages/ECommerceDelivery.tsx(109,5): error TS1128: Declaration or statement expected.
src/pages/ECommerceDelivery.tsx(110,3): error TS1109: Expression expected.
src/pages/EcommerceMarketplace.tsx(3,94): error TS1003: Identifier expected.
src/pages/EcommerceMarketplace.tsx(3,227): error TS1005: ';' expected.
src/pages/EcommerceMarketplace.tsx(3,244): error TS1005: ';' expected.
src/pages/EcommerceMarketplace.tsx(3,249): error TS1005: ';' expected.
src/pages/EcommerceMarketplace.tsx(3,269): error TS1005: ';' expected.
src/pages/EcommerceMarketplace.tsx(3,272): error TS1005: ';' expected.
src/pages/EcommerceMarketplace.tsx(3,298): error TS1005: ';' expected.
src/pages/EcommerceMarketplace.tsx(3,302): error TS1005: ';' expected.
src/pages/EcommerceMarketplace.tsx(3,318): error TS1005: ';' expected.
src/pages/EcommerceMarketplace.tsx(3,326): error TS1005: ';' expected.
src/pages/EcommerceMarketplace.tsx(3,347): error TS1005: ';' expected.
src/pages/EcommerceMarketplace.tsx(3,375): error TS1005: ';' expected.
src/pages/EcommerceMarketplace.tsx(3,381): error TS1351: An identifier or keyword cannot immediately follow a numeric literal.
src/pages/EcommerceMarketplace.tsx(3,393): error TS1005: ';' expected.
src/pages/EcommerceMarketplace.tsx(3,455): error TS1005: ';' expected.
src/pages/EcommerceMarketplace.tsx(3,458): error TS1005: ';' expected.
src/pages/EcommerceMarketplace.tsx(3,484): error TS1005: ';' expected.
src/pages/EcommerceMarketplace.tsx(3,488): error TS1005: ';' expected.
src/pages/EcommerceMarketplace.tsx(3,504): error TS1005: ';' expected.
src/pages/EcommerceMarketplace.tsx(3,512): error TS1005: ';' expected.
src/pages/EcommerceMarketplace.tsx(3,533): error TS1005: ';' expected.
src/pages/EcommerceMarketplace.tsx(3,559): error TS1005: ';' expected.
src/pages/EcommerceMarketplace.tsx(3,565): error TS1351: An identifier or keyword cannot immediately follow a numeric literal.
src/pages/EcommerceMarketplace.tsx(3,578): error TS1005: ';' expected.
src/pages/EcommerceMarketplace.tsx(3,592): error TS1005: ';' expected.
src/pages/EcommerceMarketplace.tsx(3,645): error TS1005: ';' expected.
src/pages/EcommerceMarketplace.tsx(3,648): error TS1005: ';' expected.
src/pages/EcommerceMarketplace.tsx(3,674): error TS1005: ';' expected.
src/pages/EcommerceMarketplace.tsx(3,678): error TS1005: ';' expected.
src/pages/EcommerceMarketplace.tsx(3,694): error TS1005: ';' expected.
src/pages/EcommerceMarketplace.tsx(3,702): error TS1005: ';' expected.
src/pages/EcommerceMarketplace.tsx(3,723): error TS1005: ';' expected.
src/pages/EcommerceMarketplace.tsx(3,754): error TS1005: ';' expected.
src/pages/EcommerceMarketplace.tsx(3,760): error TS1351: An identifier or keyword cannot immediately follow a numeric literal.
src/pages/EcommerceMarketplace.tsx(3,772): error TS1005: ';' expected.
src/pages/EcommerceMarketplace.tsx(3,830): error TS1005: ';' expected.
src/pages/EcommerceMarketplace.tsx(3,833): error TS1005: ';' expected.
src/pages/EcommerceMarketplace.tsx(3,859): error TS1005: ';' expected.
src/pages/EcommerceMarketplace.tsx(3,863): error TS1005: ';' expected.
src/pages/EcommerceMarketplace.tsx(3,879): error TS1005: ';' expected.
src/pages/EcommerceMarketplace.tsx(3,887): error TS1005: ';' expected.
src/pages/EcommerceMarketplace.tsx(3,908): error TS1005: ';' expected.
src/pages/EcommerceMarketplace.tsx(3,940): error TS1005: ';' expected.
src/pages/EcommerceMarketplace.tsx(3,946): error TS1351: An identifier or keyword cannot immediately follow a numeric literal.
src/pages/EcommerceMarketplace.tsx(3,958): error TS1005: ';' expected.
src/pages/EcommerceMarketplace.tsx(3,1089): error TS1005: ';' expected.
src/pages/EcommerceMarketplace.tsx(3,1098): error TS1005: ';' expected.
src/pages/EcommerceMarketplace.tsx(3,1170): error TS1005: ';' expected.
src/pages/EcommerceMarketplace.tsx(3,1179): error TS1005: ';' expected.
src/pages/EcommerceMarketplace.tsx(3,1253): error TS1005: ';' expected.
src/pages/EcommerceMarketplace.tsx(3,1275): error TS1005: ';' expected.
src/pages/EcommerceMarketplace.tsx(3,1287): error TS1005: ';' expected.
src/pages/EcommerceMarketplace.tsx(3,1291): error TS1005: ';' expected.
src/pages/EcommerceMarketplace.tsx(3,1378): error TS1005: ';' expected.
src/pages/EcommerceMarketplace.tsx(3,1382): error TS1005: ';' expected.
src/pages/EcommerceMarketplace.tsx(3,1389): error TS1434: Unexpected keyword or identifier.
src/pages/EcommerceMarketplace.tsx(3,1405): error TS1005: ';' expected.
src/pages/EcommerceMarketplace.tsx(3,1419): error TS1005: ';' expected.
src/pages/EcommerceMarketplace.tsx(3,1437): error TS1005: ';' expected.
src/pages/EcommerceMarketplace.tsx(3,1452): error TS1005: ';' expected.
src/pages/EcommerceMarketplace.tsx(3,1503): error TS1005: ';' expected.
src/pages/EcommerceMarketplace.tsx(3,1509): error TS1005: ';' expected.
src/pages/EcommerceMarketplace.tsx(3,1525): error TS1005: ';' expected.
src/pages/EcommerceMarketplace.tsx(3,1538): error TS1005: ';' expected.
src/pages/EcommerceMarketplace.tsx(3,1565): error TS1005: ';' expected.
src/pages/EcommerceMarketplace.tsx(3,1573): error TS1005: ';' expected.
src/pages/EcommerceMarketplace.tsx(3,1594): error TS1005: ';' expected.
src/pages/EcommerceMarketplace.tsx(3,1652): error TS1005: ';' expected.
src/pages/EcommerceMarketplace.tsx(3,1663): error TS1005: ';' expected.
src/pages/EcommerceMarketplace.tsx(3,1675): error TS1005: ';' expected.
src/pages/EcommerceMarketplace.tsx(3,1698): error TS1005: ';' expected.
src/pages/EcommerceMarketplace.tsx(3,1705): error TS1005: ';' expected.
src/pages/EcommerceMarketplace.tsx(3,1775): error TS1002: Unterminated string literal.
src/pages/EcommerceMarketplace.tsx(4,3): error TS1128: Declaration or statement expected.
src/pages/EDIMarketplaceConnectors.tsx(45,49): error TS1003: Identifier expected.
src/pages/EDIMarketplaceConnectors.tsx(45,134): error TS1002: Unterminated string literal.
src/pages/EDIMarketplaceConnectors.tsx(46,7): error TS1128: Declaration or statement expected.
src/pages/EDIMarketplaceConnectors.tsx(48,7): error TS2657: JSX expressions must have one parent element.
src/pages/EDIMarketplaceConnectors.tsx(123,5): error TS1128: Declaration or statement expected.
src/pages/EDIMarketplaceConnectors.tsx(124,3): error TS1109: Expression expected.
src/pages/Email.tsx(51,107): error TS1003: Identifier expected.
src/pages/Email.tsx(51,171): error TS1002: Unterminated string literal.
src/pages/Email.tsx(52,9): error TS1128: Declaration or statement expected.
src/pages/Email.tsx(57,7): error TS1128: Declaration or statement expected.
src/pages/Email.tsx(107,5): error TS1128: Declaration or statement expected.
src/pages/Email.tsx(108,3): error TS1109: Expression expected.
src/pages/EmailConfiguration.tsx(10,49): error TS1003: Identifier expected.
src/pages/EmailConfiguration.tsx(10,88): error TS1002: Unterminated string literal.
src/pages/EmailConfiguration.tsx(11,7): error TS1128: Declaration or statement expected.
src/pages/EmailConfiguration.tsx(25,5): error TS1128: Declaration or statement expected.
src/pages/EmailConfiguration.tsx(26,3): error TS1109: Expression expected.
src/pages/EmailManagement.tsx(60,5): error TS2657: JSX expressions must have one parent element.
src/pages/EmailManagement.tsx(64,11): error TS1003: Identifier expected.
src/pages/EmailManagement.tsx(65,9): error TS1005: ')' expected.
src/pages/EmailManagement.tsx(70,7): error TS1128: Declaration or statement expected.
src/pages/EmailManagement.tsx(138,5): error TS1128: Declaration or statement expected.
src/pages/EmailManagement.tsx(139,3): error TS1109: Expression expected.
src/pages/EmployeeEngagement.tsx(7,25): error TS1005: ')' expected.
src/pages/EmployeeEngagement.tsx(7,34): error TS1434: Unexpected keyword or identifier.
src/pages/EmployeeEngagement.tsx(7,44): error TS1128: Declaration or statement expected.
src/pages/EmployeeEngagement.tsx(7,130): error TS1005: ';' expected.
src/pages/EmployeeEngagement.tsx(13,5): error TS1128: Declaration or statement expected.
src/pages/EmployeeEngagement.tsx(14,3): error TS1109: Expression expected.
src/pages/Enrollment.tsx(3,81): error TS1003: Identifier expected.
src/pages/Enrollment.tsx(3,204): error TS1005: ';' expected.
src/pages/Enrollment.tsx(3,221): error TS1005: ';' expected.
src/pages/Enrollment.tsx(3,226): error TS1005: ';' expected.
src/pages/Enrollment.tsx(3,246): error TS1005: ';' expected.
src/pages/Enrollment.tsx(3,249): error TS1005: ';' expected.
src/pages/Enrollment.tsx(3,275): error TS1005: ';' expected.
src/pages/Enrollment.tsx(3,279): error TS1005: ';' expected.
src/pages/Enrollment.tsx(3,295): error TS1005: ';' expected.
src/pages/Enrollment.tsx(3,303): error TS1005: ';' expected.
src/pages/Enrollment.tsx(3,324): error TS1005: ';' expected.
src/pages/Enrollment.tsx(3,355): error TS1005: ';' expected.
src/pages/Enrollment.tsx(3,361): error TS1351: An identifier or keyword cannot immediately follow a numeric literal.
src/pages/Enrollment.tsx(3,373): error TS1005: ';' expected.
src/pages/Enrollment.tsx(3,438): error TS1005: ';' expected.
src/pages/Enrollment.tsx(3,441): error TS1005: ';' expected.
src/pages/Enrollment.tsx(3,467): error TS1005: ';' expected.
src/pages/Enrollment.tsx(3,471): error TS1005: ';' expected.
src/pages/Enrollment.tsx(3,487): error TS1005: ';' expected.
src/pages/Enrollment.tsx(3,495): error TS1005: ';' expected.
src/pages/Enrollment.tsx(3,516): error TS1005: ';' expected.
src/pages/Enrollment.tsx(3,542): error TS1005: ';' expected.
src/pages/Enrollment.tsx(3,548): error TS1351: An identifier or keyword cannot immediately follow a numeric literal.
src/pages/Enrollment.tsx(3,561): error TS1005: ';' expected.
src/pages/Enrollment.tsx(3,575): error TS1005: ';' expected.
src/pages/Enrollment.tsx(3,628): error TS1005: ';' expected.
src/pages/Enrollment.tsx(3,631): error TS1005: ';' expected.
src/pages/Enrollment.tsx(3,657): error TS1005: ';' expected.
src/pages/Enrollment.tsx(3,661): error TS1005: ';' expected.
src/pages/Enrollment.tsx(3,677): error TS1005: ';' expected.
src/pages/Enrollment.tsx(3,685): error TS1005: ';' expected.
src/pages/Enrollment.tsx(3,706): error TS1005: ';' expected.
src/pages/Enrollment.tsx(3,735): error TS1005: ';' expected.
src/pages/Enrollment.tsx(3,741): error TS1351: An identifier or keyword cannot immediately follow a numeric literal.
src/pages/Enrollment.tsx(3,754): error TS1005: ';' expected.
src/pages/Enrollment.tsx(3,767): error TS1005: ';' expected.
src/pages/Enrollment.tsx(3,823): error TS1005: ';' expected.
src/pages/Enrollment.tsx(3,826): error TS1005: ';' expected.
src/pages/Enrollment.tsx(3,852): error TS1005: ';' expected.
src/pages/Enrollment.tsx(3,856): error TS1005: ';' expected.
src/pages/Enrollment.tsx(3,872): error TS1005: ';' expected.
src/pages/Enrollment.tsx(3,880): error TS1005: ';' expected.
src/pages/Enrollment.tsx(3,901): error TS1005: ';' expected.
src/pages/Enrollment.tsx(3,927): error TS1005: ';' expected.
src/pages/Enrollment.tsx(3,933): error TS1351: An identifier or keyword cannot immediately follow a numeric literal.
src/pages/Enrollment.tsx(3,945): error TS1005: ';' expected.
src/pages/Enrollment.tsx(3,1104): error TS1005: ';' expected.
src/pages/Enrollment.tsx(3,1113): error TS1005: ';' expected.
src/pages/Enrollment.tsx(3,1176): error TS1005: ';' expected.
src/pages/Enrollment.tsx(3,1185): error TS1005: ';' expected.
src/pages/Enrollment.tsx(3,1262): error TS1005: ';' expected.
src/pages/Enrollment.tsx(3,1284): error TS1005: ';' expected.
src/pages/Enrollment.tsx(3,1296): error TS1005: ';' expected.
src/pages/Enrollment.tsx(3,1300): error TS1005: ';' expected.
src/pages/Enrollment.tsx(3,1393): error TS1005: ';' expected.
src/pages/Enrollment.tsx(3,1397): error TS1005: ';' expected.
src/pages/Enrollment.tsx(3,1404): error TS1434: Unexpected keyword or identifier.
src/pages/Enrollment.tsx(3,1420): error TS1005: ';' expected.
src/pages/Enrollment.tsx(3,1434): error TS1005: ';' expected.
src/pages/Enrollment.tsx(3,1452): error TS1005: ';' expected.
src/pages/Enrollment.tsx(3,1467): error TS1005: ';' expected.
src/pages/Enrollment.tsx(3,1514): error TS1005: ';' expected.
src/pages/Enrollment.tsx(3,1520): error TS1005: ';' expected.
src/pages/Enrollment.tsx(3,1536): error TS1005: ';' expected.
src/pages/Enrollment.tsx(3,1549): error TS1005: ';' expected.
src/pages/Enrollment.tsx(3,1585): error TS1005: ';' expected.
src/pages/Enrollment.tsx(3,1593): error TS1005: ';' expected.
src/pages/Enrollment.tsx(3,1614): error TS1005: ';' expected.
src/pages/Enrollment.tsx(3,1670): error TS1005: ';' expected.
src/pages/Enrollment.tsx(3,1681): error TS1005: ';' expected.
src/pages/Enrollment.tsx(3,1693): error TS1005: ';' expected.
src/pages/Enrollment.tsx(3,1716): error TS1005: ';' expected.
src/pages/Enrollment.tsx(3,1723): error TS1005: ';' expected.
src/pages/Enrollment.tsx(3,1793): error TS1002: Unterminated string literal.
src/pages/Enrollment.tsx(4,3): error TS1128: Declaration or statement expected.
src/pages/Epics.tsx(12,5): error TS2657: JSX expressions must have one parent element.
src/pages/Epics.tsx(14,8): error TS1003: Identifier expected.
src/pages/Epics.tsx(15,7): error TS1005: ')' expected.
src/pages/Epics.tsx(52,5): error TS1128: Declaration or statement expected.
src/pages/Epics.tsx(53,3): error TS1109: Expression expected.
src/pages/EquipmentManagement.tsx(45,49): error TS1003: Identifier expected.
src/pages/EquipmentManagement.tsx(45,116): error TS1002: Unterminated string literal.
src/pages/EquipmentManagement.tsx(46,7): error TS1128: Declaration or statement expected.
src/pages/EquipmentManagement.tsx(48,7): error TS2657: JSX expressions must have one parent element.
src/pages/EquipmentManagement.tsx(109,5): error TS1128: Declaration or statement expected.
src/pages/EquipmentManagement.tsx(110,3): error TS1109: Expression expected.
src/pages/ErrorHandling.tsx(41,52): error TS1003: Identifier expected.
src/pages/ErrorHandling.tsx(41,96): error TS1002: Unterminated string literal.
src/pages/ErrorHandling.tsx(42,7): error TS1128: Declaration or statement expected.
src/pages/ErrorHandling.tsx(43,7): error TS2657: JSX expressions must have one parent element.
src/pages/ErrorHandling.tsx(89,5): error TS1128: Declaration or statement expected.
src/pages/ErrorHandling.tsx(90,3): error TS1109: Expression expected.
src/pages/EstimationWorkbook.tsx(44,49): error TS1003: Identifier expected.
src/pages/EstimationWorkbook.tsx(44,101): error TS1002: Unterminated string literal.
src/pages/EstimationWorkbook.tsx(45,7): error TS1128: Declaration or statement expected.
src/pages/EstimationWorkbook.tsx(47,7): error TS2657: JSX expressions must have one parent element.
src/pages/EstimationWorkbook.tsx(119,5): error TS1128: Declaration or statement expected.
src/pages/EstimationWorkbook.tsx(120,3): error TS1109: Expression expected.
src/pages/EventsActivities.tsx(3,78): error TS1003: Identifier expected.
src/pages/EventsActivities.tsx(3,147): error TS1005: ';' expected.
src/pages/EventsActivities.tsx(3,164): error TS1005: ';' expected.
src/pages/EventsActivities.tsx(3,169): error TS1005: ';' expected.
src/pages/EventsActivities.tsx(3,189): error TS1005: ';' expected.
src/pages/EventsActivities.tsx(3,192): error TS1005: ';' expected.
src/pages/EventsActivities.tsx(3,218): error TS1005: ';' expected.
src/pages/EventsActivities.tsx(3,222): error TS1005: ';' expected.
src/pages/EventsActivities.tsx(3,238): error TS1005: ';' expected.
src/pages/EventsActivities.tsx(3,246): error TS1005: ';' expected.
src/pages/EventsActivities.tsx(3,267): error TS1005: ';' expected.
src/pages/EventsActivities.tsx(3,293): error TS1005: ';' expected.
src/pages/EventsActivities.tsx(3,299): error TS1351: An identifier or keyword cannot immediately follow a numeric literal.
src/pages/EventsActivities.tsx(3,311): error TS1005: ';' expected.
src/pages/EventsActivities.tsx(3,371): error TS1005: ';' expected.
src/pages/EventsActivities.tsx(3,374): error TS1005: ';' expected.
src/pages/EventsActivities.tsx(3,400): error TS1005: ';' expected.
src/pages/EventsActivities.tsx(3,404): error TS1005: ';' expected.
src/pages/EventsActivities.tsx(3,420): error TS1005: ';' expected.
src/pages/EventsActivities.tsx(3,428): error TS1005: ';' expected.
src/pages/EventsActivities.tsx(3,449): error TS1005: ';' expected.
src/pages/EventsActivities.tsx(3,475): error TS1005: ';' expected.
src/pages/EventsActivities.tsx(3,481): error TS1351: An identifier or keyword cannot immediately follow a numeric literal.
src/pages/EventsActivities.tsx(3,494): error TS1005: ';' expected.
src/pages/EventsActivities.tsx(3,508): error TS1005: ';' expected.
src/pages/EventsActivities.tsx(3,561): error TS1005: ';' expected.
src/pages/EventsActivities.tsx(3,564): error TS1005: ';' expected.
src/pages/EventsActivities.tsx(3,590): error TS1005: ';' expected.
src/pages/EventsActivities.tsx(3,594): error TS1005: ';' expected.
src/pages/EventsActivities.tsx(3,610): error TS1005: ';' expected.
src/pages/EventsActivities.tsx(3,618): error TS1005: ';' expected.
src/pages/EventsActivities.tsx(3,639): error TS1005: ';' expected.
src/pages/EventsActivities.tsx(3,668): error TS1005: ';' expected.
src/pages/EventsActivities.tsx(3,674): error TS1351: An identifier or keyword cannot immediately follow a numeric literal.
src/pages/EventsActivities.tsx(3,687): error TS1005: ';' expected.
src/pages/EventsActivities.tsx(3,700): error TS1005: ';' expected.
src/pages/EventsActivities.tsx(3,743): error TS1005: ';' expected.
src/pages/EventsActivities.tsx(3,805): error TS1005: ';' expected.
src/pages/EventsActivities.tsx(3,808): error TS1005: ';' expected.
src/pages/EventsActivities.tsx(3,834): error TS1005: ';' expected.
src/pages/EventsActivities.tsx(3,838): error TS1005: ';' expected.
src/pages/EventsActivities.tsx(3,854): error TS1005: ';' expected.
src/pages/EventsActivities.tsx(3,862): error TS1005: ';' expected.
src/pages/EventsActivities.tsx(3,883): error TS1005: ';' expected.
src/pages/EventsActivities.tsx(3,911): error TS1005: ';' expected.
src/pages/EventsActivities.tsx(3,917): error TS1351: An identifier or keyword cannot immediately follow a numeric literal.
src/pages/EventsActivities.tsx(3,929): error TS1005: ';' expected.
src/pages/EventsActivities.tsx(3,1074): error TS1005: ';' expected.
src/pages/EventsActivities.tsx(3,1083): error TS1005: ';' expected.
src/pages/EventsActivities.tsx(3,1140): error TS1005: ';' expected.
src/pages/EventsActivities.tsx(3,1149): error TS1005: ';' expected.
src/pages/EventsActivities.tsx(3,1220): error TS1005: ';' expected.
src/pages/EventsActivities.tsx(3,1242): error TS1005: ';' expected.
src/pages/EventsActivities.tsx(3,1254): error TS1005: ';' expected.
src/pages/EventsActivities.tsx(3,1258): error TS1005: ';' expected.
src/pages/EventsActivities.tsx(3,1340): error TS1005: ';' expected.
src/pages/EventsActivities.tsx(3,1344): error TS1005: ';' expected.
src/pages/EventsActivities.tsx(3,1351): error TS1434: Unexpected keyword or identifier.
src/pages/EventsActivities.tsx(3,1367): error TS1005: ';' expected.
src/pages/EventsActivities.tsx(3,1381): error TS1005: ';' expected.
src/pages/EventsActivities.tsx(3,1399): error TS1005: ';' expected.
src/pages/EventsActivities.tsx(3,1414): error TS1005: ';' expected.
src/pages/EventsActivities.tsx(3,1460): error TS1005: ';' expected.
src/pages/EventsActivities.tsx(3,1466): error TS1005: ';' expected.
src/pages/EventsActivities.tsx(3,1482): error TS1005: ';' expected.
src/pages/EventsActivities.tsx(3,1495): error TS1005: ';' expected.
src/pages/EventsActivities.tsx(3,1526): error TS1005: ';' expected.
src/pages/EventsActivities.tsx(3,1534): error TS1005: ';' expected.
src/pages/EventsActivities.tsx(3,1555): error TS1005: ';' expected.
src/pages/EventsActivities.tsx(3,1605): error TS1005: ';' expected.
src/pages/EventsActivities.tsx(3,1616): error TS1005: ';' expected.
src/pages/EventsActivities.tsx(3,1628): error TS1005: ';' expected.
src/pages/EventsActivities.tsx(3,1651): error TS1005: ';' expected.
src/pages/EventsActivities.tsx(3,1658): error TS1005: ';' expected.
src/pages/EventsActivities.tsx(3,1724): error TS1002: Unterminated string literal.
src/pages/EventsActivities.tsx(4,3): error TS1128: Declaration or statement expected.
src/pages/EventTriggers.tsx(18,49): error TS1003: Identifier expected.
src/pages/EventTriggers.tsx(18,98): error TS1002: Unterminated string literal.
src/pages/EventTriggers.tsx(19,7): error TS1128: Declaration or statement expected.
src/pages/EventTriggers.tsx(21,7): error TS2657: JSX expressions must have one parent element.
src/pages/EventTriggers.tsx(65,5): error TS1128: Declaration or statement expected.
src/pages/EventTriggers.tsx(66,3): error TS1109: Expression expected.
src/pages/ExceptionManagement.tsx(46,49): error TS1003: Identifier expected.
src/pages/ExceptionManagement.tsx(46,100): error TS1002: Unterminated string literal.
src/pages/ExceptionManagement.tsx(47,7): error TS1128: Declaration or statement expected.
src/pages/ExceptionManagement.tsx(49,7): error TS2657: JSX expressions must have one parent element.
src/pages/ExceptionManagement.tsx(133,5): error TS1128: Declaration or statement expected.
src/pages/ExceptionManagement.tsx(134,3): error TS1109: Expression expected.
src/pages/ExpenseCalculators.tsx(127,19): error TS17002: Expected corresponding JSX closing tag for 'StandardPage'.
src/pages/ExpenseCalculators.tsx(128,13): error TS1005: ')' expected.
src/pages/ExpenseCalculators.tsx(384,9): error TS1128: Declaration or statement expected.
src/pages/ExpenseCalculators.tsx(385,3): error TS1109: Expression expected.
src/pages/ExportManager.tsx(10,49): error TS1003: Identifier expected.
src/pages/ExportManager.tsx(10,93): error TS1002: Unterminated string literal.
src/pages/ExportManager.tsx(11,7): error TS1128: Declaration or statement expected.
src/pages/ExportManager.tsx(30,5): error TS1128: Declaration or statement expected.
src/pages/ExportManager.tsx(31,3): error TS1109: Expression expected.
src/pages/FacultyManagement.tsx(14,5): error TS2657: JSX expressions must have one parent element.
src/pages/FacultyManagement.tsx(17,193): error TS17002: Expected corresponding JSX closing tag for 'StandardPage'.
src/pages/FacultyManagement.tsx(25,5): error TS1005: ')' expected.
src/pages/FacultyManagement.tsx(26,3): error TS1109: Expression expected.
src/pages/FashionAnalytics.tsx(3,81): error TS1003: Identifier expected.
src/pages/FashionAnalytics.tsx(3,213): error TS1005: ';' expected.
src/pages/FashionAnalytics.tsx(3,230): error TS1005: ';' expected.
src/pages/FashionAnalytics.tsx(3,235): error TS1005: ';' expected.
src/pages/FashionAnalytics.tsx(3,255): error TS1005: ';' expected.
src/pages/FashionAnalytics.tsx(3,258): error TS1005: ';' expected.
src/pages/FashionAnalytics.tsx(3,284): error TS1005: ';' expected.
src/pages/FashionAnalytics.tsx(3,288): error TS1005: ';' expected.
src/pages/FashionAnalytics.tsx(3,304): error TS1005: ';' expected.
src/pages/FashionAnalytics.tsx(3,312): error TS1005: ';' expected.
src/pages/FashionAnalytics.tsx(3,333): error TS1005: ';' expected.
src/pages/FashionAnalytics.tsx(3,365): error TS1005: ';' expected.
src/pages/FashionAnalytics.tsx(3,371): error TS1351: An identifier or keyword cannot immediately follow a numeric literal.
src/pages/FashionAnalytics.tsx(3,383): error TS1005: ';' expected.
src/pages/FashionAnalytics.tsx(3,446): error TS1005: ';' expected.
src/pages/FashionAnalytics.tsx(3,449): error TS1005: ';' expected.
src/pages/FashionAnalytics.tsx(3,475): error TS1005: ';' expected.
src/pages/FashionAnalytics.tsx(3,479): error TS1005: ';' expected.
src/pages/FashionAnalytics.tsx(3,495): error TS1005: ';' expected.
src/pages/FashionAnalytics.tsx(3,503): error TS1005: ';' expected.
src/pages/FashionAnalytics.tsx(3,524): error TS1005: ';' expected.
src/pages/FashionAnalytics.tsx(3,560): error TS1005: ';' expected.
src/pages/FashionAnalytics.tsx(3,566): error TS1351: An identifier or keyword cannot immediately follow a numeric literal.
src/pages/FashionAnalytics.tsx(3,579): error TS1005: ';' expected.
src/pages/FashionAnalytics.tsx(3,593): error TS1005: ';' expected.
src/pages/FashionAnalytics.tsx(3,652): error TS1005: ';' expected.
src/pages/FashionAnalytics.tsx(3,655): error TS1005: ';' expected.
src/pages/FashionAnalytics.tsx(3,681): error TS1005: ';' expected.
src/pages/FashionAnalytics.tsx(3,685): error TS1005: ';' expected.
src/pages/FashionAnalytics.tsx(3,701): error TS1005: ';' expected.
src/pages/FashionAnalytics.tsx(3,709): error TS1005: ';' expected.
src/pages/FashionAnalytics.tsx(3,730): error TS1005: ';' expected.
src/pages/FashionAnalytics.tsx(3,765): error TS1005: ';' expected.
src/pages/FashionAnalytics.tsx(3,771): error TS1351: An identifier or keyword cannot immediately follow a numeric literal.
src/pages/FashionAnalytics.tsx(3,784): error TS1005: ';' expected.
src/pages/FashionAnalytics.tsx(3,799): error TS1005: ';' expected.
src/pages/FashionAnalytics.tsx(3,860): error TS1005: ';' expected.
src/pages/FashionAnalytics.tsx(3,863): error TS1005: ';' expected.
src/pages/FashionAnalytics.tsx(3,889): error TS1005: ';' expected.
src/pages/FashionAnalytics.tsx(3,893): error TS1005: ';' expected.
src/pages/FashionAnalytics.tsx(3,909): error TS1005: ';' expected.
src/pages/FashionAnalytics.tsx(3,917): error TS1005: ';' expected.
src/pages/FashionAnalytics.tsx(3,938): error TS1005: ';' expected.
src/pages/FashionAnalytics.tsx(3,969): error TS1005: ';' expected.
src/pages/FashionAnalytics.tsx(3,975): error TS1351: An identifier or keyword cannot immediately follow a numeric literal.
src/pages/FashionAnalytics.tsx(3,987): error TS1005: ';' expected.
src/pages/FashionAnalytics.tsx(3,1118): error TS1005: ';' expected.
src/pages/FashionAnalytics.tsx(3,1127): error TS1005: ';' expected.
src/pages/FashionAnalytics.tsx(3,1188): error TS1005: ';' expected.
src/pages/FashionAnalytics.tsx(3,1197): error TS1005: ';' expected.
src/pages/FashionAnalytics.tsx(3,1272): error TS1005: ';' expected.
src/pages/FashionAnalytics.tsx(3,1294): error TS1005: ';' expected.
src/pages/FashionAnalytics.tsx(3,1306): error TS1005: ';' expected.
src/pages/FashionAnalytics.tsx(3,1310): error TS1005: ';' expected.
src/pages/FashionAnalytics.tsx(3,1394): error TS1005: ';' expected.
src/pages/FashionAnalytics.tsx(3,1398): error TS1005: ';' expected.
src/pages/FashionAnalytics.tsx(3,1405): error TS1434: Unexpected keyword or identifier.
src/pages/FashionAnalytics.tsx(3,1421): error TS1005: ';' expected.
src/pages/FashionAnalytics.tsx(3,1435): error TS1005: ';' expected.
src/pages/FashionAnalytics.tsx(3,1453): error TS1005: ';' expected.
src/pages/FashionAnalytics.tsx(3,1468): error TS1005: ';' expected.
src/pages/FashionAnalytics.tsx(3,1521): error TS1005: ';' expected.
src/pages/FashionAnalytics.tsx(3,1527): error TS1005: ';' expected.
src/pages/FashionAnalytics.tsx(3,1543): error TS1005: ';' expected.
src/pages/FashionAnalytics.tsx(3,1556): error TS1005: ';' expected.
src/pages/FashionAnalytics.tsx(3,1583): error TS1005: ';' expected.
src/pages/FashionAnalytics.tsx(3,1591): error TS1005: ';' expected.
src/pages/FashionAnalytics.tsx(3,1612): error TS1005: ';' expected.
src/pages/FashionAnalytics.tsx(3,1713): error TS1005: ';' expected.
src/pages/FashionAnalytics.tsx(3,1725): error TS1005: ';' expected.
src/pages/FashionAnalytics.tsx(3,1748): error TS1005: ';' expected.
src/pages/FashionAnalytics.tsx(3,1755): error TS1005: ';' expected.
src/pages/FashionAnalytics.tsx(3,1829): error TS1002: Unterminated string literal.
src/pages/FashionAnalytics.tsx(4,3): error TS1128: Declaration or statement expected.
src/pages/FashionPOS.tsx(3,83): error TS1003: Identifier expected.
src/pages/FashionPOS.tsx(3,215): error TS1005: ';' expected.
src/pages/FashionPOS.tsx(3,232): error TS1005: ';' expected.
src/pages/FashionPOS.tsx(3,237): error TS1005: ';' expected.
src/pages/FashionPOS.tsx(3,257): error TS1005: ';' expected.
src/pages/FashionPOS.tsx(3,260): error TS1005: ';' expected.
src/pages/FashionPOS.tsx(3,286): error TS1005: ';' expected.
src/pages/FashionPOS.tsx(3,290): error TS1005: ';' expected.
src/pages/FashionPOS.tsx(3,306): error TS1005: ';' expected.
src/pages/FashionPOS.tsx(3,314): error TS1005: ';' expected.
src/pages/FashionPOS.tsx(3,335): error TS1005: ';' expected.
src/pages/FashionPOS.tsx(3,367): error TS1005: ';' expected.
src/pages/FashionPOS.tsx(3,373): error TS1351: An identifier or keyword cannot immediately follow a numeric literal.
src/pages/FashionPOS.tsx(3,385): error TS1005: ';' expected.
src/pages/FashionPOS.tsx(3,451): error TS1005: ';' expected.
src/pages/FashionPOS.tsx(3,454): error TS1005: ';' expected.
src/pages/FashionPOS.tsx(3,480): error TS1005: ';' expected.
src/pages/FashionPOS.tsx(3,484): error TS1005: ';' expected.
src/pages/FashionPOS.tsx(3,500): error TS1005: ';' expected.
src/pages/FashionPOS.tsx(3,508): error TS1005: ';' expected.
src/pages/FashionPOS.tsx(3,529): error TS1005: ';' expected.
src/pages/FashionPOS.tsx(3,560): error TS1005: ';' expected.
src/pages/FashionPOS.tsx(3,566): error TS1351: An identifier or keyword cannot immediately follow a numeric literal.
src/pages/FashionPOS.tsx(3,579): error TS1005: ';' expected.
src/pages/FashionPOS.tsx(3,593): error TS1005: ';' expected.
src/pages/FashionPOS.tsx(3,662): error TS1005: ';' expected.
src/pages/FashionPOS.tsx(3,665): error TS1005: ';' expected.
src/pages/FashionPOS.tsx(3,691): error TS1005: ';' expected.
src/pages/FashionPOS.tsx(3,695): error TS1005: ';' expected.
src/pages/FashionPOS.tsx(3,711): error TS1005: ';' expected.
src/pages/FashionPOS.tsx(3,719): error TS1005: ';' expected.
src/pages/FashionPOS.tsx(3,740): error TS1005: ';' expected.
src/pages/FashionPOS.tsx(3,777): error TS1005: ';' expected.
src/pages/FashionPOS.tsx(3,783): error TS1351: An identifier or keyword cannot immediately follow a numeric literal.
src/pages/FashionPOS.tsx(3,796): error TS1005: ';' expected.
src/pages/FashionPOS.tsx(3,811): error TS1005: ';' expected.
src/pages/FashionPOS.tsx(3,873): error TS1005: ';' expected.
src/pages/FashionPOS.tsx(3,876): error TS1005: ';' expected.
src/pages/FashionPOS.tsx(3,902): error TS1005: ';' expected.
src/pages/FashionPOS.tsx(3,906): error TS1005: ';' expected.
src/pages/FashionPOS.tsx(3,922): error TS1005: ';' expected.
src/pages/FashionPOS.tsx(3,930): error TS1005: ';' expected.
src/pages/FashionPOS.tsx(3,951): error TS1005: ';' expected.
src/pages/FashionPOS.tsx(3,977): error TS1005: ';' expected.
src/pages/FashionPOS.tsx(3,983): error TS1351: An identifier or keyword cannot immediately follow a numeric literal.
src/pages/FashionPOS.tsx(3,995): error TS1005: ';' expected.
src/pages/FashionPOS.tsx(3,1126): error TS1005: ';' expected.
src/pages/FashionPOS.tsx(3,1135): error TS1005: ';' expected.
src/pages/FashionPOS.tsx(3,1199): error TS1005: ';' expected.
src/pages/FashionPOS.tsx(3,1208): error TS1005: ';' expected.
src/pages/FashionPOS.tsx(3,1286): error TS1005: ';' expected.
src/pages/FashionPOS.tsx(3,1308): error TS1005: ';' expected.
src/pages/FashionPOS.tsx(3,1320): error TS1005: ';' expected.
src/pages/FashionPOS.tsx(3,1324): error TS1005: ';' expected.
src/pages/FashionPOS.tsx(3,1419): error TS1005: ';' expected.
src/pages/FashionPOS.tsx(3,1423): error TS1005: ';' expected.
src/pages/FashionPOS.tsx(3,1430): error TS1434: Unexpected keyword or identifier.
src/pages/FashionPOS.tsx(3,1446): error TS1005: ';' expected.
src/pages/FashionPOS.tsx(3,1460): error TS1005: ';' expected.
src/pages/FashionPOS.tsx(3,1478): error TS1005: ';' expected.
src/pages/FashionPOS.tsx(3,1493): error TS1005: ';' expected.
src/pages/FashionPOS.tsx(3,1542): error TS1005: ';' expected.
src/pages/FashionPOS.tsx(3,1548): error TS1005: ';' expected.
src/pages/FashionPOS.tsx(3,1564): error TS1005: ';' expected.
src/pages/FashionPOS.tsx(3,1577): error TS1005: ';' expected.
src/pages/FashionPOS.tsx(3,1614): error TS1005: ';' expected.
src/pages/FashionPOS.tsx(3,1622): error TS1005: ';' expected.
src/pages/FashionPOS.tsx(3,1643): error TS1005: ';' expected.
src/pages/FashionPOS.tsx(3,1680): error TS1005: ';' expected.
src/pages/FashionPOS.tsx(3,1700): error TS1005: ';' expected.
src/pages/FashionPOS.tsx(3,1707): error TS1005: ';' expected.
src/pages/FashionPOS.tsx(3,1778): error TS1002: Unterminated string literal.
src/pages/FashionPOS.tsx(4,3): error TS1128: Declaration or statement expected.
src/pages/FBDemandPlanning.tsx(19,49): error TS1003: Identifier expected.
src/pages/FBDemandPlanning.tsx(19,139): error TS1002: Unterminated string literal.
src/pages/FBDemandPlanning.tsx(20,7): error TS1128: Declaration or statement expected.
src/pages/FBDemandPlanning.tsx(22,7): error TS2657: JSX expressions must have one parent element.
src/pages/FBDemandPlanning.tsx(74,5): error TS1128: Declaration or statement expected.
src/pages/FBDemandPlanning.tsx(75,3): error TS1109: Expression expected.
src/pages/FBInventoryColdChain.tsx(44,49): error TS1003: Identifier expected.
src/pages/FBInventoryColdChain.tsx(44,134): error TS1002: Unterminated string literal.
src/pages/FBInventoryColdChain.tsx(45,7): error TS1128: Declaration or statement expected.
src/pages/FBInventoryColdChain.tsx(47,7): error TS2657: JSX expressions must have one parent element.
src/pages/FBInventoryColdChain.tsx(108,5): error TS1128: Declaration or statement expected.
src/pages/FBInventoryColdChain.tsx(109,3): error TS1109: Expression expected.
src/pages/FeatureFlags.tsx(129,35): error TS1003: Identifier expected.
src/pages/FeatureFlags.tsx(129,37): error TS1002: Unterminated string literal.
src/pages/FeatureFlags.tsx(130,13): error TS1434: Unexpected keyword or identifier.
src/pages/FeatureFlags.tsx(130,21): error TS1434: Unexpected keyword or identifier.
src/pages/FeatureFlags.tsx(130,29): error TS1434: Unexpected keyword or identifier.
src/pages/FeatureFlags.tsx(130,38): error TS1434: Unexpected keyword or identifier.
src/pages/FeatureFlags.tsx(130,42): error TS1434: Unexpected keyword or identifier.
src/pages/FeatureFlags.tsx(130,49): error TS1434: Unexpected keyword or identifier.
src/pages/FeatureFlags.tsx(131,11): error TS1128: Declaration or statement expected.
src/pages/FeatureFlags.tsx(132,9): error TS1109: Expression expected.
src/pages/FeatureFlags.tsx(143,7): error TS1128: Declaration or statement expected.
src/pages/FeatureFlags.tsx(146,12): error TS1005: ';' expected.
src/pages/FeatureFlags.tsx(152,9): error TS1109: Expression expected.
src/pages/FeatureFlags.tsx(152,10): error TS1005: ':' expected.
src/pages/FeatureFlags.tsx(160,7): error TS1128: Declaration or statement expected.
src/pages/FeatureFlags.tsx(163,12): error TS1005: ';' expected.
src/pages/FeatureFlags.tsx(164,9): error TS2657: JSX expressions must have one parent element.
src/pages/FeatureFlags.tsx(184,7): error TS1128: Declaration or statement expected.
src/pages/FeatureFlags.tsx(321,5): error TS1128: Declaration or statement expected.
src/pages/FeatureFlags.tsx(322,3): error TS1109: Expression expected.
src/pages/FieldService.tsx(3,83): error TS1003: Identifier expected.
src/pages/FieldService.tsx(3,177): error TS1005: ';' expected.
src/pages/FieldService.tsx(3,194): error TS1005: ';' expected.
src/pages/FieldService.tsx(3,199): error TS1005: ';' expected.
src/pages/FieldService.tsx(3,219): error TS1005: ';' expected.
src/pages/FieldService.tsx(3,222): error TS1005: ';' expected.
src/pages/FieldService.tsx(3,248): error TS1005: ';' expected.
src/pages/FieldService.tsx(3,252): error TS1005: ';' expected.
src/pages/FieldService.tsx(3,268): error TS1005: ';' expected.
src/pages/FieldService.tsx(3,276): error TS1005: ';' expected.
src/pages/FieldService.tsx(3,297): error TS1005: ';' expected.
src/pages/FieldService.tsx(3,328): error TS1005: ';' expected.
src/pages/FieldService.tsx(3,334): error TS1351: An identifier or keyword cannot immediately follow a numeric literal.
src/pages/FieldService.tsx(3,346): error TS1005: ';' expected.
src/pages/FieldService.tsx(3,410): error TS1005: ';' expected.
src/pages/FieldService.tsx(3,413): error TS1005: ';' expected.
src/pages/FieldService.tsx(3,439): error TS1005: ';' expected.
src/pages/FieldService.tsx(3,443): error TS1005: ';' expected.
src/pages/FieldService.tsx(3,459): error TS1005: ';' expected.
src/pages/FieldService.tsx(3,467): error TS1005: ';' expected.
src/pages/FieldService.tsx(3,488): error TS1005: ';' expected.
src/pages/FieldService.tsx(3,517): error TS1005: ';' expected.
src/pages/FieldService.tsx(3,523): error TS1351: An identifier or keyword cannot immediately follow a numeric literal.
src/pages/FieldService.tsx(3,536): error TS1005: ';' expected.
src/pages/FieldService.tsx(3,550): error TS1005: ';' expected.
src/pages/FieldService.tsx(3,606): error TS1005: ';' expected.
src/pages/FieldService.tsx(3,609): error TS1005: ';' expected.
src/pages/FieldService.tsx(3,635): error TS1005: ';' expected.
src/pages/FieldService.tsx(3,639): error TS1005: ';' expected.
src/pages/FieldService.tsx(3,655): error TS1005: ';' expected.
src/pages/FieldService.tsx(3,663): error TS1005: ';' expected.
src/pages/FieldService.tsx(3,684): error TS1005: ';' expected.
src/pages/FieldService.tsx(3,715): error TS1005: ';' expected.
src/pages/FieldService.tsx(3,721): error TS1351: An identifier or keyword cannot immediately follow a numeric literal.
src/pages/FieldService.tsx(3,734): error TS1005: ';' expected.
src/pages/FieldService.tsx(3,747): error TS1005: ';' expected.
src/pages/FieldService.tsx(3,805): error TS1005: ';' expected.
src/pages/FieldService.tsx(3,858): error TS1005: ';' expected.
src/pages/FieldService.tsx(3,861): error TS1005: ';' expected.
src/pages/FieldService.tsx(3,887): error TS1005: ';' expected.
src/pages/FieldService.tsx(3,891): error TS1005: ';' expected.
src/pages/FieldService.tsx(3,907): error TS1005: ';' expected.
src/pages/FieldService.tsx(3,915): error TS1005: ';' expected.
src/pages/FieldService.tsx(3,936): error TS1005: ';' expected.
src/pages/FieldService.tsx(3,968): error TS1005: ';' expected.
src/pages/FieldService.tsx(3,974): error TS1351: An identifier or keyword cannot immediately follow a numeric literal.
src/pages/FieldService.tsx(3,986): error TS1005: ';' expected.
src/pages/FieldService.tsx(3,1142): error TS1005: ';' expected.
src/pages/FieldService.tsx(3,1151): error TS1005: ';' expected.
src/pages/FieldService.tsx(3,1213): error TS1005: ';' expected.
src/pages/FieldService.tsx(3,1222): error TS1005: ';' expected.
src/pages/FieldService.tsx(3,1297): error TS1005: ';' expected.
src/pages/FieldService.tsx(3,1319): error TS1005: ';' expected.
src/pages/FieldService.tsx(3,1331): error TS1005: ';' expected.
src/pages/FieldService.tsx(3,1335): error TS1005: ';' expected.
src/pages/FieldService.tsx(3,1421): error TS1005: ';' expected.
src/pages/FieldService.tsx(3,1425): error TS1005: ';' expected.
src/pages/FieldService.tsx(3,1432): error TS1434: Unexpected keyword or identifier.
src/pages/FieldService.tsx(3,1448): error TS1005: ';' expected.
src/pages/FieldService.tsx(3,1462): error TS1005: ';' expected.
src/pages/FieldService.tsx(3,1480): error TS1005: ';' expected.
src/pages/FieldService.tsx(3,1495): error TS1005: ';' expected.
src/pages/FieldService.tsx(3,1540): error TS1005: ';' expected.
src/pages/FieldService.tsx(3,1546): error TS1005: ';' expected.
src/pages/FieldService.tsx(3,1562): error TS1005: ';' expected.
src/pages/FieldService.tsx(3,1575): error TS1005: ';' expected.
src/pages/FieldService.tsx(3,1610): error TS1005: ';' expected.
src/pages/FieldService.tsx(3,1618): error TS1005: ';' expected.
src/pages/FieldService.tsx(3,1639): error TS1005: ';' expected.
src/pages/FieldService.tsx(3,1697): error TS1005: ';' expected.
src/pages/FieldService.tsx(3,1711): error TS1005: ';' expected.
src/pages/FieldService.tsx(3,1723): error TS1005: ';' expected.
src/pages/FieldService.tsx(3,1746): error TS1005: ';' expected.
src/pages/FieldService.tsx(3,1753): error TS1005: ';' expected.
src/pages/FieldService.tsx(3,1819): error TS1002: Unterminated string literal.
src/pages/FieldService.tsx(4,3): error TS1128: Declaration or statement expected.
src/pages/FieldValidation.tsx(8,49): error TS1003: Identifier expected.
src/pages/FieldValidation.tsx(8,93): error TS1002: Unterminated string literal.
src/pages/FieldValidation.tsx(9,7): error TS1128: Declaration or statement expected.
src/pages/FieldValidation.tsx(23,5): error TS1128: Declaration or statement expected.
src/pages/FieldValidation.tsx(24,3): error TS1109: Expression expected.
src/pages/FinanceEnergy.tsx(3,72): error TS1003: Identifier expected.
src/pages/FinanceEnergy.tsx(3,152): error TS1005: ';' expected.
src/pages/FinanceEnergy.tsx(3,169): error TS1005: ';' expected.
src/pages/FinanceEnergy.tsx(3,174): error TS1005: ';' expected.
src/pages/FinanceEnergy.tsx(3,194): error TS1005: ';' expected.
src/pages/FinanceEnergy.tsx(3,197): error TS1005: ';' expected.
src/pages/FinanceEnergy.tsx(3,223): error TS1005: ';' expected.
src/pages/FinanceEnergy.tsx(3,227): error TS1005: ';' expected.
src/pages/FinanceEnergy.tsx(3,243): error TS1005: ';' expected.
src/pages/FinanceEnergy.tsx(3,251): error TS1005: ';' expected.
src/pages/FinanceEnergy.tsx(3,272): error TS1005: ';' expected.
src/pages/FinanceEnergy.tsx(3,304): error TS1005: ';' expected.
src/pages/FinanceEnergy.tsx(3,310): error TS1351: An identifier or keyword cannot immediately follow a numeric literal.
src/pages/FinanceEnergy.tsx(3,322): error TS1005: ';' expected.
src/pages/FinanceEnergy.tsx(3,383): error TS1005: ';' expected.
src/pages/FinanceEnergy.tsx(3,386): error TS1005: ';' expected.
src/pages/FinanceEnergy.tsx(3,412): error TS1005: ';' expected.
src/pages/FinanceEnergy.tsx(3,416): error TS1005: ';' expected.
src/pages/FinanceEnergy.tsx(3,432): error TS1005: ';' expected.
src/pages/FinanceEnergy.tsx(3,440): error TS1005: ';' expected.
src/pages/FinanceEnergy.tsx(3,461): error TS1005: ';' expected.
src/pages/FinanceEnergy.tsx(3,488): error TS1005: ';' expected.
src/pages/FinanceEnergy.tsx(3,494): error TS1351: An identifier or keyword cannot immediately follow a numeric literal.
src/pages/FinanceEnergy.tsx(3,507): error TS1005: ';' expected.
src/pages/FinanceEnergy.tsx(3,521): error TS1005: ';' expected.
src/pages/FinanceEnergy.tsx(3,600): error TS1005: ';' expected.
src/pages/FinanceEnergy.tsx(3,603): error TS1005: ';' expected.
src/pages/FinanceEnergy.tsx(3,629): error TS1005: ';' expected.
src/pages/FinanceEnergy.tsx(3,633): error TS1005: ';' expected.
src/pages/FinanceEnergy.tsx(3,649): error TS1005: ';' expected.
src/pages/FinanceEnergy.tsx(3,657): error TS1005: ';' expected.
src/pages/FinanceEnergy.tsx(3,678): error TS1005: ';' expected.
src/pages/FinanceEnergy.tsx(3,706): error TS1005: ';' expected.
src/pages/FinanceEnergy.tsx(3,712): error TS1351: An identifier or keyword cannot immediately follow a numeric literal.
src/pages/FinanceEnergy.tsx(3,725): error TS1005: ';' expected.
src/pages/FinanceEnergy.tsx(3,737): error TS1005: ';' expected.
src/pages/FinanceEnergy.tsx(3,816): error TS1005: ';' expected.
src/pages/FinanceEnergy.tsx(3,819): error TS1005: ';' expected.
src/pages/FinanceEnergy.tsx(3,845): error TS1005: ';' expected.
src/pages/FinanceEnergy.tsx(3,849): error TS1005: ';' expected.
src/pages/FinanceEnergy.tsx(3,865): error TS1005: ';' expected.
src/pages/FinanceEnergy.tsx(3,873): error TS1005: ';' expected.
src/pages/FinanceEnergy.tsx(3,894): error TS1005: ';' expected.
src/pages/FinanceEnergy.tsx(3,924): error TS1005: ';' expected.
src/pages/FinanceEnergy.tsx(3,930): error TS1351: An identifier or keyword cannot immediately follow a numeric literal.
src/pages/FinanceEnergy.tsx(3,943): error TS1005: ';' expected.
src/pages/FinanceEnergy.tsx(3,956): error TS1005: ';' expected.
src/pages/FinanceEnergy.tsx(3,1077): error TS1005: ';' expected.
src/pages/FinanceEnergy.tsx(3,1086): error TS1005: ';' expected.
src/pages/FinanceEnergy.tsx(3,1151): error TS1005: ';' expected.
src/pages/FinanceEnergy.tsx(3,1160): error TS1005: ';' expected.
src/pages/FinanceEnergy.tsx(3,1232): error TS1005: ';' expected.
src/pages/FinanceEnergy.tsx(3,1254): error TS1005: ';' expected.
src/pages/FinanceEnergy.tsx(3,1266): error TS1005: ';' expected.
src/pages/FinanceEnergy.tsx(3,1270): error TS1005: ';' expected.
src/pages/FinanceEnergy.tsx(3,1351): error TS1005: ';' expected.
src/pages/FinanceEnergy.tsx(3,1355): error TS1005: ';' expected.
src/pages/FinanceEnergy.tsx(3,1362): error TS1434: Unexpected keyword or identifier.
src/pages/FinanceEnergy.tsx(3,1378): error TS1005: ';' expected.
src/pages/FinanceEnergy.tsx(3,1392): error TS1005: ';' expected.
src/pages/FinanceEnergy.tsx(3,1410): error TS1005: ';' expected.
src/pages/FinanceEnergy.tsx(3,1425): error TS1005: ';' expected.
src/pages/FinanceEnergy.tsx(3,1471): error TS1005: ';' expected.
src/pages/FinanceEnergy.tsx(3,1477): error TS1005: ';' expected.
src/pages/FinanceEnergy.tsx(3,1493): error TS1005: ';' expected.
src/pages/FinanceEnergy.tsx(3,1506): error TS1005: ';' expected.
src/pages/FinanceEnergy.tsx(3,1539): error TS1005: ';' expected.
src/pages/FinanceEnergy.tsx(3,1547): error TS1005: ';' expected.
src/pages/FinanceEnergy.tsx(3,1568): error TS1005: ';' expected.
src/pages/FinanceEnergy.tsx(3,1608): error TS1005: ';' expected.
src/pages/FinanceEnergy.tsx(3,1628): error TS1005: ';' expected.
src/pages/FinanceEnergy.tsx(3,1635): error TS1005: ';' expected.
src/pages/FinanceEnergy.tsx(3,1697): error TS1002: Unterminated string literal.
src/pages/FinanceEnergy.tsx(4,3): error TS1128: Declaration or statement expected.
src/pages/FinanceGrants.tsx(3,75): error TS1003: Identifier expected.
src/pages/FinanceGrants.tsx(3,144): error TS1005: ';' expected.
src/pages/FinanceGrants.tsx(3,161): error TS1005: ';' expected.
src/pages/FinanceGrants.tsx(3,166): error TS1005: ';' expected.
src/pages/FinanceGrants.tsx(3,186): error TS1005: ';' expected.
src/pages/FinanceGrants.tsx(3,189): error TS1005: ';' expected.
src/pages/FinanceGrants.tsx(3,215): error TS1005: ';' expected.
src/pages/FinanceGrants.tsx(3,219): error TS1005: ';' expected.
src/pages/FinanceGrants.tsx(3,235): error TS1005: ';' expected.
src/pages/FinanceGrants.tsx(3,243): error TS1005: ';' expected.
src/pages/FinanceGrants.tsx(3,264): error TS1005: ';' expected.
src/pages/FinanceGrants.tsx(3,291): error TS1005: ';' expected.
src/pages/FinanceGrants.tsx(3,297): error TS1351: An identifier or keyword cannot immediately follow a numeric literal.
src/pages/FinanceGrants.tsx(3,309): error TS1005: ';' expected.
src/pages/FinanceGrants.tsx(3,370): error TS1005: ';' expected.
src/pages/FinanceGrants.tsx(3,373): error TS1005: ';' expected.
src/pages/FinanceGrants.tsx(3,399): error TS1005: ';' expected.
src/pages/FinanceGrants.tsx(3,403): error TS1005: ';' expected.
src/pages/FinanceGrants.tsx(3,419): error TS1005: ';' expected.
src/pages/FinanceGrants.tsx(3,427): error TS1005: ';' expected.
src/pages/FinanceGrants.tsx(3,448): error TS1005: ';' expected.
src/pages/FinanceGrants.tsx(3,476): error TS1005: ';' expected.
src/pages/FinanceGrants.tsx(3,482): error TS1351: An identifier or keyword cannot immediately follow a numeric literal.
src/pages/FinanceGrants.tsx(3,495): error TS1005: ';' expected.
src/pages/FinanceGrants.tsx(3,509): error TS1005: ';' expected.
src/pages/FinanceGrants.tsx(3,564): error TS1005: ';' expected.
src/pages/FinanceGrants.tsx(3,567): error TS1005: ';' expected.
src/pages/FinanceGrants.tsx(3,593): error TS1005: ';' expected.
src/pages/FinanceGrants.tsx(3,597): error TS1005: ';' expected.
src/pages/FinanceGrants.tsx(3,613): error TS1005: ';' expected.
src/pages/FinanceGrants.tsx(3,621): error TS1005: ';' expected.
src/pages/FinanceGrants.tsx(3,642): error TS1005: ';' expected.
src/pages/FinanceGrants.tsx(3,667): error TS1005: ';' expected.
src/pages/FinanceGrants.tsx(3,673): error TS1351: An identifier or keyword cannot immediately follow a numeric literal.
src/pages/FinanceGrants.tsx(3,686): error TS1005: ';' expected.
src/pages/FinanceGrants.tsx(3,699): error TS1005: ';' expected.
src/pages/FinanceGrants.tsx(3,782): error TS1005: ';' expected.
src/pages/FinanceGrants.tsx(3,785): error TS1005: ';' expected.
src/pages/FinanceGrants.tsx(3,811): error TS1005: ';' expected.
src/pages/FinanceGrants.tsx(3,815): error TS1005: ';' expected.
src/pages/FinanceGrants.tsx(3,831): error TS1005: ';' expected.
src/pages/FinanceGrants.tsx(3,839): error TS1005: ';' expected.
src/pages/FinanceGrants.tsx(3,860): error TS1005: ';' expected.
src/pages/FinanceGrants.tsx(3,893): error TS1005: ';' expected.
src/pages/FinanceGrants.tsx(3,899): error TS1351: An identifier or keyword cannot immediately follow a numeric literal.
src/pages/FinanceGrants.tsx(3,911): error TS1005: ';' expected.
src/pages/FinanceGrants.tsx(3,1060): error TS1005: ';' expected.
src/pages/FinanceGrants.tsx(3,1069): error TS1005: ';' expected.
src/pages/FinanceGrants.tsx(3,1127): error TS1005: ';' expected.
src/pages/FinanceGrants.tsx(3,1136): error TS1005: ';' expected.
src/pages/FinanceGrants.tsx(3,1208): error TS1005: ';' expected.
src/pages/FinanceGrants.tsx(3,1230): error TS1005: ';' expected.
src/pages/FinanceGrants.tsx(3,1242): error TS1005: ';' expected.
src/pages/FinanceGrants.tsx(3,1246): error TS1005: ';' expected.
src/pages/FinanceGrants.tsx(3,1330): error TS1005: ';' expected.
src/pages/FinanceGrants.tsx(3,1334): error TS1005: ';' expected.
src/pages/FinanceGrants.tsx(3,1341): error TS1434: Unexpected keyword or identifier.
src/pages/FinanceGrants.tsx(3,1357): error TS1005: ';' expected.
src/pages/FinanceGrants.tsx(3,1371): error TS1005: ';' expected.
src/pages/FinanceGrants.tsx(3,1389): error TS1005: ';' expected.
src/pages/FinanceGrants.tsx(3,1404): error TS1005: ';' expected.
src/pages/FinanceGrants.tsx(3,1450): error TS1005: ';' expected.
src/pages/FinanceGrants.tsx(3,1456): error TS1005: ';' expected.
src/pages/FinanceGrants.tsx(3,1472): error TS1005: ';' expected.
src/pages/FinanceGrants.tsx(3,1485): error TS1005: ';' expected.
src/pages/FinanceGrants.tsx(3,1517): error TS1005: ';' expected.
src/pages/FinanceGrants.tsx(3,1525): error TS1005: ';' expected.
src/pages/FinanceGrants.tsx(3,1546): error TS1005: ';' expected.
src/pages/FinanceGrants.tsx(3,1599): error TS1005: ';' expected.
src/pages/FinanceGrants.tsx(3,1612): error TS1005: ';' expected.
src/pages/FinanceGrants.tsx(3,1624): error TS1005: ';' expected.
src/pages/FinanceGrants.tsx(3,1647): error TS1005: ';' expected.
src/pages/FinanceGrants.tsx(3,1654): error TS1005: ';' expected.
src/pages/FinanceGrants.tsx(3,1720): error TS1002: Unterminated string literal.
src/pages/FinanceGrants.tsx(4,3): error TS1128: Declaration or statement expected.
src/pages/FinanceHealthcare.tsx(3,71): error TS1003: Identifier expected.
src/pages/FinanceHealthcare.tsx(3,197): error TS1005: ';' expected.
src/pages/FinanceHealthcare.tsx(3,214): error TS1005: ';' expected.
src/pages/FinanceHealthcare.tsx(3,219): error TS1005: ';' expected.
src/pages/FinanceHealthcare.tsx(3,239): error TS1005: ';' expected.
src/pages/FinanceHealthcare.tsx(3,242): error TS1005: ';' expected.
src/pages/FinanceHealthcare.tsx(3,268): error TS1005: ';' expected.
src/pages/FinanceHealthcare.tsx(3,272): error TS1005: ';' expected.
src/pages/FinanceHealthcare.tsx(3,288): error TS1005: ';' expected.
src/pages/FinanceHealthcare.tsx(3,296): error TS1005: ';' expected.
src/pages/FinanceHealthcare.tsx(3,317): error TS1005: ';' expected.
src/pages/FinanceHealthcare.tsx(3,344): error TS1005: ';' expected.
src/pages/FinanceHealthcare.tsx(3,350): error TS1351: An identifier or keyword cannot immediately follow a numeric literal.
src/pages/FinanceHealthcare.tsx(3,363): error TS1005: ';' expected.
src/pages/FinanceHealthcare.tsx(3,377): error TS1005: ';' expected.
src/pages/FinanceHealthcare.tsx(3,454): error TS1005: ';' expected.
src/pages/FinanceHealthcare.tsx(3,457): error TS1005: ';' expected.
src/pages/FinanceHealthcare.tsx(3,483): error TS1005: ';' expected.
src/pages/FinanceHealthcare.tsx(3,487): error TS1005: ';' expected.
src/pages/FinanceHealthcare.tsx(3,503): error TS1005: ';' expected.
src/pages/FinanceHealthcare.tsx(3,511): error TS1005: ';' expected.
src/pages/FinanceHealthcare.tsx(3,532): error TS1005: ';' expected.
src/pages/FinanceHealthcare.tsx(3,559): error TS1005: ';' expected.
src/pages/FinanceHealthcare.tsx(3,565): error TS1351: An identifier or keyword cannot immediately follow a numeric literal.
src/pages/FinanceHealthcare.tsx(3,578): error TS1005: ';' expected.
src/pages/FinanceHealthcare.tsx(3,590): error TS1005: ';' expected.
src/pages/FinanceHealthcare.tsx(3,667): error TS1005: ';' expected.
src/pages/FinanceHealthcare.tsx(3,670): error TS1005: ';' expected.
src/pages/FinanceHealthcare.tsx(3,696): error TS1005: ';' expected.
src/pages/FinanceHealthcare.tsx(3,700): error TS1005: ';' expected.
src/pages/FinanceHealthcare.tsx(3,716): error TS1005: ';' expected.
src/pages/FinanceHealthcare.tsx(3,724): error TS1005: ';' expected.
src/pages/FinanceHealthcare.tsx(3,745): error TS1005: ';' expected.
src/pages/FinanceHealthcare.tsx(3,768): error TS1005: ';' expected.
src/pages/FinanceHealthcare.tsx(3,774): error TS1351: An identifier or keyword cannot immediately follow a numeric literal.
src/pages/FinanceHealthcare.tsx(3,787): error TS1005: ';' expected.
src/pages/FinanceHealthcare.tsx(3,800): error TS1005: ';' expected.
src/pages/FinanceHealthcare.tsx(3,890): error TS1005: ';' expected.
src/pages/FinanceHealthcare.tsx(3,893): error TS1005: ';' expected.
src/pages/FinanceHealthcare.tsx(3,919): error TS1005: ';' expected.
src/pages/FinanceHealthcare.tsx(3,923): error TS1005: ';' expected.
src/pages/FinanceHealthcare.tsx(3,939): error TS1005: ';' expected.
src/pages/FinanceHealthcare.tsx(3,947): error TS1005: ';' expected.
src/pages/FinanceHealthcare.tsx(3,968): error TS1005: ';' expected.
src/pages/FinanceHealthcare.tsx(3,996): error TS1005: ';' expected.
src/pages/FinanceHealthcare.tsx(3,1002): error TS1351: An identifier or keyword cannot immediately follow a numeric literal.
src/pages/FinanceHealthcare.tsx(3,1014): error TS1005: ';' expected.
src/pages/FinanceHealthcare.tsx(3,1165): error TS1005: ';' expected.
src/pages/FinanceHealthcare.tsx(3,1174): error TS1005: ';' expected.
src/pages/FinanceHealthcare.tsx(3,1243): error TS1005: ';' expected.
src/pages/FinanceHealthcare.tsx(3,1252): error TS1005: ';' expected.
src/pages/FinanceHealthcare.tsx(3,1325): error TS1005: ';' expected.
src/pages/FinanceHealthcare.tsx(3,1347): error TS1005: ';' expected.
src/pages/FinanceHealthcare.tsx(3,1359): error TS1005: ';' expected.
src/pages/FinanceHealthcare.tsx(3,1363): error TS1005: ';' expected.
src/pages/FinanceHealthcare.tsx(3,1445): error TS1005: ';' expected.
src/pages/FinanceHealthcare.tsx(3,1449): error TS1005: ';' expected.
src/pages/FinanceHealthcare.tsx(3,1456): error TS1434: Unexpected keyword or identifier.
src/pages/FinanceHealthcare.tsx(3,1472): error TS1005: ';' expected.
src/pages/FinanceHealthcare.tsx(3,1486): error TS1005: ';' expected.
src/pages/FinanceHealthcare.tsx(3,1504): error TS1005: ';' expected.
src/pages/FinanceHealthcare.tsx(3,1519): error TS1005: ';' expected.
src/pages/FinanceHealthcare.tsx(3,1566): error TS1005: ';' expected.
src/pages/FinanceHealthcare.tsx(3,1572): error TS1005: ';' expected.
src/pages/FinanceHealthcare.tsx(3,1588): error TS1005: ';' expected.
src/pages/FinanceHealthcare.tsx(3,1601): error TS1005: ';' expected.
src/pages/FinanceHealthcare.tsx(3,1637): error TS1005: ';' expected.
src/pages/FinanceHealthcare.tsx(3,1645): error TS1005: ';' expected.
src/pages/FinanceHealthcare.tsx(3,1666): error TS1005: ';' expected.
src/pages/FinanceHealthcare.tsx(3,1712): error TS1005: ';' expected.
src/pages/FinanceHealthcare.tsx(3,1732): error TS1005: ';' expected.
src/pages/FinanceHealthcare.tsx(3,1739): error TS1005: ';' expected.
src/pages/FinanceHealthcare.tsx(3,1811): error TS1002: Unterminated string literal.
src/pages/FinanceHealthcare.tsx(4,3): error TS1128: Declaration or statement expected.
src/pages/FinanceMfg.tsx(3,71): error TS1003: Identifier expected.
src/pages/FinanceMfg.tsx(3,163): error TS1005: ';' expected.
src/pages/FinanceMfg.tsx(3,180): error TS1005: ';' expected.
src/pages/FinanceMfg.tsx(3,185): error TS1005: ';' expected.
src/pages/FinanceMfg.tsx(3,205): error TS1005: ';' expected.
src/pages/FinanceMfg.tsx(3,208): error TS1005: ';' expected.
src/pages/FinanceMfg.tsx(3,234): error TS1005: ';' expected.
src/pages/FinanceMfg.tsx(3,238): error TS1005: ';' expected.
src/pages/FinanceMfg.tsx(3,254): error TS1005: ';' expected.
src/pages/FinanceMfg.tsx(3,262): error TS1005: ';' expected.
src/pages/FinanceMfg.tsx(3,283): error TS1005: ';' expected.
src/pages/FinanceMfg.tsx(3,310): error TS1005: ';' expected.
src/pages/FinanceMfg.tsx(3,316): error TS1351: An identifier or keyword cannot immediately follow a numeric literal.
src/pages/FinanceMfg.tsx(3,329): error TS1005: ';' expected.
src/pages/FinanceMfg.tsx(3,343): error TS1005: ';' expected.
src/pages/FinanceMfg.tsx(3,420): error TS1005: ';' expected.
src/pages/FinanceMfg.tsx(3,423): error TS1005: ';' expected.
src/pages/FinanceMfg.tsx(3,449): error TS1005: ';' expected.
src/pages/FinanceMfg.tsx(3,453): error TS1005: ';' expected.
src/pages/FinanceMfg.tsx(3,469): error TS1005: ';' expected.
src/pages/FinanceMfg.tsx(3,477): error TS1005: ';' expected.
src/pages/FinanceMfg.tsx(3,498): error TS1005: ';' expected.
src/pages/FinanceMfg.tsx(3,525): error TS1005: ';' expected.
src/pages/FinanceMfg.tsx(3,531): error TS1351: An identifier or keyword cannot immediately follow a numeric literal.
src/pages/FinanceMfg.tsx(3,544): error TS1005: ';' expected.
src/pages/FinanceMfg.tsx(3,556): error TS1005: ';' expected.
src/pages/FinanceMfg.tsx(3,633): error TS1005: ';' expected.
src/pages/FinanceMfg.tsx(3,636): error TS1005: ';' expected.
src/pages/FinanceMfg.tsx(3,662): error TS1005: ';' expected.
src/pages/FinanceMfg.tsx(3,666): error TS1005: ';' expected.
src/pages/FinanceMfg.tsx(3,682): error TS1005: ';' expected.
src/pages/FinanceMfg.tsx(3,690): error TS1005: ';' expected.
src/pages/FinanceMfg.tsx(3,711): error TS1005: ';' expected.
src/pages/FinanceMfg.tsx(3,734): error TS1005: ';' expected.
src/pages/FinanceMfg.tsx(3,740): error TS1351: An identifier or keyword cannot immediately follow a numeric literal.
src/pages/FinanceMfg.tsx(3,753): error TS1005: ';' expected.
src/pages/FinanceMfg.tsx(3,766): error TS1005: ';' expected.
src/pages/FinanceMfg.tsx(3,856): error TS1005: ';' expected.
src/pages/FinanceMfg.tsx(3,859): error TS1005: ';' expected.
src/pages/FinanceMfg.tsx(3,885): error TS1005: ';' expected.
src/pages/FinanceMfg.tsx(3,889): error TS1005: ';' expected.
src/pages/FinanceMfg.tsx(3,905): error TS1005: ';' expected.
src/pages/FinanceMfg.tsx(3,913): error TS1005: ';' expected.
src/pages/FinanceMfg.tsx(3,934): error TS1005: ';' expected.
src/pages/FinanceMfg.tsx(3,962): error TS1005: ';' expected.
src/pages/FinanceMfg.tsx(3,968): error TS1351: An identifier or keyword cannot immediately follow a numeric literal.
src/pages/FinanceMfg.tsx(3,980): error TS1005: ';' expected.
src/pages/FinanceMfg.tsx(3,1131): error TS1005: ';' expected.
src/pages/FinanceMfg.tsx(3,1140): error TS1005: ';' expected.
src/pages/FinanceMfg.tsx(3,1201): error TS1005: ';' expected.
src/pages/FinanceMfg.tsx(3,1210): error TS1005: ';' expected.
src/pages/FinanceMfg.tsx(3,1283): error TS1005: ';' expected.
src/pages/FinanceMfg.tsx(3,1305): error TS1005: ';' expected.
src/pages/FinanceMfg.tsx(3,1317): error TS1005: ';' expected.
src/pages/FinanceMfg.tsx(3,1321): error TS1005: ';' expected.
src/pages/FinanceMfg.tsx(3,1403): error TS1005: ';' expected.
src/pages/FinanceMfg.tsx(3,1407): error TS1005: ';' expected.
src/pages/FinanceMfg.tsx(3,1414): error TS1434: Unexpected keyword or identifier.
src/pages/FinanceMfg.tsx(3,1430): error TS1005: ';' expected.
src/pages/FinanceMfg.tsx(3,1444): error TS1005: ';' expected.
src/pages/FinanceMfg.tsx(3,1462): error TS1005: ';' expected.
src/pages/FinanceMfg.tsx(3,1477): error TS1005: ';' expected.
src/pages/FinanceMfg.tsx(3,1524): error TS1005: ';' expected.
src/pages/FinanceMfg.tsx(3,1530): error TS1005: ';' expected.
src/pages/FinanceMfg.tsx(3,1546): error TS1005: ';' expected.
src/pages/FinanceMfg.tsx(3,1559): error TS1005: ';' expected.
src/pages/FinanceMfg.tsx(3,1595): error TS1005: ';' expected.
src/pages/FinanceMfg.tsx(3,1603): error TS1005: ';' expected.
src/pages/FinanceMfg.tsx(3,1624): error TS1005: ';' expected.
src/pages/FinanceMfg.tsx(3,1671): error TS1005: ';' expected.
src/pages/FinanceMfg.tsx(3,1691): error TS1005: ';' expected.
src/pages/FinanceMfg.tsx(3,1698): error TS1005: ';' expected.
src/pages/FinanceMfg.tsx(3,1771): error TS1002: Unterminated string literal.
src/pages/FinanceMfg.tsx(4,3): error TS1128: Declaration or statement expected.
src/pages/FinancialConsolidation.tsx(55,5): error TS1003: Identifier expected.
src/pages/FinancialConsolidation.tsx(55,17): error TS1005: ')' expected.
src/pages/FinancialConsolidation.tsx(55,21): error TS1005: ';' expected.
src/pages/FinancialConsolidation.tsx(55,90): error TS1002: Unterminated string literal.
src/pages/FinancialConsolidation.tsx(56,9): error TS1128: Declaration or statement expected.
src/pages/FinancialConsolidation.tsx(58,7): error TS1128: Declaration or statement expected.
src/pages/FinancialConsolidation.tsx(60,7): error TS2657: JSX expressions must have one parent element.
src/pages/FinancialConsolidation.tsx(150,5): error TS1128: Declaration or statement expected.
src/pages/FinancialConsolidation.tsx(151,3): error TS1109: Expression expected.
src/pages/FinancialReports.tsx(10,49): error TS1003: Identifier expected.
src/pages/FinancialReports.tsx(10,94): error TS1002: Unterminated string literal.
src/pages/FinancialReports.tsx(11,7): error TS1128: Declaration or statement expected.
src/pages/FinancialReports.tsx(38,5): error TS1128: Declaration or statement expected.
src/pages/FinancialReports.tsx(39,3): error TS1109: Expression expected.
src/pages/FinancialReportsDashboard.tsx(16,49): error TS1003: Identifier expected.
src/pages/FinancialReportsDashboard.tsx(16,91): error TS1002: Unterminated string literal.
src/pages/FinancialReportsDashboard.tsx(17,7): error TS1128: Declaration or statement expected.
src/pages/FinancialReportsDashboard.tsx(19,7): error TS2657: JSX expressions must have one parent element.
src/pages/FinancialReportsDashboard.tsx(63,5): error TS1128: Declaration or statement expected.
src/pages/FinancialReportsDashboard.tsx(64,3): error TS1109: Expression expected.
src/pages/FixedAssetsPage.tsx(18,56): error TS1003: Identifier expected.
src/pages/FixedAssetsPage.tsx(18,58): error TS1002: Unterminated string literal.
src/pages/FixedAssetsPage.tsx(19,48): error TS1005: ';' expected.
src/pages/FixedAssetsPage.tsx(19,68): error TS1005: ';' expected.
src/pages/FixedAssetsPage.tsx(19,81): error TS1005: ';' expected.
src/pages/FixedAssetsPage.tsx(19,100): error TS1005: ';' expected.
src/pages/FixedAssetsPage.tsx(19,118): error TS1109: Expression expected.
src/pages/FixedAssetsPage.tsx(20,21): error TS2657: JSX expressions must have one parent element.
src/pages/FixedAssetsPage.tsx(24,17): error TS1128: Declaration or statement expected.
src/pages/FixedAssetsPage.tsx(25,13): error TS1109: Expression expected.
src/pages/FixedAssetsPage.tsx(27,13): error TS2657: JSX expressions must have one parent element.
src/pages/FixedAssetsPage.tsx(30,9): error TS1128: Declaration or statement expected.
src/pages/FixedAssetsPage.tsx(31,3): error TS1109: Expression expected.
src/pages/FleetDriverManagement.tsx(44,49): error TS1003: Identifier expected.
src/pages/FleetDriverManagement.tsx(44,141): error TS1002: Unterminated string literal.
src/pages/FleetDriverManagement.tsx(45,7): error TS1128: Declaration or statement expected.
src/pages/FleetDriverManagement.tsx(47,7): error TS2657: JSX expressions must have one parent element.
src/pages/FleetDriverManagement.tsx(108,5): error TS1128: Declaration or statement expected.
src/pages/FleetDriverManagement.tsx(109,3): error TS1109: Expression expected.
src/pages/FleetManagement.tsx(3,84): error TS1003: Identifier expected.
src/pages/FleetManagement.tsx(3,177): error TS1005: ';' expected.
src/pages/FleetManagement.tsx(3,194): error TS1005: ';' expected.
src/pages/FleetManagement.tsx(3,199): error TS1005: ';' expected.
src/pages/FleetManagement.tsx(3,219): error TS1005: ';' expected.
src/pages/FleetManagement.tsx(3,222): error TS1005: ';' expected.
src/pages/FleetManagement.tsx(3,248): error TS1005: ';' expected.
src/pages/FleetManagement.tsx(3,252): error TS1005: ';' expected.
src/pages/FleetManagement.tsx(3,268): error TS1005: ';' expected.
src/pages/FleetManagement.tsx(3,276): error TS1005: ';' expected.
src/pages/FleetManagement.tsx(3,297): error TS1005: ';' expected.
src/pages/FleetManagement.tsx(3,325): error TS1005: ';' expected.
src/pages/FleetManagement.tsx(3,331): error TS1351: An identifier or keyword cannot immediately follow a numeric literal.
src/pages/FleetManagement.tsx(3,343): error TS1005: ';' expected.
src/pages/FleetManagement.tsx(3,405): error TS1005: ';' expected.
src/pages/FleetManagement.tsx(3,408): error TS1005: ';' expected.
src/pages/FleetManagement.tsx(3,434): error TS1005: ';' expected.
src/pages/FleetManagement.tsx(3,438): error TS1005: ';' expected.
src/pages/FleetManagement.tsx(3,454): error TS1005: ';' expected.
src/pages/FleetManagement.tsx(3,462): error TS1005: ';' expected.
src/pages/FleetManagement.tsx(3,483): error TS1005: ';' expected.
src/pages/FleetManagement.tsx(3,509): error TS1005: ';' expected.
src/pages/FleetManagement.tsx(3,515): error TS1351: An identifier or keyword cannot immediately follow a numeric literal.
src/pages/FleetManagement.tsx(3,528): error TS1005: ';' expected.
src/pages/FleetManagement.tsx(3,542): error TS1005: ';' expected.
src/pages/FleetManagement.tsx(3,595): error TS1005: ';' expected.
src/pages/FleetManagement.tsx(3,598): error TS1005: ';' expected.
src/pages/FleetManagement.tsx(3,624): error TS1005: ';' expected.
src/pages/FleetManagement.tsx(3,628): error TS1005: ';' expected.
src/pages/FleetManagement.tsx(3,644): error TS1005: ';' expected.
src/pages/FleetManagement.tsx(3,652): error TS1005: ';' expected.
src/pages/FleetManagement.tsx(3,673): error TS1005: ';' expected.
src/pages/FleetManagement.tsx(3,704): error TS1005: ';' expected.
src/pages/FleetManagement.tsx(3,710): error TS1351: An identifier or keyword cannot immediately follow a numeric literal.
src/pages/FleetManagement.tsx(3,723): error TS1005: ';' expected.
src/pages/FleetManagement.tsx(3,738): error TS1005: ';' expected.
src/pages/FleetManagement.tsx(3,796): error TS1005: ';' expected.
src/pages/FleetManagement.tsx(3,799): error TS1005: ';' expected.
src/pages/FleetManagement.tsx(3,825): error TS1005: ';' expected.
src/pages/FleetManagement.tsx(3,829): error TS1005: ';' expected.
src/pages/FleetManagement.tsx(3,845): error TS1005: ';' expected.
src/pages/FleetManagement.tsx(3,853): error TS1005: ';' expected.
src/pages/FleetManagement.tsx(3,874): error TS1005: ';' expected.
src/pages/FleetManagement.tsx(3,907): error TS1005: ';' expected.
src/pages/FleetManagement.tsx(3,913): error TS1351: An identifier or keyword cannot immediately follow a numeric literal.
src/pages/FleetManagement.tsx(3,925): error TS1005: ';' expected.
src/pages/FleetManagement.tsx(3,1075): error TS1005: ';' expected.
src/pages/FleetManagement.tsx(3,1084): error TS1005: ';' expected.
src/pages/FleetManagement.tsx(3,1148): error TS1005: ';' expected.
src/pages/FleetManagement.tsx(3,1157): error TS1005: ';' expected.
src/pages/FleetManagement.tsx(3,1231): error TS1005: ';' expected.
src/pages/FleetManagement.tsx(3,1253): error TS1005: ';' expected.
src/pages/FleetManagement.tsx(3,1265): error TS1005: ';' expected.
src/pages/FleetManagement.tsx(3,1269): error TS1005: ';' expected.
src/pages/FleetManagement.tsx(3,1356): error TS1005: ';' expected.
src/pages/FleetManagement.tsx(3,1360): error TS1005: ';' expected.
src/pages/FleetManagement.tsx(3,1367): error TS1434: Unexpected keyword or identifier.
src/pages/FleetManagement.tsx(3,1383): error TS1005: ';' expected.
src/pages/FleetManagement.tsx(3,1397): error TS1005: ';' expected.
src/pages/FleetManagement.tsx(3,1415): error TS1005: ';' expected.
src/pages/FleetManagement.tsx(3,1430): error TS1005: ';' expected.
src/pages/FleetManagement.tsx(3,1481): error TS1005: ';' expected.
src/pages/FleetManagement.tsx(3,1487): error TS1005: ';' expected.
src/pages/FleetManagement.tsx(3,1503): error TS1005: ';' expected.
src/pages/FleetManagement.tsx(3,1516): error TS1005: ';' expected.
src/pages/FleetManagement.tsx(3,1549): error TS1005: ';' expected.
src/pages/FleetManagement.tsx(3,1557): error TS1005: ';' expected.
src/pages/FleetManagement.tsx(3,1578): error TS1005: ';' expected.
src/pages/FleetManagement.tsx(3,1629): error TS1005: ';' expected.
src/pages/FleetManagement.tsx(3,1640): error TS1005: ';' expected.
src/pages/FleetManagement.tsx(3,1652): error TS1005: ';' expected.
src/pages/FleetManagement.tsx(3,1675): error TS1005: ';' expected.
src/pages/FleetManagement.tsx(3,1682): error TS1005: ';' expected.
src/pages/FleetManagement.tsx(3,1752): error TS1002: Unterminated string literal.
src/pages/FleetManagement.tsx(4,3): error TS1128: Declaration or statement expected.
src/pages/ForecastDashboard.tsx(60,49): error TS1003: Identifier expected.
src/pages/ForecastDashboard.tsx(60,99): error TS1002: Unterminated string literal.
src/pages/ForecastDashboard.tsx(61,7): error TS1128: Declaration or statement expected.
src/pages/ForecastDashboard.tsx(63,7): error TS2657: JSX expressions must have one parent element.
src/pages/ForecastDashboard.tsx(148,5): error TS1128: Declaration or statement expected.
src/pages/ForecastDashboard.tsx(149,3): error TS1109: Expression expected.
src/pages/ForecastingDemandCPG.tsx(3,87): error TS1003: Identifier expected.
src/pages/ForecastingDemandCPG.tsx(3,218): error TS1005: ';' expected.
src/pages/ForecastingDemandCPG.tsx(3,235): error TS1005: ';' expected.
src/pages/ForecastingDemandCPG.tsx(3,240): error TS1005: ';' expected.
src/pages/ForecastingDemandCPG.tsx(3,260): error TS1005: ';' expected.
src/pages/ForecastingDemandCPG.tsx(3,263): error TS1005: ';' expected.
src/pages/ForecastingDemandCPG.tsx(3,289): error TS1005: ';' expected.
src/pages/ForecastingDemandCPG.tsx(3,293): error TS1005: ';' expected.
src/pages/ForecastingDemandCPG.tsx(3,309): error TS1005: ';' expected.
src/pages/ForecastingDemandCPG.tsx(3,317): error TS1005: ';' expected.
src/pages/ForecastingDemandCPG.tsx(3,338): error TS1005: ';' expected.
src/pages/ForecastingDemandCPG.tsx(3,367): error TS1005: ';' expected.
src/pages/ForecastingDemandCPG.tsx(3,373): error TS1351: An identifier or keyword cannot immediately follow a numeric literal.
src/pages/ForecastingDemandCPG.tsx(3,385): error TS1005: ';' expected.
src/pages/ForecastingDemandCPG.tsx(3,448): error TS1005: ';' expected.
src/pages/ForecastingDemandCPG.tsx(3,451): error TS1005: ';' expected.
src/pages/ForecastingDemandCPG.tsx(3,477): error TS1005: ';' expected.
src/pages/ForecastingDemandCPG.tsx(3,481): error TS1005: ';' expected.
src/pages/ForecastingDemandCPG.tsx(3,497): error TS1005: ';' expected.
src/pages/ForecastingDemandCPG.tsx(3,505): error TS1005: ';' expected.
src/pages/ForecastingDemandCPG.tsx(3,526): error TS1005: ';' expected.
src/pages/ForecastingDemandCPG.tsx(3,558): error TS1005: ';' expected.
src/pages/ForecastingDemandCPG.tsx(3,564): error TS1351: An identifier or keyword cannot immediately follow a numeric literal.
src/pages/ForecastingDemandCPG.tsx(3,577): error TS1005: ';' expected.
src/pages/ForecastingDemandCPG.tsx(3,591): error TS1005: ';' expected.
src/pages/ForecastingDemandCPG.tsx(3,650): error TS1005: ';' expected.
src/pages/ForecastingDemandCPG.tsx(3,653): error TS1005: ';' expected.
src/pages/ForecastingDemandCPG.tsx(3,679): error TS1005: ';' expected.
src/pages/ForecastingDemandCPG.tsx(3,683): error TS1005: ';' expected.
src/pages/ForecastingDemandCPG.tsx(3,699): error TS1005: ';' expected.
src/pages/ForecastingDemandCPG.tsx(3,707): error TS1005: ';' expected.
src/pages/ForecastingDemandCPG.tsx(3,728): error TS1005: ';' expected.
src/pages/ForecastingDemandCPG.tsx(3,755): error TS1005: ';' expected.
src/pages/ForecastingDemandCPG.tsx(3,761): error TS1351: An identifier or keyword cannot immediately follow a numeric literal.
src/pages/ForecastingDemandCPG.tsx(3,773): error TS1005: ';' expected.
src/pages/ForecastingDemandCPG.tsx(3,869): error TS1005: ';' expected.
src/pages/ForecastingDemandCPG.tsx(3,872): error TS1005: ';' expected.
src/pages/ForecastingDemandCPG.tsx(3,898): error TS1005: ';' expected.
src/pages/ForecastingDemandCPG.tsx(3,902): error TS1005: ';' expected.
src/pages/ForecastingDemandCPG.tsx(3,918): error TS1005: ';' expected.
src/pages/ForecastingDemandCPG.tsx(3,926): error TS1005: ';' expected.
src/pages/ForecastingDemandCPG.tsx(3,947): error TS1005: ';' expected.
src/pages/ForecastingDemandCPG.tsx(3,975): error TS1005: ';' expected.
src/pages/ForecastingDemandCPG.tsx(3,981): error TS1351: An identifier or keyword cannot immediately follow a numeric literal.
src/pages/ForecastingDemandCPG.tsx(3,993): error TS1005: ';' expected.
src/pages/ForecastingDemandCPG.tsx(3,1121): error TS1005: ';' expected.
src/pages/ForecastingDemandCPG.tsx(3,1130): error TS1005: ';' expected.
src/pages/ForecastingDemandCPG.tsx(3,1198): error TS1005: ';' expected.
src/pages/ForecastingDemandCPG.tsx(3,1207): error TS1005: ';' expected.
src/pages/ForecastingDemandCPG.tsx(3,1282): error TS1005: ';' expected.
src/pages/ForecastingDemandCPG.tsx(3,1304): error TS1005: ';' expected.
src/pages/ForecastingDemandCPG.tsx(3,1316): error TS1005: ';' expected.
src/pages/ForecastingDemandCPG.tsx(3,1320): error TS1005: ';' expected.
src/pages/ForecastingDemandCPG.tsx(3,1409): error TS1005: ';' expected.
src/pages/ForecastingDemandCPG.tsx(3,1413): error TS1005: ';' expected.
src/pages/ForecastingDemandCPG.tsx(3,1420): error TS1434: Unexpected keyword or identifier.
src/pages/ForecastingDemandCPG.tsx(3,1436): error TS1005: ';' expected.
src/pages/ForecastingDemandCPG.tsx(3,1450): error TS1005: ';' expected.
src/pages/ForecastingDemandCPG.tsx(3,1468): error TS1005: ';' expected.
src/pages/ForecastingDemandCPG.tsx(3,1483): error TS1005: ';' expected.
src/pages/ForecastingDemandCPG.tsx(3,1529): error TS1005: ';' expected.
src/pages/ForecastingDemandCPG.tsx(3,1535): error TS1005: ';' expected.
src/pages/ForecastingDemandCPG.tsx(3,1551): error TS1005: ';' expected.
src/pages/ForecastingDemandCPG.tsx(3,1564): error TS1005: ';' expected.
src/pages/ForecastingDemandCPG.tsx(3,1591): error TS1005: ';' expected.
src/pages/ForecastingDemandCPG.tsx(3,1599): error TS1005: ';' expected.
src/pages/ForecastingDemandCPG.tsx(3,1620): error TS1005: ';' expected.
src/pages/ForecastingDemandCPG.tsx(3,1723): error TS1005: ';' expected.
src/pages/ForecastingDemandCPG.tsx(3,1735): error TS1005: ';' expected.
src/pages/ForecastingDemandCPG.tsx(3,1758): error TS1005: ';' expected.
src/pages/ForecastingDemandCPG.tsx(3,1765): error TS1005: ';' expected.
src/pages/ForecastingDemandCPG.tsx(3,1836): error TS1002: Unterminated string literal.
src/pages/ForecastingDemandCPG.tsx(4,3): error TS1128: Declaration or statement expected.
src/pages/FormPage.tsx(38,14): error TS17008: JSX element 'Button' has no corresponding closing tag.
src/pages/FormPage.tsx(46,11): error TS17002: Expected corresponding JSX closing tag for 'header'.
src/pages/FormPage.tsx(47,9): error TS17002: Expected corresponding JSX closing tag for 'StandardPage'.
src/pages/FormPage.tsx(49,7): error TS1005: ')' expected.
src/pages/FormPage.tsx(77,5): error TS1128: Declaration or statement expected.
src/pages/FormPage.tsx(78,3): error TS1109: Expression expected.
src/pages/FormShowcase.tsx(36,64): error TS1003: Identifier expected.
src/pages/FormShowcase.tsx(36,66): error TS1002: Unterminated string literal.
src/pages/FormShowcase.tsx(37,28): error TS1005: ';' expected.
src/pages/FormShowcase.tsx(37,33): error TS1434: Unexpected keyword or identifier.
src/pages/FormShowcase.tsx(37,44): error TS1434: Unexpected keyword or identifier.
src/pages/FormShowcase.tsx(37,51): error TS1434: Unexpected keyword or identifier.
src/pages/FormShowcase.tsx(38,9): error TS1128: Declaration or statement expected.
src/pages/FormShowcase.tsx(39,7): error TS1109: Expression expected.
src/pages/FormShowcase.tsx(76,5): error TS1128: Declaration or statement expected.
src/pages/FormShowcase.tsx(77,3): error TS1109: Expression expected.
src/pages/FormulationComposer.tsx(3,78): error TS1003: Identifier expected.
src/pages/FormulationComposer.tsx(3,199): error TS1005: ';' expected.
src/pages/FormulationComposer.tsx(3,216): error TS1005: ';' expected.
src/pages/FormulationComposer.tsx(3,221): error TS1005: ';' expected.
src/pages/FormulationComposer.tsx(3,241): error TS1005: ';' expected.
src/pages/FormulationComposer.tsx(3,244): error TS1005: ';' expected.
src/pages/FormulationComposer.tsx(3,270): error TS1005: ';' expected.
src/pages/FormulationComposer.tsx(3,274): error TS1005: ';' expected.
src/pages/FormulationComposer.tsx(3,290): error TS1005: ';' expected.
src/pages/FormulationComposer.tsx(3,298): error TS1005: ';' expected.
src/pages/FormulationComposer.tsx(3,319): error TS1005: ';' expected.
src/pages/FormulationComposer.tsx(3,357): error TS1005: ';' expected.
src/pages/FormulationComposer.tsx(3,363): error TS1351: An identifier or keyword cannot immediately follow a numeric literal.
src/pages/FormulationComposer.tsx(3,375): error TS1005: ';' expected.
src/pages/FormulationComposer.tsx(3,441): error TS1005: ';' expected.
src/pages/FormulationComposer.tsx(3,444): error TS1005: ';' expected.
src/pages/FormulationComposer.tsx(3,470): error TS1005: ';' expected.
src/pages/FormulationComposer.tsx(3,474): error TS1005: ';' expected.
src/pages/FormulationComposer.tsx(3,490): error TS1005: ';' expected.
src/pages/FormulationComposer.tsx(3,498): error TS1005: ';' expected.
src/pages/FormulationComposer.tsx(3,519): error TS1005: ';' expected.
src/pages/FormulationComposer.tsx(3,547): error TS1005: ';' expected.
src/pages/FormulationComposer.tsx(3,553): error TS1351: An identifier or keyword cannot immediately follow a numeric literal.
src/pages/FormulationComposer.tsx(3,566): error TS1005: ';' expected.
src/pages/FormulationComposer.tsx(3,580): error TS1005: ';' expected.
src/pages/FormulationComposer.tsx(3,635): error TS1005: ';' expected.
src/pages/FormulationComposer.tsx(3,638): error TS1005: ';' expected.
src/pages/FormulationComposer.tsx(3,664): error TS1005: ';' expected.
src/pages/FormulationComposer.tsx(3,668): error TS1005: ';' expected.
src/pages/FormulationComposer.tsx(3,684): error TS1005: ';' expected.
src/pages/FormulationComposer.tsx(3,692): error TS1005: ';' expected.
src/pages/FormulationComposer.tsx(3,713): error TS1005: ';' expected.
src/pages/FormulationComposer.tsx(3,741): error TS1005: ';' expected.
src/pages/FormulationComposer.tsx(3,747): error TS1351: An identifier or keyword cannot immediately follow a numeric literal.
src/pages/FormulationComposer.tsx(3,759): error TS1005: ';' expected.
src/pages/FormulationComposer.tsx(3,855): error TS1005: ';' expected.
src/pages/FormulationComposer.tsx(3,858): error TS1005: ';' expected.
src/pages/FormulationComposer.tsx(3,884): error TS1005: ';' expected.
src/pages/FormulationComposer.tsx(3,888): error TS1005: ';' expected.
src/pages/FormulationComposer.tsx(3,904): error TS1005: ';' expected.
src/pages/FormulationComposer.tsx(3,912): error TS1005: ';' expected.
src/pages/FormulationComposer.tsx(3,933): error TS1005: ';' expected.
src/pages/FormulationComposer.tsx(3,964): error TS1005: ';' expected.
src/pages/FormulationComposer.tsx(3,970): error TS1351: An identifier or keyword cannot immediately follow a numeric literal.
src/pages/FormulationComposer.tsx(3,982): error TS1005: ';' expected.
src/pages/FormulationComposer.tsx(3,1076): error TS1005: ';' expected.
src/pages/FormulationComposer.tsx(3,1085): error TS1005: ';' expected.
src/pages/FormulationComposer.tsx(3,1149): error TS1005: ';' expected.
src/pages/FormulationComposer.tsx(3,1158): error TS1005: ';' expected.
src/pages/FormulationComposer.tsx(3,1236): error TS1005: ';' expected.
src/pages/FormulationComposer.tsx(3,1258): error TS1005: ';' expected.
src/pages/FormulationComposer.tsx(3,1270): error TS1005: ';' expected.
src/pages/FormulationComposer.tsx(3,1274): error TS1005: ';' expected.
src/pages/FormulationComposer.tsx(3,1368): error TS1005: ';' expected.
src/pages/FormulationComposer.tsx(3,1372): error TS1005: ';' expected.
src/pages/FormulationComposer.tsx(3,1379): error TS1434: Unexpected keyword or identifier.
src/pages/FormulationComposer.tsx(3,1395): error TS1005: ';' expected.
src/pages/FormulationComposer.tsx(3,1408): error TS1005: ';' expected.
src/pages/FormulationComposer.tsx(3,1461): error TS1005: ';' expected.
src/pages/FormulationComposer.tsx(3,1474): error TS1005: ';' expected.
src/pages/FormulationComposer.tsx(3,1525): error TS1005: ';' expected.
src/pages/FormulationComposer.tsx(3,1533): error TS1005: ';' expected.
src/pages/FormulationComposer.tsx(3,1554): error TS1005: ';' expected.
src/pages/FormulationComposer.tsx(3,1666): error TS1002: Unterminated string literal.
src/pages/FormulationComposer.tsx(4,3): error TS1128: Declaration or statement expected.
src/pages/FormulationRecipeManagement.tsx(46,49): error TS1003: Identifier expected.
src/pages/FormulationRecipeManagement.tsx(46,135): error TS1002: Unterminated string literal.
src/pages/FormulationRecipeManagement.tsx(47,7): error TS1128: Declaration or statement expected.
src/pages/FormulationRecipeManagement.tsx(49,7): error TS2657: JSX expressions must have one parent element.
src/pages/FormulationRecipeManagement.tsx(110,5): error TS1128: Declaration or statement expected.
src/pages/FormulationRecipeManagement.tsx(111,3): error TS1109: Expression expected.
src/pages/FreightCostingBilling.tsx(45,49): error TS1003: Identifier expected.
src/pages/FreightCostingBilling.tsx(45,135): error TS1002: Unterminated string literal.
src/pages/FreightCostingBilling.tsx(46,7): error TS1128: Declaration or statement expected.
src/pages/FreightCostingBilling.tsx(48,7): error TS2657: JSX expressions must have one parent element.
src/pages/FreightCostingBilling.tsx(109,5): error TS1128: Declaration or statement expected.
src/pages/FreightCostingBilling.tsx(110,3): error TS1109: Expression expected.
src/pages/FreightManagement.tsx(45,49): error TS1003: Identifier expected.
src/pages/FreightManagement.tsx(45,114): error TS1002: Unterminated string literal.
src/pages/FreightManagement.tsx(46,7): error TS1128: Declaration or statement expected.
src/pages/FreightManagement.tsx(48,7): error TS2657: JSX expressions must have one parent element.
src/pages/FreightManagement.tsx(117,5): error TS1128: Declaration or statement expected.
src/pages/FreightManagement.tsx(118,3): error TS1109: Expression expected.
src/pages/FreightRateCalculation.tsx(45,49): error TS1003: Identifier expected.
src/pages/FreightRateCalculation.tsx(45,128): error TS1002: Unterminated string literal.
src/pages/FreightRateCalculation.tsx(46,7): error TS1128: Declaration or statement expected.
src/pages/FreightRateCalculation.tsx(48,7): error TS2657: JSX expressions must have one parent element.
src/pages/FreightRateCalculation.tsx(114,5): error TS1128: Declaration or statement expected.
src/pages/FreightRateCalculation.tsx(115,3): error TS1109: Expression expected.
src/pages/GeneralLedgerDetail.tsx(26,8): error TS17008: JSX element 'div' has no corresponding closing tag.
src/pages/GeolocationServices.tsx(8,49): error TS1003: Identifier expected.
src/pages/GeolocationServices.tsx(8,92): error TS1002: Unterminated string literal.
src/pages/GeolocationServices.tsx(9,7): error TS1128: Declaration or statement expected.
src/pages/GeolocationServices.tsx(16,5): error TS1128: Declaration or statement expected.
src/pages/GeolocationServices.tsx(17,3): error TS1109: Expression expected.
src/pages/GoodsReceipt.tsx(33,44): error TS1003: Identifier expected.
src/pages/GoodsReceipt.tsx(33,114): error TS1002: Unterminated string literal.
src/pages/GoodsReceipt.tsx(34,7): error TS1128: Declaration or statement expected.
src/pages/GoodsReceipt.tsx(132,5): error TS1128: Declaration or statement expected.
src/pages/GoodsReceipt.tsx(133,3): error TS1109: Expression expected.
src/pages/GoodsReceiptPage.tsx(15,71): error TS1003: Identifier expected.
src/pages/GoodsReceiptPage.tsx(15,112): error TS1002: Unterminated string literal.
src/pages/GoodsReceiptPage.tsx(16,7): error TS1128: Declaration or statement expected.
src/pages/GoodsReceiptPage.tsx(18,7): error TS2657: JSX expressions must have one parent element.
src/pages/GoodsReceiptPage.tsx(62,5): error TS1128: Declaration or statement expected.
src/pages/GoodsReceiptPage.tsx(63,3): error TS1109: Expression expected.
src/pages/GoodsReceiptPutaway.tsx(45,49): error TS1003: Identifier expected.
src/pages/GoodsReceiptPutaway.tsx(45,121): error TS1002: Unterminated string literal.
src/pages/GoodsReceiptPutaway.tsx(46,7): error TS1128: Declaration or statement expected.
src/pages/GoodsReceiptPutaway.tsx(48,7): error TS2657: JSX expressions must have one parent element.
src/pages/GoodsReceiptPutaway.tsx(116,5): error TS1128: Declaration or statement expected.
src/pages/GoodsReceiptPutaway.tsx(117,3): error TS1109: Expression expected.
src/pages/Gradebook.tsx(3,82): error TS1003: Identifier expected.
src/pages/Gradebook.tsx(3,187): error TS1005: ';' expected.
src/pages/Gradebook.tsx(3,204): error TS1005: ';' expected.
src/pages/Gradebook.tsx(3,209): error TS1005: ';' expected.
src/pages/Gradebook.tsx(3,229): error TS1005: ';' expected.
src/pages/Gradebook.tsx(3,232): error TS1005: ';' expected.
src/pages/Gradebook.tsx(3,258): error TS1005: ';' expected.
src/pages/Gradebook.tsx(3,262): error TS1005: ';' expected.
src/pages/Gradebook.tsx(3,278): error TS1005: ';' expected.
src/pages/Gradebook.tsx(3,286): error TS1005: ';' expected.
src/pages/Gradebook.tsx(3,307): error TS1005: ';' expected.
src/pages/Gradebook.tsx(3,334): error TS1005: ';' expected.
src/pages/Gradebook.tsx(3,340): error TS1351: An identifier or keyword cannot immediately follow a numeric literal.
src/pages/Gradebook.tsx(3,352): error TS1005: ';' expected.
src/pages/Gradebook.tsx(3,412): error TS1005: ';' expected.
src/pages/Gradebook.tsx(3,415): error TS1005: ';' expected.
src/pages/Gradebook.tsx(3,441): error TS1005: ';' expected.
src/pages/Gradebook.tsx(3,445): error TS1005: ';' expected.
src/pages/Gradebook.tsx(3,461): error TS1005: ';' expected.
src/pages/Gradebook.tsx(3,469): error TS1005: ';' expected.
src/pages/Gradebook.tsx(3,490): error TS1005: ';' expected.
src/pages/Gradebook.tsx(3,516): error TS1005: ';' expected.
src/pages/Gradebook.tsx(3,522): error TS1351: An identifier or keyword cannot immediately follow a numeric literal.
src/pages/Gradebook.tsx(3,535): error TS1005: ';' expected.
src/pages/Gradebook.tsx(3,549): error TS1005: ';' expected.
src/pages/Gradebook.tsx(3,602): error TS1005: ';' expected.
src/pages/Gradebook.tsx(3,605): error TS1005: ';' expected.
src/pages/Gradebook.tsx(3,631): error TS1005: ';' expected.
src/pages/Gradebook.tsx(3,635): error TS1005: ';' expected.
src/pages/Gradebook.tsx(3,651): error TS1005: ';' expected.
src/pages/Gradebook.tsx(3,659): error TS1005: ';' expected.
src/pages/Gradebook.tsx(3,680): error TS1005: ';' expected.
src/pages/Gradebook.tsx(3,709): error TS1005: ';' expected.
src/pages/Gradebook.tsx(3,715): error TS1351: An identifier or keyword cannot immediately follow a numeric literal.
src/pages/Gradebook.tsx(3,728): error TS1005: ';' expected.
src/pages/Gradebook.tsx(3,741): error TS1005: ';' expected.
src/pages/Gradebook.tsx(3,796): error TS1005: ';' expected.
src/pages/Gradebook.tsx(3,799): error TS1005: ';' expected.
src/pages/Gradebook.tsx(3,825): error TS1005: ';' expected.
src/pages/Gradebook.tsx(3,829): error TS1005: ';' expected.
src/pages/Gradebook.tsx(3,845): error TS1005: ';' expected.
src/pages/Gradebook.tsx(3,853): error TS1005: ';' expected.
src/pages/Gradebook.tsx(3,874): error TS1005: ';' expected.
src/pages/Gradebook.tsx(3,900): error TS1005: ';' expected.
src/pages/Gradebook.tsx(3,906): error TS1351: An identifier or keyword cannot immediately follow a numeric literal.
src/pages/Gradebook.tsx(3,918): error TS1005: ';' expected.
src/pages/Gradebook.tsx(3,1064): error TS1005: ';' expected.
src/pages/Gradebook.tsx(3,1073): error TS1005: ';' expected.
src/pages/Gradebook.tsx(3,1131): error TS1005: ';' expected.
src/pages/Gradebook.tsx(3,1140): error TS1005: ';' expected.
src/pages/Gradebook.tsx(3,1212): error TS1005: ';' expected.
src/pages/Gradebook.tsx(3,1234): error TS1005: ';' expected.
src/pages/Gradebook.tsx(3,1246): error TS1005: ';' expected.
src/pages/Gradebook.tsx(3,1250): error TS1005: ';' expected.
src/pages/Gradebook.tsx(3,1334): error TS1005: ';' expected.
src/pages/Gradebook.tsx(3,1338): error TS1005: ';' expected.
src/pages/Gradebook.tsx(3,1345): error TS1434: Unexpected keyword or identifier.
src/pages/Gradebook.tsx(3,1361): error TS1005: ';' expected.
src/pages/Gradebook.tsx(3,1375): error TS1005: ';' expected.
src/pages/Gradebook.tsx(3,1393): error TS1005: ';' expected.
src/pages/Gradebook.tsx(3,1408): error TS1005: ';' expected.
src/pages/Gradebook.tsx(3,1457): error TS1005: ';' expected.
src/pages/Gradebook.tsx(3,1463): error TS1005: ';' expected.
src/pages/Gradebook.tsx(3,1479): error TS1005: ';' expected.
src/pages/Gradebook.tsx(3,1492): error TS1005: ';' expected.
src/pages/Gradebook.tsx(3,1525): error TS1005: ';' expected.
src/pages/Gradebook.tsx(3,1533): error TS1005: ';' expected.
src/pages/Gradebook.tsx(3,1554): error TS1005: ';' expected.
src/pages/Gradebook.tsx(3,1609): error TS1005: ';' expected.
src/pages/Gradebook.tsx(3,1620): error TS1005: ';' expected.
src/pages/Gradebook.tsx(3,1632): error TS1005: ';' expected.
src/pages/Gradebook.tsx(3,1655): error TS1005: ';' expected.
src/pages/Gradebook.tsx(3,1662): error TS1005: ';' expected.
src/pages/Gradebook.tsx(3,1731): error TS1002: Unterminated string literal.
src/pages/Gradebook.tsx(4,3): error TS1128: Declaration or statement expected.
src/pages/GrowthMetrics.tsx(8,49): error TS1003: Identifier expected.
src/pages/GrowthMetrics.tsx(8,85): error TS1002: Unterminated string literal.
src/pages/GrowthMetrics.tsx(9,7): error TS1128: Declaration or statement expected.
src/pages/GrowthMetrics.tsx(15,5): error TS1128: Declaration or statement expected.
src/pages/GrowthMetrics.tsx(16,3): error TS1109: Expression expected.
src/pages/GuestManagement.tsx(3,75): error TS1003: Identifier expected.
src/pages/GuestManagement.tsx(3,145): error TS1005: ';' expected.
src/pages/GuestManagement.tsx(3,162): error TS1005: ';' expected.
src/pages/GuestManagement.tsx(3,167): error TS1005: ';' expected.
src/pages/GuestManagement.tsx(3,187): error TS1005: ';' expected.
src/pages/GuestManagement.tsx(3,190): error TS1005: ';' expected.
src/pages/GuestManagement.tsx(3,216): error TS1005: ';' expected.
src/pages/GuestManagement.tsx(3,220): error TS1005: ';' expected.
src/pages/GuestManagement.tsx(3,236): error TS1005: ';' expected.
src/pages/GuestManagement.tsx(3,244): error TS1005: ';' expected.
src/pages/GuestManagement.tsx(3,265): error TS1005: ';' expected.
src/pages/GuestManagement.tsx(3,291): error TS1005: ';' expected.
src/pages/GuestManagement.tsx(3,297): error TS1351: An identifier or keyword cannot immediately follow a numeric literal.
src/pages/GuestManagement.tsx(3,309): error TS1005: ';' expected.
src/pages/GuestManagement.tsx(3,369): error TS1005: ';' expected.
src/pages/GuestManagement.tsx(3,372): error TS1005: ';' expected.
src/pages/GuestManagement.tsx(3,398): error TS1005: ';' expected.
src/pages/GuestManagement.tsx(3,402): error TS1005: ';' expected.
src/pages/GuestManagement.tsx(3,418): error TS1005: ';' expected.
src/pages/GuestManagement.tsx(3,426): error TS1005: ';' expected.
src/pages/GuestManagement.tsx(3,447): error TS1005: ';' expected.
src/pages/GuestManagement.tsx(3,470): error TS1005: ';' expected.
src/pages/GuestManagement.tsx(3,476): error TS1351: An identifier or keyword cannot immediately follow a numeric literal.
src/pages/GuestManagement.tsx(3,489): error TS1005: ';' expected.
src/pages/GuestManagement.tsx(3,503): error TS1005: ';' expected.
src/pages/GuestManagement.tsx(3,553): error TS1005: ';' expected.
src/pages/GuestManagement.tsx(3,556): error TS1005: ';' expected.
src/pages/GuestManagement.tsx(3,582): error TS1005: ';' expected.
src/pages/GuestManagement.tsx(3,586): error TS1005: ';' expected.
src/pages/GuestManagement.tsx(3,602): error TS1005: ';' expected.
src/pages/GuestManagement.tsx(3,610): error TS1005: ';' expected.
src/pages/GuestManagement.tsx(3,631): error TS1005: ';' expected.
src/pages/GuestManagement.tsx(3,658): error TS1005: ';' expected.
src/pages/GuestManagement.tsx(3,664): error TS1351: An identifier or keyword cannot immediately follow a numeric literal.
src/pages/GuestManagement.tsx(3,677): error TS1005: ';' expected.
src/pages/GuestManagement.tsx(3,690): error TS1005: ';' expected.
src/pages/GuestManagement.tsx(3,731): error TS1005: ';' expected.
src/pages/GuestManagement.tsx(3,791): error TS1005: ';' expected.
src/pages/GuestManagement.tsx(3,794): error TS1005: ';' expected.
src/pages/GuestManagement.tsx(3,820): error TS1005: ';' expected.
src/pages/GuestManagement.tsx(3,824): error TS1005: ';' expected.
src/pages/GuestManagement.tsx(3,840): error TS1005: ';' expected.
src/pages/GuestManagement.tsx(3,848): error TS1005: ';' expected.
src/pages/GuestManagement.tsx(3,869): error TS1005: ';' expected.
src/pages/GuestManagement.tsx(3,894): error TS1005: ';' expected.
src/pages/GuestManagement.tsx(3,900): error TS1351: An identifier or keyword cannot immediately follow a numeric literal.
src/pages/GuestManagement.tsx(3,912): error TS1005: ';' expected.
src/pages/GuestManagement.tsx(3,1054): error TS1005: ';' expected.
src/pages/GuestManagement.tsx(3,1063): error TS1005: ';' expected.
src/pages/GuestManagement.tsx(3,1120): error TS1005: ';' expected.
src/pages/GuestManagement.tsx(3,1129): error TS1005: ';' expected.
src/pages/GuestManagement.tsx(3,1200): error TS1005: ';' expected.
src/pages/GuestManagement.tsx(3,1222): error TS1005: ';' expected.
src/pages/GuestManagement.tsx(3,1234): error TS1005: ';' expected.
src/pages/GuestManagement.tsx(3,1238): error TS1005: ';' expected.
src/pages/GuestManagement.tsx(3,1320): error TS1005: ';' expected.
src/pages/GuestManagement.tsx(3,1324): error TS1005: ';' expected.
src/pages/GuestManagement.tsx(3,1331): error TS1434: Unexpected keyword or identifier.
src/pages/GuestManagement.tsx(3,1347): error TS1005: ';' expected.
src/pages/GuestManagement.tsx(3,1361): error TS1005: ';' expected.
src/pages/GuestManagement.tsx(3,1379): error TS1005: ';' expected.
src/pages/GuestManagement.tsx(3,1394): error TS1005: ';' expected.
src/pages/GuestManagement.tsx(3,1442): error TS1005: ';' expected.
src/pages/GuestManagement.tsx(3,1448): error TS1005: ';' expected.
src/pages/GuestManagement.tsx(3,1464): error TS1005: ';' expected.
src/pages/GuestManagement.tsx(3,1477): error TS1005: ';' expected.
src/pages/GuestManagement.tsx(3,1508): error TS1005: ';' expected.
src/pages/GuestManagement.tsx(3,1516): error TS1005: ';' expected.
src/pages/GuestManagement.tsx(3,1537): error TS1005: ';' expected.
src/pages/GuestManagement.tsx(3,1573): error TS1005: ';' expected.
src/pages/GuestManagement.tsx(3,1593): error TS1005: ';' expected.
src/pages/GuestManagement.tsx(3,1600): error TS1005: ';' expected.
src/pages/GuestManagement.tsx(3,1666): error TS1002: Unterminated string literal.
src/pages/GuestManagement.tsx(4,3): error TS1128: Declaration or statement expected.
src/pages/Health.tsx(88,117): error TS1003: Identifier expected.
src/pages/Health.tsx(88,173): error TS1002: Unterminated string literal.
src/pages/Health.tsx(89,9): error TS1128: Declaration or statement expected.
src/pages/Health.tsx(107,7): error TS1128: Declaration or statement expected.
src/pages/Health.tsx(109,7): error TS2657: JSX expressions must have one parent element.
src/pages/Health.tsx(271,5): error TS1128: Declaration or statement expected.
src/pages/Health.tsx(272,3): error TS1109: Expression expected.
src/pages/HealthCheckDashboard.tsx(8,49): error TS1003: Identifier expected.
src/pages/HealthCheckDashboard.tsx(8,89): error TS1002: Unterminated string literal.
src/pages/HealthCheckDashboard.tsx(9,7): error TS1128: Declaration or statement expected.
src/pages/HealthCheckDashboard.tsx(24,5): error TS1128: Declaration or statement expected.
src/pages/HealthCheckDashboard.tsx(25,3): error TS1109: Expression expected.
src/pages/HREnergy.tsx(3,73): error TS1003: Identifier expected.
src/pages/HREnergy.tsx(3,161): error TS1005: ';' expected.
src/pages/HREnergy.tsx(3,178): error TS1005: ';' expected.
src/pages/HREnergy.tsx(3,183): error TS1005: ';' expected.
src/pages/HREnergy.tsx(3,203): error TS1005: ';' expected.
src/pages/HREnergy.tsx(3,206): error TS1005: ';' expected.
src/pages/HREnergy.tsx(3,232): error TS1005: ';' expected.
src/pages/HREnergy.tsx(3,236): error TS1005: ';' expected.
src/pages/HREnergy.tsx(3,252): error TS1005: ';' expected.
src/pages/HREnergy.tsx(3,260): error TS1005: ';' expected.
src/pages/HREnergy.tsx(3,281): error TS1005: ';' expected.
src/pages/HREnergy.tsx(3,310): error TS1005: ';' expected.
src/pages/HREnergy.tsx(3,316): error TS1351: An identifier or keyword cannot immediately follow a numeric literal.
src/pages/HREnergy.tsx(3,328): error TS1005: ';' expected.
src/pages/HREnergy.tsx(3,391): error TS1005: ';' expected.
src/pages/HREnergy.tsx(3,394): error TS1005: ';' expected.
src/pages/HREnergy.tsx(3,420): error TS1005: ';' expected.
src/pages/HREnergy.tsx(3,424): error TS1005: ';' expected.
src/pages/HREnergy.tsx(3,440): error TS1005: ';' expected.
src/pages/HREnergy.tsx(3,448): error TS1005: ';' expected.
src/pages/HREnergy.tsx(3,469): error TS1005: ';' expected.
src/pages/HREnergy.tsx(3,495): error TS1005: ';' expected.
src/pages/HREnergy.tsx(3,501): error TS1351: An identifier or keyword cannot immediately follow a numeric literal.
src/pages/HREnergy.tsx(3,514): error TS1005: ';' expected.
src/pages/HREnergy.tsx(3,528): error TS1005: ';' expected.
src/pages/HREnergy.tsx(3,581): error TS1005: ';' expected.
src/pages/HREnergy.tsx(3,584): error TS1005: ';' expected.
src/pages/HREnergy.tsx(3,610): error TS1005: ';' expected.
src/pages/HREnergy.tsx(3,614): error TS1005: ';' expected.
src/pages/HREnergy.tsx(3,630): error TS1005: ';' expected.
src/pages/HREnergy.tsx(3,638): error TS1005: ';' expected.
src/pages/HREnergy.tsx(3,659): error TS1005: ';' expected.
src/pages/HREnergy.tsx(3,688): error TS1005: ';' expected.
src/pages/HREnergy.tsx(3,694): error TS1351: An identifier or keyword cannot immediately follow a numeric literal.
src/pages/HREnergy.tsx(3,707): error TS1005: ';' expected.
src/pages/HREnergy.tsx(3,720): error TS1005: ';' expected.
src/pages/HREnergy.tsx(3,769): error TS1005: ';' expected.
src/pages/HREnergy.tsx(3,825): error TS1005: ';' expected.
src/pages/HREnergy.tsx(3,828): error TS1005: ';' expected.
src/pages/HREnergy.tsx(3,854): error TS1005: ';' expected.
src/pages/HREnergy.tsx(3,858): error TS1005: ';' expected.
src/pages/HREnergy.tsx(3,874): error TS1005: ';' expected.
src/pages/HREnergy.tsx(3,882): error TS1005: ';' expected.
src/pages/HREnergy.tsx(3,903): error TS1005: ';' expected.
src/pages/HREnergy.tsx(3,931): error TS1005: ';' expected.
src/pages/HREnergy.tsx(3,937): error TS1351: An identifier or keyword cannot immediately follow a numeric literal.
src/pages/HREnergy.tsx(3,949): error TS1005: ';' expected.
src/pages/HREnergy.tsx(3,1100): error TS1005: ';' expected.
src/pages/HREnergy.tsx(3,1109): error TS1005: ';' expected.
src/pages/HREnergy.tsx(3,1169): error TS1005: ';' expected.
src/pages/HREnergy.tsx(3,1178): error TS1005: ';' expected.
src/pages/HREnergy.tsx(3,1252): error TS1005: ';' expected.
src/pages/HREnergy.tsx(3,1274): error TS1005: ';' expected.
src/pages/HREnergy.tsx(3,1286): error TS1005: ';' expected.
src/pages/HREnergy.tsx(3,1290): error TS1005: ';' expected.
src/pages/HREnergy.tsx(3,1378): error TS1005: ';' expected.
src/pages/HREnergy.tsx(3,1382): error TS1005: ';' expected.
src/pages/HREnergy.tsx(3,1389): error TS1434: Unexpected keyword or identifier.
src/pages/HREnergy.tsx(3,1405): error TS1005: ';' expected.
src/pages/HREnergy.tsx(3,1419): error TS1005: ';' expected.
src/pages/HREnergy.tsx(3,1437): error TS1005: ';' expected.
src/pages/HREnergy.tsx(3,1452): error TS1005: ';' expected.
src/pages/HREnergy.tsx(3,1498): error TS1005: ';' expected.
src/pages/HREnergy.tsx(3,1504): error TS1005: ';' expected.
src/pages/HREnergy.tsx(3,1520): error TS1005: ';' expected.
src/pages/HREnergy.tsx(3,1533): error TS1005: ';' expected.
src/pages/HREnergy.tsx(3,1567): error TS1005: ';' expected.
src/pages/HREnergy.tsx(3,1575): error TS1005: ';' expected.
src/pages/HREnergy.tsx(3,1596): error TS1005: ';' expected.
src/pages/HREnergy.tsx(3,1646): error TS1005: ';' expected.
src/pages/HREnergy.tsx(3,1657): error TS1005: ';' expected.
src/pages/HREnergy.tsx(3,1669): error TS1005: ';' expected.
src/pages/HREnergy.tsx(3,1692): error TS1005: ';' expected.
src/pages/HREnergy.tsx(3,1699): error TS1005: ';' expected.
src/pages/HREnergy.tsx(3,1765): error TS1002: Unterminated string literal.
src/pages/HREnergy.tsx(4,3): error TS1128: Declaration or statement expected.
src/pages/HRLogistics.tsx(3,83): error TS1003: Identifier expected.
src/pages/HRLogistics.tsx(3,185): error TS1005: ';' expected.
src/pages/HRLogistics.tsx(3,202): error TS1005: ';' expected.
src/pages/HRLogistics.tsx(3,207): error TS1005: ';' expected.
src/pages/HRLogistics.tsx(3,227): error TS1005: ';' expected.
src/pages/HRLogistics.tsx(3,230): error TS1005: ';' expected.
src/pages/HRLogistics.tsx(3,256): error TS1005: ';' expected.
src/pages/HRLogistics.tsx(3,260): error TS1005: ';' expected.
src/pages/HRLogistics.tsx(3,276): error TS1005: ';' expected.
src/pages/HRLogistics.tsx(3,284): error TS1005: ';' expected.
src/pages/HRLogistics.tsx(3,305): error TS1005: ';' expected.
src/pages/HRLogistics.tsx(3,334): error TS1005: ';' expected.
src/pages/HRLogistics.tsx(3,340): error TS1351: An identifier or keyword cannot immediately follow a numeric literal.
src/pages/HRLogistics.tsx(3,352): error TS1005: ';' expected.
src/pages/HRLogistics.tsx(3,415): error TS1005: ';' expected.
src/pages/HRLogistics.tsx(3,418): error TS1005: ';' expected.
src/pages/HRLogistics.tsx(3,444): error TS1005: ';' expected.
src/pages/HRLogistics.tsx(3,448): error TS1005: ';' expected.
src/pages/HRLogistics.tsx(3,464): error TS1005: ';' expected.
src/pages/HRLogistics.tsx(3,472): error TS1005: ';' expected.
src/pages/HRLogistics.tsx(3,493): error TS1005: ';' expected.
src/pages/HRLogistics.tsx(3,519): error TS1005: ';' expected.
src/pages/HRLogistics.tsx(3,525): error TS1351: An identifier or keyword cannot immediately follow a numeric literal.
src/pages/HRLogistics.tsx(3,538): error TS1005: ';' expected.
src/pages/HRLogistics.tsx(3,552): error TS1005: ';' expected.
src/pages/HRLogistics.tsx(3,605): error TS1005: ';' expected.
src/pages/HRLogistics.tsx(3,608): error TS1005: ';' expected.
src/pages/HRLogistics.tsx(3,634): error TS1005: ';' expected.
src/pages/HRLogistics.tsx(3,638): error TS1005: ';' expected.
src/pages/HRLogistics.tsx(3,654): error TS1005: ';' expected.
src/pages/HRLogistics.tsx(3,662): error TS1005: ';' expected.
src/pages/HRLogistics.tsx(3,683): error TS1005: ';' expected.
src/pages/HRLogistics.tsx(3,710): error TS1005: ';' expected.
src/pages/HRLogistics.tsx(3,716): error TS1351: An identifier or keyword cannot immediately follow a numeric literal.
src/pages/HRLogistics.tsx(3,729): error TS1005: ';' expected.
src/pages/HRLogistics.tsx(3,742): error TS1005: ';' expected.
src/pages/HRLogistics.tsx(3,796): error TS1005: ';' expected.
src/pages/HRLogistics.tsx(3,799): error TS1005: ';' expected.
src/pages/HRLogistics.tsx(3,825): error TS1005: ';' expected.
src/pages/HRLogistics.tsx(3,829): error TS1005: ';' expected.
src/pages/HRLogistics.tsx(3,845): error TS1005: ';' expected.
src/pages/HRLogistics.tsx(3,853): error TS1005: ';' expected.
src/pages/HRLogistics.tsx(3,874): error TS1005: ';' expected.
src/pages/HRLogistics.tsx(3,902): error TS1005: ';' expected.
src/pages/HRLogistics.tsx(3,908): error TS1351: An identifier or keyword cannot immediately follow a numeric literal.
src/pages/HRLogistics.tsx(3,920): error TS1005: ';' expected.
src/pages/HRLogistics.tsx(3,1072): error TS1005: ';' expected.
src/pages/HRLogistics.tsx(3,1081): error TS1005: ';' expected.
src/pages/HRLogistics.tsx(3,1142): error TS1005: ';' expected.
src/pages/HRLogistics.tsx(3,1151): error TS1005: ';' expected.
src/pages/HRLogistics.tsx(3,1226): error TS1005: ';' expected.
src/pages/HRLogistics.tsx(3,1248): error TS1005: ';' expected.
src/pages/HRLogistics.tsx(3,1260): error TS1005: ';' expected.
src/pages/HRLogistics.tsx(3,1264): error TS1005: ';' expected.
src/pages/HRLogistics.tsx(3,1353): error TS1005: ';' expected.
src/pages/HRLogistics.tsx(3,1357): error TS1005: ';' expected.
src/pages/HRLogistics.tsx(3,1364): error TS1434: Unexpected keyword or identifier.
src/pages/HRLogistics.tsx(3,1380): error TS1005: ';' expected.
src/pages/HRLogistics.tsx(3,1394): error TS1005: ';' expected.
src/pages/HRLogistics.tsx(3,1412): error TS1005: ';' expected.
src/pages/HRLogistics.tsx(3,1427): error TS1005: ';' expected.
src/pages/HRLogistics.tsx(3,1474): error TS1005: ';' expected.
src/pages/HRLogistics.tsx(3,1480): error TS1005: ';' expected.
src/pages/HRLogistics.tsx(3,1496): error TS1005: ';' expected.
src/pages/HRLogistics.tsx(3,1509): error TS1005: ';' expected.
src/pages/HRLogistics.tsx(3,1543): error TS1005: ';' expected.
src/pages/HRLogistics.tsx(3,1551): error TS1005: ';' expected.
src/pages/HRLogistics.tsx(3,1572): error TS1005: ';' expected.
src/pages/HRLogistics.tsx(3,1623): error TS1005: ';' expected.
src/pages/HRLogistics.tsx(3,1634): error TS1005: ';' expected.
src/pages/HRLogistics.tsx(3,1646): error TS1005: ';' expected.
src/pages/HRLogistics.tsx(3,1669): error TS1005: ';' expected.
src/pages/HRLogistics.tsx(3,1676): error TS1005: ';' expected.
src/pages/HRLogistics.tsx(3,1746): error TS1002: Unterminated string literal.
src/pages/HRLogistics.tsx(4,3): error TS1128: Declaration or statement expected.
src/pages/HRRetail.tsx(3,83): error TS1003: Identifier expected.
src/pages/HRRetail.tsx(3,202): error TS1005: ';' expected.
src/pages/HRRetail.tsx(3,219): error TS1005: ';' expected.
src/pages/HRRetail.tsx(3,224): error TS1005: ';' expected.
src/pages/HRRetail.tsx(3,244): error TS1005: ';' expected.
src/pages/HRRetail.tsx(3,247): error TS1005: ';' expected.
src/pages/HRRetail.tsx(3,273): error TS1005: ';' expected.
src/pages/HRRetail.tsx(3,277): error TS1005: ';' expected.
src/pages/HRRetail.tsx(3,293): error TS1005: ';' expected.
src/pages/HRRetail.tsx(3,301): error TS1005: ';' expected.
src/pages/HRRetail.tsx(3,322): error TS1005: ';' expected.
src/pages/HRRetail.tsx(3,347): error TS1005: ';' expected.
src/pages/HRRetail.tsx(3,353): error TS1351: An identifier or keyword cannot immediately follow a numeric literal.
src/pages/HRRetail.tsx(3,365): error TS1005: ';' expected.
src/pages/HRRetail.tsx(3,424): error TS1005: ';' expected.
src/pages/HRRetail.tsx(3,427): error TS1005: ';' expected.
src/pages/HRRetail.tsx(3,453): error TS1005: ';' expected.
src/pages/HRRetail.tsx(3,457): error TS1005: ';' expected.
src/pages/HRRetail.tsx(3,473): error TS1005: ';' expected.
src/pages/HRRetail.tsx(3,481): error TS1005: ';' expected.
src/pages/HRRetail.tsx(3,502): error TS1005: ';' expected.
src/pages/HRRetail.tsx(3,530): error TS1005: ';' expected.
src/pages/HRRetail.tsx(3,536): error TS1351: An identifier or keyword cannot immediately follow a numeric literal.
src/pages/HRRetail.tsx(3,549): error TS1005: ';' expected.
src/pages/HRRetail.tsx(3,563): error TS1005: ';' expected.
src/pages/HRRetail.tsx(3,617): error TS1005: ';' expected.
src/pages/HRRetail.tsx(3,620): error TS1005: ';' expected.
src/pages/HRRetail.tsx(3,646): error TS1005: ';' expected.
src/pages/HRRetail.tsx(3,650): error TS1005: ';' expected.
src/pages/HRRetail.tsx(3,666): error TS1005: ';' expected.
src/pages/HRRetail.tsx(3,674): error TS1005: ';' expected.
src/pages/HRRetail.tsx(3,695): error TS1005: ';' expected.
src/pages/HRRetail.tsx(3,724): error TS1005: ';' expected.
src/pages/HRRetail.tsx(3,730): error TS1351: An identifier or keyword cannot immediately follow a numeric literal.
src/pages/HRRetail.tsx(3,743): error TS1005: ';' expected.
src/pages/HRRetail.tsx(3,758): error TS1005: ';' expected.
src/pages/HRRetail.tsx(3,800): error TS1005: ';' expected.
src/pages/HRRetail.tsx(3,809): error TS1005: ';' expected.
src/pages/HRRetail.tsx(3,862): error TS1005: ';' expected.
src/pages/HRRetail.tsx(3,865): error TS1005: ';' expected.
src/pages/HRRetail.tsx(3,891): error TS1005: ';' expected.
src/pages/HRRetail.tsx(3,895): error TS1005: ';' expected.
src/pages/HRRetail.tsx(3,911): error TS1005: ';' expected.
src/pages/HRRetail.tsx(3,919): error TS1005: ';' expected.
src/pages/HRRetail.tsx(3,940): error TS1005: ';' expected.
src/pages/HRRetail.tsx(3,973): error TS1005: ';' expected.
src/pages/HRRetail.tsx(3,979): error TS1351: An identifier or keyword cannot immediately follow a numeric literal.
src/pages/HRRetail.tsx(3,991): error TS1005: ';' expected.
src/pages/HRRetail.tsx(3,1136): error TS1005: ';' expected.
src/pages/HRRetail.tsx(3,1145): error TS1005: ';' expected.
src/pages/HRRetail.tsx(3,1202): error TS1005: ';' expected.
src/pages/HRRetail.tsx(3,1211): error TS1005: ';' expected.
src/pages/HRRetail.tsx(3,1282): error TS1005: ';' expected.
src/pages/HRRetail.tsx(3,1304): error TS1005: ';' expected.
src/pages/HRRetail.tsx(3,1316): error TS1005: ';' expected.
src/pages/HRRetail.tsx(3,1320): error TS1005: ';' expected.
src/pages/HRRetail.tsx(3,1401): error TS1005: ';' expected.
src/pages/HRRetail.tsx(3,1405): error TS1005: ';' expected.
src/pages/HRRetail.tsx(3,1412): error TS1434: Unexpected keyword or identifier.
src/pages/HRRetail.tsx(3,1428): error TS1005: ';' expected.
src/pages/HRRetail.tsx(3,1442): error TS1005: ';' expected.
src/pages/HRRetail.tsx(3,1460): error TS1005: ';' expected.
src/pages/HRRetail.tsx(3,1475): error TS1005: ';' expected.
src/pages/HRRetail.tsx(3,1524): error TS1005: ';' expected.
src/pages/HRRetail.tsx(3,1530): error TS1005: ';' expected.
src/pages/HRRetail.tsx(3,1546): error TS1005: ';' expected.
src/pages/HRRetail.tsx(3,1559): error TS1005: ';' expected.
src/pages/HRRetail.tsx(3,1593): error TS1005: ';' expected.
src/pages/HRRetail.tsx(3,1601): error TS1005: ';' expected.
src/pages/HRRetail.tsx(3,1622): error TS1005: ';' expected.
src/pages/HRRetail.tsx(3,1673): error TS1005: ';' expected.
src/pages/HRRetail.tsx(3,1681): error TS1005: ';' expected.
src/pages/HRRetail.tsx(3,1686): error TS1005: ';' expected.
src/pages/HRRetail.tsx(3,1698): error TS1005: ';' expected.
src/pages/HRRetail.tsx(3,1721): error TS1005: ';' expected.
src/pages/HRRetail.tsx(3,1728): error TS1005: ';' expected.
src/pages/HRRetail.tsx(3,1798): error TS1002: Unterminated string literal.
src/pages/HRRetail.tsx(4,3): error TS1128: Declaration or statement expected.
src/pages/HRRetailStaff.tsx(3,73): error TS1003: Identifier expected.
src/pages/HRRetailStaff.tsx(3,145): error TS1005: ';' expected.
src/pages/HRRetailStaff.tsx(3,162): error TS1005: ';' expected.
src/pages/HRRetailStaff.tsx(3,167): error TS1005: ';' expected.
src/pages/HRRetailStaff.tsx(3,187): error TS1005: ';' expected.
src/pages/HRRetailStaff.tsx(3,190): error TS1005: ';' expected.
src/pages/HRRetailStaff.tsx(3,216): error TS1005: ';' expected.
src/pages/HRRetailStaff.tsx(3,220): error TS1005: ';' expected.
src/pages/HRRetailStaff.tsx(3,236): error TS1005: ';' expected.
src/pages/HRRetailStaff.tsx(3,244): error TS1005: ';' expected.
src/pages/HRRetailStaff.tsx(3,265): error TS1005: ';' expected.
src/pages/HRRetailStaff.tsx(3,294): error TS1005: ';' expected.
src/pages/HRRetailStaff.tsx(3,300): error TS1351: An identifier or keyword cannot immediately follow a numeric literal.
src/pages/HRRetailStaff.tsx(3,312): error TS1005: ';' expected.
src/pages/HRRetailStaff.tsx(3,375): error TS1005: ';' expected.
src/pages/HRRetailStaff.tsx(3,378): error TS1005: ';' expected.
src/pages/HRRetailStaff.tsx(3,404): error TS1005: ';' expected.
src/pages/HRRetailStaff.tsx(3,408): error TS1005: ';' expected.
src/pages/HRRetailStaff.tsx(3,424): error TS1005: ';' expected.
src/pages/HRRetailStaff.tsx(3,432): error TS1005: ';' expected.
src/pages/HRRetailStaff.tsx(3,453): error TS1005: ';' expected.
src/pages/HRRetailStaff.tsx(3,479): error TS1005: ';' expected.
src/pages/HRRetailStaff.tsx(3,485): error TS1351: An identifier or keyword cannot immediately follow a numeric literal.
src/pages/HRRetailStaff.tsx(3,498): error TS1005: ';' expected.
src/pages/HRRetailStaff.tsx(3,512): error TS1005: ';' expected.
src/pages/HRRetailStaff.tsx(3,565): error TS1005: ';' expected.
src/pages/HRRetailStaff.tsx(3,568): error TS1005: ';' expected.
src/pages/HRRetailStaff.tsx(3,594): error TS1005: ';' expected.
src/pages/HRRetailStaff.tsx(3,598): error TS1005: ';' expected.
src/pages/HRRetailStaff.tsx(3,614): error TS1005: ';' expected.
src/pages/HRRetailStaff.tsx(3,622): error TS1005: ';' expected.
src/pages/HRRetailStaff.tsx(3,643): error TS1005: ';' expected.
src/pages/HRRetailStaff.tsx(3,668): error TS1005: ';' expected.
src/pages/HRRetailStaff.tsx(3,674): error TS1351: An identifier or keyword cannot immediately follow a numeric literal.
src/pages/HRRetailStaff.tsx(3,687): error TS1005: ';' expected.
src/pages/HRRetailStaff.tsx(3,700): error TS1005: ';' expected.
src/pages/HRRetailStaff.tsx(3,794): error TS1005: ';' expected.
src/pages/HRRetailStaff.tsx(3,797): error TS1005: ';' expected.
src/pages/HRRetailStaff.tsx(3,823): error TS1005: ';' expected.
src/pages/HRRetailStaff.tsx(3,827): error TS1005: ';' expected.
src/pages/HRRetailStaff.tsx(3,843): error TS1005: ';' expected.
src/pages/HRRetailStaff.tsx(3,851): error TS1005: ';' expected.
src/pages/HRRetailStaff.tsx(3,872): error TS1005: ';' expected.
src/pages/HRRetailStaff.tsx(3,900): error TS1005: ';' expected.
src/pages/HRRetailStaff.tsx(3,906): error TS1351: An identifier or keyword cannot immediately follow a numeric literal.
src/pages/HRRetailStaff.tsx(3,918): error TS1005: ';' expected.
src/pages/HRRetailStaff.tsx(3,1069): error TS1005: ';' expected.
src/pages/HRRetailStaff.tsx(3,1078): error TS1005: ';' expected.
src/pages/HRRetailStaff.tsx(3,1134): error TS1005: ';' expected.
src/pages/HRRetailStaff.tsx(3,1143): error TS1005: ';' expected.
src/pages/HRRetailStaff.tsx(3,1217): error TS1005: ';' expected.
src/pages/HRRetailStaff.tsx(3,1239): error TS1005: ';' expected.
src/pages/HRRetailStaff.tsx(3,1251): error TS1005: ';' expected.
src/pages/HRRetailStaff.tsx(3,1255): error TS1005: ';' expected.
src/pages/HRRetailStaff.tsx(3,1343): error TS1005: ';' expected.
src/pages/HRRetailStaff.tsx(3,1347): error TS1005: ';' expected.
src/pages/HRRetailStaff.tsx(3,1354): error TS1434: Unexpected keyword or identifier.
src/pages/HRRetailStaff.tsx(3,1370): error TS1005: ';' expected.
src/pages/HRRetailStaff.tsx(3,1384): error TS1005: ';' expected.
src/pages/HRRetailStaff.tsx(3,1402): error TS1005: ';' expected.
src/pages/HRRetailStaff.tsx(3,1417): error TS1005: ';' expected.
src/pages/HRRetailStaff.tsx(3,1463): error TS1005: ';' expected.
src/pages/HRRetailStaff.tsx(3,1469): error TS1005: ';' expected.
src/pages/HRRetailStaff.tsx(3,1485): error TS1005: ';' expected.
src/pages/HRRetailStaff.tsx(3,1498): error TS1005: ';' expected.
src/pages/HRRetailStaff.tsx(3,1532): error TS1005: ';' expected.
src/pages/HRRetailStaff.tsx(3,1540): error TS1005: ';' expected.
src/pages/HRRetailStaff.tsx(3,1561): error TS1005: ';' expected.
src/pages/HRRetailStaff.tsx(3,1611): error TS1005: ';' expected.
src/pages/HRRetailStaff.tsx(3,1622): error TS1005: ';' expected.
src/pages/HRRetailStaff.tsx(3,1634): error TS1005: ';' expected.
src/pages/HRRetailStaff.tsx(3,1657): error TS1005: ';' expected.
src/pages/HRRetailStaff.tsx(3,1664): error TS1005: ';' expected.
src/pages/HRRetailStaff.tsx(3,1730): error TS1002: Unterminated string literal.
src/pages/HRRetailStaff.tsx(4,3): error TS1128: Declaration or statement expected.
src/pages/HRScheduling.tsx(3,84): error TS1003: Identifier expected.
src/pages/HRScheduling.tsx(3,204): error TS1005: ';' expected.
src/pages/HRScheduling.tsx(3,221): error TS1005: ';' expected.
src/pages/HRScheduling.tsx(3,226): error TS1005: ';' expected.
src/pages/HRScheduling.tsx(3,246): error TS1005: ';' expected.
src/pages/HRScheduling.tsx(3,249): error TS1005: ';' expected.
src/pages/HRScheduling.tsx(3,275): error TS1005: ';' expected.
src/pages/HRScheduling.tsx(3,279): error TS1005: ';' expected.
src/pages/HRScheduling.tsx(3,295): error TS1005: ';' expected.
src/pages/HRScheduling.tsx(3,303): error TS1005: ';' expected.
src/pages/HRScheduling.tsx(3,324): error TS1005: ';' expected.
src/pages/HRScheduling.tsx(3,349): error TS1005: ';' expected.
src/pages/HRScheduling.tsx(3,355): error TS1351: An identifier or keyword cannot immediately follow a numeric literal.
src/pages/HRScheduling.tsx(3,367): error TS1005: ';' expected.
src/pages/HRScheduling.tsx(3,426): error TS1005: ';' expected.
src/pages/HRScheduling.tsx(3,429): error TS1005: ';' expected.
src/pages/HRScheduling.tsx(3,455): error TS1005: ';' expected.
src/pages/HRScheduling.tsx(3,459): error TS1005: ';' expected.
src/pages/HRScheduling.tsx(3,475): error TS1005: ';' expected.
src/pages/HRScheduling.tsx(3,483): error TS1005: ';' expected.
src/pages/HRScheduling.tsx(3,504): error TS1005: ';' expected.
src/pages/HRScheduling.tsx(3,532): error TS1005: ';' expected.
src/pages/HRScheduling.tsx(3,538): error TS1351: An identifier or keyword cannot immediately follow a numeric literal.
src/pages/HRScheduling.tsx(3,551): error TS1005: ';' expected.
src/pages/HRScheduling.tsx(3,565): error TS1005: ';' expected.
src/pages/HRScheduling.tsx(3,619): error TS1005: ';' expected.
src/pages/HRScheduling.tsx(3,622): error TS1005: ';' expected.
src/pages/HRScheduling.tsx(3,648): error TS1005: ';' expected.
src/pages/HRScheduling.tsx(3,652): error TS1005: ';' expected.
src/pages/HRScheduling.tsx(3,668): error TS1005: ';' expected.
src/pages/HRScheduling.tsx(3,676): error TS1005: ';' expected.
src/pages/HRScheduling.tsx(3,697): error TS1005: ';' expected.
src/pages/HRScheduling.tsx(3,726): error TS1005: ';' expected.
src/pages/HRScheduling.tsx(3,732): error TS1351: An identifier or keyword cannot immediately follow a numeric literal.
src/pages/HRScheduling.tsx(3,745): error TS1005: ';' expected.
src/pages/HRScheduling.tsx(3,758): error TS1005: ';' expected.
src/pages/HRScheduling.tsx(3,814): error TS1005: ';' expected.
src/pages/HRScheduling.tsx(3,817): error TS1005: ';' expected.
src/pages/HRScheduling.tsx(3,843): error TS1005: ';' expected.
src/pages/HRScheduling.tsx(3,847): error TS1005: ';' expected.
src/pages/HRScheduling.tsx(3,863): error TS1005: ';' expected.
src/pages/HRScheduling.tsx(3,871): error TS1005: ';' expected.
src/pages/HRScheduling.tsx(3,892): error TS1005: ';' expected.
src/pages/HRScheduling.tsx(3,918): error TS1005: ';' expected.
src/pages/HRScheduling.tsx(3,924): error TS1351: An identifier or keyword cannot immediately follow a numeric literal.
src/pages/HRScheduling.tsx(3,936): error TS1005: ';' expected.
src/pages/HRScheduling.tsx(3,1083): error TS1005: ';' expected.
src/pages/HRScheduling.tsx(3,1092): error TS1005: ';' expected.
src/pages/HRScheduling.tsx(3,1159): error TS1005: ';' expected.
src/pages/HRScheduling.tsx(3,1168): error TS1005: ';' expected.
src/pages/HRScheduling.tsx(3,1239): error TS1005: ';' expected.
src/pages/HRScheduling.tsx(3,1261): error TS1005: ';' expected.
src/pages/HRScheduling.tsx(3,1273): error TS1005: ';' expected.
src/pages/HRScheduling.tsx(3,1277): error TS1005: ';' expected.
src/pages/HRScheduling.tsx(3,1358): error TS1005: ';' expected.
src/pages/HRScheduling.tsx(3,1362): error TS1005: ';' expected.
src/pages/HRScheduling.tsx(3,1369): error TS1434: Unexpected keyword or identifier.
src/pages/HRScheduling.tsx(3,1385): error TS1005: ';' expected.
src/pages/HRScheduling.tsx(3,1399): error TS1005: ';' expected.
src/pages/HRScheduling.tsx(3,1417): error TS1005: ';' expected.
src/pages/HRScheduling.tsx(3,1432): error TS1005: ';' expected.
src/pages/HRScheduling.tsx(3,1481): error TS1005: ';' expected.
src/pages/HRScheduling.tsx(3,1487): error TS1005: ';' expected.
src/pages/HRScheduling.tsx(3,1503): error TS1005: ';' expected.
src/pages/HRScheduling.tsx(3,1516): error TS1005: ';' expected.
src/pages/HRScheduling.tsx(3,1550): error TS1005: ';' expected.
src/pages/HRScheduling.tsx(3,1558): error TS1005: ';' expected.
src/pages/HRScheduling.tsx(3,1579): error TS1005: ';' expected.
src/pages/HRScheduling.tsx(3,1631): error TS1005: ';' expected.
src/pages/HRScheduling.tsx(3,1643): error TS1005: ';' expected.
src/pages/HRScheduling.tsx(3,1666): error TS1005: ';' expected.
src/pages/HRScheduling.tsx(3,1673): error TS1005: ';' expected.
src/pages/HRScheduling.tsx(3,1691): error TS1005: ';' expected.
src/pages/HRScheduling.tsx(3,1705): error TS1005: ';' expected.
src/pages/HRScheduling.tsx(3,1705): error TS1434: Unexpected keyword or identifier.
src/pages/HRScheduling.tsx(3,1772): error TS1002: Unterminated string literal.
src/pages/HRScheduling.tsx(4,3): error TS1128: Declaration or statement expected.
src/pages/HRTelecom.tsx(3,83): error TS1003: Identifier expected.
src/pages/HRTelecom.tsx(3,186): error TS1005: ';' expected.
src/pages/HRTelecom.tsx(3,203): error TS1005: ';' expected.
src/pages/HRTelecom.tsx(3,208): error TS1005: ';' expected.
src/pages/HRTelecom.tsx(3,228): error TS1005: ';' expected.
src/pages/HRTelecom.tsx(3,231): error TS1005: ';' expected.
src/pages/HRTelecom.tsx(3,257): error TS1005: ';' expected.
src/pages/HRTelecom.tsx(3,261): error TS1005: ';' expected.
src/pages/HRTelecom.tsx(3,277): error TS1005: ';' expected.
src/pages/HRTelecom.tsx(3,285): error TS1005: ';' expected.
src/pages/HRTelecom.tsx(3,306): error TS1005: ';' expected.
src/pages/HRTelecom.tsx(3,335): error TS1005: ';' expected.
src/pages/HRTelecom.tsx(3,341): error TS1351: An identifier or keyword cannot immediately follow a numeric literal.
src/pages/HRTelecom.tsx(3,353): error TS1005: ';' expected.
src/pages/HRTelecom.tsx(3,416): error TS1005: ';' expected.
src/pages/HRTelecom.tsx(3,419): error TS1005: ';' expected.
src/pages/HRTelecom.tsx(3,445): error TS1005: ';' expected.
src/pages/HRTelecom.tsx(3,449): error TS1005: ';' expected.
src/pages/HRTelecom.tsx(3,465): error TS1005: ';' expected.
src/pages/HRTelecom.tsx(3,473): error TS1005: ';' expected.
src/pages/HRTelecom.tsx(3,494): error TS1005: ';' expected.
src/pages/HRTelecom.tsx(3,520): error TS1005: ';' expected.
src/pages/HRTelecom.tsx(3,526): error TS1351: An identifier or keyword cannot immediately follow a numeric literal.
src/pages/HRTelecom.tsx(3,539): error TS1005: ';' expected.
src/pages/HRTelecom.tsx(3,553): error TS1005: ';' expected.
src/pages/HRTelecom.tsx(3,606): error TS1005: ';' expected.
src/pages/HRTelecom.tsx(3,609): error TS1005: ';' expected.
src/pages/HRTelecom.tsx(3,635): error TS1005: ';' expected.
src/pages/HRTelecom.tsx(3,639): error TS1005: ';' expected.
src/pages/HRTelecom.tsx(3,655): error TS1005: ';' expected.
src/pages/HRTelecom.tsx(3,663): error TS1005: ';' expected.
src/pages/HRTelecom.tsx(3,684): error TS1005: ';' expected.
src/pages/HRTelecom.tsx(3,713): error TS1005: ';' expected.
src/pages/HRTelecom.tsx(3,719): error TS1351: An identifier or keyword cannot immediately follow a numeric literal.
src/pages/HRTelecom.tsx(3,732): error TS1005: ';' expected.
src/pages/HRTelecom.tsx(3,745): error TS1005: ';' expected.
src/pages/HRTelecom.tsx(3,795): error TS1005: ';' expected.
src/pages/HRTelecom.tsx(3,798): error TS1005: ';' expected.
src/pages/HRTelecom.tsx(3,824): error TS1005: ';' expected.
src/pages/HRTelecom.tsx(3,828): error TS1005: ';' expected.
src/pages/HRTelecom.tsx(3,844): error TS1005: ';' expected.
src/pages/HRTelecom.tsx(3,852): error TS1005: ';' expected.
src/pages/HRTelecom.tsx(3,873): error TS1005: ';' expected.
src/pages/HRTelecom.tsx(3,901): error TS1005: ';' expected.
src/pages/HRTelecom.tsx(3,907): error TS1351: An identifier or keyword cannot immediately follow a numeric literal.
src/pages/HRTelecom.tsx(3,919): error TS1005: ';' expected.
src/pages/HRTelecom.tsx(3,1071): error TS1005: ';' expected.
src/pages/HRTelecom.tsx(3,1080): error TS1005: ';' expected.
src/pages/HRTelecom.tsx(3,1141): error TS1005: ';' expected.
src/pages/HRTelecom.tsx(3,1150): error TS1005: ';' expected.
src/pages/HRTelecom.tsx(3,1225): error TS1005: ';' expected.
src/pages/HRTelecom.tsx(3,1247): error TS1005: ';' expected.
src/pages/HRTelecom.tsx(3,1259): error TS1005: ';' expected.
src/pages/HRTelecom.tsx(3,1263): error TS1005: ';' expected.
src/pages/HRTelecom.tsx(3,1347): error TS1005: ';' expected.
src/pages/HRTelecom.tsx(3,1351): error TS1005: ';' expected.
src/pages/HRTelecom.tsx(3,1358): error TS1434: Unexpected keyword or identifier.
src/pages/HRTelecom.tsx(3,1374): error TS1005: ';' expected.
src/pages/HRTelecom.tsx(3,1388): error TS1005: ';' expected.
src/pages/HRTelecom.tsx(3,1406): error TS1005: ';' expected.
src/pages/HRTelecom.tsx(3,1421): error TS1005: ';' expected.
src/pages/HRTelecom.tsx(3,1468): error TS1005: ';' expected.
src/pages/HRTelecom.tsx(3,1474): error TS1005: ';' expected.
src/pages/HRTelecom.tsx(3,1490): error TS1005: ';' expected.
src/pages/HRTelecom.tsx(3,1503): error TS1005: ';' expected.
src/pages/HRTelecom.tsx(3,1537): error TS1005: ';' expected.
src/pages/HRTelecom.tsx(3,1545): error TS1005: ';' expected.
src/pages/HRTelecom.tsx(3,1566): error TS1005: ';' expected.
src/pages/HRTelecom.tsx(3,1623): error TS1005: ';' expected.
src/pages/HRTelecom.tsx(3,1634): error TS1005: ';' expected.
src/pages/HRTelecom.tsx(3,1646): error TS1005: ';' expected.
src/pages/HRTelecom.tsx(3,1669): error TS1005: ';' expected.
src/pages/HRTelecom.tsx(3,1676): error TS1005: ';' expected.
src/pages/HRTelecom.tsx(3,1746): error TS1002: Unterminated string literal.
src/pages/HRTelecom.tsx(4,3): error TS1128: Declaration or statement expected.
src/pages/HSESafety.tsx(45,49): error TS1003: Identifier expected.
src/pages/HSESafety.tsx(45,111): error TS1002: Unterminated string literal.
src/pages/HSESafety.tsx(46,7): error TS1128: Declaration or statement expected.
src/pages/HSESafety.tsx(48,7): error TS2657: JSX expressions must have one parent element.
src/pages/HSESafety.tsx(116,5): error TS1128: Declaration or statement expected.
src/pages/HSESafety.tsx(117,3): error TS1109: Expression expected.
src/pages/Industries.tsx(147,5): error TS2657: JSX expressions must have one parent element.
src/pages/Industries.tsx(149,10): error TS1003: Identifier expected.
src/pages/Industries.tsx(152,7): error TS1005: ')' expected.
src/pages/Industries.tsx(236,5): error TS1128: Declaration or statement expected.
src/pages/Industries.tsx(237,3): error TS1109: Expression expected.
src/pages/industries/healthcare/HealthcareAIDiagnostics.tsx(21,56): error TS1003: Identifier expected.
src/pages/industries/healthcare/HealthcareAIDiagnostics.tsx(21,60): error TS1005: ';' expected.
src/pages/industries/healthcare/HealthcareAIDiagnostics.tsx(21,79): error TS1005: ';' expected.
src/pages/industries/healthcare/HealthcareAIDiagnostics.tsx(22,7): error TS2657: JSX expressions must have one parent element.
src/pages/industries/healthcare/HealthcareAIDiagnostics.tsx(58,5): error TS1128: Declaration or statement expected.
src/pages/industries/healthcare/HealthcareAIDiagnostics.tsx(59,3): error TS1109: Expression expected.
src/pages/industries/healthcare/HealthcareAppointments.tsx(21,56): error TS1003: Identifier expected.
src/pages/industries/healthcare/HealthcareAppointments.tsx(21,60): error TS1005: ';' expected.
src/pages/industries/healthcare/HealthcareAppointments.tsx(21,79): error TS1005: ';' expected.
src/pages/industries/healthcare/HealthcareAppointments.tsx(22,7): error TS2657: JSX expressions must have one parent element.
src/pages/industries/healthcare/HealthcareAppointments.tsx(58,5): error TS1128: Declaration or statement expected.
src/pages/industries/healthcare/HealthcareAppointments.tsx(59,3): error TS1109: Expression expected.
src/pages/industries/healthcare/HealthcareBIDashboards.tsx(21,56): error TS1003: Identifier expected.
src/pages/industries/healthcare/HealthcareBIDashboards.tsx(21,60): error TS1005: ';' expected.
src/pages/industries/healthcare/HealthcareBIDashboards.tsx(21,79): error TS1005: ';' expected.
src/pages/industries/healthcare/HealthcareBIDashboards.tsx(22,7): error TS2657: JSX expressions must have one parent element.
src/pages/industries/healthcare/HealthcareBIDashboards.tsx(58,5): error TS1128: Declaration or statement expected.
src/pages/industries/healthcare/HealthcareBIDashboards.tsx(59,3): error TS1109: Expression expected.
src/pages/industries/healthcare/HealthcareBillingInsurance.tsx(21,56): error TS1003: Identifier expected.
src/pages/industries/healthcare/HealthcareBillingInsurance.tsx(21,60): error TS1005: ';' expected.
src/pages/industries/healthcare/HealthcareBillingInsurance.tsx(21,79): error TS1005: ';' expected.
src/pages/industries/healthcare/HealthcareBillingInsurance.tsx(22,7): error TS2657: JSX expressions must have one parent element.
src/pages/industries/healthcare/HealthcareBillingInsurance.tsx(58,5): error TS1128: Declaration or statement expected.
src/pages/industries/healthcare/HealthcareBillingInsurance.tsx(59,3): error TS1109: Expression expected.
src/pages/industries/healthcare/HealthcareCompliance.tsx(21,56): error TS1003: Identifier expected.
src/pages/industries/healthcare/HealthcareCompliance.tsx(21,60): error TS1005: ';' expected.
src/pages/industries/healthcare/HealthcareCompliance.tsx(21,79): error TS1005: ';' expected.
src/pages/industries/healthcare/HealthcareCompliance.tsx(22,7): error TS2657: JSX expressions must have one parent element.
src/pages/industries/healthcare/HealthcareCompliance.tsx(58,5): error TS1128: Declaration or statement expected.
src/pages/industries/healthcare/HealthcareCompliance.tsx(59,3): error TS1109: Expression expected.
src/pages/industries/healthcare/HealthcareCRMEngagement.tsx(21,56): error TS1003: Identifier expected.
src/pages/industries/healthcare/HealthcareCRMEngagement.tsx(21,60): error TS1005: ';' expected.
src/pages/industries/healthcare/HealthcareCRMEngagement.tsx(21,79): error TS1005: ';' expected.
src/pages/industries/healthcare/HealthcareCRMEngagement.tsx(22,7): error TS2657: JSX expressions must have one parent element.
src/pages/industries/healthcare/HealthcareCRMEngagement.tsx(58,5): error TS1128: Declaration or statement expected.
src/pages/industries/healthcare/HealthcareCRMEngagement.tsx(59,3): error TS1109: Expression expected.
src/pages/industries/healthcare/HealthcareHRWorkforce.tsx(21,56): error TS1003: Identifier expected.
src/pages/industries/healthcare/HealthcareHRWorkforce.tsx(21,60): error TS1005: ';' expected.
src/pages/industries/healthcare/HealthcareHRWorkforce.tsx(21,79): error TS1005: ';' expected.
src/pages/industries/healthcare/HealthcareHRWorkforce.tsx(22,7): error TS2657: JSX expressions must have one parent element.
src/pages/industries/healthcare/HealthcareHRWorkforce.tsx(58,5): error TS1128: Declaration or statement expected.
src/pages/industries/healthcare/HealthcareHRWorkforce.tsx(59,3): error TS1109: Expression expected.
src/pages/industries/healthcare/HealthcareLaboratory.tsx(21,56): error TS1003: Identifier expected.
src/pages/industries/healthcare/HealthcareLaboratory.tsx(21,60): error TS1005: ';' expected.
src/pages/industries/healthcare/HealthcareLaboratory.tsx(21,79): error TS1005: ';' expected.
src/pages/industries/healthcare/HealthcareLaboratory.tsx(22,7): error TS2657: JSX expressions must have one parent element.
src/pages/industries/healthcare/HealthcareLaboratory.tsx(58,5): error TS1128: Declaration or statement expected.
src/pages/industries/healthcare/HealthcareLaboratory.tsx(59,3): error TS1109: Expression expected.
src/pages/industries/healthcare/HealthcareMobileApp.tsx(21,56): error TS1003: Identifier expected.
src/pages/industries/healthcare/HealthcareMobileApp.tsx(21,60): error TS1005: ';' expected.
src/pages/industries/healthcare/HealthcareMobileApp.tsx(21,79): error TS1005: ';' expected.
src/pages/industries/healthcare/HealthcareMobileApp.tsx(22,7): error TS2657: JSX expressions must have one parent element.
src/pages/industries/healthcare/HealthcareMobileApp.tsx(58,5): error TS1128: Declaration or statement expected.
src/pages/industries/healthcare/HealthcareMobileApp.tsx(59,3): error TS1109: Expression expected.
src/pages/industries/healthcare/HealthcarePatientManagement.tsx(21,56): error TS1003: Identifier expected.
src/pages/industries/healthcare/HealthcarePatientManagement.tsx(21,60): error TS1005: ';' expected.
src/pages/industries/healthcare/HealthcarePatientManagement.tsx(21,79): error TS1005: ';' expected.
src/pages/industries/healthcare/HealthcarePatientManagement.tsx(22,7): error TS2657: JSX expressions must have one parent element.
src/pages/industries/healthcare/HealthcarePatientManagement.tsx(58,5): error TS1128: Declaration or statement expected.
src/pages/industries/healthcare/HealthcarePatientManagement.tsx(59,3): error TS1109: Expression expected.
src/pages/industries/healthcare/HealthcarePharmacy.tsx(21,56): error TS1003: Identifier expected.
src/pages/industries/healthcare/HealthcarePharmacy.tsx(21,60): error TS1005: ';' expected.
src/pages/industries/healthcare/HealthcarePharmacy.tsx(21,79): error TS1005: ';' expected.
src/pages/industries/healthcare/HealthcarePharmacy.tsx(22,7): error TS2657: JSX expressions must have one parent element.
src/pages/industries/healthcare/HealthcarePharmacy.tsx(58,5): error TS1128: Declaration or statement expected.
src/pages/industries/healthcare/HealthcarePharmacy.tsx(59,3): error TS1109: Expression expected.
src/pages/IndustryConfiguration.tsx(72,49): error TS1003: Identifier expected.
src/pages/IndustryConfiguration.tsx(72,104): error TS1002: Unterminated string literal.
src/pages/IndustryConfiguration.tsx(73,7): error TS1128: Declaration or statement expected.
src/pages/IndustryConfiguration.tsx(76,9): error TS1003: Identifier expected.
src/pages/IndustryConfiguration.tsx(76,14): error TS1005: ',' expected.
src/pages/IndustryConfiguration.tsx(78,9): error TS1005: ',' expected.
src/pages/IndustryConfiguration.tsx(78,14): error TS1005: ',' expected.
src/pages/IndustryConfiguration.tsx(79,7): error TS1109: Expression expected.
src/pages/IndustryConfiguration.tsx(79,9): error TS1128: Declaration or statement expected.
src/pages/IndustryConfiguration.tsx(242,5): error TS1128: Declaration or statement expected.
src/pages/IndustryConfiguration.tsx(243,3): error TS1109: Expression expected.
src/pages/IndustryConfiguration.tsx(244,1): error TS1128: Declaration or statement expected.
src/pages/IndustrySetup.tsx(262,7): error TS2657: JSX expressions must have one parent element.
src/pages/IndustrySetup.tsx(271,9): error TS17002: Expected corresponding JSX closing tag for 'StandardPage'.
src/pages/IndustrySetup.tsx(541,5): error TS1005: ')' expected.
src/pages/IndustrySetup.tsx(542,3): error TS1109: Expression expected.
src/pages/IndustrySetup.tsx(544,1): error TS1005: '}' expected.
src/pages/IngredientMasterCPG.tsx(3,86): error TS1003: Identifier expected.
src/pages/IngredientMasterCPG.tsx(3,212): error TS1005: ';' expected.
src/pages/IngredientMasterCPG.tsx(3,229): error TS1005: ';' expected.
src/pages/IngredientMasterCPG.tsx(3,234): error TS1005: ';' expected.
src/pages/IngredientMasterCPG.tsx(3,254): error TS1005: ';' expected.
src/pages/IngredientMasterCPG.tsx(3,257): error TS1005: ';' expected.
src/pages/IngredientMasterCPG.tsx(3,283): error TS1005: ';' expected.
src/pages/IngredientMasterCPG.tsx(3,287): error TS1005: ';' expected.
src/pages/IngredientMasterCPG.tsx(3,303): error TS1005: ';' expected.
src/pages/IngredientMasterCPG.tsx(3,311): error TS1005: ';' expected.
src/pages/IngredientMasterCPG.tsx(3,332): error TS1005: ';' expected.
src/pages/IngredientMasterCPG.tsx(3,369): error TS1005: ';' expected.
src/pages/IngredientMasterCPG.tsx(3,375): error TS1351: An identifier or keyword cannot immediately follow a numeric literal.
src/pages/IngredientMasterCPG.tsx(3,387): error TS1005: ';' expected.
src/pages/IngredientMasterCPG.tsx(3,452): error TS1005: ';' expected.
src/pages/IngredientMasterCPG.tsx(3,455): error TS1005: ';' expected.
src/pages/IngredientMasterCPG.tsx(3,481): error TS1005: ';' expected.
src/pages/IngredientMasterCPG.tsx(3,485): error TS1005: ';' expected.
src/pages/IngredientMasterCPG.tsx(3,501): error TS1005: ';' expected.
src/pages/IngredientMasterCPG.tsx(3,509): error TS1005: ';' expected.
src/pages/IngredientMasterCPG.tsx(3,530): error TS1005: ';' expected.
src/pages/IngredientMasterCPG.tsx(3,559): error TS1005: ';' expected.
src/pages/IngredientMasterCPG.tsx(3,565): error TS1351: An identifier or keyword cannot immediately follow a numeric literal.
src/pages/IngredientMasterCPG.tsx(3,578): error TS1005: ';' expected.
src/pages/IngredientMasterCPG.tsx(3,592): error TS1005: ';' expected.
src/pages/IngredientMasterCPG.tsx(3,648): error TS1005: ';' expected.
src/pages/IngredientMasterCPG.tsx(3,651): error TS1005: ';' expected.
src/pages/IngredientMasterCPG.tsx(3,677): error TS1005: ';' expected.
src/pages/IngredientMasterCPG.tsx(3,681): error TS1005: ';' expected.
src/pages/IngredientMasterCPG.tsx(3,697): error TS1005: ';' expected.
src/pages/IngredientMasterCPG.tsx(3,705): error TS1005: ';' expected.
src/pages/IngredientMasterCPG.tsx(3,726): error TS1005: ';' expected.
src/pages/IngredientMasterCPG.tsx(3,755): error TS1005: ';' expected.
src/pages/IngredientMasterCPG.tsx(3,761): error TS1351: An identifier or keyword cannot immediately follow a numeric literal.
src/pages/IngredientMasterCPG.tsx(3,773): error TS1005: ';' expected.
src/pages/IngredientMasterCPG.tsx(3,875): error TS1005: ';' expected.
src/pages/IngredientMasterCPG.tsx(3,878): error TS1005: ';' expected.
src/pages/IngredientMasterCPG.tsx(3,904): error TS1005: ';' expected.
src/pages/IngredientMasterCPG.tsx(3,908): error TS1005: ';' expected.
src/pages/IngredientMasterCPG.tsx(3,924): error TS1005: ';' expected.
src/pages/IngredientMasterCPG.tsx(3,932): error TS1005: ';' expected.
src/pages/IngredientMasterCPG.tsx(3,953): error TS1005: ';' expected.
src/pages/IngredientMasterCPG.tsx(3,979): error TS1005: ';' expected.
src/pages/IngredientMasterCPG.tsx(3,985): error TS1351: An identifier or keyword cannot immediately follow a numeric literal.
src/pages/IngredientMasterCPG.tsx(3,998): error TS1005: ';' expected.
src/pages/IngredientMasterCPG.tsx(3,1011): error TS1005: ';' expected.
src/pages/IngredientMasterCPG.tsx(3,1170): error TS1005: ';' expected.
src/pages/IngredientMasterCPG.tsx(3,1179): error TS1005: ';' expected.
src/pages/IngredientMasterCPG.tsx(3,1242): error TS1005: ';' expected.
src/pages/IngredientMasterCPG.tsx(3,1251): error TS1005: ';' expected.
src/pages/IngredientMasterCPG.tsx(3,1328): error TS1005: ';' expected.
src/pages/IngredientMasterCPG.tsx(3,1350): error TS1005: ';' expected.
src/pages/IngredientMasterCPG.tsx(3,1362): error TS1005: ';' expected.
src/pages/IngredientMasterCPG.tsx(3,1366): error TS1005: ';' expected.
src/pages/IngredientMasterCPG.tsx(3,1459): error TS1005: ';' expected.
src/pages/IngredientMasterCPG.tsx(3,1463): error TS1005: ';' expected.
src/pages/IngredientMasterCPG.tsx(3,1470): error TS1434: Unexpected keyword or identifier.
src/pages/IngredientMasterCPG.tsx(3,1486): error TS1005: ';' expected.
src/pages/IngredientMasterCPG.tsx(3,1500): error TS1005: ';' expected.
src/pages/IngredientMasterCPG.tsx(3,1518): error TS1005: ';' expected.
src/pages/IngredientMasterCPG.tsx(3,1533): error TS1005: ';' expected.
src/pages/IngredientMasterCPG.tsx(3,1587): error TS1005: ';' expected.
src/pages/IngredientMasterCPG.tsx(3,1593): error TS1005: ';' expected.
src/pages/IngredientMasterCPG.tsx(3,1609): error TS1005: ';' expected.
src/pages/IngredientMasterCPG.tsx(3,1622): error TS1005: ';' expected.
src/pages/IngredientMasterCPG.tsx(3,1658): error TS1005: ';' expected.
src/pages/IngredientMasterCPG.tsx(3,1666): error TS1005: ';' expected.
src/pages/IngredientMasterCPG.tsx(3,1687): error TS1005: ';' expected.
src/pages/IngredientMasterCPG.tsx(3,1755): error TS1005: ';' expected.
src/pages/IngredientMasterCPG.tsx(3,1767): error TS1005: ';' expected.
src/pages/IngredientMasterCPG.tsx(3,1790): error TS1005: ';' expected.
src/pages/IngredientMasterCPG.tsx(3,1797): error TS1005: ';' expected.
src/pages/IngredientMasterCPG.tsx(3,1865): error TS1002: Unterminated string literal.
src/pages/IngredientMasterCPG.tsx(4,3): error TS1128: Declaration or statement expected.
src/pages/InstalledApps.tsx(10,49): error TS1003: Identifier expected.
src/pages/InstalledApps.tsx(10,91): error TS1002: Unterminated string literal.
src/pages/InstalledApps.tsx(11,7): error TS1128: Declaration or statement expected.
src/pages/InstalledApps.tsx(26,5): error TS1128: Declaration or statement expected.
src/pages/InstalledApps.tsx(27,3): error TS1109: Expression expected.
src/pages/IntegrationHub.tsx(50,49): error TS1003: Identifier expected.
src/pages/IntegrationHub.tsx(50,107): error TS1002: Unterminated string literal.
src/pages/IntegrationHub.tsx(51,7): error TS1128: Declaration or statement expected.
src/pages/IntegrationHub.tsx(122,5): error TS1128: Declaration or statement expected.
src/pages/IntegrationHub.tsx(123,3): error TS1109: Expression expected.
src/pages/IntegrationHubNew.tsx(14,44): error TS1003: Identifier expected.
src/pages/IntegrationHubNew.tsx(14,82): error TS1002: Unterminated string literal.
src/pages/IntegrationHubNew.tsx(15,7): error TS1128: Declaration or statement expected.
src/pages/IntegrationHubNew.tsx(16,7): error TS2657: JSX expressions must have one parent element.
src/pages/IntegrationHubNew.tsx(22,5): error TS1128: Declaration or statement expected.
src/pages/IntegrationHubNew.tsx(23,3): error TS1109: Expression expected.
src/pages/IntegrationManagement.tsx(9,49): error TS1003: Identifier expected.
src/pages/IntegrationManagement.tsx(9,86): error TS1002: Unterminated string literal.
src/pages/IntegrationManagement.tsx(10,7): error TS1128: Declaration or statement expected.
src/pages/IntegrationManagement.tsx(24,5): error TS1128: Declaration or statement expected.
src/pages/IntegrationManagement.tsx(25,3): error TS1109: Expression expected.
src/pages/Integrations.tsx(22,52): error TS1003: Identifier expected.
src/pages/Integrations.tsx(22,109): error TS1002: Unterminated string literal.
src/pages/Integrations.tsx(23,7): error TS1128: Declaration or statement expected.
src/pages/Integrations.tsx(90,5): error TS1128: Declaration or statement expected.
src/pages/Integrations.tsx(91,3): error TS1109: Expression expected.
src/pages/IntegrationStatus.tsx(17,49): error TS1003: Identifier expected.
src/pages/IntegrationStatus.tsx(17,91): error TS1002: Unterminated string literal.
src/pages/IntegrationStatus.tsx(18,7): error TS1128: Declaration or statement expected.
src/pages/IntegrationStatus.tsx(20,7): error TS2657: JSX expressions must have one parent element.
src/pages/IntegrationStatus.tsx(68,5): error TS1128: Declaration or statement expected.
src/pages/IntegrationStatus.tsx(69,3): error TS1109: Expression expected.
src/pages/IntercompanyEliminations.tsx(45,49): error TS1003: Identifier expected.
src/pages/IntercompanyEliminations.tsx(45,104): error TS1002: Unterminated string literal.
src/pages/IntercompanyEliminations.tsx(46,7): error TS1128: Declaration or statement expected.
src/pages/IntercompanyEliminations.tsx(48,7): error TS2657: JSX expressions must have one parent element.
src/pages/IntercompanyEliminations.tsx(134,5): error TS1128: Declaration or statement expected.
src/pages/IntercompanyEliminations.tsx(135,3): error TS1109: Expression expected.
src/pages/IntercompanyReconciliation.tsx(50,49): error TS1003: Identifier expected.
src/pages/IntercompanyReconciliation.tsx(50,110): error TS1002: Unterminated string literal.
src/pages/IntercompanyReconciliation.tsx(51,7): error TS1128: Declaration or statement expected.
src/pages/IntercompanyReconciliation.tsx(64,7): error TS2657: JSX expressions must have one parent element.
src/pages/IntercompanyReconciliation.tsx(149,5): error TS1128: Declaration or statement expected.
src/pages/IntercompanyReconciliation.tsx(150,3): error TS1109: Expression expected.
src/pages/InternationalizationConfig.tsx(8,49): error TS1003: Identifier expected.
src/pages/InternationalizationConfig.tsx(8,91): error TS1002: Unterminated string literal.
src/pages/InternationalizationConfig.tsx(9,7): error TS1128: Declaration or statement expected.
src/pages/InternationalizationConfig.tsx(24,5): error TS1128: Declaration or statement expected.
src/pages/InternationalizationConfig.tsx(25,3): error TS1109: Expression expected.
src/pages/InventoryAllocationOptimization.tsx(20,49): error TS1003: Identifier expected.
src/pages/InventoryAllocationOptimization.tsx(20,134): error TS1002: Unterminated string literal.
src/pages/InventoryAllocationOptimization.tsx(21,7): error TS1128: Declaration or statement expected.
src/pages/InventoryAllocationOptimization.tsx(23,7): error TS2657: JSX expressions must have one parent element.
src/pages/InventoryAllocationOptimization.tsx(64,5): error TS1128: Declaration or statement expected.
src/pages/InventoryAllocationOptimization.tsx(65,3): error TS1109: Expression expected.
src/pages/InventoryHealthcare.tsx(3,89): error TS1003: Identifier expected.
src/pages/InventoryHealthcare.tsx(3,216): error TS1005: ';' expected.
src/pages/InventoryHealthcare.tsx(3,233): error TS1005: ';' expected.
src/pages/InventoryHealthcare.tsx(3,238): error TS1005: ';' expected.
src/pages/InventoryHealthcare.tsx(3,258): error TS1005: ';' expected.
src/pages/InventoryHealthcare.tsx(3,261): error TS1005: ';' expected.
src/pages/InventoryHealthcare.tsx(3,287): error TS1005: ';' expected.
src/pages/InventoryHealthcare.tsx(3,291): error TS1005: ';' expected.
src/pages/InventoryHealthcare.tsx(3,307): error TS1005: ';' expected.
src/pages/InventoryHealthcare.tsx(3,315): error TS1005: ';' expected.
src/pages/InventoryHealthcare.tsx(3,336): error TS1005: ';' expected.
src/pages/InventoryHealthcare.tsx(3,361): error TS1005: ';' expected.
src/pages/InventoryHealthcare.tsx(3,367): error TS1351: An identifier or keyword cannot immediately follow a numeric literal.
src/pages/InventoryHealthcare.tsx(3,379): error TS1005: ';' expected.
src/pages/InventoryHealthcare.tsx(3,442): error TS1005: ';' expected.
src/pages/InventoryHealthcare.tsx(3,445): error TS1005: ';' expected.
src/pages/InventoryHealthcare.tsx(3,471): error TS1005: ';' expected.
src/pages/InventoryHealthcare.tsx(3,475): error TS1005: ';' expected.
src/pages/InventoryHealthcare.tsx(3,491): error TS1005: ';' expected.
src/pages/InventoryHealthcare.tsx(3,499): error TS1005: ';' expected.
src/pages/InventoryHealthcare.tsx(3,520): error TS1005: ';' expected.
src/pages/InventoryHealthcare.tsx(3,548): error TS1005: ';' expected.
src/pages/InventoryHealthcare.tsx(3,554): error TS1351: An identifier or keyword cannot immediately follow a numeric literal.
src/pages/InventoryHealthcare.tsx(3,567): error TS1005: ';' expected.
src/pages/InventoryHealthcare.tsx(3,581): error TS1005: ';' expected.
src/pages/InventoryHealthcare.tsx(3,635): error TS1005: ';' expected.
src/pages/InventoryHealthcare.tsx(3,638): error TS1005: ';' expected.
src/pages/InventoryHealthcare.tsx(3,664): error TS1005: ';' expected.
src/pages/InventoryHealthcare.tsx(3,668): error TS1005: ';' expected.
src/pages/InventoryHealthcare.tsx(3,684): error TS1005: ';' expected.
src/pages/InventoryHealthcare.tsx(3,692): error TS1005: ';' expected.
src/pages/InventoryHealthcare.tsx(3,713): error TS1005: ';' expected.
src/pages/InventoryHealthcare.tsx(3,746): error TS1005: ';' expected.
src/pages/InventoryHealthcare.tsx(3,752): error TS1351: An identifier or keyword cannot immediately follow a numeric literal.
src/pages/InventoryHealthcare.tsx(3,765): error TS1005: ';' expected.
src/pages/InventoryHealthcare.tsx(3,780): error TS1005: ';' expected.
src/pages/InventoryHealthcare.tsx(3,839): error TS1005: ';' expected.
src/pages/InventoryHealthcare.tsx(3,842): error TS1005: ';' expected.
src/pages/InventoryHealthcare.tsx(3,868): error TS1005: ';' expected.
src/pages/InventoryHealthcare.tsx(3,872): error TS1005: ';' expected.
src/pages/InventoryHealthcare.tsx(3,888): error TS1005: ';' expected.
src/pages/InventoryHealthcare.tsx(3,896): error TS1005: ';' expected.
src/pages/InventoryHealthcare.tsx(3,917): error TS1005: ';' expected.
src/pages/InventoryHealthcare.tsx(3,944): error TS1005: ';' expected.
src/pages/InventoryHealthcare.tsx(3,950): error TS1351: An identifier or keyword cannot immediately follow a numeric literal.
src/pages/InventoryHealthcare.tsx(3,962): error TS1005: ';' expected.
src/pages/InventoryHealthcare.tsx(3,1115): error TS1005: ';' expected.
src/pages/InventoryHealthcare.tsx(3,1124): error TS1005: ';' expected.
src/pages/InventoryHealthcare.tsx(3,1191): error TS1005: ';' expected.
src/pages/InventoryHealthcare.tsx(3,1200): error TS1005: ';' expected.
src/pages/InventoryHealthcare.tsx(3,1275): error TS1005: ';' expected.
src/pages/InventoryHealthcare.tsx(3,1297): error TS1005: ';' expected.
src/pages/InventoryHealthcare.tsx(3,1309): error TS1005: ';' expected.
src/pages/InventoryHealthcare.tsx(3,1313): error TS1005: ';' expected.
src/pages/InventoryHealthcare.tsx(3,1398): error TS1005: ';' expected.
src/pages/InventoryHealthcare.tsx(3,1402): error TS1005: ';' expected.
src/pages/InventoryHealthcare.tsx(3,1409): error TS1434: Unexpected keyword or identifier.
src/pages/InventoryHealthcare.tsx(3,1425): error TS1005: ';' expected.
src/pages/InventoryHealthcare.tsx(3,1439): error TS1005: ';' expected.
src/pages/InventoryHealthcare.tsx(3,1457): error TS1005: ';' expected.
src/pages/InventoryHealthcare.tsx(3,1472): error TS1005: ';' expected.
src/pages/InventoryHealthcare.tsx(3,1519): error TS1005: ';' expected.
src/pages/InventoryHealthcare.tsx(3,1525): error TS1005: ';' expected.
src/pages/InventoryHealthcare.tsx(3,1541): error TS1005: ';' expected.
src/pages/InventoryHealthcare.tsx(3,1554): error TS1005: ';' expected.
src/pages/InventoryHealthcare.tsx(3,1584): error TS1005: ';' expected.
src/pages/InventoryHealthcare.tsx(3,1592): error TS1005: ';' expected.
src/pages/InventoryHealthcare.tsx(3,1613): error TS1005: ';' expected.
src/pages/InventoryHealthcare.tsx(3,1691): error TS1005: ';' expected.
src/pages/InventoryHealthcare.tsx(3,1703): error TS1005: ';' expected.
src/pages/InventoryHealthcare.tsx(3,1728): error TS1005: ';' expected.
src/pages/InventoryHealthcare.tsx(3,1735): error TS1005: ';' expected.
src/pages/InventoryHealthcare.tsx(3,1812): error TS1002: Unterminated string literal.
src/pages/InventoryHealthcare.tsx(4,3): error TS1128: Declaration or statement expected.
src/pages/InventoryMfg.tsx(3,79): error TS1003: Identifier expected.
src/pages/InventoryMfg.tsx(3,177): error TS1005: ';' expected.
src/pages/InventoryMfg.tsx(3,194): error TS1005: ';' expected.
src/pages/InventoryMfg.tsx(3,199): error TS1005: ';' expected.
src/pages/InventoryMfg.tsx(3,219): error TS1005: ';' expected.
src/pages/InventoryMfg.tsx(3,222): error TS1005: ';' expected.
src/pages/InventoryMfg.tsx(3,248): error TS1005: ';' expected.
src/pages/InventoryMfg.tsx(3,252): error TS1005: ';' expected.
src/pages/InventoryMfg.tsx(3,268): error TS1005: ';' expected.
src/pages/InventoryMfg.tsx(3,276): error TS1005: ';' expected.
src/pages/InventoryMfg.tsx(3,297): error TS1005: ';' expected.
src/pages/InventoryMfg.tsx(3,321): error TS1005: ';' expected.
src/pages/InventoryMfg.tsx(3,327): error TS1351: An identifier or keyword cannot immediately follow a numeric literal.
src/pages/InventoryMfg.tsx(3,339): error TS1005: ';' expected.
src/pages/InventoryMfg.tsx(3,402): error TS1005: ';' expected.
src/pages/InventoryMfg.tsx(3,405): error TS1005: ';' expected.
src/pages/InventoryMfg.tsx(3,431): error TS1005: ';' expected.
src/pages/InventoryMfg.tsx(3,435): error TS1005: ';' expected.
src/pages/InventoryMfg.tsx(3,451): error TS1005: ';' expected.
src/pages/InventoryMfg.tsx(3,459): error TS1005: ';' expected.
src/pages/InventoryMfg.tsx(3,480): error TS1005: ';' expected.
src/pages/InventoryMfg.tsx(3,508): error TS1005: ';' expected.
src/pages/InventoryMfg.tsx(3,514): error TS1351: An identifier or keyword cannot immediately follow a numeric literal.
src/pages/InventoryMfg.tsx(3,527): error TS1005: ';' expected.
src/pages/InventoryMfg.tsx(3,541): error TS1005: ';' expected.
src/pages/InventoryMfg.tsx(3,595): error TS1005: ';' expected.
src/pages/InventoryMfg.tsx(3,598): error TS1005: ';' expected.
src/pages/InventoryMfg.tsx(3,624): error TS1005: ';' expected.
src/pages/InventoryMfg.tsx(3,628): error TS1005: ';' expected.
src/pages/InventoryMfg.tsx(3,644): error TS1005: ';' expected.
src/pages/InventoryMfg.tsx(3,652): error TS1005: ';' expected.
src/pages/InventoryMfg.tsx(3,673): error TS1005: ';' expected.
src/pages/InventoryMfg.tsx(3,702): error TS1005: ';' expected.
src/pages/InventoryMfg.tsx(3,708): error TS1351: An identifier or keyword cannot immediately follow a numeric literal.
src/pages/InventoryMfg.tsx(3,721): error TS1005: ';' expected.
src/pages/InventoryMfg.tsx(3,734): error TS1005: ';' expected.
src/pages/InventoryMfg.tsx(3,789): error TS1005: ';' expected.
src/pages/InventoryMfg.tsx(3,792): error TS1005: ';' expected.
src/pages/InventoryMfg.tsx(3,818): error TS1005: ';' expected.
src/pages/InventoryMfg.tsx(3,822): error TS1005: ';' expected.
src/pages/InventoryMfg.tsx(3,838): error TS1005: ';' expected.
src/pages/InventoryMfg.tsx(3,846): error TS1005: ';' expected.
src/pages/InventoryMfg.tsx(3,867): error TS1005: ';' expected.
src/pages/InventoryMfg.tsx(3,894): error TS1005: ';' expected.
src/pages/InventoryMfg.tsx(3,900): error TS1351: An identifier or keyword cannot immediately follow a numeric literal.
src/pages/InventoryMfg.tsx(3,912): error TS1005: ';' expected.
src/pages/InventoryMfg.tsx(3,1065): error TS1005: ';' expected.
src/pages/InventoryMfg.tsx(3,1074): error TS1005: ';' expected.
src/pages/InventoryMfg.tsx(3,1135): error TS1005: ';' expected.
src/pages/InventoryMfg.tsx(3,1144): error TS1005: ';' expected.
src/pages/InventoryMfg.tsx(3,1219): error TS1005: ';' expected.
src/pages/InventoryMfg.tsx(3,1241): error TS1005: ';' expected.
src/pages/InventoryMfg.tsx(3,1253): error TS1005: ';' expected.
src/pages/InventoryMfg.tsx(3,1257): error TS1005: ';' expected.
src/pages/InventoryMfg.tsx(3,1341): error TS1005: ';' expected.
src/pages/InventoryMfg.tsx(3,1345): error TS1005: ';' expected.
src/pages/InventoryMfg.tsx(3,1352): error TS1434: Unexpected keyword or identifier.
src/pages/InventoryMfg.tsx(3,1368): error TS1005: ';' expected.
src/pages/InventoryMfg.tsx(3,1382): error TS1005: ';' expected.
src/pages/InventoryMfg.tsx(3,1400): error TS1005: ';' expected.
src/pages/InventoryMfg.tsx(3,1415): error TS1005: ';' expected.
src/pages/InventoryMfg.tsx(3,1462): error TS1005: ';' expected.
src/pages/InventoryMfg.tsx(3,1468): error TS1005: ';' expected.
src/pages/InventoryMfg.tsx(3,1484): error TS1005: ';' expected.
src/pages/InventoryMfg.tsx(3,1497): error TS1005: ';' expected.
src/pages/InventoryMfg.tsx(3,1530): error TS1005: ';' expected.
src/pages/InventoryMfg.tsx(3,1538): error TS1005: ';' expected.
src/pages/InventoryMfg.tsx(3,1559): error TS1005: ';' expected.
src/pages/InventoryMfg.tsx(3,1631): error TS1005: ';' expected.
src/pages/InventoryMfg.tsx(3,1643): error TS1005: ';' expected.
src/pages/InventoryMfg.tsx(3,1666): error TS1005: ';' expected.
src/pages/InventoryMfg.tsx(3,1673): error TS1005: ';' expected.
src/pages/InventoryMfg.tsx(3,1745): error TS1002: Unterminated string literal.
src/pages/InventoryMfg.tsx(4,3): error TS1128: Declaration or statement expected.
src/pages/InventoryOptimization.tsx(21,49): error TS1003: Identifier expected.
src/pages/InventoryOptimization.tsx(21,129): error TS1002: Unterminated string literal.
src/pages/InventoryOptimization.tsx(22,7): error TS1128: Declaration or statement expected.
src/pages/InventoryOptimization.tsx(24,7): error TS2657: JSX expressions must have one parent element.
src/pages/InventoryOptimization.tsx(87,5): error TS1128: Declaration or statement expected.
src/pages/InventoryOptimization.tsx(88,3): error TS1109: Expression expected.
src/pages/InventoryTelecom.tsx(3,86): error TS1003: Identifier expected.
src/pages/InventoryTelecom.tsx(3,173): error TS1005: ';' expected.
src/pages/InventoryTelecom.tsx(3,190): error TS1005: ';' expected.
src/pages/InventoryTelecom.tsx(3,195): error TS1005: ';' expected.
src/pages/InventoryTelecom.tsx(3,215): error TS1005: ';' expected.
src/pages/InventoryTelecom.tsx(3,218): error TS1005: ';' expected.
src/pages/InventoryTelecom.tsx(3,244): error TS1005: ';' expected.
src/pages/InventoryTelecom.tsx(3,248): error TS1005: ';' expected.
src/pages/InventoryTelecom.tsx(3,264): error TS1005: ';' expected.
src/pages/InventoryTelecom.tsx(3,272): error TS1005: ';' expected.
src/pages/InventoryTelecom.tsx(3,293): error TS1005: ';' expected.
src/pages/InventoryTelecom.tsx(3,319): error TS1005: ';' expected.
src/pages/InventoryTelecom.tsx(3,325): error TS1351: An identifier or keyword cannot immediately follow a numeric literal.
src/pages/InventoryTelecom.tsx(3,337): error TS1005: ';' expected.
src/pages/InventoryTelecom.tsx(3,397): error TS1005: ';' expected.
src/pages/InventoryTelecom.tsx(3,400): error TS1005: ';' expected.
src/pages/InventoryTelecom.tsx(3,426): error TS1005: ';' expected.
src/pages/InventoryTelecom.tsx(3,430): error TS1005: ';' expected.
src/pages/InventoryTelecom.tsx(3,446): error TS1005: ';' expected.
src/pages/InventoryTelecom.tsx(3,454): error TS1005: ';' expected.
src/pages/InventoryTelecom.tsx(3,475): error TS1005: ';' expected.
src/pages/InventoryTelecom.tsx(3,501): error TS1005: ';' expected.
src/pages/InventoryTelecom.tsx(3,507): error TS1351: An identifier or keyword cannot immediately follow a numeric literal.
src/pages/InventoryTelecom.tsx(3,520): error TS1005: ';' expected.
src/pages/InventoryTelecom.tsx(3,534): error TS1005: ';' expected.
src/pages/InventoryTelecom.tsx(3,587): error TS1005: ';' expected.
src/pages/InventoryTelecom.tsx(3,590): error TS1005: ';' expected.
src/pages/InventoryTelecom.tsx(3,616): error TS1005: ';' expected.
src/pages/InventoryTelecom.tsx(3,620): error TS1005: ';' expected.
src/pages/InventoryTelecom.tsx(3,636): error TS1005: ';' expected.
src/pages/InventoryTelecom.tsx(3,644): error TS1005: ';' expected.
src/pages/InventoryTelecom.tsx(3,665): error TS1005: ';' expected.
src/pages/InventoryTelecom.tsx(3,696): error TS1005: ';' expected.
src/pages/InventoryTelecom.tsx(3,702): error TS1351: An identifier or keyword cannot immediately follow a numeric literal.
src/pages/InventoryTelecom.tsx(3,715): error TS1005: ';' expected.
src/pages/InventoryTelecom.tsx(3,728): error TS1005: ';' expected.
src/pages/InventoryTelecom.tsx(3,769): error TS1005: ';' expected.
src/pages/InventoryTelecom.tsx(3,827): error TS1005: ';' expected.
src/pages/InventoryTelecom.tsx(3,830): error TS1005: ';' expected.
src/pages/InventoryTelecom.tsx(3,856): error TS1005: ';' expected.
src/pages/InventoryTelecom.tsx(3,860): error TS1005: ';' expected.
src/pages/InventoryTelecom.tsx(3,876): error TS1005: ';' expected.
src/pages/InventoryTelecom.tsx(3,884): error TS1005: ';' expected.
src/pages/InventoryTelecom.tsx(3,905): error TS1005: ';' expected.
src/pages/InventoryTelecom.tsx(3,938): error TS1005: ';' expected.
src/pages/InventoryTelecom.tsx(3,944): error TS1351: An identifier or keyword cannot immediately follow a numeric literal.
src/pages/InventoryTelecom.tsx(3,956): error TS1005: ';' expected.
src/pages/InventoryTelecom.tsx(3,1102): error TS1005: ';' expected.
src/pages/InventoryTelecom.tsx(3,1111): error TS1005: ';' expected.
src/pages/InventoryTelecom.tsx(3,1169): error TS1005: ';' expected.
src/pages/InventoryTelecom.tsx(3,1178): error TS1005: ';' expected.
src/pages/InventoryTelecom.tsx(3,1250): error TS1005: ';' expected.
src/pages/InventoryTelecom.tsx(3,1272): error TS1005: ';' expected.
src/pages/InventoryTelecom.tsx(3,1284): error TS1005: ';' expected.
src/pages/InventoryTelecom.tsx(3,1288): error TS1005: ';' expected.
src/pages/InventoryTelecom.tsx(3,1369): error TS1005: ';' expected.
src/pages/InventoryTelecom.tsx(3,1373): error TS1005: ';' expected.
src/pages/InventoryTelecom.tsx(3,1380): error TS1434: Unexpected keyword or identifier.
src/pages/InventoryTelecom.tsx(3,1396): error TS1005: ';' expected.
src/pages/InventoryTelecom.tsx(3,1410): error TS1005: ';' expected.
src/pages/InventoryTelecom.tsx(3,1428): error TS1005: ';' expected.
src/pages/InventoryTelecom.tsx(3,1443): error TS1005: ';' expected.
src/pages/InventoryTelecom.tsx(3,1492): error TS1005: ';' expected.
src/pages/InventoryTelecom.tsx(3,1498): error TS1005: ';' expected.
src/pages/InventoryTelecom.tsx(3,1514): error TS1005: ';' expected.
src/pages/InventoryTelecom.tsx(3,1527): error TS1005: ';' expected.
src/pages/InventoryTelecom.tsx(3,1558): error TS1005: ';' expected.
src/pages/InventoryTelecom.tsx(3,1566): error TS1005: ';' expected.
src/pages/InventoryTelecom.tsx(3,1587): error TS1005: ';' expected.
src/pages/InventoryTelecom.tsx(3,1638): error TS1005: ';' expected.
src/pages/InventoryTelecom.tsx(3,1649): error TS1005: ';' expected.
src/pages/InventoryTelecom.tsx(3,1661): error TS1005: ';' expected.
src/pages/InventoryTelecom.tsx(3,1684): error TS1005: ';' expected.
src/pages/InventoryTelecom.tsx(3,1691): error TS1005: ';' expected.
src/pages/InventoryTelecom.tsx(3,1761): error TS1002: Unterminated string literal.
src/pages/InventoryTelecom.tsx(4,3): error TS1128: Declaration or statement expected.
src/pages/InventoryWarehousingCPG.tsx(3,90): error TS1003: Identifier expected.
src/pages/InventoryWarehousingCPG.tsx(3,222): error TS1005: ';' expected.
src/pages/InventoryWarehousingCPG.tsx(3,239): error TS1005: ';' expected.
src/pages/InventoryWarehousingCPG.tsx(3,244): error TS1005: ';' expected.
src/pages/InventoryWarehousingCPG.tsx(3,264): error TS1005: ';' expected.
src/pages/InventoryWarehousingCPG.tsx(3,267): error TS1005: ';' expected.
src/pages/InventoryWarehousingCPG.tsx(3,293): error TS1005: ';' expected.
src/pages/InventoryWarehousingCPG.tsx(3,297): error TS1005: ';' expected.
src/pages/InventoryWarehousingCPG.tsx(3,313): error TS1005: ';' expected.
src/pages/InventoryWarehousingCPG.tsx(3,321): error TS1005: ';' expected.
src/pages/InventoryWarehousingCPG.tsx(3,342): error TS1005: ';' expected.
src/pages/InventoryWarehousingCPG.tsx(3,373): error TS1005: ';' expected.
src/pages/InventoryWarehousingCPG.tsx(3,379): error TS1351: An identifier or keyword cannot immediately follow a numeric literal.
src/pages/InventoryWarehousingCPG.tsx(3,391): error TS1005: ';' expected.
src/pages/InventoryWarehousingCPG.tsx(3,446): error TS1005: ';' expected.
src/pages/InventoryWarehousingCPG.tsx(3,449): error TS1005: ';' expected.
src/pages/InventoryWarehousingCPG.tsx(3,475): error TS1005: ';' expected.
src/pages/InventoryWarehousingCPG.tsx(3,479): error TS1005: ';' expected.
src/pages/InventoryWarehousingCPG.tsx(3,495): error TS1005: ';' expected.
src/pages/InventoryWarehousingCPG.tsx(3,503): error TS1005: ';' expected.
src/pages/InventoryWarehousingCPG.tsx(3,524): error TS1005: ';' expected.
src/pages/InventoryWarehousingCPG.tsx(3,548): error TS1005: ';' expected.
src/pages/InventoryWarehousingCPG.tsx(3,554): error TS1351: An identifier or keyword cannot immediately follow a numeric literal.
src/pages/InventoryWarehousingCPG.tsx(3,566): error TS1005: ';' expected.
src/pages/InventoryWarehousingCPG.tsx(3,629): error TS1005: ';' expected.
src/pages/InventoryWarehousingCPG.tsx(3,632): error TS1005: ';' expected.
src/pages/InventoryWarehousingCPG.tsx(3,658): error TS1005: ';' expected.
src/pages/InventoryWarehousingCPG.tsx(3,662): error TS1005: ';' expected.
src/pages/InventoryWarehousingCPG.tsx(3,678): error TS1005: ';' expected.
src/pages/InventoryWarehousingCPG.tsx(3,686): error TS1005: ';' expected.
src/pages/InventoryWarehousingCPG.tsx(3,707): error TS1005: ';' expected.
src/pages/InventoryWarehousingCPG.tsx(3,734): error TS1005: ';' expected.
src/pages/InventoryWarehousingCPG.tsx(3,740): error TS1351: An identifier or keyword cannot immediately follow a numeric literal.
src/pages/InventoryWarehousingCPG.tsx(3,753): error TS1005: ';' expected.
src/pages/InventoryWarehousingCPG.tsx(3,765): error TS1005: ';' expected.
src/pages/InventoryWarehousingCPG.tsx(3,819): error TS1005: ';' expected.
src/pages/InventoryWarehousingCPG.tsx(3,822): error TS1005: ';' expected.
src/pages/InventoryWarehousingCPG.tsx(3,848): error TS1005: ';' expected.
src/pages/InventoryWarehousingCPG.tsx(3,852): error TS1005: ';' expected.
src/pages/InventoryWarehousingCPG.tsx(3,868): error TS1005: ';' expected.
src/pages/InventoryWarehousingCPG.tsx(3,876): error TS1005: ';' expected.
src/pages/InventoryWarehousingCPG.tsx(3,897): error TS1005: ';' expected.
src/pages/InventoryWarehousingCPG.tsx(3,926): error TS1005: ';' expected.
src/pages/InventoryWarehousingCPG.tsx(3,932): error TS1351: An identifier or keyword cannot immediately follow a numeric literal.
src/pages/InventoryWarehousingCPG.tsx(3,944): error TS1005: ';' expected.
src/pages/InventoryWarehousingCPG.tsx(3,1089): error TS1005: ';' expected.
src/pages/InventoryWarehousingCPG.tsx(3,1098): error TS1005: ';' expected.
src/pages/InventoryWarehousingCPG.tsx(3,1169): error TS1005: ';' expected.
src/pages/InventoryWarehousingCPG.tsx(3,1178): error TS1005: ';' expected.
src/pages/InventoryWarehousingCPG.tsx(3,1253): error TS1005: ';' expected.
src/pages/InventoryWarehousingCPG.tsx(3,1275): error TS1005: ';' expected.
src/pages/InventoryWarehousingCPG.tsx(3,1287): error TS1005: ';' expected.
src/pages/InventoryWarehousingCPG.tsx(3,1291): error TS1005: ';' expected.
src/pages/InventoryWarehousingCPG.tsx(3,1380): error TS1005: ';' expected.
src/pages/InventoryWarehousingCPG.tsx(3,1384): error TS1005: ';' expected.
src/pages/InventoryWarehousingCPG.tsx(3,1391): error TS1434: Unexpected keyword or identifier.
src/pages/InventoryWarehousingCPG.tsx(3,1407): error TS1005: ';' expected.
src/pages/InventoryWarehousingCPG.tsx(3,1421): error TS1005: ';' expected.
src/pages/InventoryWarehousingCPG.tsx(3,1439): error TS1005: ';' expected.
src/pages/InventoryWarehousingCPG.tsx(3,1454): error TS1005: ';' expected.
src/pages/InventoryWarehousingCPG.tsx(3,1501): error TS1005: ';' expected.
src/pages/InventoryWarehousingCPG.tsx(3,1507): error TS1005: ';' expected.
src/pages/InventoryWarehousingCPG.tsx(3,1523): error TS1005: ';' expected.
src/pages/InventoryWarehousingCPG.tsx(3,1536): error TS1005: ';' expected.
src/pages/InventoryWarehousingCPG.tsx(3,1563): error TS1005: ';' expected.
src/pages/InventoryWarehousingCPG.tsx(3,1571): error TS1005: ';' expected.
src/pages/InventoryWarehousingCPG.tsx(3,1592): error TS1005: ';' expected.
src/pages/InventoryWarehousingCPG.tsx(3,1687): error TS1005: ';' expected.
src/pages/InventoryWarehousingCPG.tsx(3,1699): error TS1005: ';' expected.
src/pages/InventoryWarehousingCPG.tsx(3,1724): error TS1005: ';' expected.
src/pages/InventoryWarehousingCPG.tsx(3,1731): error TS1005: ';' expected.
src/pages/InventoryWarehousingCPG.tsx(3,1798): error TS1002: Unterminated string literal.
src/pages/InventoryWarehousingCPG.tsx(4,3): error TS1128: Declaration or statement expected.
src/pages/InvoiceDetail.tsx(9,5): error TS2657: JSX expressions must have one parent element.
src/pages/InvoiceDetail.tsx(16,59): error TS1003: Identifier expected.
src/pages/InvoiceDetail.tsx(23,9): error TS17002: Expected corresponding JSX closing tag for 'StandardPage'.
src/pages/InvoiceDetail.tsx(73,5): error TS1005: ')' expected.
src/pages/InvoiceDetail.tsx(74,3): error TS1109: Expression expected.
src/pages/InvoiceGenerator.tsx(56,5): error TS2657: JSX expressions must have one parent element.
src/pages/InvoiceGenerator.tsx(59,12): error TS1003: Identifier expected.
src/pages/InvoiceGenerator.tsx(60,9): error TS1005: ')' expected.
src/pages/InvoiceGenerator.tsx(65,7): error TS1128: Declaration or statement expected.
src/pages/InvoiceGenerator.tsx(67,7): error TS2657: JSX expressions must have one parent element.
src/pages/InvoiceGenerator.tsx(150,5): error TS1128: Declaration or statement expected.
src/pages/InvoiceGenerator.tsx(151,3): error TS1109: Expression expected.
src/pages/InvoiceList.tsx(32,5): error TS2657: JSX expressions must have one parent element.
src/pages/InvoiceList.tsx(37,56): error TS1005: '}' expected.
src/pages/InvoiceList.tsx(37,134): error TS17002: Expected corresponding JSX closing tag for 'Breadcrumb'.
src/pages/InvoiceList.tsx(38,11): error TS17002: Expected corresponding JSX closing tag for 'StandardPage'.
src/pages/InvoiceList.tsx(40,7): error TS1005: ')' expected.
src/pages/InvoiceList.tsx(42,7): error TS2657: JSX expressions must have one parent element.
src/pages/InvoiceList.tsx(65,5): error TS1128: Declaration or statement expected.
src/pages/InvoiceList.tsx(66,3): error TS1109: Expression expected.
src/pages/IoT.tsx(25,49): error TS1003: Identifier expected.
src/pages/IoT.tsx(25,110): error TS1002: Unterminated string literal.
src/pages/IoT.tsx(26,7): error TS1128: Declaration or statement expected.
src/pages/IoT.tsx(111,5): error TS1128: Declaration or statement expected.
src/pages/IoT.tsx(112,3): error TS1109: Expression expected.
src/pages/KnowledgeBase.tsx(7,3): error TS1109: Expression expected.
src/pages/KnowledgeGraph.tsx(43,52): error TS1003: Identifier expected.
src/pages/KnowledgeGraph.tsx(43,103): error TS1002: Unterminated string literal.
src/pages/KnowledgeGraph.tsx(44,7): error TS1128: Declaration or statement expected.
src/pages/KnowledgeGraph.tsx(45,7): error TS2657: JSX expressions must have one parent element.
src/pages/KnowledgeGraph.tsx(62,5): error TS1128: Declaration or statement expected.
src/pages/KnowledgeGraph.tsx(63,3): error TS1109: Expression expected.
src/pages/KPIDashboard.tsx(41,71): error TS1003: Identifier expected.
src/pages/KPIDashboard.tsx(41,111): error TS1002: Unterminated string literal.
src/pages/KPIDashboard.tsx(42,7): error TS1128: Declaration or statement expected.
src/pages/KPIDashboard.tsx(44,7): error TS2657: JSX expressions must have one parent element.
src/pages/KPIDashboard.tsx(89,5): error TS1128: Declaration or statement expected.
src/pages/KPIDashboard.tsx(90,3): error TS1109: Expression expected.
src/pages/LaboratoryDiagnostics.tsx(3,82): error TS1003: Identifier expected.
src/pages/LaboratoryDiagnostics.tsx(3,194): error TS1005: ';' expected.
src/pages/LaboratoryDiagnostics.tsx(3,211): error TS1005: ';' expected.
src/pages/LaboratoryDiagnostics.tsx(3,216): error TS1005: ';' expected.
src/pages/LaboratoryDiagnostics.tsx(3,236): error TS1005: ';' expected.
src/pages/LaboratoryDiagnostics.tsx(3,239): error TS1005: ';' expected.
src/pages/LaboratoryDiagnostics.tsx(3,265): error TS1005: ';' expected.
src/pages/LaboratoryDiagnostics.tsx(3,269): error TS1005: ';' expected.
src/pages/LaboratoryDiagnostics.tsx(3,285): error TS1005: ';' expected.
src/pages/LaboratoryDiagnostics.tsx(3,293): error TS1005: ';' expected.
src/pages/LaboratoryDiagnostics.tsx(3,314): error TS1005: ';' expected.
src/pages/LaboratoryDiagnostics.tsx(3,345): error TS1005: ';' expected.
src/pages/LaboratoryDiagnostics.tsx(3,351): error TS1351: An identifier or keyword cannot immediately follow a numeric literal.
src/pages/LaboratoryDiagnostics.tsx(3,363): error TS1005: ';' expected.
src/pages/LaboratoryDiagnostics.tsx(3,422): error TS1005: ';' expected.
src/pages/LaboratoryDiagnostics.tsx(3,425): error TS1005: ';' expected.
src/pages/LaboratoryDiagnostics.tsx(3,451): error TS1005: ';' expected.
src/pages/LaboratoryDiagnostics.tsx(3,455): error TS1005: ';' expected.
src/pages/LaboratoryDiagnostics.tsx(3,471): error TS1005: ';' expected.
src/pages/LaboratoryDiagnostics.tsx(3,479): error TS1005: ';' expected.
src/pages/LaboratoryDiagnostics.tsx(3,500): error TS1005: ';' expected.
src/pages/LaboratoryDiagnostics.tsx(3,529): error TS1005: ';' expected.
src/pages/LaboratoryDiagnostics.tsx(3,535): error TS1351: An identifier or keyword cannot immediately follow a numeric literal.
src/pages/LaboratoryDiagnostics.tsx(3,548): error TS1005: ';' expected.
src/pages/LaboratoryDiagnostics.tsx(3,562): error TS1005: ';' expected.
src/pages/LaboratoryDiagnostics.tsx(3,618): error TS1005: ';' expected.
src/pages/LaboratoryDiagnostics.tsx(3,621): error TS1005: ';' expected.
src/pages/LaboratoryDiagnostics.tsx(3,647): error TS1005: ';' expected.
src/pages/LaboratoryDiagnostics.tsx(3,651): error TS1005: ';' expected.
src/pages/LaboratoryDiagnostics.tsx(3,667): error TS1005: ';' expected.
src/pages/LaboratoryDiagnostics.tsx(3,675): error TS1005: ';' expected.
src/pages/LaboratoryDiagnostics.tsx(3,696): error TS1005: ';' expected.
src/pages/LaboratoryDiagnostics.tsx(3,729): error TS1005: ';' expected.
src/pages/LaboratoryDiagnostics.tsx(3,735): error TS1351: An identifier or keyword cannot immediately follow a numeric literal.
src/pages/LaboratoryDiagnostics.tsx(3,748): error TS1005: ';' expected.
src/pages/LaboratoryDiagnostics.tsx(3,761): error TS1005: ';' expected.
src/pages/LaboratoryDiagnostics.tsx(3,814): error TS1005: ';' expected.
src/pages/LaboratoryDiagnostics.tsx(3,817): error TS1005: ';' expected.
src/pages/LaboratoryDiagnostics.tsx(3,843): error TS1005: ';' expected.
src/pages/LaboratoryDiagnostics.tsx(3,847): error TS1005: ';' expected.
src/pages/LaboratoryDiagnostics.tsx(3,863): error TS1005: ';' expected.
src/pages/LaboratoryDiagnostics.tsx(3,871): error TS1005: ';' expected.
src/pages/LaboratoryDiagnostics.tsx(3,892): error TS1005: ';' expected.
src/pages/LaboratoryDiagnostics.tsx(3,924): error TS1005: ';' expected.
src/pages/LaboratoryDiagnostics.tsx(3,930): error TS1351: An identifier or keyword cannot immediately follow a numeric literal.
src/pages/LaboratoryDiagnostics.tsx(3,942): error TS1005: ';' expected.
src/pages/LaboratoryDiagnostics.tsx(3,1089): error TS1005: ';' expected.
src/pages/LaboratoryDiagnostics.tsx(3,1098): error TS1005: ';' expected.
src/pages/LaboratoryDiagnostics.tsx(3,1159): error TS1005: ';' expected.
src/pages/LaboratoryDiagnostics.tsx(3,1168): error TS1005: ';' expected.
src/pages/LaboratoryDiagnostics.tsx(3,1239): error TS1005: ';' expected.
src/pages/LaboratoryDiagnostics.tsx(3,1261): error TS1005: ';' expected.
src/pages/LaboratoryDiagnostics.tsx(3,1273): error TS1005: ';' expected.
src/pages/LaboratoryDiagnostics.tsx(3,1277): error TS1005: ';' expected.
src/pages/LaboratoryDiagnostics.tsx(3,1358): error TS1005: ';' expected.
src/pages/LaboratoryDiagnostics.tsx(3,1362): error TS1005: ';' expected.
src/pages/LaboratoryDiagnostics.tsx(3,1369): error TS1434: Unexpected keyword or identifier.
src/pages/LaboratoryDiagnostics.tsx(3,1385): error TS1005: ';' expected.
src/pages/LaboratoryDiagnostics.tsx(3,1399): error TS1005: ';' expected.
src/pages/LaboratoryDiagnostics.tsx(3,1417): error TS1005: ';' expected.
src/pages/LaboratoryDiagnostics.tsx(3,1432): error TS1005: ';' expected.
src/pages/LaboratoryDiagnostics.tsx(3,1480): error TS1005: ';' expected.
src/pages/LaboratoryDiagnostics.tsx(3,1486): error TS1005: ';' expected.
src/pages/LaboratoryDiagnostics.tsx(3,1502): error TS1005: ';' expected.
src/pages/LaboratoryDiagnostics.tsx(3,1515): error TS1005: ';' expected.
src/pages/LaboratoryDiagnostics.tsx(3,1545): error TS1005: ';' expected.
src/pages/LaboratoryDiagnostics.tsx(3,1553): error TS1005: ';' expected.
src/pages/LaboratoryDiagnostics.tsx(3,1574): error TS1005: ';' expected.
src/pages/LaboratoryDiagnostics.tsx(3,1635): error TS1005: ';' expected.
src/pages/LaboratoryDiagnostics.tsx(3,1649): error TS1005: ';' expected.
src/pages/LaboratoryDiagnostics.tsx(3,1661): error TS1005: ';' expected.
src/pages/LaboratoryDiagnostics.tsx(3,1684): error TS1005: ';' expected.
src/pages/LaboratoryDiagnostics.tsx(3,1691): error TS1005: ';' expected.
src/pages/LaboratoryDiagnostics.tsx(3,1761): error TS1002: Unterminated string literal.
src/pages/LaboratoryDiagnostics.tsx(4,3): error TS1128: Declaration or statement expected.
src/pages/LabTurnaround.tsx(3,83): error TS1003: Identifier expected.
src/pages/LabTurnaround.tsx(3,204): error TS1005: ';' expected.
src/pages/LabTurnaround.tsx(3,221): error TS1005: ';' expected.
src/pages/LabTurnaround.tsx(3,226): error TS1005: ';' expected.
src/pages/LabTurnaround.tsx(3,246): error TS1005: ';' expected.
src/pages/LabTurnaround.tsx(3,249): error TS1005: ';' expected.
src/pages/LabTurnaround.tsx(3,275): error TS1005: ';' expected.
src/pages/LabTurnaround.tsx(3,279): error TS1005: ';' expected.
src/pages/LabTurnaround.tsx(3,295): error TS1005: ';' expected.
src/pages/LabTurnaround.tsx(3,303): error TS1005: ';' expected.
src/pages/LabTurnaround.tsx(3,324): error TS1005: ';' expected.
src/pages/LabTurnaround.tsx(3,349): error TS1005: ';' expected.
src/pages/LabTurnaround.tsx(3,355): error TS1351: An identifier or keyword cannot immediately follow a numeric literal.
src/pages/LabTurnaround.tsx(3,367): error TS1005: ';' expected.
src/pages/LabTurnaround.tsx(3,424): error TS1005: ';' expected.
src/pages/LabTurnaround.tsx(3,427): error TS1005: ';' expected.
src/pages/LabTurnaround.tsx(3,453): error TS1005: ';' expected.
src/pages/LabTurnaround.tsx(3,457): error TS1005: ';' expected.
src/pages/LabTurnaround.tsx(3,473): error TS1005: ';' expected.
src/pages/LabTurnaround.tsx(3,481): error TS1005: ';' expected.
src/pages/LabTurnaround.tsx(3,502): error TS1005: ';' expected.
src/pages/LabTurnaround.tsx(3,532): error TS1005: ';' expected.
src/pages/LabTurnaround.tsx(3,538): error TS1351: An identifier or keyword cannot immediately follow a numeric literal.
src/pages/LabTurnaround.tsx(3,551): error TS1005: ';' expected.
src/pages/LabTurnaround.tsx(3,565): error TS1005: ';' expected.
src/pages/LabTurnaround.tsx(3,621): error TS1005: ';' expected.
src/pages/LabTurnaround.tsx(3,624): error TS1005: ';' expected.
src/pages/LabTurnaround.tsx(3,650): error TS1005: ';' expected.
src/pages/LabTurnaround.tsx(3,654): error TS1005: ';' expected.
src/pages/LabTurnaround.tsx(3,670): error TS1005: ';' expected.
src/pages/LabTurnaround.tsx(3,678): error TS1005: ';' expected.
src/pages/LabTurnaround.tsx(3,699): error TS1005: ';' expected.
src/pages/LabTurnaround.tsx(3,732): error TS1005: ';' expected.
src/pages/LabTurnaround.tsx(3,738): error TS1351: An identifier or keyword cannot immediately follow a numeric literal.
src/pages/LabTurnaround.tsx(3,751): error TS1005: ';' expected.
src/pages/LabTurnaround.tsx(3,764): error TS1005: ';' expected.
src/pages/LabTurnaround.tsx(3,817): error TS1005: ';' expected.
src/pages/LabTurnaround.tsx(3,820): error TS1005: ';' expected.
src/pages/LabTurnaround.tsx(3,846): error TS1005: ';' expected.
src/pages/LabTurnaround.tsx(3,850): error TS1005: ';' expected.
src/pages/LabTurnaround.tsx(3,866): error TS1005: ';' expected.
src/pages/LabTurnaround.tsx(3,874): error TS1005: ';' expected.
src/pages/LabTurnaround.tsx(3,895): error TS1005: ';' expected.
src/pages/LabTurnaround.tsx(3,920): error TS1005: ';' expected.
src/pages/LabTurnaround.tsx(3,926): error TS1351: An identifier or keyword cannot immediately follow a numeric literal.
src/pages/LabTurnaround.tsx(3,938): error TS1005: ';' expected.
src/pages/LabTurnaround.tsx(3,1081): error TS1005: ';' expected.
src/pages/LabTurnaround.tsx(3,1090): error TS1005: ';' expected.
src/pages/LabTurnaround.tsx(3,1154): error TS1005: ';' expected.
src/pages/LabTurnaround.tsx(3,1163): error TS1005: ';' expected.
src/pages/LabTurnaround.tsx(3,1232): error TS1005: ';' expected.
src/pages/LabTurnaround.tsx(3,1254): error TS1005: ';' expected.
src/pages/LabTurnaround.tsx(3,1266): error TS1005: ';' expected.
src/pages/LabTurnaround.tsx(3,1270): error TS1005: ';' expected.
src/pages/LabTurnaround.tsx(3,1348): error TS1005: ';' expected.
src/pages/LabTurnaround.tsx(3,1352): error TS1005: ';' expected.
src/pages/LabTurnaround.tsx(3,1359): error TS1434: Unexpected keyword or identifier.
src/pages/LabTurnaround.tsx(3,1375): error TS1005: ';' expected.
src/pages/LabTurnaround.tsx(3,1389): error TS1005: ';' expected.
src/pages/LabTurnaround.tsx(3,1407): error TS1005: ';' expected.
src/pages/LabTurnaround.tsx(3,1422): error TS1005: ';' expected.
src/pages/LabTurnaround.tsx(3,1469): error TS1005: ';' expected.
src/pages/LabTurnaround.tsx(3,1475): error TS1005: ';' expected.
src/pages/LabTurnaround.tsx(3,1491): error TS1005: ';' expected.
src/pages/LabTurnaround.tsx(3,1504): error TS1005: ';' expected.
src/pages/LabTurnaround.tsx(3,1534): error TS1005: ';' expected.
src/pages/LabTurnaround.tsx(3,1542): error TS1005: ';' expected.
src/pages/LabTurnaround.tsx(3,1563): error TS1005: ';' expected.
src/pages/LabTurnaround.tsx(3,1665): error TS1005: ';' expected.
src/pages/LabTurnaround.tsx(3,1677): error TS1005: ';' expected.
src/pages/LabTurnaround.tsx(3,1702): error TS1005: ';' expected.
src/pages/LabTurnaround.tsx(3,1709): error TS1005: ';' expected.
src/pages/LabTurnaround.tsx(3,1785): error TS1002: Unterminated string literal.
src/pages/LabTurnaround.tsx(4,3): error TS1128: Declaration or statement expected.
src/pages/LeadConversion.tsx(42,49): error TS1003: Identifier expected.
src/pages/LeadConversion.tsx(42,101): error TS1002: Unterminated string literal.
src/pages/LeadConversion.tsx(43,7): error TS1128: Declaration or statement expected.
src/pages/LeadConversion.tsx(45,7): error TS2657: JSX expressions must have one parent element.
src/pages/LeadConversion.tsx(94,5): error TS1128: Declaration or statement expected.
src/pages/LeadConversion.tsx(95,3): error TS1109: Expression expected.
src/pages/LeadDetail.tsx(41,34): error TS1003: Identifier expected.
src/pages/LeadDetail.tsx(47,57): error TS1003: Identifier expected.
src/pages/LeadDetail.tsx(47,58): error TS1381: Unexpected token. Did you mean `{'}'}` or `&rbrace;`?
src/pages/LeadDetail.tsx(47,61): error TS17002: Expected corresponding JSX closing tag for 'div'.
src/pages/LeadDetail.tsx(47,64): error TS1002: Unterminated string literal.
src/pages/LeadDetail.tsx(50,9): error TS1128: Declaration or statement expected.
src/pages/LeadDetail.tsx(56,7): error TS1128: Declaration or statement expected.
src/pages/LeadDetail.tsx(58,7): error TS2657: JSX expressions must have one parent element.
src/pages/LeadDetail.tsx(90,5): error TS1128: Declaration or statement expected.
src/pages/LeadDetail.tsx(91,3): error TS1109: Expression expected.
src/pages/LeadScoringDashboard.tsx(67,51): error TS1003: Identifier expected.
src/pages/LeadScoringDashboard.tsx(67,99): error TS1002: Unterminated string literal.
src/pages/LeadScoringDashboard.tsx(68,9): error TS1128: Declaration or statement expected.
src/pages/LeadScoringDashboard.tsx(79,7): error TS1128: Declaration or statement expected.
src/pages/LeadScoringDashboard.tsx(81,7): error TS2657: JSX expressions must have one parent element.
src/pages/LeadScoringDashboard.tsx(177,5): error TS1128: Declaration or statement expected.
src/pages/LeadScoringDashboard.tsx(178,3): error TS1109: Expression expected.
src/pages/LeaveRequest.tsx(18,5): error TS2657: JSX expressions must have one parent element.
src/pages/LeaveRequest.tsx(23,53): error TS1005: '}' expected.
src/pages/LeaveRequest.tsx(23,134): error TS17002: Expected corresponding JSX closing tag for 'Breadcrumb'.
src/pages/LeaveRequest.tsx(24,11): error TS17002: Expected corresponding JSX closing tag for 'StandardPage'.
src/pages/LeaveRequest.tsx(26,7): error TS1005: ')' expected.
src/pages/LeaveRequest.tsx(28,7): error TS2657: JSX expressions must have one parent element.
src/pages/LeaveRequest.tsx(53,5): error TS1128: Declaration or statement expected.
src/pages/LeaveRequest.tsx(54,3): error TS1109: Expression expected.
src/pages/LeaveWorkflows.tsx(42,52): error TS1003: Identifier expected.
src/pages/LeaveWorkflows.tsx(42,94): error TS1002: Unterminated string literal.
src/pages/LeaveWorkflows.tsx(43,7): error TS1128: Declaration or statement expected.
src/pages/LeaveWorkflows.tsx(45,7): error TS2657: JSX expressions must have one parent element.
src/pages/LeaveWorkflows.tsx(63,5): error TS1128: Declaration or statement expected.
src/pages/LeaveWorkflows.tsx(64,3): error TS1109: Expression expected.
src/pages/LicenseManagement.tsx(9,49): error TS1003: Identifier expected.
src/pages/LicenseManagement.tsx(9,94): error TS1002: Unterminated string literal.
src/pages/LicenseManagement.tsx(10,7): error TS1128: Declaration or statement expected.
src/pages/LicenseManagement.tsx(24,5): error TS1128: Declaration or statement expected.
src/pages/LicenseManagement.tsx(25,3): error TS1109: Expression expected.
src/pages/LIMSLabManagement.tsx(3,98): error TS1003: Identifier expected.
src/pages/LIMSLabManagement.tsx(3,217): error TS1005: ';' expected.
src/pages/LIMSLabManagement.tsx(3,234): error TS1005: ';' expected.
src/pages/LIMSLabManagement.tsx(3,239): error TS1005: ';' expected.
src/pages/LIMSLabManagement.tsx(3,259): error TS1005: ';' expected.
src/pages/LIMSLabManagement.tsx(3,262): error TS1005: ';' expected.
src/pages/LIMSLabManagement.tsx(3,288): error TS1005: ';' expected.
src/pages/LIMSLabManagement.tsx(3,292): error TS1005: ';' expected.
src/pages/LIMSLabManagement.tsx(3,308): error TS1005: ';' expected.
src/pages/LIMSLabManagement.tsx(3,316): error TS1005: ';' expected.
src/pages/LIMSLabManagement.tsx(3,337): error TS1005: ';' expected.
src/pages/LIMSLabManagement.tsx(3,368): error TS1005: ';' expected.
src/pages/LIMSLabManagement.tsx(3,374): error TS1351: An identifier or keyword cannot immediately follow a numeric literal.
src/pages/LIMSLabManagement.tsx(3,386): error TS1005: ';' expected.
src/pages/LIMSLabManagement.tsx(3,445): error TS1005: ';' expected.
src/pages/LIMSLabManagement.tsx(3,448): error TS1005: ';' expected.
src/pages/LIMSLabManagement.tsx(3,474): error TS1005: ';' expected.
src/pages/LIMSLabManagement.tsx(3,478): error TS1005: ';' expected.
src/pages/LIMSLabManagement.tsx(3,494): error TS1005: ';' expected.
src/pages/LIMSLabManagement.tsx(3,502): error TS1005: ';' expected.
src/pages/LIMSLabManagement.tsx(3,523): error TS1005: ';' expected.
src/pages/LIMSLabManagement.tsx(3,549): error TS1005: ';' expected.
src/pages/LIMSLabManagement.tsx(3,555): error TS1351: An identifier or keyword cannot immediately follow a numeric literal.
src/pages/LIMSLabManagement.tsx(3,568): error TS1005: ';' expected.
src/pages/LIMSLabManagement.tsx(3,582): error TS1005: ';' expected.
src/pages/LIMSLabManagement.tsx(3,635): error TS1005: ';' expected.
src/pages/LIMSLabManagement.tsx(3,638): error TS1005: ';' expected.
src/pages/LIMSLabManagement.tsx(3,664): error TS1005: ';' expected.
src/pages/LIMSLabManagement.tsx(3,668): error TS1005: ';' expected.
src/pages/LIMSLabManagement.tsx(3,684): error TS1005: ';' expected.
src/pages/LIMSLabManagement.tsx(3,692): error TS1005: ';' expected.
src/pages/LIMSLabManagement.tsx(3,713): error TS1005: ';' expected.
src/pages/LIMSLabManagement.tsx(3,739): error TS1005: ';' expected.
src/pages/LIMSLabManagement.tsx(3,745): error TS1351: An identifier or keyword cannot immediately follow a numeric literal.
src/pages/LIMSLabManagement.tsx(3,758): error TS1005: ';' expected.
src/pages/LIMSLabManagement.tsx(3,770): error TS1005: ';' expected.
src/pages/LIMSLabManagement.tsx(3,823): error TS1005: ';' expected.
src/pages/LIMSLabManagement.tsx(3,826): error TS1005: ';' expected.
src/pages/LIMSLabManagement.tsx(3,852): error TS1005: ';' expected.
src/pages/LIMSLabManagement.tsx(3,856): error TS1005: ';' expected.
src/pages/LIMSLabManagement.tsx(3,872): error TS1005: ';' expected.
src/pages/LIMSLabManagement.tsx(3,880): error TS1005: ';' expected.
src/pages/LIMSLabManagement.tsx(3,901): error TS1005: ';' expected.
src/pages/LIMSLabManagement.tsx(3,930): error TS1005: ';' expected.
src/pages/LIMSLabManagement.tsx(3,936): error TS1351: An identifier or keyword cannot immediately follow a numeric literal.
src/pages/LIMSLabManagement.tsx(3,948): error TS1005: ';' expected.
src/pages/LIMSLabManagement.tsx(3,1092): error TS1005: ';' expected.
src/pages/LIMSLabManagement.tsx(3,1101): error TS1005: ';' expected.
src/pages/LIMSLabManagement.tsx(3,1165): error TS1005: ';' expected.
src/pages/LIMSLabManagement.tsx(3,1174): error TS1005: ';' expected.
src/pages/LIMSLabManagement.tsx(3,1245): error TS1005: ';' expected.
src/pages/LIMSLabManagement.tsx(3,1267): error TS1005: ';' expected.
src/pages/LIMSLabManagement.tsx(3,1279): error TS1005: ';' expected.
src/pages/LIMSLabManagement.tsx(3,1283): error TS1005: ';' expected.
src/pages/LIMSLabManagement.tsx(3,1364): error TS1005: ';' expected.
src/pages/LIMSLabManagement.tsx(3,1368): error TS1005: ';' expected.
src/pages/LIMSLabManagement.tsx(3,1375): error TS1434: Unexpected keyword or identifier.
src/pages/LIMSLabManagement.tsx(3,1391): error TS1005: ';' expected.
src/pages/LIMSLabManagement.tsx(3,1405): error TS1005: ';' expected.
src/pages/LIMSLabManagement.tsx(3,1423): error TS1005: ';' expected.
src/pages/LIMSLabManagement.tsx(3,1438): error TS1005: ';' expected.
src/pages/LIMSLabManagement.tsx(3,1486): error TS1005: ';' expected.
src/pages/LIMSLabManagement.tsx(3,1492): error TS1005: ';' expected.
src/pages/LIMSLabManagement.tsx(3,1508): error TS1005: ';' expected.
src/pages/LIMSLabManagement.tsx(3,1521): error TS1005: ';' expected.
src/pages/LIMSLabManagement.tsx(3,1551): error TS1005: ';' expected.
src/pages/LIMSLabManagement.tsx(3,1559): error TS1005: ';' expected.
src/pages/LIMSLabManagement.tsx(3,1580): error TS1005: ';' expected.
src/pages/LIMSLabManagement.tsx(3,1662): error TS1005: ';' expected.
src/pages/LIMSLabManagement.tsx(3,1673): error TS1005: ';' expected.
src/pages/LIMSLabManagement.tsx(3,1698): error TS1005: ';' expected.
src/pages/LIMSLabManagement.tsx(3,1709): error TS1005: ';' expected.
src/pages/LIMSLabManagement.tsx(3,1725): error TS1005: ';' expected.
src/pages/LIMSLabManagement.tsx(3,1748): error TS1005: ';' expected.
src/pages/LIMSLabManagement.tsx(3,1755): error TS1005: ';' expected.
src/pages/LIMSLabManagement.tsx(3,1825): error TS1002: Unterminated string literal.
src/pages/LIMSLabManagement.tsx(4,3): error TS1128: Declaration or statement expected.
src/pages/LMSContent.tsx(13,5): error TS2657: JSX expressions must have one parent element.
src/pages/LMSContent.tsx(16,199): error TS17002: Expected corresponding JSX closing tag for 'StandardPage'.
src/pages/LMSContent.tsx(24,5): error TS1005: ')' expected.
src/pages/LMSContent.tsx(25,3): error TS1109: Expression expected.
src/pages/Localization.tsx(9,49): error TS1003: Identifier expected.
src/pages/Localization.tsx(9,92): error TS1002: Unterminated string literal.
src/pages/Localization.tsx(10,7): error TS1128: Declaration or statement expected.
src/pages/Localization.tsx(24,5): error TS1128: Declaration or statement expected.
src/pages/Localization.tsx(25,3): error TS1109: Expression expected.
src/pages/LoginHistory.tsx(16,71): error TS1003: Identifier expected.
src/pages/LoginHistory.tsx(16,116): error TS1002: Unterminated string literal.
src/pages/LoginHistory.tsx(17,7): error TS1128: Declaration or statement expected.
src/pages/LoginHistory.tsx(19,7): error TS2657: JSX expressions must have one parent element.
src/pages/LoginHistory.tsx(74,5): error TS1128: Declaration or statement expected.
src/pages/LoginHistory.tsx(75,3): error TS1109: Expression expected.
src/pages/LoyaltyPrograms.tsx(3,72): error TS1003: Identifier expected.
src/pages/LoyaltyPrograms.tsx(3,140): error TS1005: ';' expected.
src/pages/LoyaltyPrograms.tsx(3,157): error TS1005: ';' expected.
src/pages/LoyaltyPrograms.tsx(3,162): error TS1005: ';' expected.
src/pages/LoyaltyPrograms.tsx(3,182): error TS1005: ';' expected.
src/pages/LoyaltyPrograms.tsx(3,185): error TS1005: ';' expected.
src/pages/LoyaltyPrograms.tsx(3,211): error TS1005: ';' expected.
src/pages/LoyaltyPrograms.tsx(3,215): error TS1005: ';' expected.
src/pages/LoyaltyPrograms.tsx(3,231): error TS1005: ';' expected.
src/pages/LoyaltyPrograms.tsx(3,239): error TS1005: ';' expected.
src/pages/LoyaltyPrograms.tsx(3,260): error TS1005: ';' expected.
src/pages/LoyaltyPrograms.tsx(3,287): error TS1005: ';' expected.
src/pages/LoyaltyPrograms.tsx(3,293): error TS1351: An identifier or keyword cannot immediately follow a numeric literal.
src/pages/LoyaltyPrograms.tsx(3,305): error TS1005: ';' expected.
src/pages/LoyaltyPrograms.tsx(3,366): error TS1005: ';' expected.
src/pages/LoyaltyPrograms.tsx(3,369): error TS1005: ';' expected.
src/pages/LoyaltyPrograms.tsx(3,395): error TS1005: ';' expected.
src/pages/LoyaltyPrograms.tsx(3,399): error TS1005: ';' expected.
src/pages/LoyaltyPrograms.tsx(3,415): error TS1005: ';' expected.
src/pages/LoyaltyPrograms.tsx(3,423): error TS1005: ';' expected.
src/pages/LoyaltyPrograms.tsx(3,444): error TS1005: ';' expected.
src/pages/LoyaltyPrograms.tsx(3,470): error TS1005: ';' expected.
src/pages/LoyaltyPrograms.tsx(3,476): error TS1351: An identifier or keyword cannot immediately follow a numeric literal.
src/pages/LoyaltyPrograms.tsx(3,489): error TS1005: ';' expected.
src/pages/LoyaltyPrograms.tsx(3,503): error TS1005: ';' expected.
src/pages/LoyaltyPrograms.tsx(3,556): error TS1005: ';' expected.
src/pages/LoyaltyPrograms.tsx(3,559): error TS1005: ';' expected.
src/pages/LoyaltyPrograms.tsx(3,585): error TS1005: ';' expected.
src/pages/LoyaltyPrograms.tsx(3,589): error TS1005: ';' expected.
src/pages/LoyaltyPrograms.tsx(3,605): error TS1005: ';' expected.
src/pages/LoyaltyPrograms.tsx(3,613): error TS1005: ';' expected.
src/pages/LoyaltyPrograms.tsx(3,634): error TS1005: ';' expected.
src/pages/LoyaltyPrograms.tsx(3,666): error TS1005: ';' expected.
src/pages/LoyaltyPrograms.tsx(3,672): error TS1351: An identifier or keyword cannot immediately follow a numeric literal.
src/pages/LoyaltyPrograms.tsx(3,685): error TS1005: ';' expected.
src/pages/LoyaltyPrograms.tsx(3,698): error TS1005: ';' expected.
src/pages/LoyaltyPrograms.tsx(3,777): error TS1005: ';' expected.
src/pages/LoyaltyPrograms.tsx(3,780): error TS1005: ';' expected.
src/pages/LoyaltyPrograms.tsx(3,806): error TS1005: ';' expected.
src/pages/LoyaltyPrograms.tsx(3,810): error TS1005: ';' expected.
src/pages/LoyaltyPrograms.tsx(3,826): error TS1005: ';' expected.
src/pages/LoyaltyPrograms.tsx(3,834): error TS1005: ';' expected.
src/pages/LoyaltyPrograms.tsx(3,855): error TS1005: ';' expected.
src/pages/LoyaltyPrograms.tsx(3,883): error TS1005: ';' expected.
src/pages/LoyaltyPrograms.tsx(3,889): error TS1351: An identifier or keyword cannot immediately follow a numeric literal.
src/pages/LoyaltyPrograms.tsx(3,901): error TS1005: ';' expected.
src/pages/LoyaltyPrograms.tsx(3,1048): error TS1005: ';' expected.
src/pages/LoyaltyPrograms.tsx(3,1057): error TS1005: ';' expected.
src/pages/LoyaltyPrograms.tsx(3,1123): error TS1005: ';' expected.
src/pages/LoyaltyPrograms.tsx(3,1132): error TS1005: ';' expected.
src/pages/LoyaltyPrograms.tsx(3,1204): error TS1005: ';' expected.
src/pages/LoyaltyPrograms.tsx(3,1226): error TS1005: ';' expected.
src/pages/LoyaltyPrograms.tsx(3,1238): error TS1005: ';' expected.
src/pages/LoyaltyPrograms.tsx(3,1242): error TS1005: ';' expected.
src/pages/LoyaltyPrograms.tsx(3,1326): error TS1005: ';' expected.
src/pages/LoyaltyPrograms.tsx(3,1330): error TS1005: ';' expected.
src/pages/LoyaltyPrograms.tsx(3,1337): error TS1434: Unexpected keyword or identifier.
src/pages/LoyaltyPrograms.tsx(3,1353): error TS1005: ';' expected.
src/pages/LoyaltyPrograms.tsx(3,1367): error TS1005: ';' expected.
src/pages/LoyaltyPrograms.tsx(3,1385): error TS1005: ';' expected.
src/pages/LoyaltyPrograms.tsx(3,1400): error TS1005: ';' expected.
src/pages/LoyaltyPrograms.tsx(3,1448): error TS1005: ';' expected.
src/pages/LoyaltyPrograms.tsx(3,1454): error TS1005: ';' expected.
src/pages/LoyaltyPrograms.tsx(3,1470): error TS1005: ';' expected.
src/pages/LoyaltyPrograms.tsx(3,1483): error TS1005: ';' expected.
src/pages/LoyaltyPrograms.tsx(3,1515): error TS1005: ';' expected.
src/pages/LoyaltyPrograms.tsx(3,1523): error TS1005: ';' expected.
src/pages/LoyaltyPrograms.tsx(3,1544): error TS1005: ';' expected.
src/pages/LoyaltyPrograms.tsx(3,1600): error TS1005: ';' expected.
src/pages/LoyaltyPrograms.tsx(3,1611): error TS1005: ';' expected.
src/pages/LoyaltyPrograms.tsx(3,1623): error TS1005: ';' expected.
src/pages/LoyaltyPrograms.tsx(3,1646): error TS1005: ';' expected.
src/pages/LoyaltyPrograms.tsx(3,1653): error TS1005: ';' expected.
src/pages/LoyaltyPrograms.tsx(3,1719): error TS1002: Unterminated string literal.
src/pages/LoyaltyPrograms.tsx(4,3): error TS1128: Declaration or statement expected.
src/pages/Maintenance.tsx(3,88): error TS1003: Identifier expected.
src/pages/Maintenance.tsx(3,186): error TS1005: ';' expected.
src/pages/Maintenance.tsx(3,203): error TS1005: ';' expected.
src/pages/Maintenance.tsx(3,208): error TS1005: ';' expected.
src/pages/Maintenance.tsx(3,228): error TS1005: ';' expected.
src/pages/Maintenance.tsx(3,231): error TS1005: ';' expected.
src/pages/Maintenance.tsx(3,257): error TS1005: ';' expected.
src/pages/Maintenance.tsx(3,261): error TS1005: ';' expected.
src/pages/Maintenance.tsx(3,277): error TS1005: ';' expected.
src/pages/Maintenance.tsx(3,285): error TS1005: ';' expected.
src/pages/Maintenance.tsx(3,306): error TS1005: ';' expected.
src/pages/Maintenance.tsx(3,333): error TS1005: ';' expected.
src/pages/Maintenance.tsx(3,339): error TS1351: An identifier or keyword cannot immediately follow a numeric literal.
src/pages/Maintenance.tsx(3,351): error TS1005: ';' expected.
src/pages/Maintenance.tsx(3,416): error TS1005: ';' expected.
src/pages/Maintenance.tsx(3,419): error TS1005: ';' expected.
src/pages/Maintenance.tsx(3,445): error TS1005: ';' expected.
src/pages/Maintenance.tsx(3,449): error TS1005: ';' expected.
src/pages/Maintenance.tsx(3,465): error TS1005: ';' expected.
src/pages/Maintenance.tsx(3,473): error TS1005: ';' expected.
src/pages/Maintenance.tsx(3,494): error TS1005: ';' expected.
src/pages/Maintenance.tsx(3,523): error TS1005: ';' expected.
src/pages/Maintenance.tsx(3,529): error TS1351: An identifier or keyword cannot immediately follow a numeric literal.
src/pages/Maintenance.tsx(3,542): error TS1005: ';' expected.
src/pages/Maintenance.tsx(3,556): error TS1005: ';' expected.
src/pages/Maintenance.tsx(3,612): error TS1005: ';' expected.
src/pages/Maintenance.tsx(3,615): error TS1005: ';' expected.
src/pages/Maintenance.tsx(3,641): error TS1005: ';' expected.
src/pages/Maintenance.tsx(3,645): error TS1005: ';' expected.
src/pages/Maintenance.tsx(3,661): error TS1005: ';' expected.
src/pages/Maintenance.tsx(3,669): error TS1005: ';' expected.
src/pages/Maintenance.tsx(3,690): error TS1005: ';' expected.
src/pages/Maintenance.tsx(3,721): error TS1005: ';' expected.
src/pages/Maintenance.tsx(3,727): error TS1351: An identifier or keyword cannot immediately follow a numeric literal.
src/pages/Maintenance.tsx(3,740): error TS1005: ';' expected.
src/pages/Maintenance.tsx(3,753): error TS1005: ';' expected.
src/pages/Maintenance.tsx(3,812): error TS1005: ';' expected.
src/pages/Maintenance.tsx(3,865): error TS1005: ';' expected.
src/pages/Maintenance.tsx(3,868): error TS1005: ';' expected.
src/pages/Maintenance.tsx(3,894): error TS1005: ';' expected.
src/pages/Maintenance.tsx(3,898): error TS1005: ';' expected.
src/pages/Maintenance.tsx(3,914): error TS1005: ';' expected.
src/pages/Maintenance.tsx(3,922): error TS1005: ';' expected.
src/pages/Maintenance.tsx(3,943): error TS1005: ';' expected.
src/pages/Maintenance.tsx(3,973): error TS1005: ';' expected.
src/pages/Maintenance.tsx(3,979): error TS1351: An identifier or keyword cannot immediately follow a numeric literal.
src/pages/Maintenance.tsx(3,991): error TS1005: ';' expected.
src/pages/Maintenance.tsx(3,1150): error TS1005: ';' expected.
src/pages/Maintenance.tsx(3,1159): error TS1005: ';' expected.
src/pages/Maintenance.tsx(3,1222): error TS1005: ';' expected.
src/pages/Maintenance.tsx(3,1231): error TS1005: ';' expected.
src/pages/Maintenance.tsx(3,1308): error TS1005: ';' expected.
src/pages/Maintenance.tsx(3,1330): error TS1005: ';' expected.
src/pages/Maintenance.tsx(3,1342): error TS1005: ';' expected.
src/pages/Maintenance.tsx(3,1346): error TS1005: ';' expected.
src/pages/Maintenance.tsx(3,1432): error TS1005: ';' expected.
src/pages/Maintenance.tsx(3,1436): error TS1005: ';' expected.
src/pages/Maintenance.tsx(3,1443): error TS1434: Unexpected keyword or identifier.
src/pages/Maintenance.tsx(3,1459): error TS1005: ';' expected.
src/pages/Maintenance.tsx(3,1473): error TS1005: ';' expected.
src/pages/Maintenance.tsx(3,1491): error TS1005: ';' expected.
src/pages/Maintenance.tsx(3,1506): error TS1005: ';' expected.
src/pages/Maintenance.tsx(3,1555): error TS1005: ';' expected.
src/pages/Maintenance.tsx(3,1561): error TS1005: ';' expected.
src/pages/Maintenance.tsx(3,1577): error TS1005: ';' expected.
src/pages/Maintenance.tsx(3,1590): error TS1005: ';' expected.
src/pages/Maintenance.tsx(3,1627): error TS1005: ';' expected.
src/pages/Maintenance.tsx(3,1635): error TS1005: ';' expected.
src/pages/Maintenance.tsx(3,1656): error TS1005: ';' expected.
src/pages/Maintenance.tsx(3,1710): error TS1005: ';' expected.
src/pages/Maintenance.tsx(3,1724): error TS1005: ';' expected.
src/pages/Maintenance.tsx(3,1736): error TS1005: ';' expected.
src/pages/Maintenance.tsx(3,1759): error TS1005: ';' expected.
src/pages/Maintenance.tsx(3,1766): error TS1005: ';' expected.
src/pages/Maintenance.tsx(3,1836): error TS1002: Unterminated string literal.
src/pages/Maintenance.tsx(4,3): error TS1128: Declaration or statement expected.
src/pages/maintenance/Asset360View.tsx(46,61): error TS1003: Identifier expected.
src/pages/maintenance/Asset360View.tsx(46,64): error TS1003: Identifier expected.
src/pages/maintenance/Asset360View.tsx(47,13): error TS2657: JSX expressions must have one parent element.
src/pages/maintenance/Asset360View.tsx(165,9): error TS1128: Declaration or statement expected.
src/pages/maintenance/Asset360View.tsx(166,5): error TS1109: Expression expected.
src/pages/MaintenanceReliability.tsx(3,84): error TS1003: Identifier expected.
src/pages/MaintenanceReliability.tsx(3,174): error TS1005: ';' expected.
src/pages/MaintenanceReliability.tsx(3,191): error TS1005: ';' expected.
src/pages/MaintenanceReliability.tsx(3,196): error TS1005: ';' expected.
src/pages/MaintenanceReliability.tsx(3,216): error TS1005: ';' expected.
src/pages/MaintenanceReliability.tsx(3,219): error TS1005: ';' expected.
src/pages/MaintenanceReliability.tsx(3,245): error TS1005: ';' expected.
src/pages/MaintenanceReliability.tsx(3,249): error TS1005: ';' expected.
src/pages/MaintenanceReliability.tsx(3,265): error TS1005: ';' expected.
src/pages/MaintenanceReliability.tsx(3,273): error TS1005: ';' expected.
src/pages/MaintenanceReliability.tsx(3,294): error TS1005: ';' expected.
src/pages/MaintenanceReliability.tsx(3,325): error TS1005: ';' expected.
src/pages/MaintenanceReliability.tsx(3,331): error TS1351: An identifier or keyword cannot immediately follow a numeric literal.
src/pages/MaintenanceReliability.tsx(3,343): error TS1005: ';' expected.
src/pages/MaintenanceReliability.tsx(3,408): error TS1005: ';' expected.
src/pages/MaintenanceReliability.tsx(3,411): error TS1005: ';' expected.
src/pages/MaintenanceReliability.tsx(3,437): error TS1005: ';' expected.
src/pages/MaintenanceReliability.tsx(3,441): error TS1005: ';' expected.
src/pages/MaintenanceReliability.tsx(3,457): error TS1005: ';' expected.
src/pages/MaintenanceReliability.tsx(3,465): error TS1005: ';' expected.
src/pages/MaintenanceReliability.tsx(3,486): error TS1005: ';' expected.
src/pages/MaintenanceReliability.tsx(3,515): error TS1005: ';' expected.
src/pages/MaintenanceReliability.tsx(3,521): error TS1351: An identifier or keyword cannot immediately follow a numeric literal.
src/pages/MaintenanceReliability.tsx(3,534): error TS1005: ';' expected.
src/pages/MaintenanceReliability.tsx(3,548): error TS1005: ';' expected.
src/pages/MaintenanceReliability.tsx(3,604): error TS1005: ';' expected.
src/pages/MaintenanceReliability.tsx(3,607): error TS1005: ';' expected.
src/pages/MaintenanceReliability.tsx(3,633): error TS1005: ';' expected.
src/pages/MaintenanceReliability.tsx(3,637): error TS1005: ';' expected.
src/pages/MaintenanceReliability.tsx(3,653): error TS1005: ';' expected.
src/pages/MaintenanceReliability.tsx(3,661): error TS1005: ';' expected.
src/pages/MaintenanceReliability.tsx(3,682): error TS1005: ';' expected.
src/pages/MaintenanceReliability.tsx(3,709): error TS1005: ';' expected.
src/pages/MaintenanceReliability.tsx(3,715): error TS1351: An identifier or keyword cannot immediately follow a numeric literal.
src/pages/MaintenanceReliability.tsx(3,728): error TS1005: ';' expected.
src/pages/MaintenanceReliability.tsx(3,743): error TS1005: ';' expected.
src/pages/MaintenanceReliability.tsx(3,791): error TS1005: ';' expected.
src/pages/MaintenanceReliability.tsx(3,851): error TS1005: ';' expected.
src/pages/MaintenanceReliability.tsx(3,854): error TS1005: ';' expected.
src/pages/MaintenanceReliability.tsx(3,880): error TS1005: ';' expected.
src/pages/MaintenanceReliability.tsx(3,884): error TS1005: ';' expected.
src/pages/MaintenanceReliability.tsx(3,900): error TS1005: ';' expected.
src/pages/MaintenanceReliability.tsx(3,908): error TS1005: ';' expected.
src/pages/MaintenanceReliability.tsx(3,929): error TS1005: ';' expected.
src/pages/MaintenanceReliability.tsx(3,961): error TS1005: ';' expected.
src/pages/MaintenanceReliability.tsx(3,967): error TS1351: An identifier or keyword cannot immediately follow a numeric literal.
src/pages/MaintenanceReliability.tsx(3,979): error TS1005: ';' expected.
src/pages/MaintenanceReliability.tsx(3,1137): error TS1005: ';' expected.
src/pages/MaintenanceReliability.tsx(3,1146): error TS1005: ';' expected.
src/pages/MaintenanceReliability.tsx(3,1215): error TS1005: ';' expected.
src/pages/MaintenanceReliability.tsx(3,1224): error TS1005: ';' expected.
src/pages/MaintenanceReliability.tsx(3,1300): error TS1005: ';' expected.
src/pages/MaintenanceReliability.tsx(3,1322): error TS1005: ';' expected.
src/pages/MaintenanceReliability.tsx(3,1334): error TS1005: ';' expected.
src/pages/MaintenanceReliability.tsx(3,1338): error TS1005: ';' expected.
src/pages/MaintenanceReliability.tsx(3,1425): error TS1005: ';' expected.
src/pages/MaintenanceReliability.tsx(3,1429): error TS1005: ';' expected.
src/pages/MaintenanceReliability.tsx(3,1436): error TS1434: Unexpected keyword or identifier.
src/pages/MaintenanceReliability.tsx(3,1452): error TS1005: ';' expected.
src/pages/MaintenanceReliability.tsx(3,1466): error TS1005: ';' expected.
src/pages/MaintenanceReliability.tsx(3,1484): error TS1005: ';' expected.
src/pages/MaintenanceReliability.tsx(3,1499): error TS1005: ';' expected.
src/pages/MaintenanceReliability.tsx(3,1547): error TS1005: ';' expected.
src/pages/MaintenanceReliability.tsx(3,1553): error TS1005: ';' expected.
src/pages/MaintenanceReliability.tsx(3,1569): error TS1005: ';' expected.
src/pages/MaintenanceReliability.tsx(3,1582): error TS1005: ';' expected.
src/pages/MaintenanceReliability.tsx(3,1619): error TS1005: ';' expected.
src/pages/MaintenanceReliability.tsx(3,1627): error TS1005: ';' expected.
src/pages/MaintenanceReliability.tsx(3,1648): error TS1005: ';' expected.
src/pages/MaintenanceReliability.tsx(3,1698): error TS1005: ';' expected.
src/pages/MaintenanceReliability.tsx(3,1712): error TS1005: ';' expected.
src/pages/MaintenanceReliability.tsx(3,1724): error TS1005: ';' expected.
src/pages/MaintenanceReliability.tsx(3,1747): error TS1005: ';' expected.
src/pages/MaintenanceReliability.tsx(3,1754): error TS1005: ';' expected.
src/pages/MaintenanceReliability.tsx(3,1820): error TS1002: Unterminated string literal.
src/pages/MaintenanceReliability.tsx(4,3): error TS1128: Declaration or statement expected.
src/pages/MaintenanceScheduling.tsx(45,49): error TS1003: Identifier expected.
src/pages/MaintenanceScheduling.tsx(45,131): error TS1002: Unterminated string literal.
src/pages/MaintenanceScheduling.tsx(46,7): error TS1128: Declaration or statement expected.
src/pages/MaintenanceScheduling.tsx(48,7): error TS2657: JSX expressions must have one parent element.
src/pages/MaintenanceScheduling.tsx(123,5): error TS1128: Declaration or statement expected.
src/pages/MaintenanceScheduling.tsx(124,3): error TS1109: Expression expected.
src/pages/manufacturing/BatchGenealogy.tsx(90,9): error TS1005: ',' expected.
src/pages/manufacturing/BatchGenealogy.tsx(91,5): error TS1128: Declaration or statement expected.
src/pages/manufacturing/BatchGenealogy.tsx(276,1): error TS1128: Declaration or statement expected.
src/pages/manufacturing/StandardOpLibrary.tsx(163,5): error TS1128: Declaration or statement expected.
src/pages/manufacturing/WorkCenterManager.tsx(134,5): error TS1128: Declaration or statement expected.
src/pages/MarketingCampaigns.tsx(3,101): error TS1003: Identifier expected.
src/pages/MarketingCampaigns.tsx(3,231): error TS1005: ';' expected.
src/pages/MarketingCampaigns.tsx(3,248): error TS1005: ';' expected.
src/pages/MarketingCampaigns.tsx(3,253): error TS1005: ';' expected.
src/pages/MarketingCampaigns.tsx(3,273): error TS1005: ';' expected.
src/pages/MarketingCampaigns.tsx(3,276): error TS1005: ';' expected.
src/pages/MarketingCampaigns.tsx(3,302): error TS1005: ';' expected.
src/pages/MarketingCampaigns.tsx(3,306): error TS1005: ';' expected.
src/pages/MarketingCampaigns.tsx(3,322): error TS1005: ';' expected.
src/pages/MarketingCampaigns.tsx(3,330): error TS1005: ';' expected.
src/pages/MarketingCampaigns.tsx(3,351): error TS1005: ';' expected.
src/pages/MarketingCampaigns.tsx(3,380): error TS1005: ';' expected.
src/pages/MarketingCampaigns.tsx(3,386): error TS1351: An identifier or keyword cannot immediately follow a numeric literal.
src/pages/MarketingCampaigns.tsx(3,398): error TS1005: ';' expected.
src/pages/MarketingCampaigns.tsx(3,461): error TS1005: ';' expected.
src/pages/MarketingCampaigns.tsx(3,464): error TS1005: ';' expected.
src/pages/MarketingCampaigns.tsx(3,490): error TS1005: ';' expected.
src/pages/MarketingCampaigns.tsx(3,494): error TS1005: ';' expected.
src/pages/MarketingCampaigns.tsx(3,510): error TS1005: ';' expected.
src/pages/MarketingCampaigns.tsx(3,518): error TS1005: ';' expected.
src/pages/MarketingCampaigns.tsx(3,539): error TS1005: ';' expected.
src/pages/MarketingCampaigns.tsx(3,565): error TS1005: ';' expected.
src/pages/MarketingCampaigns.tsx(3,571): error TS1351: An identifier or keyword cannot immediately follow a numeric literal.
src/pages/MarketingCampaigns.tsx(3,584): error TS1005: ';' expected.
src/pages/MarketingCampaigns.tsx(3,598): error TS1005: ';' expected.
src/pages/MarketingCampaigns.tsx(3,651): error TS1005: ';' expected.
src/pages/MarketingCampaigns.tsx(3,654): error TS1005: ';' expected.
src/pages/MarketingCampaigns.tsx(3,680): error TS1005: ';' expected.
src/pages/MarketingCampaigns.tsx(3,684): error TS1005: ';' expected.
src/pages/MarketingCampaigns.tsx(3,700): error TS1005: ';' expected.
src/pages/MarketingCampaigns.tsx(3,708): error TS1005: ';' expected.
src/pages/MarketingCampaigns.tsx(3,729): error TS1005: ';' expected.
src/pages/MarketingCampaigns.tsx(3,763): error TS1005: ';' expected.
src/pages/MarketingCampaigns.tsx(3,769): error TS1351: An identifier or keyword cannot immediately follow a numeric literal.
src/pages/MarketingCampaigns.tsx(3,782): error TS1005: ';' expected.
src/pages/MarketingCampaigns.tsx(3,795): error TS1005: ';' expected.
src/pages/MarketingCampaigns.tsx(3,856): error TS1005: ';' expected.
src/pages/MarketingCampaigns.tsx(3,859): error TS1005: ';' expected.
src/pages/MarketingCampaigns.tsx(3,885): error TS1005: ';' expected.
src/pages/MarketingCampaigns.tsx(3,889): error TS1005: ';' expected.
src/pages/MarketingCampaigns.tsx(3,905): error TS1005: ';' expected.
src/pages/MarketingCampaigns.tsx(3,913): error TS1005: ';' expected.
src/pages/MarketingCampaigns.tsx(3,934): error TS1005: ';' expected.
src/pages/MarketingCampaigns.tsx(3,965): error TS1005: ';' expected.
src/pages/MarketingCampaigns.tsx(3,971): error TS1351: An identifier or keyword cannot immediately follow a numeric literal.
src/pages/MarketingCampaigns.tsx(3,983): error TS1005: ';' expected.
src/pages/MarketingCampaigns.tsx(3,1115): error TS1005: ';' expected.
src/pages/MarketingCampaigns.tsx(3,1124): error TS1005: ';' expected.
src/pages/MarketingCampaigns.tsx(3,1185): error TS1005: ';' expected.
src/pages/MarketingCampaigns.tsx(3,1194): error TS1005: ';' expected.
src/pages/MarketingCampaigns.tsx(3,1269): error TS1005: ';' expected.
src/pages/MarketingCampaigns.tsx(3,1291): error TS1005: ';' expected.
src/pages/MarketingCampaigns.tsx(3,1303): error TS1005: ';' expected.
src/pages/MarketingCampaigns.tsx(3,1307): error TS1005: ';' expected.
src/pages/MarketingCampaigns.tsx(3,1396): error TS1005: ';' expected.
src/pages/MarketingCampaigns.tsx(3,1400): error TS1005: ';' expected.
src/pages/MarketingCampaigns.tsx(3,1407): error TS1434: Unexpected keyword or identifier.
src/pages/MarketingCampaigns.tsx(3,1423): error TS1005: ';' expected.
src/pages/MarketingCampaigns.tsx(3,1437): error TS1005: ';' expected.
src/pages/MarketingCampaigns.tsx(3,1455): error TS1005: ';' expected.
src/pages/MarketingCampaigns.tsx(3,1470): error TS1005: ';' expected.
src/pages/MarketingCampaigns.tsx(3,1522): error TS1005: ';' expected.
src/pages/MarketingCampaigns.tsx(3,1528): error TS1005: ';' expected.
src/pages/MarketingCampaigns.tsx(3,1544): error TS1005: ';' expected.
src/pages/MarketingCampaigns.tsx(3,1557): error TS1005: ';' expected.
src/pages/MarketingCampaigns.tsx(3,1591): error TS1005: ';' expected.
src/pages/MarketingCampaigns.tsx(3,1599): error TS1005: ';' expected.
src/pages/MarketingCampaigns.tsx(3,1620): error TS1005: ';' expected.
src/pages/MarketingCampaigns.tsx(3,1681): error TS1005: ';' expected.
src/pages/MarketingCampaigns.tsx(3,1692): error TS1005: ';' expected.
src/pages/MarketingCampaigns.tsx(3,1704): error TS1005: ';' expected.
src/pages/MarketingCampaigns.tsx(3,1727): error TS1005: ';' expected.
src/pages/MarketingCampaigns.tsx(3,1734): error TS1005: ';' expected.
src/pages/MarketingCampaigns.tsx(3,1804): error TS1002: Unterminated string literal.
src/pages/MarketingCampaigns.tsx(4,3): error TS1128: Declaration or statement expected.
src/pages/MarketingCampaignsRetail.tsx(3,80): error TS1003: Identifier expected.
src/pages/MarketingCampaignsRetail.tsx(3,151): error TS1005: ';' expected.
src/pages/MarketingCampaignsRetail.tsx(3,168): error TS1005: ';' expected.
src/pages/MarketingCampaignsRetail.tsx(3,173): error TS1005: ';' expected.
src/pages/MarketingCampaignsRetail.tsx(3,193): error TS1005: ';' expected.
src/pages/MarketingCampaignsRetail.tsx(3,196): error TS1005: ';' expected.
src/pages/MarketingCampaignsRetail.tsx(3,222): error TS1005: ';' expected.
src/pages/MarketingCampaignsRetail.tsx(3,226): error TS1005: ';' expected.
src/pages/MarketingCampaignsRetail.tsx(3,242): error TS1005: ';' expected.
src/pages/MarketingCampaignsRetail.tsx(3,250): error TS1005: ';' expected.
src/pages/MarketingCampaignsRetail.tsx(3,271): error TS1005: ';' expected.
src/pages/MarketingCampaignsRetail.tsx(3,300): error TS1005: ';' expected.
src/pages/MarketingCampaignsRetail.tsx(3,306): error TS1351: An identifier or keyword cannot immediately follow a numeric literal.
src/pages/MarketingCampaignsRetail.tsx(3,318): error TS1005: ';' expected.
src/pages/MarketingCampaignsRetail.tsx(3,381): error TS1005: ';' expected.
src/pages/MarketingCampaignsRetail.tsx(3,384): error TS1005: ';' expected.
src/pages/MarketingCampaignsRetail.tsx(3,410): error TS1005: ';' expected.
src/pages/MarketingCampaignsRetail.tsx(3,414): error TS1005: ';' expected.
src/pages/MarketingCampaignsRetail.tsx(3,430): error TS1005: ';' expected.
src/pages/MarketingCampaignsRetail.tsx(3,438): error TS1005: ';' expected.
src/pages/MarketingCampaignsRetail.tsx(3,459): error TS1005: ';' expected.
src/pages/MarketingCampaignsRetail.tsx(3,485): error TS1005: ';' expected.
src/pages/MarketingCampaignsRetail.tsx(3,491): error TS1351: An identifier or keyword cannot immediately follow a numeric literal.
src/pages/MarketingCampaignsRetail.tsx(3,504): error TS1005: ';' expected.
src/pages/MarketingCampaignsRetail.tsx(3,518): error TS1005: ';' expected.
src/pages/MarketingCampaignsRetail.tsx(3,571): error TS1005: ';' expected.
src/pages/MarketingCampaignsRetail.tsx(3,574): error TS1005: ';' expected.
src/pages/MarketingCampaignsRetail.tsx(3,600): error TS1005: ';' expected.
src/pages/MarketingCampaignsRetail.tsx(3,604): error TS1005: ';' expected.
src/pages/MarketingCampaignsRetail.tsx(3,620): error TS1005: ';' expected.
src/pages/MarketingCampaignsRetail.tsx(3,628): error TS1005: ';' expected.
src/pages/MarketingCampaignsRetail.tsx(3,649): error TS1005: ';' expected.
src/pages/MarketingCampaignsRetail.tsx(3,678): error TS1005: ';' expected.
src/pages/MarketingCampaignsRetail.tsx(3,684): error TS1351: An identifier or keyword cannot immediately follow a numeric literal.
src/pages/MarketingCampaignsRetail.tsx(3,697): error TS1005: ';' expected.
src/pages/MarketingCampaignsRetail.tsx(3,710): error TS1005: ';' expected.
src/pages/MarketingCampaignsRetail.tsx(3,756): error TS1005: ';' expected.
src/pages/MarketingCampaignsRetail.tsx(3,818): error TS1005: ';' expected.
src/pages/MarketingCampaignsRetail.tsx(3,821): error TS1005: ';' expected.
src/pages/MarketingCampaignsRetail.tsx(3,847): error TS1005: ';' expected.
src/pages/MarketingCampaignsRetail.tsx(3,851): error TS1005: ';' expected.
src/pages/MarketingCampaignsRetail.tsx(3,867): error TS1005: ';' expected.
src/pages/MarketingCampaignsRetail.tsx(3,875): error TS1005: ';' expected.
src/pages/MarketingCampaignsRetail.tsx(3,896): error TS1005: ';' expected.
src/pages/MarketingCampaignsRetail.tsx(3,924): error TS1005: ';' expected.
src/pages/MarketingCampaignsRetail.tsx(3,930): error TS1351: An identifier or keyword cannot immediately follow a numeric literal.
src/pages/MarketingCampaignsRetail.tsx(3,942): error TS1005: ';' expected.
src/pages/MarketingCampaignsRetail.tsx(3,1093): error TS1005: ';' expected.
src/pages/MarketingCampaignsRetail.tsx(3,1102): error TS1005: ';' expected.
src/pages/MarketingCampaignsRetail.tsx(3,1162): error TS1005: ';' expected.
src/pages/MarketingCampaignsRetail.tsx(3,1171): error TS1005: ';' expected.
src/pages/MarketingCampaignsRetail.tsx(3,1245): error TS1005: ';' expected.
src/pages/MarketingCampaignsRetail.tsx(3,1267): error TS1005: ';' expected.
src/pages/MarketingCampaignsRetail.tsx(3,1279): error TS1005: ';' expected.
src/pages/MarketingCampaignsRetail.tsx(3,1283): error TS1005: ';' expected.
src/pages/MarketingCampaignsRetail.tsx(3,1371): error TS1005: ';' expected.
src/pages/MarketingCampaignsRetail.tsx(3,1375): error TS1005: ';' expected.
src/pages/MarketingCampaignsRetail.tsx(3,1382): error TS1434: Unexpected keyword or identifier.
src/pages/MarketingCampaignsRetail.tsx(3,1398): error TS1005: ';' expected.
src/pages/MarketingCampaignsRetail.tsx(3,1412): error TS1005: ';' expected.
src/pages/MarketingCampaignsRetail.tsx(3,1430): error TS1005: ';' expected.
src/pages/MarketingCampaignsRetail.tsx(3,1445): error TS1005: ';' expected.
src/pages/MarketingCampaignsRetail.tsx(3,1492): error TS1005: ';' expected.
src/pages/MarketingCampaignsRetail.tsx(3,1498): error TS1005: ';' expected.
src/pages/MarketingCampaignsRetail.tsx(3,1514): error TS1005: ';' expected.
src/pages/MarketingCampaignsRetail.tsx(3,1527): error TS1005: ';' expected.
src/pages/MarketingCampaignsRetail.tsx(3,1561): error TS1005: ';' expected.
src/pages/MarketingCampaignsRetail.tsx(3,1569): error TS1005: ';' expected.
src/pages/MarketingCampaignsRetail.tsx(3,1590): error TS1005: ';' expected.
src/pages/MarketingCampaignsRetail.tsx(3,1643): error TS1005: ';' expected.
src/pages/MarketingCampaignsRetail.tsx(3,1654): error TS1005: ';' expected.
src/pages/MarketingCampaignsRetail.tsx(3,1666): error TS1005: ';' expected.
src/pages/MarketingCampaignsRetail.tsx(3,1689): error TS1005: ';' expected.
src/pages/MarketingCampaignsRetail.tsx(3,1696): error TS1005: ';' expected.
src/pages/MarketingCampaignsRetail.tsx(3,1762): error TS1002: Unterminated string literal.
src/pages/MarketingCampaignsRetail.tsx(4,3): error TS1128: Declaration or statement expected.
src/pages/MarketplaceAdmin.tsx(360,64): error TS1003: Identifier expected.
src/pages/MarketplaceAdmin.tsx(360,66): error TS1002: Unterminated string literal.
src/pages/MarketplaceAdmin.tsx(361,11): error TS1434: Unexpected keyword or identifier.
src/pages/MarketplaceAdmin.tsx(361,38): error TS1005: ';' expected.
src/pages/MarketplaceAdmin.tsx(361,48): error TS1005: ';' expected.
src/pages/MarketplaceAdmin.tsx(361,58): error TS1434: Unexpected keyword or identifier.
src/pages/MarketplaceAdmin.tsx(362,9): error TS1128: Declaration or statement expected.
src/pages/MarketplaceAdmin.tsx(363,7): error TS1109: Expression expected.
src/pages/MarketplaceAdmin.tsx(365,7): error TS2657: JSX expressions must have one parent element.
src/pages/MarketplaceAdmin.tsx(929,5): error TS1128: Declaration or statement expected.
src/pages/MarketplaceAdmin.tsx(930,3): error TS1109: Expression expected.
src/pages/MarketplaceJobDetail.tsx(173,9): error TS17002: Expected corresponding JSX closing tag for 'StandardPage'.
src/pages/MarketplaceJobDetail.tsx(510,7): error TS17002: Expected corresponding JSX closing tag for 'div'.
src/pages/MaterialMaster.tsx(3,101): error TS1003: Identifier expected.
src/pages/MaterialMaster.tsx(3,224): error TS1005: ';' expected.
src/pages/MaterialMaster.tsx(3,241): error TS1005: ';' expected.
src/pages/MaterialMaster.tsx(3,246): error TS1005: ';' expected.
src/pages/MaterialMaster.tsx(3,266): error TS1005: ';' expected.
src/pages/MaterialMaster.tsx(3,269): error TS1005: ';' expected.
src/pages/MaterialMaster.tsx(3,295): error TS1005: ';' expected.
src/pages/MaterialMaster.tsx(3,299): error TS1005: ';' expected.
src/pages/MaterialMaster.tsx(3,315): error TS1005: ';' expected.
src/pages/MaterialMaster.tsx(3,323): error TS1005: ';' expected.
src/pages/MaterialMaster.tsx(3,344): error TS1005: ';' expected.
src/pages/MaterialMaster.tsx(3,379): error TS1005: ';' expected.
src/pages/MaterialMaster.tsx(3,385): error TS1351: An identifier or keyword cannot immediately follow a numeric literal.
src/pages/MaterialMaster.tsx(3,397): error TS1005: ';' expected.
src/pages/MaterialMaster.tsx(3,460): error TS1005: ';' expected.
src/pages/MaterialMaster.tsx(3,463): error TS1005: ';' expected.
src/pages/MaterialMaster.tsx(3,489): error TS1005: ';' expected.
src/pages/MaterialMaster.tsx(3,493): error TS1005: ';' expected.
src/pages/MaterialMaster.tsx(3,509): error TS1005: ';' expected.
src/pages/MaterialMaster.tsx(3,517): error TS1005: ';' expected.
src/pages/MaterialMaster.tsx(3,538): error TS1005: ';' expected.
src/pages/MaterialMaster.tsx(3,562): error TS1005: ';' expected.
src/pages/MaterialMaster.tsx(3,568): error TS1351: An identifier or keyword cannot immediately follow a numeric literal.
src/pages/MaterialMaster.tsx(3,581): error TS1005: ';' expected.
src/pages/MaterialMaster.tsx(3,594): error TS1005: ';' expected.
src/pages/MaterialMaster.tsx(3,645): error TS1005: ';' expected.
src/pages/MaterialMaster.tsx(3,648): error TS1005: ';' expected.
src/pages/MaterialMaster.tsx(3,674): error TS1005: ';' expected.
src/pages/MaterialMaster.tsx(3,678): error TS1005: ';' expected.
src/pages/MaterialMaster.tsx(3,694): error TS1005: ';' expected.
src/pages/MaterialMaster.tsx(3,702): error TS1005: ';' expected.
src/pages/MaterialMaster.tsx(3,723): error TS1005: ';' expected.
src/pages/MaterialMaster.tsx(3,753): error TS1005: ';' expected.
src/pages/MaterialMaster.tsx(3,759): error TS1351: An identifier or keyword cannot immediately follow a numeric literal.
src/pages/MaterialMaster.tsx(3,772): error TS1005: ';' expected.
src/pages/MaterialMaster.tsx(3,787): error TS1005: ';' expected.
src/pages/MaterialMaster.tsx(3,844): error TS1005: ';' expected.
src/pages/MaterialMaster.tsx(3,847): error TS1005: ';' expected.
src/pages/MaterialMaster.tsx(3,873): error TS1005: ';' expected.
src/pages/MaterialMaster.tsx(3,877): error TS1005: ';' expected.
src/pages/MaterialMaster.tsx(3,893): error TS1005: ';' expected.
src/pages/MaterialMaster.tsx(3,901): error TS1005: ';' expected.
src/pages/MaterialMaster.tsx(3,922): error TS1005: ';' expected.
src/pages/MaterialMaster.tsx(3,951): error TS1005: ';' expected.
src/pages/MaterialMaster.tsx(3,957): error TS1351: An identifier or keyword cannot immediately follow a numeric literal.
src/pages/MaterialMaster.tsx(3,970): error TS1005: ';' expected.
src/pages/MaterialMaster.tsx(3,984): error TS1005: ';' expected.
src/pages/MaterialMaster.tsx(3,1088): error TS1005: ';' expected.
src/pages/MaterialMaster.tsx(3,1096): error TS1109: Expression expected.
src/pages/MaterialMaster.tsx(3,1105): error TS1005: ';' expected.
src/pages/MaterialMaster.tsx(3,1142): error TS1005: ';' expected.
src/pages/MaterialMaster.tsx(3,1151): error TS1005: ';' expected.
src/pages/MaterialMaster.tsx(3,1220): error TS1005: ';' expected.
src/pages/MaterialMaster.tsx(3,1229): error TS1005: ';' expected.
src/pages/MaterialMaster.tsx(3,1248): error TS1005: ';' expected.
src/pages/MaterialMaster.tsx(3,1265): error TS1005: ';' expected.
src/pages/MaterialMaster.tsx(3,1270): error TS1005: ';' expected.
src/pages/MaterialMaster.tsx(3,1293): error TS1005: ';' expected.
src/pages/MaterialMaster.tsx(3,1302): error TS1434: Unexpected keyword or identifier.
src/pages/MaterialMaster.tsx(3,1416): error TS1005: ';' expected.
src/pages/MaterialMaster.tsx(3,1425): error TS1005: ';' expected.
src/pages/MaterialMaster.tsx(3,1438): error TS1005: ';' expected.
src/pages/MaterialMaster.tsx(3,1445): error TS1005: ';' expected.
src/pages/MaterialMaster.tsx(3,1470): error TS1005: ';' expected.
src/pages/MaterialMaster.tsx(3,1574): error TS1005: ';' expected.
src/pages/MaterialMaster.tsx(3,1584): error TS1005: ';' expected.
src/pages/MaterialMaster.tsx(3,1597): error TS1005: ';' expected.
src/pages/MaterialMaster.tsx(3,1604): error TS1005: ';' expected.
src/pages/MaterialMaster.tsx(3,1629): error TS1005: ';' expected.
src/pages/MaterialMaster.tsx(3,1629): error TS1435: Unknown keyword or identifier. Did you mean 'case'?
src/pages/MaterialMaster.tsx(3,1633): error TS1127: Invalid character.
src/pages/MaterialMaster.tsx(3,1634): error TS1005: ';' expected.
src/pages/MaterialMaster.tsx(3,1732): error TS1005: ';' expected.
src/pages/MaterialMaster.tsx(3,1741): error TS1005: ';' expected.
src/pages/MaterialMaster.tsx(3,1754): error TS1005: ';' expected.
src/pages/MaterialMaster.tsx(3,1761): error TS1005: ';' expected.
src/pages/MaterialMaster.tsx(3,1786): error TS1005: ';' expected.
src/pages/MaterialMaster.tsx(3,1834): error TS1005: ';' expected.
src/pages/MaterialMaster.tsx(3,1844): error TS1005: ';' expected.
src/pages/MaterialMaster.tsx(3,1857): error TS1005: ';' expected.
src/pages/MaterialMaster.tsx(3,1864): error TS1005: ';' expected.
src/pages/MaterialMaster.tsx(3,1941): error TS1005: ';' expected.
src/pages/MaterialMaster.tsx(3,1958): error TS1005: ';' expected.
src/pages/MaterialMaster.tsx(3,1973): error TS1005: ';' expected.
src/pages/MaterialMaster.tsx(3,1993): error TS1005: ';' expected.
src/pages/MaterialMaster.tsx(3,1997): error TS1005: ';' expected.
src/pages/MaterialMaster.tsx(3,2000): error TS1005: ';' expected.
src/pages/MaterialMaster.tsx(3,2086): error TS1005: ';' expected.
src/pages/MaterialMaster.tsx(3,2095): error TS1005: ';' expected.
src/pages/MaterialMaster.tsx(3,2156): error TS1005: ';' expected.
src/pages/MaterialMaster.tsx(3,2165): error TS1005: ';' expected.
src/pages/MaterialMaster.tsx(3,2240): error TS1005: ';' expected.
src/pages/MaterialMaster.tsx(3,2262): error TS1005: ';' expected.
src/pages/MaterialMaster.tsx(3,2274): error TS1005: ';' expected.
src/pages/MaterialMaster.tsx(3,2278): error TS1005: ';' expected.
src/pages/MaterialMaster.tsx(3,2354): error TS1005: ';' expected.
src/pages/MaterialMaster.tsx(3,2358): error TS1005: ';' expected.
src/pages/MaterialMaster.tsx(3,2365): error TS1434: Unexpected keyword or identifier.
src/pages/MaterialMaster.tsx(3,2381): error TS1005: ';' expected.
src/pages/MaterialMaster.tsx(3,2395): error TS1005: ';' expected.
src/pages/MaterialMaster.tsx(3,2413): error TS1005: ';' expected.
src/pages/MaterialMaster.tsx(3,2428): error TS1005: ';' expected.
src/pages/MaterialMaster.tsx(3,2480): error TS1005: ';' expected.
src/pages/MaterialMaster.tsx(3,2486): error TS1005: ';' expected.
src/pages/MaterialMaster.tsx(3,2502): error TS1005: ';' expected.
src/pages/MaterialMaster.tsx(3,2515): error TS1005: ';' expected.
src/pages/MaterialMaster.tsx(3,2560): error TS1005: ';' expected.
src/pages/MaterialMaster.tsx(3,2568): error TS1005: ';' expected.
src/pages/MaterialMaster.tsx(3,2589): error TS1005: ';' expected.
src/pages/MaterialMaster.tsx(3,2630): error TS1005: ';' expected.
src/pages/MaterialMaster.tsx(3,2641): error TS1005: ';' expected.
src/pages/MaterialMaster.tsx(3,2653): error TS1005: ';' expected.
src/pages/MaterialMaster.tsx(3,2687): error TS1005: ';' expected.
src/pages/MaterialMaster.tsx(3,2699): error TS1005: ';' expected.
src/pages/MaterialMaster.tsx(3,2722): error TS1005: ';' expected.
src/pages/MaterialMaster.tsx(3,2729): error TS1005: ';' expected.
src/pages/MaterialMaster.tsx(3,2762): error TS1005: ';' expected.
src/pages/MaterialMaster.tsx(3,2777): error TS1005: ';' expected.
src/pages/MaterialMaster.tsx(3,2833): error TS1005: ';' expected.
src/pages/MaterialMaster.tsx(3,2837): error TS1005: ';' expected.
src/pages/MaterialMaster.tsx(3,2840): error TS1005: ';' expected.
src/pages/MaterialMaster.tsx(3,2862): error TS1005: ';' expected.
src/pages/MaterialMaster.tsx(3,2866): error TS1005: ';' expected.
src/pages/MaterialMaster.tsx(3,2869): error TS1005: ';' expected.
src/pages/MaterialMaster.tsx(3,2940): error TS1002: Unterminated string literal.
src/pages/MaterialMaster.tsx(4,3): error TS1128: Declaration or statement expected.
src/pages/MenuPOSOperations.tsx(44,49): error TS1003: Identifier expected.
src/pages/MenuPOSOperations.tsx(44,142): error TS1002: Unterminated string literal.
src/pages/MenuPOSOperations.tsx(45,7): error TS1128: Declaration or statement expected.
src/pages/MenuPOSOperations.tsx(47,7): error TS2657: JSX expressions must have one parent element.
src/pages/MenuPOSOperations.tsx(108,5): error TS1128: Declaration or statement expected.
src/pages/MenuPOSOperations.tsx(109,3): error TS1109: Expression expected.
src/pages/MerchandisingAI.tsx(3,77): error TS1003: Identifier expected.
src/pages/MerchandisingAI.tsx(3,158): error TS1005: ';' expected.
src/pages/MerchandisingAI.tsx(3,175): error TS1005: ';' expected.
src/pages/MerchandisingAI.tsx(3,180): error TS1005: ';' expected.
src/pages/MerchandisingAI.tsx(3,200): error TS1005: ';' expected.
src/pages/MerchandisingAI.tsx(3,203): error TS1005: ';' expected.
src/pages/MerchandisingAI.tsx(3,229): error TS1005: ';' expected.
src/pages/MerchandisingAI.tsx(3,233): error TS1005: ';' expected.
src/pages/MerchandisingAI.tsx(3,249): error TS1005: ';' expected.
src/pages/MerchandisingAI.tsx(3,257): error TS1005: ';' expected.
src/pages/MerchandisingAI.tsx(3,278): error TS1005: ';' expected.
src/pages/MerchandisingAI.tsx(3,313): error TS1005: ';' expected.
src/pages/MerchandisingAI.tsx(3,319): error TS1351: An identifier or keyword cannot immediately follow a numeric literal.
src/pages/MerchandisingAI.tsx(3,331): error TS1005: ';' expected.
src/pages/MerchandisingAI.tsx(3,400): error TS1005: ';' expected.
src/pages/MerchandisingAI.tsx(3,403): error TS1005: ';' expected.
src/pages/MerchandisingAI.tsx(3,429): error TS1005: ';' expected.
src/pages/MerchandisingAI.tsx(3,433): error TS1005: ';' expected.
src/pages/MerchandisingAI.tsx(3,449): error TS1005: ';' expected.
src/pages/MerchandisingAI.tsx(3,457): error TS1005: ';' expected.
src/pages/MerchandisingAI.tsx(3,478): error TS1005: ';' expected.
src/pages/MerchandisingAI.tsx(3,504): error TS1005: ';' expected.
src/pages/MerchandisingAI.tsx(3,510): error TS1351: An identifier or keyword cannot immediately follow a numeric literal.
src/pages/MerchandisingAI.tsx(3,523): error TS1005: ';' expected.
src/pages/MerchandisingAI.tsx(3,537): error TS1005: ';' expected.
src/pages/MerchandisingAI.tsx(3,590): error TS1005: ';' expected.
src/pages/MerchandisingAI.tsx(3,593): error TS1005: ';' expected.
src/pages/MerchandisingAI.tsx(3,619): error TS1005: ';' expected.
src/pages/MerchandisingAI.tsx(3,623): error TS1005: ';' expected.
src/pages/MerchandisingAI.tsx(3,639): error TS1005: ';' expected.
src/pages/MerchandisingAI.tsx(3,647): error TS1005: ';' expected.
src/pages/MerchandisingAI.tsx(3,668): error TS1005: ';' expected.
src/pages/MerchandisingAI.tsx(3,695): error TS1005: ';' expected.
src/pages/MerchandisingAI.tsx(3,701): error TS1351: An identifier or keyword cannot immediately follow a numeric literal.
src/pages/MerchandisingAI.tsx(3,714): error TS1005: ';' expected.
src/pages/MerchandisingAI.tsx(3,729): error TS1005: ';' expected.
src/pages/MerchandisingAI.tsx(3,781): error TS1005: ';' expected.
src/pages/MerchandisingAI.tsx(3,841): error TS1005: ';' expected.
src/pages/MerchandisingAI.tsx(3,844): error TS1005: ';' expected.
src/pages/MerchandisingAI.tsx(3,870): error TS1005: ';' expected.
src/pages/MerchandisingAI.tsx(3,874): error TS1005: ';' expected.
src/pages/MerchandisingAI.tsx(3,890): error TS1005: ';' expected.
src/pages/MerchandisingAI.tsx(3,898): error TS1005: ';' expected.
src/pages/MerchandisingAI.tsx(3,919): error TS1005: ';' expected.
src/pages/MerchandisingAI.tsx(3,947): error TS1005: ';' expected.
src/pages/MerchandisingAI.tsx(3,953): error TS1351: An identifier or keyword cannot immediately follow a numeric literal.
src/pages/MerchandisingAI.tsx(3,965): error TS1005: ';' expected.
src/pages/MerchandisingAI.tsx(3,1128): error TS1005: ';' expected.
src/pages/MerchandisingAI.tsx(3,1137): error TS1005: ';' expected.
src/pages/MerchandisingAI.tsx(3,1203): error TS1005: ';' expected.
src/pages/MerchandisingAI.tsx(3,1212): error TS1005: ';' expected.
src/pages/MerchandisingAI.tsx(3,1292): error TS1005: ';' expected.
src/pages/MerchandisingAI.tsx(3,1314): error TS1005: ';' expected.
src/pages/MerchandisingAI.tsx(3,1326): error TS1005: ';' expected.
src/pages/MerchandisingAI.tsx(3,1330): error TS1005: ';' expected.
src/pages/MerchandisingAI.tsx(3,1419): error TS1005: ';' expected.
src/pages/MerchandisingAI.tsx(3,1423): error TS1005: ';' expected.
src/pages/MerchandisingAI.tsx(3,1430): error TS1434: Unexpected keyword or identifier.
src/pages/MerchandisingAI.tsx(3,1446): error TS1005: ';' expected.
src/pages/MerchandisingAI.tsx(3,1460): error TS1005: ';' expected.
src/pages/MerchandisingAI.tsx(3,1478): error TS1005: ';' expected.
src/pages/MerchandisingAI.tsx(3,1493): error TS1005: ';' expected.
src/pages/MerchandisingAI.tsx(3,1539): error TS1005: ';' expected.
src/pages/MerchandisingAI.tsx(3,1545): error TS1005: ';' expected.
src/pages/MerchandisingAI.tsx(3,1561): error TS1005: ';' expected.
src/pages/MerchandisingAI.tsx(3,1574): error TS1005: ';' expected.
src/pages/MerchandisingAI.tsx(3,1605): error TS1005: ';' expected.
src/pages/MerchandisingAI.tsx(3,1613): error TS1005: ';' expected.
src/pages/MerchandisingAI.tsx(3,1634): error TS1005: ';' expected.
src/pages/MerchandisingAI.tsx(3,1684): error TS1005: ';' expected.
src/pages/MerchandisingAI.tsx(3,1695): error TS1005: ';' expected.
src/pages/MerchandisingAI.tsx(3,1707): error TS1005: ';' expected.
src/pages/MerchandisingAI.tsx(3,1730): error TS1005: ';' expected.
src/pages/MerchandisingAI.tsx(3,1737): error TS1005: ';' expected.
src/pages/MerchandisingAI.tsx(3,1803): error TS1002: Unterminated string literal.
src/pages/MerchandisingAI.tsx(4,3): error TS1128: Declaration or statement expected.
src/pages/MetricsAndMonitoring.tsx(8,49): error TS1003: Identifier expected.
src/pages/MetricsAndMonitoring.tsx(8,88): error TS1002: Unterminated string literal.
src/pages/MetricsAndMonitoring.tsx(9,7): error TS1128: Declaration or statement expected.
src/pages/MetricsAndMonitoring.tsx(15,5): error TS1128: Declaration or statement expected.
src/pages/MetricsAndMonitoring.tsx(16,3): error TS1109: Expression expected.
src/pages/MFAEnrollment.tsx(20,49): error TS1003: Identifier expected.
src/pages/MFAEnrollment.tsx(20,106): error TS1002: Unterminated string literal.
src/pages/MFAEnrollment.tsx(21,7): error TS1128: Declaration or statement expected.
src/pages/MFAEnrollment.tsx(23,7): error TS2657: JSX expressions must have one parent element.
src/pages/MFAEnrollment.tsx(88,5): error TS1128: Declaration or statement expected.
src/pages/MFAEnrollment.tsx(89,3): error TS1109: Expression expected.
src/pages/MfgAnalytics.tsx(3,87): error TS1003: Identifier expected.
src/pages/MfgAnalytics.tsx(3,208): error TS1005: ';' expected.
src/pages/MfgAnalytics.tsx(3,225): error TS1005: ';' expected.
src/pages/MfgAnalytics.tsx(3,230): error TS1005: ';' expected.
src/pages/MfgAnalytics.tsx(3,250): error TS1005: ';' expected.
src/pages/MfgAnalytics.tsx(3,253): error TS1005: ';' expected.
src/pages/MfgAnalytics.tsx(3,279): error TS1005: ';' expected.
src/pages/MfgAnalytics.tsx(3,283): error TS1005: ';' expected.
src/pages/MfgAnalytics.tsx(3,299): error TS1005: ';' expected.
src/pages/MfgAnalytics.tsx(3,307): error TS1005: ';' expected.
src/pages/MfgAnalytics.tsx(3,328): error TS1005: ';' expected.
src/pages/MfgAnalytics.tsx(3,356): error TS1005: ';' expected.
src/pages/MfgAnalytics.tsx(3,362): error TS1351: An identifier or keyword cannot immediately follow a numeric literal.
src/pages/MfgAnalytics.tsx(3,374): error TS1005: ';' expected.
src/pages/MfgAnalytics.tsx(3,437): error TS1005: ';' expected.
src/pages/MfgAnalytics.tsx(3,440): error TS1005: ';' expected.
src/pages/MfgAnalytics.tsx(3,466): error TS1005: ';' expected.
src/pages/MfgAnalytics.tsx(3,470): error TS1005: ';' expected.
src/pages/MfgAnalytics.tsx(3,486): error TS1005: ';' expected.
src/pages/MfgAnalytics.tsx(3,494): error TS1005: ';' expected.
src/pages/MfgAnalytics.tsx(3,515): error TS1005: ';' expected.
src/pages/MfgAnalytics.tsx(3,547): error TS1005: ';' expected.
src/pages/MfgAnalytics.tsx(3,553): error TS1351: An identifier or keyword cannot immediately follow a numeric literal.
src/pages/MfgAnalytics.tsx(3,566): error TS1005: ';' expected.
src/pages/MfgAnalytics.tsx(3,580): error TS1005: ';' expected.
src/pages/MfgAnalytics.tsx(3,638): error TS1005: ';' expected.
src/pages/MfgAnalytics.tsx(3,641): error TS1005: ';' expected.
src/pages/MfgAnalytics.tsx(3,667): error TS1005: ';' expected.
src/pages/MfgAnalytics.tsx(3,671): error TS1005: ';' expected.
src/pages/MfgAnalytics.tsx(3,687): error TS1005: ';' expected.
src/pages/MfgAnalytics.tsx(3,695): error TS1005: ';' expected.
src/pages/MfgAnalytics.tsx(3,716): error TS1005: ';' expected.
src/pages/MfgAnalytics.tsx(3,750): error TS1005: ';' expected.
src/pages/MfgAnalytics.tsx(3,756): error TS1351: An identifier or keyword cannot immediately follow a numeric literal.
src/pages/MfgAnalytics.tsx(3,769): error TS1005: ';' expected.
src/pages/MfgAnalytics.tsx(3,782): error TS1005: ';' expected.
src/pages/MfgAnalytics.tsx(3,843): error TS1005: ';' expected.
src/pages/MfgAnalytics.tsx(3,846): error TS1005: ';' expected.
src/pages/MfgAnalytics.tsx(3,872): error TS1005: ';' expected.
src/pages/MfgAnalytics.tsx(3,876): error TS1005: ';' expected.
src/pages/MfgAnalytics.tsx(3,892): error TS1005: ';' expected.
src/pages/MfgAnalytics.tsx(3,900): error TS1005: ';' expected.
src/pages/MfgAnalytics.tsx(3,921): error TS1005: ';' expected.
src/pages/MfgAnalytics.tsx(3,947): error TS1005: ';' expected.
src/pages/MfgAnalytics.tsx(3,953): error TS1351: An identifier or keyword cannot immediately follow a numeric literal.
src/pages/MfgAnalytics.tsx(3,965): error TS1005: ';' expected.
src/pages/MfgAnalytics.tsx(3,1093): error TS1005: ';' expected.
src/pages/MfgAnalytics.tsx(3,1102): error TS1005: ';' expected.
src/pages/MfgAnalytics.tsx(3,1163): error TS1005: ';' expected.
src/pages/MfgAnalytics.tsx(3,1172): error TS1005: ';' expected.
src/pages/MfgAnalytics.tsx(3,1247): error TS1005: ';' expected.
src/pages/MfgAnalytics.tsx(3,1269): error TS1005: ';' expected.
src/pages/MfgAnalytics.tsx(3,1281): error TS1005: ';' expected.
src/pages/MfgAnalytics.tsx(3,1285): error TS1005: ';' expected.
src/pages/MfgAnalytics.tsx(3,1369): error TS1005: ';' expected.
src/pages/MfgAnalytics.tsx(3,1373): error TS1005: ';' expected.
src/pages/MfgAnalytics.tsx(3,1380): error TS1434: Unexpected keyword or identifier.
src/pages/MfgAnalytics.tsx(3,1396): error TS1005: ';' expected.
src/pages/MfgAnalytics.tsx(3,1410): error TS1005: ';' expected.
src/pages/MfgAnalytics.tsx(3,1428): error TS1005: ';' expected.
src/pages/MfgAnalytics.tsx(3,1443): error TS1005: ';' expected.
src/pages/MfgAnalytics.tsx(3,1496): error TS1005: ';' expected.
src/pages/MfgAnalytics.tsx(3,1502): error TS1005: ';' expected.
src/pages/MfgAnalytics.tsx(3,1518): error TS1005: ';' expected.
src/pages/MfgAnalytics.tsx(3,1531): error TS1005: ';' expected.
src/pages/MfgAnalytics.tsx(3,1562): error TS1005: ';' expected.
src/pages/MfgAnalytics.tsx(3,1570): error TS1005: ';' expected.
src/pages/MfgAnalytics.tsx(3,1591): error TS1005: ';' expected.
src/pages/MfgAnalytics.tsx(3,1640): error TS1005: ';' expected.
src/pages/MfgAnalytics.tsx(3,1660): error TS1005: ';' expected.
src/pages/MfgAnalytics.tsx(3,1667): error TS1005: ';' expected.
src/pages/MfgAnalytics.tsx(3,1737): error TS1002: Unterminated string literal.
src/pages/MfgAnalytics.tsx(4,3): error TS1128: Declaration or statement expected.
src/pages/Migrations.tsx(9,49): error TS1003: Identifier expected.
src/pages/Migrations.tsx(9,81): error TS1002: Unterminated string literal.
src/pages/Migrations.tsx(10,7): error TS1128: Declaration or statement expected.
src/pages/Migrations.tsx(25,5): error TS1128: Declaration or statement expected.
src/pages/Migrations.tsx(26,3): error TS1109: Expression expected.
src/pages/MobileApps.tsx(17,69): error TS1003: Identifier expected.
src/pages/MobileApps.tsx(17,125): error TS1002: Unterminated string literal.
src/pages/MobileApps.tsx(18,7): error TS1128: Declaration or statement expected.
src/pages/MobileApps.tsx(101,5): error TS1128: Declaration or statement expected.
src/pages/MobileApps.tsx(102,3): error TS1109: Expression expected.
src/pages/MobileAppSettings.tsx(8,49): error TS1003: Identifier expected.
src/pages/MobileAppSettings.tsx(8,101): error TS1002: Unterminated string literal.
src/pages/MobileAppSettings.tsx(9,7): error TS1128: Declaration or statement expected.
src/pages/MobileAppSettings.tsx(16,5): error TS1128: Declaration or statement expected.
src/pages/MobileAppSettings.tsx(17,3): error TS1109: Expression expected.
src/pages/MobileOptimization.tsx(8,49): error TS1003: Identifier expected.
src/pages/MobileOptimization.tsx(8,92): error TS1002: Unterminated string literal.
src/pages/MobileOptimization.tsx(9,7): error TS1128: Declaration or statement expected.
src/pages/MobileOptimization.tsx(15,5): error TS1128: Declaration or statement expected.
src/pages/MobileOptimization.tsx(16,3): error TS1109: Expression expected.
src/pages/MobileSync.tsx(14,49): error TS1003: Identifier expected.
src/pages/MobileSync.tsx(14,103): error TS1002: Unterminated string literal.
src/pages/MobileSync.tsx(15,7): error TS1128: Declaration or statement expected.
src/pages/MobileSync.tsx(17,7): error TS2657: JSX expressions must have one parent element.
src/pages/MobileSync.tsx(85,5): error TS1128: Declaration or statement expected.
src/pages/MobileSync.tsx(86,3): error TS1109: Expression expected.
src/pages/ModuleSettings.tsx(9,49): error TS1003: Identifier expected.
src/pages/ModuleSettings.tsx(9,80): error TS1002: Unterminated string literal.
src/pages/ModuleSettings.tsx(10,7): error TS1128: Declaration or statement expected.
src/pages/ModuleSettings.tsx(26,5): error TS1128: Declaration or statement expected.
src/pages/ModuleSettings.tsx(27,3): error TS1109: Expression expected.
src/pages/MRPDashboardFull.tsx(20,49): error TS1003: Identifier expected.
src/pages/MRPDashboardFull.tsx(20,114): error TS1002: Unterminated string literal.
src/pages/MRPDashboardFull.tsx(21,7): error TS1128: Declaration or statement expected.
src/pages/MRPDashboardFull.tsx(23,7): error TS2657: JSX expressions must have one parent element.
src/pages/MRPDashboardFull.tsx(84,5): error TS1128: Declaration or statement expected.
src/pages/MRPDashboardFull.tsx(85,3): error TS1109: Expression expected.
src/pages/MRPMPSPlanning.tsx(45,49): error TS1003: Identifier expected.
src/pages/MRPMPSPlanning.tsx(45,123): error TS1002: Unterminated string literal.
src/pages/MRPMPSPlanning.tsx(46,7): error TS1128: Declaration or statement expected.
src/pages/MRPMPSPlanning.tsx(48,7): error TS2657: JSX expressions must have one parent element.
src/pages/MRPMPSPlanning.tsx(119,5): error TS1128: Declaration or statement expected.
src/pages/MRPMPSPlanning.tsx(120,3): error TS1109: Expression expected.
src/pages/MultiTenancy.tsx(8,49): error TS1003: Identifier expected.
src/pages/MultiTenancy.tsx(8,87): error TS1002: Unterminated string literal.
src/pages/MultiTenancy.tsx(9,7): error TS1128: Declaration or statement expected.
src/pages/MultiTenancy.tsx(15,5): error TS1128: Declaration or statement expected.
src/pages/MultiTenancy.tsx(16,3): error TS1109: Expression expected.
src/pages/MultiTenancyConfig.tsx(13,44): error TS1003: Identifier expected.
src/pages/MultiTenancyConfig.tsx(13,84): error TS1002: Unterminated string literal.
src/pages/MultiTenancyConfig.tsx(14,7): error TS1128: Declaration or statement expected.
src/pages/MultiTenancyConfig.tsx(15,7): error TS2657: JSX expressions must have one parent element.
src/pages/MultiTenancyConfig.tsx(21,5): error TS1128: Declaration or statement expected.
src/pages/MultiTenancyConfig.tsx(22,3): error TS1109: Expression expected.
src/pages/MyJobsDashboard.tsx(163,5): error TS2657: JSX expressions must have one parent element.
src/pages/MyJobsDashboard.tsx(166,15): error TS1003: Identifier expected.
src/pages/MyJobsDashboard.tsx(167,9): error TS1005: ')' expected.
src/pages/MyJobsDashboard.tsx(172,7): error TS1128: Declaration or statement expected.
src/pages/MyJobsDashboard.tsx(174,7): error TS2657: JSX expressions must have one parent element.
src/pages/MyJobsDashboard.tsx(464,5): error TS1128: Declaration or statement expected.
src/pages/MyJobsDashboard.tsx(465,3): error TS1109: Expression expected.
src/pages/MyProposalsDashboard.tsx(92,5): error TS2657: JSX expressions must have one parent element.
src/pages/MyProposalsDashboard.tsx(95,19): error TS1003: Identifier expected.
src/pages/MyProposalsDashboard.tsx(96,9): error TS1005: ')' expected.
src/pages/MyProposalsDashboard.tsx(102,7): error TS1128: Declaration or statement expected.
src/pages/MyProposalsDashboard.tsx(104,7): error TS2657: JSX expressions must have one parent element.
src/pages/MyProposalsDashboard.tsx(253,5): error TS1128: Declaration or statement expected.
src/pages/MyProposalsDashboard.tsx(254,3): error TS1109: Expression expected.
src/pages/NCRCAMAManagement.tsx(45,49): error TS1003: Identifier expected.
src/pages/NCRCAMAManagement.tsx(45,122): error TS1002: Unterminated string literal.
src/pages/NCRCAMAManagement.tsx(46,7): error TS1128: Declaration or statement expected.
src/pages/NCRCAMAManagement.tsx(48,7): error TS2657: JSX expressions must have one parent element.
src/pages/NCRCAMAManagement.tsx(124,5): error TS1128: Declaration or statement expected.
src/pages/NCRCAMAManagement.tsx(125,3): error TS1109: Expression expected.
src/pages/NetworkInfra.tsx(3,83): error TS1003: Identifier expected.
src/pages/NetworkInfra.tsx(3,151): error TS1005: ';' expected.
src/pages/NetworkInfra.tsx(3,168): error TS1005: ';' expected.
src/pages/NetworkInfra.tsx(3,173): error TS1005: ';' expected.
src/pages/NetworkInfra.tsx(3,193): error TS1005: ';' expected.
src/pages/NetworkInfra.tsx(3,196): error TS1005: ';' expected.
src/pages/NetworkInfra.tsx(3,222): error TS1005: ';' expected.
src/pages/NetworkInfra.tsx(3,226): error TS1005: ';' expected.
src/pages/NetworkInfra.tsx(3,242): error TS1005: ';' expected.
src/pages/NetworkInfra.tsx(3,250): error TS1005: ';' expected.
src/pages/NetworkInfra.tsx(3,271): error TS1005: ';' expected.
src/pages/NetworkInfra.tsx(3,299): error TS1005: ';' expected.
src/pages/NetworkInfra.tsx(3,305): error TS1351: An identifier or keyword cannot immediately follow a numeric literal.
src/pages/NetworkInfra.tsx(3,317): error TS1005: ';' expected.
src/pages/NetworkInfra.tsx(3,379): error TS1005: ';' expected.
src/pages/NetworkInfra.tsx(3,382): error TS1005: ';' expected.
src/pages/NetworkInfra.tsx(3,408): error TS1005: ';' expected.
src/pages/NetworkInfra.tsx(3,412): error TS1005: ';' expected.
src/pages/NetworkInfra.tsx(3,428): error TS1005: ';' expected.
src/pages/NetworkInfra.tsx(3,436): error TS1005: ';' expected.
src/pages/NetworkInfra.tsx(3,457): error TS1005: ';' expected.
src/pages/NetworkInfra.tsx(3,484): error TS1005: ';' expected.
src/pages/NetworkInfra.tsx(3,490): error TS1351: An identifier or keyword cannot immediately follow a numeric literal.
src/pages/NetworkInfra.tsx(3,503): error TS1005: ';' expected.
src/pages/NetworkInfra.tsx(3,517): error TS1005: ';' expected.
src/pages/NetworkInfra.tsx(3,571): error TS1005: ';' expected.
src/pages/NetworkInfra.tsx(3,574): error TS1005: ';' expected.
src/pages/NetworkInfra.tsx(3,600): error TS1005: ';' expected.
src/pages/NetworkInfra.tsx(3,604): error TS1005: ';' expected.
src/pages/NetworkInfra.tsx(3,620): error TS1005: ';' expected.
src/pages/NetworkInfra.tsx(3,628): error TS1005: ';' expected.
src/pages/NetworkInfra.tsx(3,649): error TS1005: ';' expected.
src/pages/NetworkInfra.tsx(3,675): error TS1005: ';' expected.
src/pages/NetworkInfra.tsx(3,681): error TS1351: An identifier or keyword cannot immediately follow a numeric literal.
src/pages/NetworkInfra.tsx(3,694): error TS1005: ';' expected.
src/pages/NetworkInfra.tsx(3,706): error TS1005: ';' expected.
src/pages/NetworkInfra.tsx(3,751): error TS1005: ';' expected.
src/pages/NetworkInfra.tsx(3,809): error TS1005: ';' expected.
src/pages/NetworkInfra.tsx(3,812): error TS1005: ';' expected.
src/pages/NetworkInfra.tsx(3,838): error TS1005: ';' expected.
src/pages/NetworkInfra.tsx(3,842): error TS1005: ';' expected.
src/pages/NetworkInfra.tsx(3,858): error TS1005: ';' expected.
src/pages/NetworkInfra.tsx(3,866): error TS1005: ';' expected.
src/pages/NetworkInfra.tsx(3,887): error TS1005: ';' expected.
src/pages/NetworkInfra.tsx(3,915): error TS1005: ';' expected.
src/pages/NetworkInfra.tsx(3,921): error TS1351: An identifier or keyword cannot immediately follow a numeric literal.
src/pages/NetworkInfra.tsx(3,933): error TS1005: ';' expected.
src/pages/NetworkInfra.tsx(3,1083): error TS1005: ';' expected.
src/pages/NetworkInfra.tsx(3,1092): error TS1005: ';' expected.
src/pages/NetworkInfra.tsx(3,1159): error TS1005: ';' expected.
src/pages/NetworkInfra.tsx(3,1168): error TS1005: ';' expected.
src/pages/NetworkInfra.tsx(3,1241): error TS1005: ';' expected.
src/pages/NetworkInfra.tsx(3,1263): error TS1005: ';' expected.
src/pages/NetworkInfra.tsx(3,1275): error TS1005: ';' expected.
src/pages/NetworkInfra.tsx(3,1279): error TS1005: ';' expected.
src/pages/NetworkInfra.tsx(3,1365): error TS1005: ';' expected.
src/pages/NetworkInfra.tsx(3,1369): error TS1005: ';' expected.
src/pages/NetworkInfra.tsx(3,1376): error TS1434: Unexpected keyword or identifier.
src/pages/NetworkInfra.tsx(3,1392): error TS1005: ';' expected.
src/pages/NetworkInfra.tsx(3,1406): error TS1005: ';' expected.
src/pages/NetworkInfra.tsx(3,1424): error TS1005: ';' expected.
src/pages/NetworkInfra.tsx(3,1439): error TS1005: ';' expected.
src/pages/NetworkInfra.tsx(3,1485): error TS1005: ';' expected.
src/pages/NetworkInfra.tsx(3,1491): error TS1005: ';' expected.
src/pages/NetworkInfra.tsx(3,1507): error TS1005: ';' expected.
src/pages/NetworkInfra.tsx(3,1520): error TS1005: ';' expected.
src/pages/NetworkInfra.tsx(3,1553): error TS1005: ';' expected.
src/pages/NetworkInfra.tsx(3,1561): error TS1005: ';' expected.
src/pages/NetworkInfra.tsx(3,1582): error TS1005: ';' expected.
src/pages/NetworkInfra.tsx(3,1632): error TS1005: ';' expected.
src/pages/NetworkInfra.tsx(3,1644): error TS1005: ';' expected.
src/pages/NetworkInfra.tsx(3,1656): error TS1005: ';' expected.
src/pages/NetworkInfra.tsx(3,1681): error TS1005: ';' expected.
src/pages/NetworkInfra.tsx(3,1688): error TS1005: ';' expected.
src/pages/NetworkInfra.tsx(3,1754): error TS1002: Unterminated string literal.
src/pages/NetworkInfra.tsx(4,3): error TS1128: Declaration or statement expected.
src/pages/NetworkOptimization.tsx(3,83): error TS1003: Identifier expected.
src/pages/NetworkOptimization.tsx(3,191): error TS1005: ';' expected.
src/pages/NetworkOptimization.tsx(3,208): error TS1005: ';' expected.
src/pages/NetworkOptimization.tsx(3,213): error TS1005: ';' expected.
src/pages/NetworkOptimization.tsx(3,233): error TS1005: ';' expected.
src/pages/NetworkOptimization.tsx(3,236): error TS1005: ';' expected.
src/pages/NetworkOptimization.tsx(3,262): error TS1005: ';' expected.
src/pages/NetworkOptimization.tsx(3,266): error TS1005: ';' expected.
src/pages/NetworkOptimization.tsx(3,282): error TS1005: ';' expected.
src/pages/NetworkOptimization.tsx(3,290): error TS1005: ';' expected.
src/pages/NetworkOptimization.tsx(3,311): error TS1005: ';' expected.
src/pages/NetworkOptimization.tsx(3,337): error TS1005: ';' expected.
src/pages/NetworkOptimization.tsx(3,343): error TS1351: An identifier or keyword cannot immediately follow a numeric literal.
src/pages/NetworkOptimization.tsx(3,355): error TS1005: ';' expected.
src/pages/NetworkOptimization.tsx(3,420): error TS1005: ';' expected.
src/pages/NetworkOptimization.tsx(3,423): error TS1005: ';' expected.
src/pages/NetworkOptimization.tsx(3,449): error TS1005: ';' expected.
src/pages/NetworkOptimization.tsx(3,453): error TS1005: ';' expected.
src/pages/NetworkOptimization.tsx(3,469): error TS1005: ';' expected.
src/pages/NetworkOptimization.tsx(3,477): error TS1005: ';' expected.
src/pages/NetworkOptimization.tsx(3,498): error TS1005: ';' expected.
src/pages/NetworkOptimization.tsx(3,530): error TS1005: ';' expected.
src/pages/NetworkOptimization.tsx(3,536): error TS1351: An identifier or keyword cannot immediately follow a numeric literal.
src/pages/NetworkOptimization.tsx(3,549): error TS1005: ';' expected.
src/pages/NetworkOptimization.tsx(3,561): error TS1005: ';' expected.
src/pages/NetworkOptimization.tsx(3,619): error TS1005: ';' expected.
src/pages/NetworkOptimization.tsx(3,622): error TS1005: ';' expected.
src/pages/NetworkOptimization.tsx(3,648): error TS1005: ';' expected.
src/pages/NetworkOptimization.tsx(3,652): error TS1005: ';' expected.
src/pages/NetworkOptimization.tsx(3,668): error TS1005: ';' expected.
src/pages/NetworkOptimization.tsx(3,676): error TS1005: ';' expected.
src/pages/NetworkOptimization.tsx(3,697): error TS1005: ';' expected.
src/pages/NetworkOptimization.tsx(3,725): error TS1005: ';' expected.
src/pages/NetworkOptimization.tsx(3,731): error TS1351: An identifier or keyword cannot immediately follow a numeric literal.
src/pages/NetworkOptimization.tsx(3,744): error TS1005: ';' expected.
src/pages/NetworkOptimization.tsx(3,757): error TS1005: ';' expected.
src/pages/NetworkOptimization.tsx(3,805): error TS1005: ';' expected.
src/pages/NetworkOptimization.tsx(3,808): error TS1005: ';' expected.
src/pages/NetworkOptimization.tsx(3,834): error TS1005: ';' expected.
src/pages/NetworkOptimization.tsx(3,838): error TS1005: ';' expected.
src/pages/NetworkOptimization.tsx(3,854): error TS1005: ';' expected.
src/pages/NetworkOptimization.tsx(3,862): error TS1005: ';' expected.
src/pages/NetworkOptimization.tsx(3,883): error TS1005: ';' expected.
src/pages/NetworkOptimization.tsx(3,912): error TS1005: ';' expected.
src/pages/NetworkOptimization.tsx(3,918): error TS1351: An identifier or keyword cannot immediately follow a numeric literal.
src/pages/NetworkOptimization.tsx(3,931): error TS1005: ';' expected.
src/pages/NetworkOptimization.tsx(3,945): error TS1005: ';' expected.
src/pages/NetworkOptimization.tsx(3,993): error TS1005: ';' expected.
src/pages/NetworkOptimization.tsx(3,1086): error TS1005: ';' expected.
src/pages/NetworkOptimization.tsx(3,1095): error TS1005: ';' expected.
src/pages/NetworkOptimization.tsx(3,1158): error TS1005: ';' expected.
src/pages/NetworkOptimization.tsx(3,1167): error TS1005: ';' expected.
src/pages/NetworkOptimization.tsx(3,1244): error TS1005: ';' expected.
src/pages/NetworkOptimization.tsx(3,1266): error TS1005: ';' expected.
src/pages/NetworkOptimization.tsx(3,1278): error TS1005: ';' expected.
src/pages/NetworkOptimization.tsx(3,1282): error TS1005: ';' expected.
src/pages/NetworkOptimization.tsx(3,1368): error TS1005: ';' expected.
src/pages/NetworkOptimization.tsx(3,1372): error TS1005: ';' expected.
src/pages/NetworkOptimization.tsx(3,1379): error TS1434: Unexpected keyword or identifier.
src/pages/NetworkOptimization.tsx(3,1395): error TS1005: ';' expected.
src/pages/NetworkOptimization.tsx(3,1409): error TS1005: ';' expected.
src/pages/NetworkOptimization.tsx(3,1427): error TS1005: ';' expected.
src/pages/NetworkOptimization.tsx(3,1442): error TS1005: ';' expected.
src/pages/NetworkOptimization.tsx(3,1490): error TS1005: ';' expected.
src/pages/NetworkOptimization.tsx(3,1496): error TS1005: ';' expected.
src/pages/NetworkOptimization.tsx(3,1512): error TS1005: ';' expected.
src/pages/NetworkOptimization.tsx(3,1525): error TS1005: ';' expected.
src/pages/NetworkOptimization.tsx(3,1561): error TS1005: ';' expected.
src/pages/NetworkOptimization.tsx(3,1569): error TS1005: ';' expected.
src/pages/NetworkOptimization.tsx(3,1590): error TS1005: ';' expected.
src/pages/NetworkOptimization.tsx(3,1641): error TS1005: ';' expected.
src/pages/NetworkOptimization.tsx(3,1655): error TS1005: ';' expected.
src/pages/NetworkOptimization.tsx(3,1667): error TS1005: ';' expected.
src/pages/NetworkOptimization.tsx(3,1690): error TS1005: ';' expected.
src/pages/NetworkOptimization.tsx(3,1697): error TS1005: ';' expected.
src/pages/NetworkOptimization.tsx(3,1767): error TS1002: Unterminated string literal.
src/pages/NetworkOptimization.tsx(4,3): error TS1128: Declaration or statement expected.
src/pages/NetworkProvisioning.tsx(3,99): error TS1003: Identifier expected.
src/pages/NetworkProvisioning.tsx(3,198): error TS1005: ';' expected.
src/pages/NetworkProvisioning.tsx(3,215): error TS1005: ';' expected.
src/pages/NetworkProvisioning.tsx(3,220): error TS1005: ';' expected.
src/pages/NetworkProvisioning.tsx(3,240): error TS1005: ';' expected.
src/pages/NetworkProvisioning.tsx(3,243): error TS1005: ';' expected.
src/pages/NetworkProvisioning.tsx(3,269): error TS1005: ';' expected.
src/pages/NetworkProvisioning.tsx(3,273): error TS1005: ';' expected.
src/pages/NetworkProvisioning.tsx(3,289): error TS1005: ';' expected.
src/pages/NetworkProvisioning.tsx(3,297): error TS1005: ';' expected.
src/pages/NetworkProvisioning.tsx(3,318): error TS1005: ';' expected.
src/pages/NetworkProvisioning.tsx(3,347): error TS1005: ';' expected.
src/pages/NetworkProvisioning.tsx(3,353): error TS1351: An identifier or keyword cannot immediately follow a numeric literal.
src/pages/NetworkProvisioning.tsx(3,365): error TS1005: ';' expected.
src/pages/NetworkProvisioning.tsx(3,428): error TS1005: ';' expected.
src/pages/NetworkProvisioning.tsx(3,431): error TS1005: ';' expected.
src/pages/NetworkProvisioning.tsx(3,457): error TS1005: ';' expected.
src/pages/NetworkProvisioning.tsx(3,461): error TS1005: ';' expected.
src/pages/NetworkProvisioning.tsx(3,477): error TS1005: ';' expected.
src/pages/NetworkProvisioning.tsx(3,485): error TS1005: ';' expected.
src/pages/NetworkProvisioning.tsx(3,506): error TS1005: ';' expected.
src/pages/NetworkProvisioning.tsx(3,532): error TS1005: ';' expected.
src/pages/NetworkProvisioning.tsx(3,538): error TS1351: An identifier or keyword cannot immediately follow a numeric literal.
src/pages/NetworkProvisioning.tsx(3,551): error TS1005: ';' expected.
src/pages/NetworkProvisioning.tsx(3,565): error TS1005: ';' expected.
src/pages/NetworkProvisioning.tsx(3,618): error TS1005: ';' expected.
src/pages/NetworkProvisioning.tsx(3,621): error TS1005: ';' expected.
src/pages/NetworkProvisioning.tsx(3,647): error TS1005: ';' expected.
src/pages/NetworkProvisioning.tsx(3,651): error TS1005: ';' expected.
src/pages/NetworkProvisioning.tsx(3,667): error TS1005: ';' expected.
src/pages/NetworkProvisioning.tsx(3,675): error TS1005: ';' expected.
src/pages/NetworkProvisioning.tsx(3,696): error TS1005: ';' expected.
src/pages/NetworkProvisioning.tsx(3,724): error TS1005: ';' expected.
src/pages/NetworkProvisioning.tsx(3,730): error TS1351: An identifier or keyword cannot immediately follow a numeric literal.
src/pages/NetworkProvisioning.tsx(3,743): error TS1005: ';' expected.
src/pages/NetworkProvisioning.tsx(3,758): error TS1005: ';' expected.
src/pages/NetworkProvisioning.tsx(3,804): error TS1005: ';' expected.
src/pages/NetworkProvisioning.tsx(3,865): error TS1005: ';' expected.
src/pages/NetworkProvisioning.tsx(3,868): error TS1005: ';' expected.
src/pages/NetworkProvisioning.tsx(3,894): error TS1005: ';' expected.
src/pages/NetworkProvisioning.tsx(3,898): error TS1005: ';' expected.
src/pages/NetworkProvisioning.tsx(3,914): error TS1005: ';' expected.
src/pages/NetworkProvisioning.tsx(3,922): error TS1005: ';' expected.
src/pages/NetworkProvisioning.tsx(3,943): error TS1005: ';' expected.
src/pages/NetworkProvisioning.tsx(3,976): error TS1005: ';' expected.
src/pages/NetworkProvisioning.tsx(3,982): error TS1351: An identifier or keyword cannot immediately follow a numeric literal.
src/pages/NetworkProvisioning.tsx(3,994): error TS1005: ';' expected.
src/pages/NetworkProvisioning.tsx(3,1146): error TS1005: ';' expected.
src/pages/NetworkProvisioning.tsx(3,1155): error TS1005: ';' expected.
src/pages/NetworkProvisioning.tsx(3,1216): error TS1005: ';' expected.
src/pages/NetworkProvisioning.tsx(3,1225): error TS1005: ';' expected.
src/pages/NetworkProvisioning.tsx(3,1300): error TS1005: ';' expected.
src/pages/NetworkProvisioning.tsx(3,1322): error TS1005: ';' expected.
src/pages/NetworkProvisioning.tsx(3,1334): error TS1005: ';' expected.
src/pages/NetworkProvisioning.tsx(3,1338): error TS1005: ';' expected.
src/pages/NetworkProvisioning.tsx(3,1427): error TS1005: ';' expected.
src/pages/NetworkProvisioning.tsx(3,1431): error TS1005: ';' expected.
src/pages/NetworkProvisioning.tsx(3,1438): error TS1434: Unexpected keyword or identifier.
src/pages/NetworkProvisioning.tsx(3,1454): error TS1005: ';' expected.
src/pages/NetworkProvisioning.tsx(3,1468): error TS1005: ';' expected.
src/pages/NetworkProvisioning.tsx(3,1486): error TS1005: ';' expected.
src/pages/NetworkProvisioning.tsx(3,1501): error TS1005: ';' expected.
src/pages/NetworkProvisioning.tsx(3,1548): error TS1005: ';' expected.
src/pages/NetworkProvisioning.tsx(3,1554): error TS1005: ';' expected.
src/pages/NetworkProvisioning.tsx(3,1570): error TS1005: ';' expected.
src/pages/NetworkProvisioning.tsx(3,1583): error TS1005: ';' expected.
src/pages/NetworkProvisioning.tsx(3,1617): error TS1005: ';' expected.
src/pages/NetworkProvisioning.tsx(3,1625): error TS1005: ';' expected.
src/pages/NetworkProvisioning.tsx(3,1646): error TS1005: ';' expected.
src/pages/NetworkProvisioning.tsx(3,1701): error TS1005: ';' expected.
src/pages/NetworkProvisioning.tsx(3,1712): error TS1005: ';' expected.
src/pages/NetworkProvisioning.tsx(3,1724): error TS1005: ';' expected.
src/pages/NetworkProvisioning.tsx(3,1747): error TS1005: ';' expected.
src/pages/NetworkProvisioning.tsx(3,1754): error TS1005: ';' expected.
src/pages/NetworkProvisioning.tsx(3,1824): error TS1002: Unterminated string literal.
src/pages/NetworkProvisioning.tsx(4,3): error TS1128: Declaration or statement expected.
src/pages/NetworkUsageMonitoring.tsx(3,84): error TS1003: Identifier expected.
src/pages/NetworkUsageMonitoring.tsx(3,198): error TS1005: ';' expected.
src/pages/NetworkUsageMonitoring.tsx(3,215): error TS1005: ';' expected.
src/pages/NetworkUsageMonitoring.tsx(3,220): error TS1005: ';' expected.
src/pages/NetworkUsageMonitoring.tsx(3,240): error TS1005: ';' expected.
src/pages/NetworkUsageMonitoring.tsx(3,243): error TS1005: ';' expected.
src/pages/NetworkUsageMonitoring.tsx(3,269): error TS1005: ';' expected.
src/pages/NetworkUsageMonitoring.tsx(3,273): error TS1005: ';' expected.
src/pages/NetworkUsageMonitoring.tsx(3,289): error TS1005: ';' expected.
src/pages/NetworkUsageMonitoring.tsx(3,297): error TS1005: ';' expected.
src/pages/NetworkUsageMonitoring.tsx(3,318): error TS1005: ';' expected.
src/pages/NetworkUsageMonitoring.tsx(3,353): error TS1005: ';' expected.
src/pages/NetworkUsageMonitoring.tsx(3,359): error TS1351: An identifier or keyword cannot immediately follow a numeric literal.
src/pages/NetworkUsageMonitoring.tsx(3,371): error TS1005: ';' expected.
src/pages/NetworkUsageMonitoring.tsx(3,430): error TS1005: ';' expected.
src/pages/NetworkUsageMonitoring.tsx(3,433): error TS1005: ';' expected.
src/pages/NetworkUsageMonitoring.tsx(3,459): error TS1005: ';' expected.
src/pages/NetworkUsageMonitoring.tsx(3,463): error TS1005: ';' expected.
src/pages/NetworkUsageMonitoring.tsx(3,479): error TS1005: ';' expected.
src/pages/NetworkUsageMonitoring.tsx(3,487): error TS1005: ';' expected.
src/pages/NetworkUsageMonitoring.tsx(3,508): error TS1005: ';' expected.
src/pages/NetworkUsageMonitoring.tsx(3,543): error TS1005: ';' expected.
src/pages/NetworkUsageMonitoring.tsx(3,549): error TS1351: An identifier or keyword cannot immediately follow a numeric literal.
src/pages/NetworkUsageMonitoring.tsx(3,562): error TS1005: ';' expected.
src/pages/NetworkUsageMonitoring.tsx(3,575): error TS1005: ';' expected.
src/pages/NetworkUsageMonitoring.tsx(3,642): error TS1005: ';' expected.
src/pages/NetworkUsageMonitoring.tsx(3,645): error TS1005: ';' expected.
src/pages/NetworkUsageMonitoring.tsx(3,671): error TS1005: ';' expected.
src/pages/NetworkUsageMonitoring.tsx(3,675): error TS1005: ';' expected.
src/pages/NetworkUsageMonitoring.tsx(3,691): error TS1005: ';' expected.
src/pages/NetworkUsageMonitoring.tsx(3,699): error TS1005: ';' expected.
src/pages/NetworkUsageMonitoring.tsx(3,720): error TS1005: ';' expected.
src/pages/NetworkUsageMonitoring.tsx(3,750): error TS1005: ';' expected.
src/pages/NetworkUsageMonitoring.tsx(3,756): error TS1351: An identifier or keyword cannot immediately follow a numeric literal.
src/pages/NetworkUsageMonitoring.tsx(3,769): error TS1005: ';' expected.
src/pages/NetworkUsageMonitoring.tsx(3,781): error TS1005: ';' expected.
src/pages/NetworkUsageMonitoring.tsx(3,837): error TS1005: ';' expected.
src/pages/NetworkUsageMonitoring.tsx(3,840): error TS1005: ';' expected.
src/pages/NetworkUsageMonitoring.tsx(3,866): error TS1005: ';' expected.
src/pages/NetworkUsageMonitoring.tsx(3,870): error TS1005: ';' expected.
src/pages/NetworkUsageMonitoring.tsx(3,886): error TS1005: ';' expected.
src/pages/NetworkUsageMonitoring.tsx(3,894): error TS1005: ';' expected.
src/pages/NetworkUsageMonitoring.tsx(3,915): error TS1005: ';' expected.
src/pages/NetworkUsageMonitoring.tsx(3,949): error TS1005: ';' expected.
src/pages/NetworkUsageMonitoring.tsx(3,955): error TS1351: An identifier or keyword cannot immediately follow a numeric literal.
src/pages/NetworkUsageMonitoring.tsx(3,967): error TS1005: ';' expected.
src/pages/NetworkUsageMonitoring.tsx(3,1053): error TS1005: ';' expected.
src/pages/NetworkUsageMonitoring.tsx(3,1062): error TS1005: ';' expected.
src/pages/NetworkUsageMonitoring.tsx(3,1128): error TS1005: ';' expected.
src/pages/NetworkUsageMonitoring.tsx(3,1137): error TS1005: ';' expected.
src/pages/NetworkUsageMonitoring.tsx(3,1208): error TS1005: ';' expected.
src/pages/NetworkUsageMonitoring.tsx(3,1230): error TS1005: ';' expected.
src/pages/NetworkUsageMonitoring.tsx(3,1242): error TS1005: ';' expected.
src/pages/NetworkUsageMonitoring.tsx(3,1246): error TS1005: ';' expected.
src/pages/NetworkUsageMonitoring.tsx(3,1327): error TS1005: ';' expected.
src/pages/NetworkUsageMonitoring.tsx(3,1331): error TS1005: ';' expected.
src/pages/NetworkUsageMonitoring.tsx(3,1338): error TS1434: Unexpected keyword or identifier.
src/pages/NetworkUsageMonitoring.tsx(3,1354): error TS1005: ';' expected.
src/pages/NetworkUsageMonitoring.tsx(3,1368): error TS1005: ';' expected.
src/pages/NetworkUsageMonitoring.tsx(3,1386): error TS1005: ';' expected.
src/pages/NetworkUsageMonitoring.tsx(3,1401): error TS1005: ';' expected.
src/pages/NetworkUsageMonitoring.tsx(3,1450): error TS1005: ';' expected.
src/pages/NetworkUsageMonitoring.tsx(3,1456): error TS1005: ';' expected.
src/pages/NetworkUsageMonitoring.tsx(3,1472): error TS1005: ';' expected.
src/pages/NetworkUsageMonitoring.tsx(3,1485): error TS1005: ';' expected.
src/pages/NetworkUsageMonitoring.tsx(3,1519): error TS1005: ';' expected.
src/pages/NetworkUsageMonitoring.tsx(3,1527): error TS1005: ';' expected.
src/pages/NetworkUsageMonitoring.tsx(3,1548): error TS1005: ';' expected.
src/pages/NetworkUsageMonitoring.tsx(3,1667): error TS1005: ';' expected.
src/pages/NetworkUsageMonitoring.tsx(3,1683): error TS1005: ';' expected.
src/pages/NetworkUsageMonitoring.tsx(3,1704): error TS1005: ';' expected.
src/pages/NetworkUsageMonitoring.tsx(3,1711): error TS1005: ';' expected.
src/pages/NetworkUsageMonitoring.tsx(3,1785): error TS1002: Unterminated string literal.
src/pages/NetworkUsageMonitoring.tsx(4,3): error TS1128: Declaration or statement expected.
src/pages/NotificationCenter.tsx(9,49): error TS1003: Identifier expected.
src/pages/NotificationCenter.tsx(9,86): error TS1002: Unterminated string literal.
src/pages/NotificationCenter.tsx(10,7): error TS1128: Declaration or statement expected.
src/pages/NotificationCenter.tsx(24,5): error TS1128: Declaration or statement expected.
src/pages/NotificationCenter.tsx(25,3): error TS1109: Expression expected.
src/pages/NotificationSettings.tsx(9,49): error TS1003: Identifier expected.
src/pages/NotificationSettings.tsx(9,85): error TS1002: Unterminated string literal.
src/pages/NotificationSettings.tsx(10,7): error TS1128: Declaration or statement expected.
src/pages/NotificationSettings.tsx(25,5): error TS1128: Declaration or statement expected.
src/pages/NotificationSettings.tsx(26,3): error TS1109: Expression expected.
src/pages/OAuthManagement.tsx(9,49): error TS1003: Identifier expected.
src/pages/OAuthManagement.tsx(9,91): error TS1002: Unterminated string literal.
src/pages/OAuthManagement.tsx(10,7): error TS1128: Declaration or statement expected.
src/pages/OAuthManagement.tsx(25,5): error TS1128: Declaration or statement expected.
src/pages/OAuthManagement.tsx(26,3): error TS1109: Expression expected.
src/pages/OmniChannelFulfillment.tsx(20,49): error TS1003: Identifier expected.
src/pages/OmniChannelFulfillment.tsx(20,133): error TS1002: Unterminated string literal.
src/pages/OmniChannelFulfillment.tsx(21,7): error TS1128: Declaration or statement expected.
src/pages/OmniChannelFulfillment.tsx(23,7): error TS2657: JSX expressions must have one parent element.
src/pages/OmniChannelFulfillment.tsx(64,5): error TS1128: Declaration or statement expected.
src/pages/OmniChannelFulfillment.tsx(65,3): error TS1109: Expression expected.
src/pages/OnboardingAutomation.tsx(42,52): error TS1003: Identifier expected.
src/pages/OnboardingAutomation.tsx(42,101): error TS1002: Unterminated string literal.
src/pages/OnboardingAutomation.tsx(43,7): error TS1128: Declaration or statement expected.
src/pages/OnboardingAutomation.tsx(45,7): error TS2657: JSX expressions must have one parent element.
src/pages/OnboardingAutomation.tsx(64,5): error TS1128: Declaration or statement expected.
src/pages/OnboardingAutomation.tsx(65,3): error TS1109: Expression expected.
src/pages/operations/CarrierManifest.tsx(182,49): error TS2657: JSX expressions must have one parent element.
src/pages/operations/CarrierManifest.tsx(198,29): error TS1005: ',' expected.
src/pages/operations/CarrierManifest.tsx(198,31): error TS1003: Identifier expected.
src/pages/operations/CarrierManifest.tsx(199,198): error TS1381: Unexpected token. Did you mean `{'}'}` or `&rbrace;`?
src/pages/operations/CarrierManifest.tsx(200,27): error TS17015: Expected corresponding closing tag for JSX fragment.
src/pages/operations/CarrierManifest.tsx(200,30): error TS1382: Unexpected token. Did you mean `{'>'}` or `&gt;`?
src/pages/operations/CarrierManifest.tsx(204,1): error TS1381: Unexpected token. Did you mean `{'}'}` or `&rbrace;`?
src/pages/operations/CarrierManifest.tsx(205,16): error TS1005: ')' expected.
src/pages/OpportunitiesNew.tsx(24,44): error TS1003: Identifier expected.
src/pages/OpportunitiesNew.tsx(24,76): error TS1002: Unterminated string literal.
src/pages/OpportunitiesNew.tsx(25,7): error TS1128: Declaration or statement expected.
src/pages/OpportunitiesNew.tsx(27,7): error TS2657: JSX expressions must have one parent element.
src/pages/OpportunitiesNew.tsx(69,5): error TS1128: Declaration or statement expected.
src/pages/OpportunitiesNew.tsx(70,3): error TS1109: Expression expected.
src/pages/OpportunitiesPage.tsx(17,49): error TS1003: Identifier expected.
src/pages/OpportunitiesPage.tsx(17,91): error TS1002: Unterminated string literal.
src/pages/OpportunitiesPage.tsx(18,7): error TS1128: Declaration or statement expected.
src/pages/OpportunitiesPage.tsx(20,7): error TS2657: JSX expressions must have one parent element.
src/pages/OpportunitiesPage.tsx(50,5): error TS1128: Declaration or statement expected.
src/pages/OpportunitiesPage.tsx(51,3): error TS1109: Expression expected.
src/pages/OpportunityDetail.tsx(22,5): error TS2657: JSX expressions must have one parent element.
src/pages/OpportunityDetail.tsx(29,61): error TS1003: Identifier expected.
src/pages/OpportunityDetail.tsx(29,63): error TS17002: Expected corresponding JSX closing tag for 'div'.
src/pages/OpportunityDetail.tsx(32,11): error TS17002: Expected corresponding JSX closing tag for 'StandardPage'.
src/pages/OpportunityDetail.tsx(34,7): error TS1005: ')' expected.
src/pages/OpportunityDetail.tsx(36,7): error TS2657: JSX expressions must have one parent element.
src/pages/OpportunityDetail.tsx(77,5): error TS1128: Declaration or statement expected.
src/pages/OpportunityDetail.tsx(78,3): error TS1109: Expression expected.
src/pages/OrdersLogistics.tsx(3,74): error TS1003: Identifier expected.
src/pages/OrdersLogistics.tsx(3,166): error TS1005: ';' expected.
src/pages/OrdersLogistics.tsx(3,183): error TS1005: ';' expected.
src/pages/OrdersLogistics.tsx(3,188): error TS1005: ';' expected.
src/pages/OrdersLogistics.tsx(3,208): error TS1005: ';' expected.
src/pages/OrdersLogistics.tsx(3,211): error TS1005: ';' expected.
src/pages/OrdersLogistics.tsx(3,237): error TS1005: ';' expected.
src/pages/OrdersLogistics.tsx(3,241): error TS1005: ';' expected.
src/pages/OrdersLogistics.tsx(3,257): error TS1005: ';' expected.
src/pages/OrdersLogistics.tsx(3,265): error TS1005: ';' expected.
src/pages/OrdersLogistics.tsx(3,286): error TS1005: ';' expected.
src/pages/OrdersLogistics.tsx(3,312): error TS1005: ';' expected.
src/pages/OrdersLogistics.tsx(3,318): error TS1351: An identifier or keyword cannot immediately follow a numeric literal.
src/pages/OrdersLogistics.tsx(3,330): error TS1005: ';' expected.
src/pages/OrdersLogistics.tsx(3,390): error TS1005: ';' expected.
src/pages/OrdersLogistics.tsx(3,393): error TS1005: ';' expected.
src/pages/OrdersLogistics.tsx(3,419): error TS1005: ';' expected.
src/pages/OrdersLogistics.tsx(3,423): error TS1005: ';' expected.
src/pages/OrdersLogistics.tsx(3,439): error TS1005: ';' expected.
src/pages/OrdersLogistics.tsx(3,447): error TS1005: ';' expected.
src/pages/OrdersLogistics.tsx(3,468): error TS1005: ';' expected.
src/pages/OrdersLogistics.tsx(3,497): error TS1005: ';' expected.
src/pages/OrdersLogistics.tsx(3,503): error TS1351: An identifier or keyword cannot immediately follow a numeric literal.
src/pages/OrdersLogistics.tsx(3,516): error TS1005: ';' expected.
src/pages/OrdersLogistics.tsx(3,530): error TS1005: ';' expected.
src/pages/OrdersLogistics.tsx(3,586): error TS1005: ';' expected.
src/pages/OrdersLogistics.tsx(3,589): error TS1005: ';' expected.
src/pages/OrdersLogistics.tsx(3,615): error TS1005: ';' expected.
src/pages/OrdersLogistics.tsx(3,619): error TS1005: ';' expected.
src/pages/OrdersLogistics.tsx(3,635): error TS1005: ';' expected.
src/pages/OrdersLogistics.tsx(3,643): error TS1005: ';' expected.
src/pages/OrdersLogistics.tsx(3,664): error TS1005: ';' expected.
src/pages/OrdersLogistics.tsx(3,691): error TS1005: ';' expected.
src/pages/OrdersLogistics.tsx(3,697): error TS1351: An identifier or keyword cannot immediately follow a numeric literal.
src/pages/OrdersLogistics.tsx(3,710): error TS1005: ';' expected.
src/pages/OrdersLogistics.tsx(3,725): error TS1005: ';' expected.
src/pages/OrdersLogistics.tsx(3,768): error TS1005: ';' expected.
src/pages/OrdersLogistics.tsx(3,828): error TS1005: ';' expected.
src/pages/OrdersLogistics.tsx(3,831): error TS1005: ';' expected.
src/pages/OrdersLogistics.tsx(3,857): error TS1005: ';' expected.
src/pages/OrdersLogistics.tsx(3,861): error TS1005: ';' expected.
src/pages/OrdersLogistics.tsx(3,877): error TS1005: ';' expected.
src/pages/OrdersLogistics.tsx(3,885): error TS1005: ';' expected.
src/pages/OrdersLogistics.tsx(3,906): error TS1005: ';' expected.
src/pages/OrdersLogistics.tsx(3,939): error TS1005: ';' expected.
src/pages/OrdersLogistics.tsx(3,945): error TS1351: An identifier or keyword cannot immediately follow a numeric literal.
src/pages/OrdersLogistics.tsx(3,957): error TS1005: ';' expected.
src/pages/OrdersLogistics.tsx(3,1106): error TS1005: ';' expected.
src/pages/OrdersLogistics.tsx(3,1115): error TS1005: ';' expected.
src/pages/OrdersLogistics.tsx(3,1173): error TS1005: ';' expected.
src/pages/OrdersLogistics.tsx(3,1182): error TS1005: ';' expected.
src/pages/OrdersLogistics.tsx(3,1254): error TS1005: ';' expected.
src/pages/OrdersLogistics.tsx(3,1276): error TS1005: ';' expected.
src/pages/OrdersLogistics.tsx(3,1288): error TS1005: ';' expected.
src/pages/OrdersLogistics.tsx(3,1292): error TS1005: ';' expected.
src/pages/OrdersLogistics.tsx(3,1375): error TS1005: ';' expected.
src/pages/OrdersLogistics.tsx(3,1379): error TS1005: ';' expected.
src/pages/OrdersLogistics.tsx(3,1386): error TS1434: Unexpected keyword or identifier.
src/pages/OrdersLogistics.tsx(3,1402): error TS1005: ';' expected.
src/pages/OrdersLogistics.tsx(3,1416): error TS1005: ';' expected.
src/pages/OrdersLogistics.tsx(3,1434): error TS1005: ';' expected.
src/pages/OrdersLogistics.tsx(3,1449): error TS1005: ';' expected.
src/pages/OrdersLogistics.tsx(3,1496): error TS1005: ';' expected.
src/pages/OrdersLogistics.tsx(3,1502): error TS1005: ';' expected.
src/pages/OrdersLogistics.tsx(3,1518): error TS1005: ';' expected.
src/pages/OrdersLogistics.tsx(3,1531): error TS1005: ';' expected.
src/pages/OrdersLogistics.tsx(3,1562): error TS1005: ';' expected.
src/pages/OrdersLogistics.tsx(3,1570): error TS1005: ';' expected.
src/pages/OrdersLogistics.tsx(3,1591): error TS1005: ';' expected.
src/pages/OrdersLogistics.tsx(3,1648): error TS1005: ';' expected.
src/pages/OrdersLogistics.tsx(3,1662): error TS1005: ';' expected.
src/pages/OrdersLogistics.tsx(3,1674): error TS1005: ';' expected.
src/pages/OrdersLogistics.tsx(3,1697): error TS1005: ';' expected.
src/pages/OrdersLogistics.tsx(3,1704): error TS1005: ';' expected.
src/pages/OrdersLogistics.tsx(3,1774): error TS1002: Unterminated string literal.
src/pages/OrdersLogistics.tsx(4,3): error TS1128: Declaration or statement expected.
src/pages/PackagingTraceability.tsx(17,49): error TS1003: Identifier expected.
src/pages/PackagingTraceability.tsx(17,135): error TS1002: Unterminated string literal.
src/pages/PackagingTraceability.tsx(18,7): error TS1128: Declaration or statement expected.
src/pages/PackagingTraceability.tsx(20,7): error TS2657: JSX expressions must have one parent element.
src/pages/PackagingTraceability.tsx(58,5): error TS1128: Declaration or statement expected.
src/pages/PackagingTraceability.tsx(59,3): error TS1109: Expression expected.
src/pages/PagesIndex.tsx(47,97): error TS1003: Identifier expected.
src/pages/PagesIndex.tsx(47,224): error TS1002: Unterminated string literal.
src/pages/PagesIndex.tsx(48,9): error TS1128: Declaration or statement expected.
src/pages/PagesIndex.tsx(50,9): error TS2657: JSX expressions must have one parent element.
src/pages/PagesIndex.tsx(68,7): error TS1128: Declaration or statement expected.
src/pages/PagesIndex.tsx(108,5): error TS1128: Declaration or statement expected.
src/pages/PagesIndex.tsx(109,3): error TS1109: Expression expected.
src/pages/PartsInventory.tsx(43,49): error TS1003: Identifier expected.
src/pages/PartsInventory.tsx(43,121): error TS1002: Unterminated string literal.
src/pages/PartsInventory.tsx(44,7): error TS1128: Declaration or statement expected.
src/pages/PartsInventory.tsx(46,7): error TS2657: JSX expressions must have one parent element.
src/pages/PartsInventory.tsx(107,5): error TS1128: Declaration or statement expected.
src/pages/PartsInventory.tsx(108,3): error TS1109: Expression expected.
src/pages/PasswordPolicies.tsx(23,49): error TS1003: Identifier expected.
src/pages/PasswordPolicies.tsx(23,104): error TS1002: Unterminated string literal.
src/pages/PasswordPolicies.tsx(24,7): error TS1128: Declaration or statement expected.
src/pages/PasswordPolicies.tsx(26,7): error TS2657: JSX expressions must have one parent element.
src/pages/PasswordPolicies.tsx(91,5): error TS1128: Declaration or statement expected.
src/pages/PasswordPolicies.tsx(92,3): error TS1109: Expression expected.
src/pages/PaymentFlow.tsx(45,70): error TS1003: Identifier expected.
src/pages/PaymentFlow.tsx(45,122): error TS1002: Unterminated string literal.
src/pages/PaymentFlow.tsx(46,7): error TS1128: Declaration or statement expected.
src/pages/PaymentFlow.tsx(48,7): error TS2657: JSX expressions must have one parent element.
src/pages/PaymentFlow.tsx(66,5): error TS1128: Declaration or statement expected.
src/pages/PaymentFlow.tsx(67,3): error TS1109: Expression expected.
src/pages/PaymentScheduling.tsx(43,5): error TS2657: JSX expressions must have one parent element.
src/pages/PaymentScheduling.tsx(46,17): error TS1003: Identifier expected.
src/pages/PaymentScheduling.tsx(47,9): error TS1005: ')' expected.
src/pages/PaymentScheduling.tsx(48,7): error TS1109: Expression expected.
src/pages/PaymentScheduling.tsx(50,7): error TS2657: JSX expressions must have one parent element.
src/pages/PaymentScheduling.tsx(68,5): error TS1128: Declaration or statement expected.
src/pages/PaymentScheduling.tsx(69,3): error TS1109: Expression expected.
src/pages/PerformanceMonitoring.tsx(10,49): error TS1003: Identifier expected.
src/pages/PerformanceMonitoring.tsx(10,87): error TS1002: Unterminated string literal.
src/pages/PerformanceMonitoring.tsx(11,7): error TS1128: Declaration or statement expected.
src/pages/PerformanceMonitoring.tsx(26,5): error TS1128: Declaration or statement expected.
src/pages/PerformanceMonitoring.tsx(27,3): error TS1109: Expression expected.
src/pages/PerformanceOptimization.tsx(8,49): error TS1003: Identifier expected.
src/pages/PerformanceOptimization.tsx(8,94): error TS1002: Unterminated string literal.
src/pages/PerformanceOptimization.tsx(9,7): error TS1128: Declaration or statement expected.
src/pages/PerformanceOptimization.tsx(15,5): error TS1128: Declaration or statement expected.
src/pages/PerformanceOptimization.tsx(16,3): error TS1109: Expression expected.
src/pages/PerformanceReviews.tsx(42,49): error TS1003: Identifier expected.
src/pages/PerformanceReviews.tsx(42,97): error TS1002: Unterminated string literal.
src/pages/PerformanceReviews.tsx(43,7): error TS1128: Declaration or statement expected.
src/pages/PerformanceReviews.tsx(45,7): error TS2657: JSX expressions must have one parent element.
src/pages/PerformanceReviews.tsx(93,5): error TS1128: Declaration or statement expected.
src/pages/PerformanceReviews.tsx(94,3): error TS1109: Expression expected.
src/pages/PerformanceTuning.tsx(43,52): error TS1003: Identifier expected.
src/pages/PerformanceTuning.tsx(43,104): error TS1002: Unterminated string literal.
src/pages/PerformanceTuning.tsx(44,7): error TS1128: Declaration or statement expected.
src/pages/PerformanceTuning.tsx(45,7): error TS2657: JSX expressions must have one parent element.
src/pages/PerformanceTuning.tsx(62,5): error TS1128: Declaration or statement expected.
src/pages/PerformanceTuning.tsx(63,3): error TS1109: Expression expected.
src/pages/PersonalizedLearning.tsx(3,84): error TS1003: Identifier expected.
src/pages/PersonalizedLearning.tsx(3,211): error TS1005: ';' expected.
src/pages/PersonalizedLearning.tsx(3,228): error TS1005: ';' expected.
src/pages/PersonalizedLearning.tsx(3,233): error TS1005: ';' expected.
src/pages/PersonalizedLearning.tsx(3,253): error TS1005: ';' expected.
src/pages/PersonalizedLearning.tsx(3,256): error TS1005: ';' expected.
src/pages/PersonalizedLearning.tsx(3,282): error TS1005: ';' expected.
src/pages/PersonalizedLearning.tsx(3,286): error TS1005: ';' expected.
src/pages/PersonalizedLearning.tsx(3,302): error TS1005: ';' expected.
src/pages/PersonalizedLearning.tsx(3,310): error TS1005: ';' expected.
src/pages/PersonalizedLearning.tsx(3,331): error TS1005: ';' expected.
src/pages/PersonalizedLearning.tsx(3,359): error TS1005: ';' expected.
src/pages/PersonalizedLearning.tsx(3,365): error TS1351: An identifier or keyword cannot immediately follow a numeric literal.
src/pages/PersonalizedLearning.tsx(3,377): error TS1005: ';' expected.
src/pages/PersonalizedLearning.tsx(3,439): error TS1005: ';' expected.
src/pages/PersonalizedLearning.tsx(3,442): error TS1005: ';' expected.
src/pages/PersonalizedLearning.tsx(3,468): error TS1005: ';' expected.
src/pages/PersonalizedLearning.tsx(3,472): error TS1005: ';' expected.
src/pages/PersonalizedLearning.tsx(3,488): error TS1005: ';' expected.
src/pages/PersonalizedLearning.tsx(3,496): error TS1005: ';' expected.
src/pages/PersonalizedLearning.tsx(3,517): error TS1005: ';' expected.
src/pages/PersonalizedLearning.tsx(3,545): error TS1005: ';' expected.
src/pages/PersonalizedLearning.tsx(3,551): error TS1351: An identifier or keyword cannot immediately follow a numeric literal.
src/pages/PersonalizedLearning.tsx(3,564): error TS1005: ';' expected.
src/pages/PersonalizedLearning.tsx(3,578): error TS1005: ';' expected.
src/pages/PersonalizedLearning.tsx(3,632): error TS1005: ';' expected.
src/pages/PersonalizedLearning.tsx(3,635): error TS1005: ';' expected.
src/pages/PersonalizedLearning.tsx(3,661): error TS1005: ';' expected.
src/pages/PersonalizedLearning.tsx(3,665): error TS1005: ';' expected.
src/pages/PersonalizedLearning.tsx(3,681): error TS1005: ';' expected.
src/pages/PersonalizedLearning.tsx(3,689): error TS1005: ';' expected.
src/pages/PersonalizedLearning.tsx(3,710): error TS1005: ';' expected.
src/pages/PersonalizedLearning.tsx(3,737): error TS1005: ';' expected.
src/pages/PersonalizedLearning.tsx(3,743): error TS1351: An identifier or keyword cannot immediately follow a numeric literal.
src/pages/PersonalizedLearning.tsx(3,756): error TS1005: ';' expected.
src/pages/PersonalizedLearning.tsx(3,768): error TS1005: ';' expected.
src/pages/PersonalizedLearning.tsx(3,821): error TS1005: ';' expected.
src/pages/PersonalizedLearning.tsx(3,824): error TS1005: ';' expected.
src/pages/PersonalizedLearning.tsx(3,850): error TS1005: ';' expected.
src/pages/PersonalizedLearning.tsx(3,854): error TS1005: ';' expected.
src/pages/PersonalizedLearning.tsx(3,870): error TS1005: ';' expected.
src/pages/PersonalizedLearning.tsx(3,878): error TS1005: ';' expected.
src/pages/PersonalizedLearning.tsx(3,899): error TS1005: ';' expected.
src/pages/PersonalizedLearning.tsx(3,928): error TS1005: ';' expected.
src/pages/PersonalizedLearning.tsx(3,934): error TS1351: An identifier or keyword cannot immediately follow a numeric literal.
src/pages/PersonalizedLearning.tsx(3,946): error TS1005: ';' expected.
src/pages/PersonalizedLearning.tsx(3,1097): error TS1005: ';' expected.
src/pages/PersonalizedLearning.tsx(3,1106): error TS1005: ';' expected.
src/pages/PersonalizedLearning.tsx(3,1172): error TS1005: ';' expected.
src/pages/PersonalizedLearning.tsx(3,1181): error TS1005: ';' expected.
src/pages/PersonalizedLearning.tsx(3,1255): error TS1005: ';' expected.
src/pages/PersonalizedLearning.tsx(3,1277): error TS1005: ';' expected.
src/pages/PersonalizedLearning.tsx(3,1289): error TS1005: ';' expected.
src/pages/PersonalizedLearning.tsx(3,1293): error TS1005: ';' expected.
src/pages/PersonalizedLearning.tsx(3,1376): error TS1005: ';' expected.
src/pages/PersonalizedLearning.tsx(3,1380): error TS1005: ';' expected.
src/pages/PersonalizedLearning.tsx(3,1387): error TS1434: Unexpected keyword or identifier.
src/pages/PersonalizedLearning.tsx(3,1403): error TS1005: ';' expected.
src/pages/PersonalizedLearning.tsx(3,1417): error TS1005: ';' expected.
src/pages/PersonalizedLearning.tsx(3,1435): error TS1005: ';' expected.
src/pages/PersonalizedLearning.tsx(3,1450): error TS1005: ';' expected.
src/pages/PersonalizedLearning.tsx(3,1499): error TS1005: ';' expected.
src/pages/PersonalizedLearning.tsx(3,1505): error TS1005: ';' expected.
src/pages/PersonalizedLearning.tsx(3,1521): error TS1005: ';' expected.
src/pages/PersonalizedLearning.tsx(3,1534): error TS1005: ';' expected.
src/pages/PersonalizedLearning.tsx(3,1567): error TS1005: ';' expected.
src/pages/PersonalizedLearning.tsx(3,1575): error TS1005: ';' expected.
src/pages/PersonalizedLearning.tsx(3,1596): error TS1005: ';' expected.
src/pages/PersonalizedLearning.tsx(3,1675): error TS1005: ';' expected.
src/pages/PersonalizedLearning.tsx(3,1683): error TS1005: ';' expected.
src/pages/PersonalizedLearning.tsx(3,1688): error TS1005: ';' expected.
src/pages/PersonalizedLearning.tsx(3,1700): error TS1005: ';' expected.
src/pages/PersonalizedLearning.tsx(3,1723): error TS1005: ';' expected.
src/pages/PersonalizedLearning.tsx(3,1730): error TS1005: ';' expected.
src/pages/PersonalizedLearning.tsx(3,1808): error TS1002: Unterminated string literal.
src/pages/PersonalizedLearning.tsx(4,3): error TS1128: Declaration or statement expected.
src/pages/PharmaAnalytics.tsx(3,79): error TS1003: Identifier expected.
src/pages/PharmaAnalytics.tsx(3,208): error TS1005: ';' expected.
src/pages/PharmaAnalytics.tsx(3,225): error TS1005: ';' expected.
src/pages/PharmaAnalytics.tsx(3,230): error TS1005: ';' expected.
src/pages/PharmaAnalytics.tsx(3,250): error TS1005: ';' expected.
src/pages/PharmaAnalytics.tsx(3,253): error TS1005: ';' expected.
src/pages/PharmaAnalytics.tsx(3,280): error TS1005: ';' expected.
src/pages/PharmaAnalytics.tsx(3,284): error TS1005: ';' expected.
src/pages/PharmaAnalytics.tsx(3,301): error TS1005: ';' expected.
src/pages/PharmaAnalytics.tsx(3,309): error TS1005: ';' expected.
src/pages/PharmaAnalytics.tsx(3,330): error TS1005: ';' expected.
src/pages/PharmaAnalytics.tsx(3,367): error TS1005: ';' expected.
src/pages/PharmaAnalytics.tsx(3,373): error TS1351: An identifier or keyword cannot immediately follow a numeric literal.
src/pages/PharmaAnalytics.tsx(3,385): error TS1005: ';' expected.
src/pages/PharmaAnalytics.tsx(3,450): error TS1005: ';' expected.
src/pages/PharmaAnalytics.tsx(3,453): error TS1005: ';' expected.
src/pages/PharmaAnalytics.tsx(3,480): error TS1005: ';' expected.
src/pages/PharmaAnalytics.tsx(3,484): error TS1005: ';' expected.
src/pages/PharmaAnalytics.tsx(3,501): error TS1005: ';' expected.
src/pages/PharmaAnalytics.tsx(3,509): error TS1005: ';' expected.
src/pages/PharmaAnalytics.tsx(3,530): error TS1005: ';' expected.
src/pages/PharmaAnalytics.tsx(3,562): error TS1005: ';' expected.
src/pages/PharmaAnalytics.tsx(3,568): error TS1351: An identifier or keyword cannot immediately follow a numeric literal.
src/pages/PharmaAnalytics.tsx(3,581): error TS1005: ';' expected.
src/pages/PharmaAnalytics.tsx(3,595): error TS1005: ';' expected.
src/pages/PharmaAnalytics.tsx(3,653): error TS1005: ';' expected.
src/pages/PharmaAnalytics.tsx(3,656): error TS1005: ';' expected.
src/pages/PharmaAnalytics.tsx(3,683): error TS1005: ';' expected.
src/pages/PharmaAnalytics.tsx(3,687): error TS1005: ';' expected.
src/pages/PharmaAnalytics.tsx(3,704): error TS1005: ';' expected.
src/pages/PharmaAnalytics.tsx(3,712): error TS1005: ';' expected.
src/pages/PharmaAnalytics.tsx(3,733): error TS1005: ';' expected.
src/pages/PharmaAnalytics.tsx(3,767): error TS1005: ';' expected.
src/pages/PharmaAnalytics.tsx(3,773): error TS1351: An identifier or keyword cannot immediately follow a numeric literal.
src/pages/PharmaAnalytics.tsx(3,785): error TS1005: ';' expected.
src/pages/PharmaAnalytics.tsx(3,842): error TS1005: ';' expected.
src/pages/PharmaAnalytics.tsx(3,845): error TS1005: ';' expected.
src/pages/PharmaAnalytics.tsx(3,872): error TS1005: ';' expected.
src/pages/PharmaAnalytics.tsx(3,876): error TS1005: ';' expected.
src/pages/PharmaAnalytics.tsx(3,893): error TS1005: ';' expected.
src/pages/PharmaAnalytics.tsx(3,901): error TS1005: ';' expected.
src/pages/PharmaAnalytics.tsx(3,922): error TS1005: ';' expected.
src/pages/PharmaAnalytics.tsx(3,951): error TS1005: ';' expected.
src/pages/PharmaAnalytics.tsx(3,957): error TS1351: An identifier or keyword cannot immediately follow a numeric literal.
src/pages/PharmaAnalytics.tsx(3,969): error TS1005: ';' expected.
src/pages/PharmaAnalytics.tsx(3,1101): error TS1005: ';' expected.
src/pages/PharmaAnalytics.tsx(3,1110): error TS1005: ';' expected.
src/pages/PharmaAnalytics.tsx(3,1173): error TS1005: ';' expected.
src/pages/PharmaAnalytics.tsx(3,1182): error TS1005: ';' expected.
src/pages/PharmaAnalytics.tsx(3,1257): error TS1005: ';' expected.
src/pages/PharmaAnalytics.tsx(3,1279): error TS1005: ';' expected.
src/pages/PharmaAnalytics.tsx(3,1291): error TS1005: ';' expected.
src/pages/PharmaAnalytics.tsx(3,1295): error TS1005: ';' expected.
src/pages/PharmaAnalytics.tsx(3,1379): error TS1005: ';' expected.
src/pages/PharmaAnalytics.tsx(3,1383): error TS1005: ';' expected.
src/pages/PharmaAnalytics.tsx(3,1390): error TS1434: Unexpected keyword or identifier.
src/pages/PharmaAnalytics.tsx(3,1406): error TS1005: ';' expected.
src/pages/PharmaAnalytics.tsx(3,1419): error TS1005: ';' expected.
src/pages/PharmaAnalytics.tsx(3,1467): error TS1005: ';' expected.
src/pages/PharmaAnalytics.tsx(3,1480): error TS1005: ';' expected.
src/pages/PharmaAnalytics.tsx(3,1514): error TS1005: ';' expected.
src/pages/PharmaAnalytics.tsx(3,1522): error TS1005: ';' expected.
src/pages/PharmaAnalytics.tsx(3,1543): error TS1005: ';' expected.
src/pages/PharmaAnalytics.tsx(3,1667): error TS1002: Unterminated string literal.
src/pages/PharmaAnalytics.tsx(4,3): error TS1128: Declaration or statement expected.
src/pages/Pharmacovigilance.tsx(3,89): error TS1003: Identifier expected.
src/pages/Pharmacovigilance.tsx(3,212): error TS1005: ';' expected.
src/pages/Pharmacovigilance.tsx(3,229): error TS1005: ';' expected.
src/pages/Pharmacovigilance.tsx(3,234): error TS1005: ';' expected.
src/pages/Pharmacovigilance.tsx(3,254): error TS1005: ';' expected.
src/pages/Pharmacovigilance.tsx(3,257): error TS1005: ';' expected.
src/pages/Pharmacovigilance.tsx(3,283): error TS1005: ';' expected.
src/pages/Pharmacovigilance.tsx(3,287): error TS1005: ';' expected.
src/pages/Pharmacovigilance.tsx(3,303): error TS1005: ';' expected.
src/pages/Pharmacovigilance.tsx(3,311): error TS1005: ';' expected.
src/pages/Pharmacovigilance.tsx(3,332): error TS1005: ';' expected.
src/pages/Pharmacovigilance.tsx(3,363): error TS1005: ';' expected.
src/pages/Pharmacovigilance.tsx(3,369): error TS1351: An identifier or keyword cannot immediately follow a numeric literal.
src/pages/Pharmacovigilance.tsx(3,381): error TS1005: ';' expected.
src/pages/Pharmacovigilance.tsx(3,440): error TS1005: ';' expected.
src/pages/Pharmacovigilance.tsx(3,443): error TS1005: ';' expected.
src/pages/Pharmacovigilance.tsx(3,469): error TS1005: ';' expected.
src/pages/Pharmacovigilance.tsx(3,473): error TS1005: ';' expected.
src/pages/Pharmacovigilance.tsx(3,489): error TS1005: ';' expected.
src/pages/Pharmacovigilance.tsx(3,497): error TS1005: ';' expected.
src/pages/Pharmacovigilance.tsx(3,518): error TS1005: ';' expected.
src/pages/Pharmacovigilance.tsx(3,542): error TS1005: ';' expected.
src/pages/Pharmacovigilance.tsx(3,548): error TS1351: An identifier or keyword cannot immediately follow a numeric literal.
src/pages/Pharmacovigilance.tsx(3,561): error TS1005: ';' expected.
src/pages/Pharmacovigilance.tsx(3,573): error TS1005: ';' expected.
src/pages/Pharmacovigilance.tsx(3,623): error TS1005: ';' expected.
src/pages/Pharmacovigilance.tsx(3,626): error TS1005: ';' expected.
src/pages/Pharmacovigilance.tsx(3,652): error TS1005: ';' expected.
src/pages/Pharmacovigilance.tsx(3,656): error TS1005: ';' expected.
src/pages/Pharmacovigilance.tsx(3,672): error TS1005: ';' expected.
src/pages/Pharmacovigilance.tsx(3,680): error TS1005: ';' expected.
src/pages/Pharmacovigilance.tsx(3,701): error TS1005: ';' expected.
src/pages/Pharmacovigilance.tsx(3,729): error TS1005: ';' expected.
src/pages/Pharmacovigilance.tsx(3,735): error TS1351: An identifier or keyword cannot immediately follow a numeric literal.
src/pages/Pharmacovigilance.tsx(3,748): error TS1005: ';' expected.
src/pages/Pharmacovigilance.tsx(3,762): error TS1005: ';' expected.
src/pages/Pharmacovigilance.tsx(3,817): error TS1005: ';' expected.
src/pages/Pharmacovigilance.tsx(3,820): error TS1005: ';' expected.
src/pages/Pharmacovigilance.tsx(3,846): error TS1005: ';' expected.
src/pages/Pharmacovigilance.tsx(3,850): error TS1005: ';' expected.
src/pages/Pharmacovigilance.tsx(3,866): error TS1005: ';' expected.
src/pages/Pharmacovigilance.tsx(3,874): error TS1005: ';' expected.
src/pages/Pharmacovigilance.tsx(3,895): error TS1005: ';' expected.
src/pages/Pharmacovigilance.tsx(3,926): error TS1005: ';' expected.
src/pages/Pharmacovigilance.tsx(3,932): error TS1351: An identifier or keyword cannot immediately follow a numeric literal.
src/pages/Pharmacovigilance.tsx(3,944): error TS1005: ';' expected.
src/pages/Pharmacovigilance.tsx(3,1090): error TS1005: ';' expected.
src/pages/Pharmacovigilance.tsx(3,1099): error TS1005: ';' expected.
src/pages/Pharmacovigilance.tsx(3,1163): error TS1005: ';' expected.
src/pages/Pharmacovigilance.tsx(3,1172): error TS1005: ';' expected.
src/pages/Pharmacovigilance.tsx(3,1243): error TS1005: ';' expected.
src/pages/Pharmacovigilance.tsx(3,1265): error TS1005: ';' expected.
src/pages/Pharmacovigilance.tsx(3,1277): error TS1005: ';' expected.
src/pages/Pharmacovigilance.tsx(3,1281): error TS1005: ';' expected.
src/pages/Pharmacovigilance.tsx(3,1362): error TS1005: ';' expected.
src/pages/Pharmacovigilance.tsx(3,1366): error TS1005: ';' expected.
src/pages/Pharmacovigilance.tsx(3,1373): error TS1434: Unexpected keyword or identifier.
src/pages/Pharmacovigilance.tsx(3,1389): error TS1005: ';' expected.
src/pages/Pharmacovigilance.tsx(3,1403): error TS1005: ';' expected.
src/pages/Pharmacovigilance.tsx(3,1421): error TS1005: ';' expected.
src/pages/Pharmacovigilance.tsx(3,1436): error TS1005: ';' expected.
src/pages/Pharmacovigilance.tsx(3,1484): error TS1005: ';' expected.
src/pages/Pharmacovigilance.tsx(3,1490): error TS1005: ';' expected.
src/pages/Pharmacovigilance.tsx(3,1506): error TS1005: ';' expected.
src/pages/Pharmacovigilance.tsx(3,1519): error TS1005: ';' expected.
src/pages/Pharmacovigilance.tsx(3,1549): error TS1005: ';' expected.
src/pages/Pharmacovigilance.tsx(3,1557): error TS1005: ';' expected.
src/pages/Pharmacovigilance.tsx(3,1578): error TS1005: ';' expected.
src/pages/Pharmacovigilance.tsx(3,1667): error TS1005: ';' expected.
src/pages/Pharmacovigilance.tsx(3,1675): error TS1005: ';' expected.
src/pages/Pharmacovigilance.tsx(3,1691): error TS1005: ';' expected.
src/pages/Pharmacovigilance.tsx(3,1714): error TS1005: ';' expected.
src/pages/Pharmacovigilance.tsx(3,1721): error TS1005: ';' expected.
src/pages/Pharmacovigilance.tsx(3,1793): error TS1002: Unterminated string literal.
src/pages/Pharmacovigilance.tsx(4,3): error TS1128: Declaration or statement expected.
src/pages/PharmacyInventory.tsx(3,78): error TS1003: Identifier expected.
src/pages/PharmacyInventory.tsx(3,206): error TS1005: ';' expected.
src/pages/PharmacyInventory.tsx(3,223): error TS1005: ';' expected.
src/pages/PharmacyInventory.tsx(3,228): error TS1005: ';' expected.
src/pages/PharmacyInventory.tsx(3,248): error TS1005: ';' expected.
src/pages/PharmacyInventory.tsx(3,251): error TS1005: ';' expected.
src/pages/PharmacyInventory.tsx(3,277): error TS1005: ';' expected.
src/pages/PharmacyInventory.tsx(3,281): error TS1005: ';' expected.
src/pages/PharmacyInventory.tsx(3,297): error TS1005: ';' expected.
src/pages/PharmacyInventory.tsx(3,305): error TS1005: ';' expected.
src/pages/PharmacyInventory.tsx(3,326): error TS1005: ';' expected.
src/pages/PharmacyInventory.tsx(3,357): error TS1005: ';' expected.
src/pages/PharmacyInventory.tsx(3,363): error TS1351: An identifier or keyword cannot immediately follow a numeric literal.
src/pages/PharmacyInventory.tsx(3,375): error TS1005: ';' expected.
src/pages/PharmacyInventory.tsx(3,433): error TS1005: ';' expected.
src/pages/PharmacyInventory.tsx(3,436): error TS1005: ';' expected.
src/pages/PharmacyInventory.tsx(3,462): error TS1005: ';' expected.
src/pages/PharmacyInventory.tsx(3,466): error TS1005: ';' expected.
src/pages/PharmacyInventory.tsx(3,482): error TS1005: ';' expected.
src/pages/PharmacyInventory.tsx(3,490): error TS1005: ';' expected.
src/pages/PharmacyInventory.tsx(3,511): error TS1005: ';' expected.
src/pages/PharmacyInventory.tsx(3,539): error TS1005: ';' expected.
src/pages/PharmacyInventory.tsx(3,545): error TS1351: An identifier or keyword cannot immediately follow a numeric literal.
src/pages/PharmacyInventory.tsx(3,558): error TS1005: ';' expected.
src/pages/PharmacyInventory.tsx(3,572): error TS1005: ';' expected.
src/pages/PharmacyInventory.tsx(3,626): error TS1005: ';' expected.
src/pages/PharmacyInventory.tsx(3,629): error TS1005: ';' expected.
src/pages/PharmacyInventory.tsx(3,655): error TS1005: ';' expected.
src/pages/PharmacyInventory.tsx(3,659): error TS1005: ';' expected.
src/pages/PharmacyInventory.tsx(3,675): error TS1005: ';' expected.
src/pages/PharmacyInventory.tsx(3,683): error TS1005: ';' expected.
src/pages/PharmacyInventory.tsx(3,704): error TS1005: ';' expected.
src/pages/PharmacyInventory.tsx(3,733): error TS1005: ';' expected.
src/pages/PharmacyInventory.tsx(3,739): error TS1351: An identifier or keyword cannot immediately follow a numeric literal.
src/pages/PharmacyInventory.tsx(3,752): error TS1005: ';' expected.
src/pages/PharmacyInventory.tsx(3,764): error TS1005: ';' expected.
src/pages/PharmacyInventory.tsx(3,819): error TS1005: ';' expected.
src/pages/PharmacyInventory.tsx(3,822): error TS1005: ';' expected.
src/pages/PharmacyInventory.tsx(3,848): error TS1005: ';' expected.
src/pages/PharmacyInventory.tsx(3,852): error TS1005: ';' expected.
src/pages/PharmacyInventory.tsx(3,868): error TS1005: ';' expected.
src/pages/PharmacyInventory.tsx(3,876): error TS1005: ';' expected.
src/pages/PharmacyInventory.tsx(3,897): error TS1005: ';' expected.
src/pages/PharmacyInventory.tsx(3,924): error TS1005: ';' expected.
src/pages/PharmacyInventory.tsx(3,930): error TS1351: An identifier or keyword cannot immediately follow a numeric literal.
src/pages/PharmacyInventory.tsx(3,942): error TS1005: ';' expected.
src/pages/PharmacyInventory.tsx(3,1085): error TS1005: ';' expected.
src/pages/PharmacyInventory.tsx(3,1094): error TS1005: ';' expected.
src/pages/PharmacyInventory.tsx(3,1157): error TS1005: ';' expected.
src/pages/PharmacyInventory.tsx(3,1166): error TS1005: ';' expected.
src/pages/PharmacyInventory.tsx(3,1236): error TS1005: ';' expected.
src/pages/PharmacyInventory.tsx(3,1258): error TS1005: ';' expected.
src/pages/PharmacyInventory.tsx(3,1270): error TS1005: ';' expected.
src/pages/PharmacyInventory.tsx(3,1274): error TS1005: ';' expected.
src/pages/PharmacyInventory.tsx(3,1360): error TS1005: ';' expected.
src/pages/PharmacyInventory.tsx(3,1364): error TS1005: ';' expected.
src/pages/PharmacyInventory.tsx(3,1371): error TS1434: Unexpected keyword or identifier.
src/pages/PharmacyInventory.tsx(3,1387): error TS1005: ';' expected.
src/pages/PharmacyInventory.tsx(3,1401): error TS1005: ';' expected.
src/pages/PharmacyInventory.tsx(3,1419): error TS1005: ';' expected.
src/pages/PharmacyInventory.tsx(3,1434): error TS1005: ';' expected.
src/pages/PharmacyInventory.tsx(3,1481): error TS1005: ';' expected.
src/pages/PharmacyInventory.tsx(3,1487): error TS1005: ';' expected.
src/pages/PharmacyInventory.tsx(3,1503): error TS1005: ';' expected.
src/pages/PharmacyInventory.tsx(3,1516): error TS1005: ';' expected.
src/pages/PharmacyInventory.tsx(3,1552): error TS1005: ';' expected.
src/pages/PharmacyInventory.tsx(3,1560): error TS1005: ';' expected.
src/pages/PharmacyInventory.tsx(3,1581): error TS1005: ';' expected.
src/pages/PharmacyInventory.tsx(3,1672): error TS1005: ';' expected.
src/pages/PharmacyInventory.tsx(3,1684): error TS1005: ';' expected.
src/pages/PharmacyInventory.tsx(3,1709): error TS1005: ';' expected.
src/pages/PharmacyInventory.tsx(3,1716): error TS1005: ';' expected.
src/pages/PharmacyInventory.tsx(3,1788): error TS1002: Unterminated string literal.
src/pages/PharmacyInventory.tsx(4,3): error TS1128: Declaration or statement expected.
src/pages/PlatformStatus.tsx(8,49): error TS1003: Identifier expected.
src/pages/PlatformStatus.tsx(8,90): error TS1002: Unterminated string literal.
src/pages/PlatformStatus.tsx(9,7): error TS1128: Declaration or statement expected.
src/pages/PlatformStatus.tsx(18,5): error TS1128: Declaration or statement expected.
src/pages/PlatformStatus.tsx(19,3): error TS1109: Expression expected.
src/pages/PLMEngineeringChangeControl.tsx(46,49): error TS1003: Identifier expected.
src/pages/PLMEngineeringChangeControl.tsx(46,125): error TS1002: Unterminated string literal.
src/pages/PLMEngineeringChangeControl.tsx(47,7): error TS1128: Declaration or statement expected.
src/pages/PLMEngineeringChangeControl.tsx(49,7): error TS2657: JSX expressions must have one parent element.
src/pages/PLMEngineeringChangeControl.tsx(117,5): error TS1128: Declaration or statement expected.
src/pages/PLMEngineeringChangeControl.tsx(118,3): error TS1109: Expression expected.
src/pages/POSCashReconciliation.tsx(44,49): error TS1003: Identifier expected.
src/pages/POSCashReconciliation.tsx(44,112): error TS1002: Unterminated string literal.
src/pages/POSCashReconciliation.tsx(45,7): error TS1128: Declaration or statement expected.
src/pages/POSCashReconciliation.tsx(47,7): error TS2657: JSX expressions must have one parent element.
src/pages/POSCashReconciliation.tsx(111,5): error TS1128: Declaration or statement expected.
src/pages/POSCashReconciliation.tsx(112,3): error TS1109: Expression expected.
src/pages/PredictiveLeadScoring.tsx(8,49): error TS1003: Identifier expected.
src/pages/PredictiveLeadScoring.tsx(8,87): error TS1002: Unterminated string literal.
src/pages/PredictiveLeadScoring.tsx(9,7): error TS1128: Declaration or statement expected.
src/pages/PredictiveLeadScoring.tsx(15,5): error TS1128: Declaration or statement expected.
src/pages/PredictiveLeadScoring.tsx(16,3): error TS1109: Expression expected.
src/pages/PredictiveMaintenance.tsx(3,83): error TS1003: Identifier expected.
src/pages/PredictiveMaintenance.tsx(3,210): error TS1005: ';' expected.
src/pages/PredictiveMaintenance.tsx(3,227): error TS1005: ';' expected.
src/pages/PredictiveMaintenance.tsx(3,232): error TS1005: ';' expected.
src/pages/PredictiveMaintenance.tsx(3,252): error TS1005: ';' expected.
src/pages/PredictiveMaintenance.tsx(3,255): error TS1005: ';' expected.
src/pages/PredictiveMaintenance.tsx(3,281): error TS1005: ';' expected.
src/pages/PredictiveMaintenance.tsx(3,285): error TS1005: ';' expected.
src/pages/PredictiveMaintenance.tsx(3,301): error TS1005: ';' expected.
src/pages/PredictiveMaintenance.tsx(3,309): error TS1005: ';' expected.
src/pages/PredictiveMaintenance.tsx(3,330): error TS1005: ';' expected.
src/pages/PredictiveMaintenance.tsx(3,356): error TS1005: ';' expected.
src/pages/PredictiveMaintenance.tsx(3,362): error TS1351: An identifier or keyword cannot immediately follow a numeric literal.
src/pages/PredictiveMaintenance.tsx(3,374): error TS1005: ';' expected.
src/pages/PredictiveMaintenance.tsx(3,439): error TS1005: ';' expected.
src/pages/PredictiveMaintenance.tsx(3,442): error TS1005: ';' expected.
src/pages/PredictiveMaintenance.tsx(3,468): error TS1005: ';' expected.
src/pages/PredictiveMaintenance.tsx(3,472): error TS1005: ';' expected.
src/pages/PredictiveMaintenance.tsx(3,488): error TS1005: ';' expected.
src/pages/PredictiveMaintenance.tsx(3,496): error TS1005: ';' expected.
src/pages/PredictiveMaintenance.tsx(3,517): error TS1005: ';' expected.
src/pages/PredictiveMaintenance.tsx(3,546): error TS1005: ';' expected.
src/pages/PredictiveMaintenance.tsx(3,552): error TS1351: An identifier or keyword cannot immediately follow a numeric literal.
src/pages/PredictiveMaintenance.tsx(3,565): error TS1005: ';' expected.
src/pages/PredictiveMaintenance.tsx(3,577): error TS1005: ';' expected.
src/pages/PredictiveMaintenance.tsx(3,632): error TS1005: ';' expected.
src/pages/PredictiveMaintenance.tsx(3,635): error TS1005: ';' expected.
src/pages/PredictiveMaintenance.tsx(3,661): error TS1005: ';' expected.
src/pages/PredictiveMaintenance.tsx(3,665): error TS1005: ';' expected.
src/pages/PredictiveMaintenance.tsx(3,681): error TS1005: ';' expected.
src/pages/PredictiveMaintenance.tsx(3,689): error TS1005: ';' expected.
src/pages/PredictiveMaintenance.tsx(3,710): error TS1005: ';' expected.
src/pages/PredictiveMaintenance.tsx(3,739): error TS1005: ';' expected.
src/pages/PredictiveMaintenance.tsx(3,745): error TS1351: An identifier or keyword cannot immediately follow a numeric literal.
src/pages/PredictiveMaintenance.tsx(3,758): error TS1005: ';' expected.
src/pages/PredictiveMaintenance.tsx(3,771): error TS1005: ';' expected.
src/pages/PredictiveMaintenance.tsx(3,965): error TS1005: ';' expected.
src/pages/PredictiveMaintenance.tsx(3,968): error TS1005: ';' expected.
src/pages/PredictiveMaintenance.tsx(3,994): error TS1005: ';' expected.
src/pages/PredictiveMaintenance.tsx(3,998): error TS1005: ';' expected.
src/pages/PredictiveMaintenance.tsx(3,1014): error TS1005: ';' expected.
src/pages/PredictiveMaintenance.tsx(3,1022): error TS1005: ';' expected.
src/pages/PredictiveMaintenance.tsx(3,1043): error TS1005: ';' expected.
src/pages/PredictiveMaintenance.tsx(3,1069): error TS1005: ';' expected.
src/pages/PredictiveMaintenance.tsx(3,1075): error TS1351: An identifier or keyword cannot immediately follow a numeric literal.
src/pages/PredictiveMaintenance.tsx(3,1087): error TS1005: ';' expected.
src/pages/PredictiveMaintenance.tsx(3,1245): error TS1005: ';' expected.
src/pages/PredictiveMaintenance.tsx(3,1254): error TS1005: ';' expected.
src/pages/PredictiveMaintenance.tsx(3,1317): error TS1005: ';' expected.
src/pages/PredictiveMaintenance.tsx(3,1326): error TS1005: ';' expected.
src/pages/PredictiveMaintenance.tsx(3,1403): error TS1005: ';' expected.
src/pages/PredictiveMaintenance.tsx(3,1425): error TS1005: ';' expected.
src/pages/PredictiveMaintenance.tsx(3,1437): error TS1005: ';' expected.
src/pages/PredictiveMaintenance.tsx(3,1441): error TS1005: ';' expected.
src/pages/PredictiveMaintenance.tsx(3,1527): error TS1005: ';' expected.
src/pages/PredictiveMaintenance.tsx(3,1531): error TS1005: ';' expected.
src/pages/PredictiveMaintenance.tsx(3,1538): error TS1434: Unexpected keyword or identifier.
src/pages/PredictiveMaintenance.tsx(3,1554): error TS1005: ';' expected.
src/pages/PredictiveMaintenance.tsx(3,1568): error TS1005: ';' expected.
src/pages/PredictiveMaintenance.tsx(3,1586): error TS1005: ';' expected.
src/pages/PredictiveMaintenance.tsx(3,1601): error TS1005: ';' expected.
src/pages/PredictiveMaintenance.tsx(3,1649): error TS1005: ';' expected.
src/pages/PredictiveMaintenance.tsx(3,1655): error TS1005: ';' expected.
src/pages/PredictiveMaintenance.tsx(3,1671): error TS1005: ';' expected.
src/pages/PredictiveMaintenance.tsx(3,1684): error TS1005: ';' expected.
src/pages/PredictiveMaintenance.tsx(3,1715): error TS1005: ';' expected.
src/pages/PredictiveMaintenance.tsx(3,1723): error TS1005: ';' expected.
src/pages/PredictiveMaintenance.tsx(3,1744): error TS1005: ';' expected.
src/pages/PredictiveMaintenance.tsx(3,1826): error TS1005: ';' expected.
src/pages/PredictiveMaintenance.tsx(3,1842): error TS1005: ';' expected.
src/pages/PredictiveMaintenance.tsx(3,1863): error TS1005: ';' expected.
src/pages/PredictiveMaintenance.tsx(3,1870): error TS1005: ';' expected.
src/pages/PredictiveMaintenance.tsx(3,1944): error TS1002: Unterminated string literal.
src/pages/PredictiveMaintenance.tsx(4,3): error TS1128: Declaration or statement expected.
src/pages/PredictiveModeling.tsx(45,49): error TS1003: Identifier expected.
src/pages/PredictiveModeling.tsx(45,93): error TS1002: Unterminated string literal.
src/pages/PredictiveModeling.tsx(46,7): error TS1128: Declaration or statement expected.
src/pages/PredictiveModeling.tsx(48,7): error TS2657: JSX expressions must have one parent element.
src/pages/PredictiveModeling.tsx(132,5): error TS1128: Declaration or statement expected.
src/pages/PredictiveModeling.tsx(133,3): error TS1109: Expression expected.
src/pages/PricingPromotionManagement.tsx(46,49): error TS1003: Identifier expected.
src/pages/PricingPromotionManagement.tsx(46,120): error TS1002: Unterminated string literal.
src/pages/PricingPromotionManagement.tsx(47,7): error TS1128: Declaration or statement expected.
src/pages/PricingPromotionManagement.tsx(49,7): error TS2657: JSX expressions must have one parent element.
src/pages/PricingPromotionManagement.tsx(120,5): error TS1128: Declaration or statement expected.
src/pages/PricingPromotionManagement.tsx(121,3): error TS1109: Expression expected.
src/pages/PricingPromotions.tsx(3,89): error TS1003: Identifier expected.
src/pages/PricingPromotions.tsx(3,199): error TS1005: ';' expected.
src/pages/PricingPromotions.tsx(3,216): error TS1005: ';' expected.
src/pages/PricingPromotions.tsx(3,221): error TS1005: ';' expected.
src/pages/PricingPromotions.tsx(3,241): error TS1005: ';' expected.
src/pages/PricingPromotions.tsx(3,244): error TS1005: ';' expected.
src/pages/PricingPromotions.tsx(3,270): error TS1005: ';' expected.
src/pages/PricingPromotions.tsx(3,274): error TS1005: ';' expected.
src/pages/PricingPromotions.tsx(3,290): error TS1005: ';' expected.
src/pages/PricingPromotions.tsx(3,298): error TS1005: ';' expected.
src/pages/PricingPromotions.tsx(3,319): error TS1005: ';' expected.
src/pages/PricingPromotions.tsx(3,349): error TS1005: ';' expected.
src/pages/PricingPromotions.tsx(3,355): error TS1351: An identifier or keyword cannot immediately follow a numeric literal.
src/pages/PricingPromotions.tsx(3,367): error TS1005: ';' expected.
src/pages/PricingPromotions.tsx(3,427): error TS1005: ';' expected.
src/pages/PricingPromotions.tsx(3,430): error TS1005: ';' expected.
src/pages/PricingPromotions.tsx(3,456): error TS1005: ';' expected.
src/pages/PricingPromotions.tsx(3,460): error TS1005: ';' expected.
src/pages/PricingPromotions.tsx(3,476): error TS1005: ';' expected.
src/pages/PricingPromotions.tsx(3,484): error TS1005: ';' expected.
src/pages/PricingPromotions.tsx(3,505): error TS1005: ';' expected.
src/pages/PricingPromotions.tsx(3,531): error TS1005: ';' expected.
src/pages/PricingPromotions.tsx(3,537): error TS1351: An identifier or keyword cannot immediately follow a numeric literal.
src/pages/PricingPromotions.tsx(3,550): error TS1005: ';' expected.
src/pages/PricingPromotions.tsx(3,564): error TS1005: ';' expected.
src/pages/PricingPromotions.tsx(3,617): error TS1005: ';' expected.
src/pages/PricingPromotions.tsx(3,620): error TS1005: ';' expected.
src/pages/PricingPromotions.tsx(3,646): error TS1005: ';' expected.
src/pages/PricingPromotions.tsx(3,650): error TS1005: ';' expected.
src/pages/PricingPromotions.tsx(3,666): error TS1005: ';' expected.
src/pages/PricingPromotions.tsx(3,674): error TS1005: ';' expected.
src/pages/PricingPromotions.tsx(3,695): error TS1005: ';' expected.
src/pages/PricingPromotions.tsx(3,727): error TS1005: ';' expected.
src/pages/PricingPromotions.tsx(3,733): error TS1351: An identifier or keyword cannot immediately follow a numeric literal.
src/pages/PricingPromotions.tsx(3,746): error TS1005: ';' expected.
src/pages/PricingPromotions.tsx(3,759): error TS1005: ';' expected.
src/pages/PricingPromotions.tsx(3,839): error TS1005: ';' expected.
src/pages/PricingPromotions.tsx(3,842): error TS1005: ';' expected.
src/pages/PricingPromotions.tsx(3,868): error TS1005: ';' expected.
src/pages/PricingPromotions.tsx(3,872): error TS1005: ';' expected.
src/pages/PricingPromotions.tsx(3,888): error TS1005: ';' expected.
src/pages/PricingPromotions.tsx(3,896): error TS1005: ';' expected.
src/pages/PricingPromotions.tsx(3,917): error TS1005: ';' expected.
src/pages/PricingPromotions.tsx(3,945): error TS1005: ';' expected.
src/pages/PricingPromotions.tsx(3,951): error TS1351: An identifier or keyword cannot immediately follow a numeric literal.
src/pages/PricingPromotions.tsx(3,963): error TS1005: ';' expected.
src/pages/PricingPromotions.tsx(3,1109): error TS1005: ';' expected.
src/pages/PricingPromotions.tsx(3,1118): error TS1005: ';' expected.
src/pages/PricingPromotions.tsx(3,1180): error TS1005: ';' expected.
src/pages/PricingPromotions.tsx(3,1189): error TS1005: ';' expected.
src/pages/PricingPromotions.tsx(3,1261): error TS1005: ';' expected.
src/pages/PricingPromotions.tsx(3,1283): error TS1005: ';' expected.
src/pages/PricingPromotions.tsx(3,1295): error TS1005: ';' expected.
src/pages/PricingPromotions.tsx(3,1299): error TS1005: ';' expected.
src/pages/PricingPromotions.tsx(3,1382): error TS1005: ';' expected.
src/pages/PricingPromotions.tsx(3,1386): error TS1005: ';' expected.
src/pages/PricingPromotions.tsx(3,1393): error TS1434: Unexpected keyword or identifier.
src/pages/PricingPromotions.tsx(3,1409): error TS1005: ';' expected.
src/pages/PricingPromotions.tsx(3,1423): error TS1005: ';' expected.
src/pages/PricingPromotions.tsx(3,1441): error TS1005: ';' expected.
src/pages/PricingPromotions.tsx(3,1456): error TS1005: ';' expected.
src/pages/PricingPromotions.tsx(3,1505): error TS1005: ';' expected.
src/pages/PricingPromotions.tsx(3,1511): error TS1005: ';' expected.
src/pages/PricingPromotions.tsx(3,1527): error TS1005: ';' expected.
src/pages/PricingPromotions.tsx(3,1540): error TS1005: ';' expected.
src/pages/PricingPromotions.tsx(3,1571): error TS1005: ';' expected.
src/pages/PricingPromotions.tsx(3,1579): error TS1005: ';' expected.
src/pages/PricingPromotions.tsx(3,1600): error TS1005: ';' expected.
src/pages/PricingPromotions.tsx(3,1659): error TS1005: ';' expected.
src/pages/PricingPromotions.tsx(3,1670): error TS1005: ';' expected.
src/pages/PricingPromotions.tsx(3,1682): error TS1005: ';' expected.
src/pages/PricingPromotions.tsx(3,1705): error TS1005: ';' expected.
src/pages/PricingPromotions.tsx(3,1712): error TS1005: ';' expected.
src/pages/PricingPromotions.tsx(3,1782): error TS1002: Unterminated string literal.
src/pages/PricingPromotions.tsx(4,3): error TS1128: Declaration or statement expected.
src/pages/PricingPromotionsRetail.tsx(3,79): error TS1003: Identifier expected.
src/pages/PricingPromotionsRetail.tsx(3,150): error TS1005: ';' expected.
src/pages/PricingPromotionsRetail.tsx(3,167): error TS1005: ';' expected.
src/pages/PricingPromotionsRetail.tsx(3,172): error TS1005: ';' expected.
src/pages/PricingPromotionsRetail.tsx(3,192): error TS1005: ';' expected.
src/pages/PricingPromotionsRetail.tsx(3,195): error TS1005: ';' expected.
src/pages/PricingPromotionsRetail.tsx(3,221): error TS1005: ';' expected.
src/pages/PricingPromotionsRetail.tsx(3,225): error TS1005: ';' expected.
src/pages/PricingPromotionsRetail.tsx(3,241): error TS1005: ';' expected.
src/pages/PricingPromotionsRetail.tsx(3,249): error TS1005: ';' expected.
src/pages/PricingPromotionsRetail.tsx(3,270): error TS1005: ';' expected.
src/pages/PricingPromotionsRetail.tsx(3,300): error TS1005: ';' expected.
src/pages/PricingPromotionsRetail.tsx(3,306): error TS1351: An identifier or keyword cannot immediately follow a numeric literal.
src/pages/PricingPromotionsRetail.tsx(3,318): error TS1005: ';' expected.
src/pages/PricingPromotionsRetail.tsx(3,382): error TS1005: ';' expected.
src/pages/PricingPromotionsRetail.tsx(3,385): error TS1005: ';' expected.
src/pages/PricingPromotionsRetail.tsx(3,411): error TS1005: ';' expected.
src/pages/PricingPromotionsRetail.tsx(3,415): error TS1005: ';' expected.
src/pages/PricingPromotionsRetail.tsx(3,431): error TS1005: ';' expected.
src/pages/PricingPromotionsRetail.tsx(3,439): error TS1005: ';' expected.
src/pages/PricingPromotionsRetail.tsx(3,460): error TS1005: ';' expected.
src/pages/PricingPromotionsRetail.tsx(3,486): error TS1005: ';' expected.
src/pages/PricingPromotionsRetail.tsx(3,492): error TS1351: An identifier or keyword cannot immediately follow a numeric literal.
src/pages/PricingPromotionsRetail.tsx(3,505): error TS1005: ';' expected.
src/pages/PricingPromotionsRetail.tsx(3,519): error TS1005: ';' expected.
src/pages/PricingPromotionsRetail.tsx(3,572): error TS1005: ';' expected.
src/pages/PricingPromotionsRetail.tsx(3,575): error TS1005: ';' expected.
src/pages/PricingPromotionsRetail.tsx(3,601): error TS1005: ';' expected.
src/pages/PricingPromotionsRetail.tsx(3,605): error TS1005: ';' expected.
src/pages/PricingPromotionsRetail.tsx(3,621): error TS1005: ';' expected.
src/pages/PricingPromotionsRetail.tsx(3,629): error TS1005: ';' expected.
src/pages/PricingPromotionsRetail.tsx(3,650): error TS1005: ';' expected.
src/pages/PricingPromotionsRetail.tsx(3,678): error TS1005: ';' expected.
src/pages/PricingPromotionsRetail.tsx(3,684): error TS1351: An identifier or keyword cannot immediately follow a numeric literal.
src/pages/PricingPromotionsRetail.tsx(3,697): error TS1005: ';' expected.
src/pages/PricingPromotionsRetail.tsx(3,712): error TS1005: ';' expected.
src/pages/PricingPromotionsRetail.tsx(3,759): error TS1005: ';' expected.
src/pages/PricingPromotionsRetail.tsx(3,820): error TS1005: ';' expected.
src/pages/PricingPromotionsRetail.tsx(3,823): error TS1005: ';' expected.
src/pages/PricingPromotionsRetail.tsx(3,849): error TS1005: ';' expected.
src/pages/PricingPromotionsRetail.tsx(3,853): error TS1005: ';' expected.
src/pages/PricingPromotionsRetail.tsx(3,869): error TS1005: ';' expected.
src/pages/PricingPromotionsRetail.tsx(3,877): error TS1005: ';' expected.
src/pages/PricingPromotionsRetail.tsx(3,898): error TS1005: ';' expected.
src/pages/PricingPromotionsRetail.tsx(3,926): error TS1005: ';' expected.
src/pages/PricingPromotionsRetail.tsx(3,932): error TS1351: An identifier or keyword cannot immediately follow a numeric literal.
src/pages/PricingPromotionsRetail.tsx(3,944): error TS1005: ';' expected.
src/pages/PricingPromotionsRetail.tsx(3,1097): error TS1005: ';' expected.
src/pages/PricingPromotionsRetail.tsx(3,1106): error TS1005: ';' expected.
src/pages/PricingPromotionsRetail.tsx(3,1167): error TS1005: ';' expected.
src/pages/PricingPromotionsRetail.tsx(3,1176): error TS1005: ';' expected.
src/pages/PricingPromotionsRetail.tsx(3,1251): error TS1005: ';' expected.
src/pages/PricingPromotionsRetail.tsx(3,1273): error TS1005: ';' expected.
src/pages/PricingPromotionsRetail.tsx(3,1285): error TS1005: ';' expected.
src/pages/PricingPromotionsRetail.tsx(3,1289): error TS1005: ';' expected.
src/pages/PricingPromotionsRetail.tsx(3,1379): error TS1005: ';' expected.
src/pages/PricingPromotionsRetail.tsx(3,1383): error TS1005: ';' expected.
src/pages/PricingPromotionsRetail.tsx(3,1390): error TS1434: Unexpected keyword or identifier.
src/pages/PricingPromotionsRetail.tsx(3,1406): error TS1005: ';' expected.
src/pages/PricingPromotionsRetail.tsx(3,1420): error TS1005: ';' expected.
src/pages/PricingPromotionsRetail.tsx(3,1438): error TS1005: ';' expected.
src/pages/PricingPromotionsRetail.tsx(3,1453): error TS1005: ';' expected.
src/pages/PricingPromotionsRetail.tsx(3,1501): error TS1005: ';' expected.
src/pages/PricingPromotionsRetail.tsx(3,1507): error TS1005: ';' expected.
src/pages/PricingPromotionsRetail.tsx(3,1523): error TS1005: ';' expected.
src/pages/PricingPromotionsRetail.tsx(3,1536): error TS1005: ';' expected.
src/pages/PricingPromotionsRetail.tsx(3,1564): error TS1005: ';' expected.
src/pages/PricingPromotionsRetail.tsx(3,1572): error TS1005: ';' expected.
src/pages/PricingPromotionsRetail.tsx(3,1593): error TS1005: ';' expected.
src/pages/PricingPromotionsRetail.tsx(3,1652): error TS1005: ';' expected.
src/pages/PricingPromotionsRetail.tsx(3,1663): error TS1005: ';' expected.
src/pages/PricingPromotionsRetail.tsx(3,1675): error TS1005: ';' expected.
src/pages/PricingPromotionsRetail.tsx(3,1698): error TS1005: ';' expected.
src/pages/PricingPromotionsRetail.tsx(3,1705): error TS1005: ';' expected.
src/pages/PricingPromotionsRetail.tsx(3,1771): error TS1002: Unterminated string literal.
src/pages/PricingPromotionsRetail.tsx(4,3): error TS1128: Declaration or statement expected.
src/pages/PricingRebatesEngine.tsx(46,49): error TS1003: Identifier expected.
src/pages/PricingRebatesEngine.tsx(46,114): error TS1002: Unterminated string literal.
src/pages/PricingRebatesEngine.tsx(47,7): error TS1128: Declaration or statement expected.
src/pages/PricingRebatesEngine.tsx(49,7): error TS2657: JSX expressions must have one parent element.
src/pages/PricingRebatesEngine.tsx(124,5): error TS1128: Declaration or statement expected.
src/pages/PricingRebatesEngine.tsx(125,3): error TS1109: Expression expected.
src/pages/ProcessAnalytics.tsx(43,49): error TS1003: Identifier expected.
src/pages/ProcessAnalytics.tsx(43,120): error TS1002: Unterminated string literal.
src/pages/ProcessAnalytics.tsx(44,7): error TS1128: Declaration or statement expected.
src/pages/ProcessAnalytics.tsx(46,7): error TS2657: JSX expressions must have one parent element.
src/pages/ProcessAnalytics.tsx(114,5): error TS1128: Declaration or statement expected.
src/pages/ProcessAnalytics.tsx(115,3): error TS1109: Expression expected.
src/pages/ProcessDesigner.tsx(42,49): error TS1003: Identifier expected.
src/pages/ProcessDesigner.tsx(42,102): error TS1002: Unterminated string literal.
src/pages/ProcessDesigner.tsx(43,7): error TS1128: Declaration or statement expected.
src/pages/ProcessDesigner.tsx(45,7): error TS2657: JSX expressions must have one parent element.
src/pages/ProcessDesigner.tsx(122,5): error TS1128: Declaration or statement expected.
src/pages/ProcessDesigner.tsx(123,3): error TS1109: Expression expected.
src/pages/ProcurementAutomation.tsx(7,25): error TS1005: ')' expected.
src/pages/ProcurementAutomation.tsx(7,37): error TS1434: Unexpected keyword or identifier.
src/pages/ProcurementAutomation.tsx(7,47): error TS1128: Declaration or statement expected.
src/pages/ProcurementAutomation.tsx(7,137): error TS1005: ';' expected.
src/pages/ProcurementAutomation.tsx(13,5): error TS1128: Declaration or statement expected.
src/pages/ProcurementAutomation.tsx(14,3): error TS1109: Expression expected.
src/pages/ProductCatalog.tsx(3,76): error TS1003: Identifier expected.
src/pages/ProductCatalog.tsx(3,154): error TS1005: ';' expected.
src/pages/ProductCatalog.tsx(3,171): error TS1005: ';' expected.
src/pages/ProductCatalog.tsx(3,176): error TS1005: ';' expected.
src/pages/ProductCatalog.tsx(3,196): error TS1005: ';' expected.
src/pages/ProductCatalog.tsx(3,199): error TS1005: ';' expected.
src/pages/ProductCatalog.tsx(3,225): error TS1005: ';' expected.
src/pages/ProductCatalog.tsx(3,229): error TS1005: ';' expected.
src/pages/ProductCatalog.tsx(3,245): error TS1005: ';' expected.
src/pages/ProductCatalog.tsx(3,253): error TS1005: ';' expected.
src/pages/ProductCatalog.tsx(3,274): error TS1005: ';' expected.
src/pages/ProductCatalog.tsx(3,302): error TS1005: ';' expected.
src/pages/ProductCatalog.tsx(3,308): error TS1351: An identifier or keyword cannot immediately follow a numeric literal.
src/pages/ProductCatalog.tsx(3,320): error TS1005: ';' expected.
src/pages/ProductCatalog.tsx(3,382): error TS1005: ';' expected.
src/pages/ProductCatalog.tsx(3,385): error TS1005: ';' expected.
src/pages/ProductCatalog.tsx(3,411): error TS1005: ';' expected.
src/pages/ProductCatalog.tsx(3,415): error TS1005: ';' expected.
src/pages/ProductCatalog.tsx(3,431): error TS1005: ';' expected.
src/pages/ProductCatalog.tsx(3,439): error TS1005: ';' expected.
src/pages/ProductCatalog.tsx(3,460): error TS1005: ';' expected.
src/pages/ProductCatalog.tsx(3,486): error TS1005: ';' expected.
src/pages/ProductCatalog.tsx(3,492): error TS1351: An identifier or keyword cannot immediately follow a numeric literal.
src/pages/ProductCatalog.tsx(3,505): error TS1005: ';' expected.
src/pages/ProductCatalog.tsx(3,519): error TS1005: ';' expected.
src/pages/ProductCatalog.tsx(3,572): error TS1005: ';' expected.
src/pages/ProductCatalog.tsx(3,575): error TS1005: ';' expected.
src/pages/ProductCatalog.tsx(3,601): error TS1005: ';' expected.
src/pages/ProductCatalog.tsx(3,605): error TS1005: ';' expected.
src/pages/ProductCatalog.tsx(3,621): error TS1005: ';' expected.
src/pages/ProductCatalog.tsx(3,629): error TS1005: ';' expected.
src/pages/ProductCatalog.tsx(3,650): error TS1005: ';' expected.
src/pages/ProductCatalog.tsx(3,678): error TS1005: ';' expected.
src/pages/ProductCatalog.tsx(3,684): error TS1351: An identifier or keyword cannot immediately follow a numeric literal.
src/pages/ProductCatalog.tsx(3,697): error TS1005: ';' expected.
src/pages/ProductCatalog.tsx(3,712): error TS1005: ';' expected.
src/pages/ProductCatalog.tsx(3,757): error TS1005: ';' expected.
src/pages/ProductCatalog.tsx(3,818): error TS1005: ';' expected.
src/pages/ProductCatalog.tsx(3,821): error TS1005: ';' expected.
src/pages/ProductCatalog.tsx(3,847): error TS1005: ';' expected.
src/pages/ProductCatalog.tsx(3,851): error TS1005: ';' expected.
src/pages/ProductCatalog.tsx(3,867): error TS1005: ';' expected.
src/pages/ProductCatalog.tsx(3,875): error TS1005: ';' expected.
src/pages/ProductCatalog.tsx(3,896): error TS1005: ';' expected.
src/pages/ProductCatalog.tsx(3,924): error TS1005: ';' expected.
src/pages/ProductCatalog.tsx(3,930): error TS1351: An identifier or keyword cannot immediately follow a numeric literal.
src/pages/ProductCatalog.tsx(3,942): error TS1005: ';' expected.
src/pages/ProductCatalog.tsx(3,1091): error TS1005: ';' expected.
src/pages/ProductCatalog.tsx(3,1100): error TS1005: ';' expected.
src/pages/ProductCatalog.tsx(3,1159): error TS1005: ';' expected.
src/pages/ProductCatalog.tsx(3,1168): error TS1005: ';' expected.
src/pages/ProductCatalog.tsx(3,1241): error TS1005: ';' expected.
src/pages/ProductCatalog.tsx(3,1263): error TS1005: ';' expected.
src/pages/ProductCatalog.tsx(3,1275): error TS1005: ';' expected.
src/pages/ProductCatalog.tsx(3,1279): error TS1005: ';' expected.
src/pages/ProductCatalog.tsx(3,1365): error TS1005: ';' expected.
src/pages/ProductCatalog.tsx(3,1369): error TS1005: ';' expected.
src/pages/ProductCatalog.tsx(3,1376): error TS1434: Unexpected keyword or identifier.
src/pages/ProductCatalog.tsx(3,1392): error TS1005: ';' expected.
src/pages/ProductCatalog.tsx(3,1406): error TS1005: ';' expected.
src/pages/ProductCatalog.tsx(3,1424): error TS1005: ';' expected.
src/pages/ProductCatalog.tsx(3,1439): error TS1005: ';' expected.
src/pages/ProductCatalog.tsx(3,1486): error TS1005: ';' expected.
src/pages/ProductCatalog.tsx(3,1492): error TS1005: ';' expected.
src/pages/ProductCatalog.tsx(3,1508): error TS1005: ';' expected.
src/pages/ProductCatalog.tsx(3,1521): error TS1005: ';' expected.
src/pages/ProductCatalog.tsx(3,1548): error TS1005: ';' expected.
src/pages/ProductCatalog.tsx(3,1556): error TS1005: ';' expected.
src/pages/ProductCatalog.tsx(3,1577): error TS1005: ';' expected.
src/pages/ProductCatalog.tsx(3,1627): error TS1005: ';' expected.
src/pages/ProductCatalog.tsx(3,1638): error TS1005: ';' expected.
src/pages/ProductCatalog.tsx(3,1650): error TS1005: ';' expected.
src/pages/ProductCatalog.tsx(3,1673): error TS1005: ';' expected.
src/pages/ProductCatalog.tsx(3,1680): error TS1005: ';' expected.
src/pages/ProductCatalog.tsx(3,1746): error TS1002: Unterminated string literal.
src/pages/ProductCatalog.tsx(4,3): error TS1128: Declaration or statement expected.
src/pages/ProductInventory.tsx(3,88): error TS1003: Identifier expected.
src/pages/ProductInventory.tsx(3,200): error TS1005: ';' expected.
src/pages/ProductInventory.tsx(3,217): error TS1005: ';' expected.
src/pages/ProductInventory.tsx(3,222): error TS1005: ';' expected.
src/pages/ProductInventory.tsx(3,242): error TS1005: ';' expected.
src/pages/ProductInventory.tsx(3,245): error TS1005: ';' expected.
src/pages/ProductInventory.tsx(3,271): error TS1005: ';' expected.
src/pages/ProductInventory.tsx(3,275): error TS1005: ';' expected.
src/pages/ProductInventory.tsx(3,291): error TS1005: ';' expected.
src/pages/ProductInventory.tsx(3,299): error TS1005: ';' expected.
src/pages/ProductInventory.tsx(3,320): error TS1005: ';' expected.
src/pages/ProductInventory.tsx(3,354): error TS1005: ';' expected.
src/pages/ProductInventory.tsx(3,360): error TS1351: An identifier or keyword cannot immediately follow a numeric literal.
src/pages/ProductInventory.tsx(3,372): error TS1005: ';' expected.
src/pages/ProductInventory.tsx(3,434): error TS1005: ';' expected.
src/pages/ProductInventory.tsx(3,437): error TS1005: ';' expected.
src/pages/ProductInventory.tsx(3,463): error TS1005: ';' expected.
src/pages/ProductInventory.tsx(3,467): error TS1005: ';' expected.
src/pages/ProductInventory.tsx(3,483): error TS1005: ';' expected.
src/pages/ProductInventory.tsx(3,491): error TS1005: ';' expected.
src/pages/ProductInventory.tsx(3,512): error TS1005: ';' expected.
src/pages/ProductInventory.tsx(3,540): error TS1005: ';' expected.
src/pages/ProductInventory.tsx(3,546): error TS1351: An identifier or keyword cannot immediately follow a numeric literal.
src/pages/ProductInventory.tsx(3,559): error TS1005: ';' expected.
src/pages/ProductInventory.tsx(3,573): error TS1005: ';' expected.
src/pages/ProductInventory.tsx(3,627): error TS1005: ';' expected.
src/pages/ProductInventory.tsx(3,630): error TS1005: ';' expected.
src/pages/ProductInventory.tsx(3,656): error TS1005: ';' expected.
src/pages/ProductInventory.tsx(3,660): error TS1005: ';' expected.
src/pages/ProductInventory.tsx(3,676): error TS1005: ';' expected.
src/pages/ProductInventory.tsx(3,684): error TS1005: ';' expected.
src/pages/ProductInventory.tsx(3,705): error TS1005: ';' expected.
src/pages/ProductInventory.tsx(3,737): error TS1005: ';' expected.
src/pages/ProductInventory.tsx(3,743): error TS1351: An identifier or keyword cannot immediately follow a numeric literal.
src/pages/ProductInventory.tsx(3,756): error TS1005: ';' expected.
src/pages/ProductInventory.tsx(3,768): error TS1005: ';' expected.
src/pages/ProductInventory.tsx(3,877): error TS1005: ';' expected.
src/pages/ProductInventory.tsx(3,880): error TS1005: ';' expected.
src/pages/ProductInventory.tsx(3,906): error TS1005: ';' expected.
src/pages/ProductInventory.tsx(3,910): error TS1005: ';' expected.
src/pages/ProductInventory.tsx(3,926): error TS1005: ';' expected.
src/pages/ProductInventory.tsx(3,934): error TS1005: ';' expected.
src/pages/ProductInventory.tsx(3,955): error TS1005: ';' expected.
src/pages/ProductInventory.tsx(3,986): error TS1005: ';' expected.
src/pages/ProductInventory.tsx(3,992): error TS1351: An identifier or keyword cannot immediately follow a numeric literal.
src/pages/ProductInventory.tsx(3,1005): error TS1005: ';' expected.
src/pages/ProductInventory.tsx(3,1018): error TS1005: ';' expected.
src/pages/ProductInventory.tsx(3,1152): error TS1005: ';' expected.
src/pages/ProductInventory.tsx(3,1160): error TS1109: Expression expected.
src/pages/ProductInventory.tsx(3,1168): error TS1005: ';' expected.
src/pages/ProductInventory.tsx(3,1205): error TS1005: ';' expected.
src/pages/ProductInventory.tsx(3,1214): error TS1005: ';' expected.
src/pages/ProductInventory.tsx(3,1277): error TS1005: ';' expected.
src/pages/ProductInventory.tsx(3,1286): error TS1005: ';' expected.
src/pages/ProductInventory.tsx(3,1305): error TS1005: ';' expected.
src/pages/ProductInventory.tsx(3,1322): error TS1005: ';' expected.
src/pages/ProductInventory.tsx(3,1327): error TS1005: ';' expected.
src/pages/ProductInventory.tsx(3,1350): error TS1005: ';' expected.
src/pages/ProductInventory.tsx(3,1454): error TS1005: ';' expected.
src/pages/ProductInventory.tsx(3,1463): error TS1005: ';' expected.
src/pages/ProductInventory.tsx(3,1476): error TS1005: ';' expected.
src/pages/ProductInventory.tsx(3,1483): error TS1005: ';' expected.
src/pages/ProductInventory.tsx(3,1508): error TS1005: ';' expected.
src/pages/ProductInventory.tsx(3,1615): error TS1005: ';' expected.
src/pages/ProductInventory.tsx(3,1625): error TS1005: ';' expected.
src/pages/ProductInventory.tsx(3,1638): error TS1005: ';' expected.
src/pages/ProductInventory.tsx(3,1645): error TS1005: ';' expected.
src/pages/ProductInventory.tsx(3,1670): error TS1005: ';' expected.
src/pages/ProductInventory.tsx(3,1789): error TS1005: ';' expected.
src/pages/ProductInventory.tsx(3,1798): error TS1005: ';' expected.
src/pages/ProductInventory.tsx(3,1811): error TS1005: ';' expected.
src/pages/ProductInventory.tsx(3,1818): error TS1005: ';' expected.
src/pages/ProductInventory.tsx(3,1843): error TS1005: ';' expected.
src/pages/ProductInventory.tsx(3,1856): error TS1005: ';' expected.
src/pages/ProductInventory.tsx(3,1973): error TS1005: ';' expected.
src/pages/ProductInventory.tsx(3,1984): error TS1005: ';' expected.
src/pages/ProductInventory.tsx(3,1997): error TS1005: ';' expected.
src/pages/ProductInventory.tsx(3,2004): error TS1005: ';' expected.
src/pages/ProductInventory.tsx(3,2075): error TS1005: ';' expected.
src/pages/ProductInventory.tsx(3,2092): error TS1005: ';' expected.
src/pages/ProductInventory.tsx(3,2102): error TS1005: ';' expected.
src/pages/ProductInventory.tsx(3,2122): error TS1005: ';' expected.
src/pages/ProductInventory.tsx(3,2126): error TS1005: ';' expected.
src/pages/ProductInventory.tsx(3,2129): error TS1005: ';' expected.
src/pages/ProductInventory.tsx(3,2215): error TS1005: ';' expected.
src/pages/ProductInventory.tsx(3,2224): error TS1005: ';' expected.
src/pages/ProductInventory.tsx(3,2284): error TS1005: ';' expected.
src/pages/ProductInventory.tsx(3,2293): error TS1005: ';' expected.
src/pages/ProductInventory.tsx(3,2367): error TS1005: ';' expected.
src/pages/ProductInventory.tsx(3,2389): error TS1005: ';' expected.
src/pages/ProductInventory.tsx(3,2401): error TS1005: ';' expected.
src/pages/ProductInventory.tsx(3,2405): error TS1005: ';' expected.
src/pages/ProductInventory.tsx(3,2479): error TS1005: ';' expected.
src/pages/ProductInventory.tsx(3,2483): error TS1005: ';' expected.
src/pages/ProductInventory.tsx(3,2490): error TS1434: Unexpected keyword or identifier.
src/pages/ProductInventory.tsx(3,2506): error TS1005: ';' expected.
src/pages/ProductInventory.tsx(3,2520): error TS1005: ';' expected.
src/pages/ProductInventory.tsx(3,2538): error TS1005: ';' expected.
src/pages/ProductInventory.tsx(3,2553): error TS1005: ';' expected.
src/pages/ProductInventory.tsx(3,2604): error TS1005: ';' expected.
src/pages/ProductInventory.tsx(3,2610): error TS1005: ';' expected.
src/pages/ProductInventory.tsx(3,2626): error TS1005: ';' expected.
src/pages/ProductInventory.tsx(3,2639): error TS1005: ';' expected.
src/pages/ProductInventory.tsx(3,2666): error TS1005: ';' expected.
src/pages/ProductInventory.tsx(3,2674): error TS1005: ';' expected.
src/pages/ProductInventory.tsx(3,2695): error TS1005: ';' expected.
src/pages/ProductInventory.tsx(3,2736): error TS1005: ';' expected.
src/pages/ProductInventory.tsx(3,2747): error TS1005: ';' expected.
src/pages/ProductInventory.tsx(3,2759): error TS1005: ';' expected.
src/pages/ProductInventory.tsx(3,2806): error TS1005: ';' expected.
src/pages/ProductInventory.tsx(3,2818): error TS1005: ';' expected.
src/pages/ProductInventory.tsx(3,2843): error TS1005: ';' expected.
src/pages/ProductInventory.tsx(3,2850): error TS1005: ';' expected.
src/pages/ProductInventory.tsx(3,2887): error TS1005: ';' expected.
src/pages/ProductInventory.tsx(3,2902): error TS1005: ';' expected.
src/pages/ProductInventory.tsx(3,2952): error TS1005: ';' expected.
src/pages/ProductInventory.tsx(3,2956): error TS1005: ';' expected.
src/pages/ProductInventory.tsx(3,2959): error TS1005: ';' expected.
src/pages/ProductInventory.tsx(3,2981): error TS1005: ';' expected.
src/pages/ProductInventory.tsx(3,2985): error TS1005: ';' expected.
src/pages/ProductInventory.tsx(3,2988): error TS1005: ';' expected.
src/pages/ProductInventory.tsx(3,3059): error TS1002: Unterminated string literal.
src/pages/ProductInventory.tsx(4,3): error TS1128: Declaration or statement expected.
src/pages/ProductionPackaging.tsx(3,80): error TS1003: Identifier expected.
src/pages/ProductionPackaging.tsx(3,201): error TS1005: ';' expected.
src/pages/ProductionPackaging.tsx(3,218): error TS1005: ';' expected.
src/pages/ProductionPackaging.tsx(3,223): error TS1005: ';' expected.
src/pages/ProductionPackaging.tsx(3,243): error TS1005: ';' expected.
src/pages/ProductionPackaging.tsx(3,246): error TS1005: ';' expected.
src/pages/ProductionPackaging.tsx(3,272): error TS1005: ';' expected.
src/pages/ProductionPackaging.tsx(3,276): error TS1005: ';' expected.
src/pages/ProductionPackaging.tsx(3,292): error TS1005: ';' expected.
src/pages/ProductionPackaging.tsx(3,300): error TS1005: ';' expected.
src/pages/ProductionPackaging.tsx(3,321): error TS1005: ';' expected.
src/pages/ProductionPackaging.tsx(3,350): error TS1005: ';' expected.
src/pages/ProductionPackaging.tsx(3,356): error TS1351: An identifier or keyword cannot immediately follow a numeric literal.
src/pages/ProductionPackaging.tsx(3,368): error TS1005: ';' expected.
src/pages/ProductionPackaging.tsx(3,432): error TS1005: ';' expected.
src/pages/ProductionPackaging.tsx(3,435): error TS1005: ';' expected.
src/pages/ProductionPackaging.tsx(3,461): error TS1005: ';' expected.
src/pages/ProductionPackaging.tsx(3,465): error TS1005: ';' expected.
src/pages/ProductionPackaging.tsx(3,481): error TS1005: ';' expected.
src/pages/ProductionPackaging.tsx(3,489): error TS1005: ';' expected.
src/pages/ProductionPackaging.tsx(3,510): error TS1005: ';' expected.
src/pages/ProductionPackaging.tsx(3,541): error TS1005: ';' expected.
src/pages/ProductionPackaging.tsx(3,547): error TS1351: An identifier or keyword cannot immediately follow a numeric literal.
src/pages/ProductionPackaging.tsx(3,560): error TS1005: ';' expected.
src/pages/ProductionPackaging.tsx(3,573): error TS1005: ';' expected.
src/pages/ProductionPackaging.tsx(3,630): error TS1005: ';' expected.
src/pages/ProductionPackaging.tsx(3,633): error TS1005: ';' expected.
src/pages/ProductionPackaging.tsx(3,659): error TS1005: ';' expected.
src/pages/ProductionPackaging.tsx(3,663): error TS1005: ';' expected.
src/pages/ProductionPackaging.tsx(3,679): error TS1005: ';' expected.
src/pages/ProductionPackaging.tsx(3,687): error TS1005: ';' expected.
src/pages/ProductionPackaging.tsx(3,708): error TS1005: ';' expected.
src/pages/ProductionPackaging.tsx(3,737): error TS1005: ';' expected.
src/pages/ProductionPackaging.tsx(3,743): error TS1351: An identifier or keyword cannot immediately follow a numeric literal.
src/pages/ProductionPackaging.tsx(3,756): error TS1005: ';' expected.
src/pages/ProductionPackaging.tsx(3,770): error TS1005: ';' expected.
src/pages/ProductionPackaging.tsx(3,826): error TS1005: ';' expected.
src/pages/ProductionPackaging.tsx(3,829): error TS1005: ';' expected.
src/pages/ProductionPackaging.tsx(3,855): error TS1005: ';' expected.
src/pages/ProductionPackaging.tsx(3,859): error TS1005: ';' expected.
src/pages/ProductionPackaging.tsx(3,875): error TS1005: ';' expected.
src/pages/ProductionPackaging.tsx(3,883): error TS1005: ';' expected.
src/pages/ProductionPackaging.tsx(3,904): error TS1005: ';' expected.
src/pages/ProductionPackaging.tsx(3,936): error TS1005: ';' expected.
src/pages/ProductionPackaging.tsx(3,942): error TS1351: An identifier or keyword cannot immediately follow a numeric literal.
src/pages/ProductionPackaging.tsx(3,954): error TS1005: ';' expected.
src/pages/ProductionPackaging.tsx(3,1111): error TS1005: ';' expected.
src/pages/ProductionPackaging.tsx(3,1120): error TS1005: ';' expected.
src/pages/ProductionPackaging.tsx(3,1189): error TS1005: ';' expected.
src/pages/ProductionPackaging.tsx(3,1198): error TS1005: ';' expected.
src/pages/ProductionPackaging.tsx(3,1274): error TS1005: ';' expected.
src/pages/ProductionPackaging.tsx(3,1296): error TS1005: ';' expected.
src/pages/ProductionPackaging.tsx(3,1308): error TS1005: ';' expected.
src/pages/ProductionPackaging.tsx(3,1312): error TS1005: ';' expected.
src/pages/ProductionPackaging.tsx(3,1399): error TS1005: ';' expected.
src/pages/ProductionPackaging.tsx(3,1403): error TS1005: ';' expected.
src/pages/ProductionPackaging.tsx(3,1410): error TS1434: Unexpected keyword or identifier.
src/pages/ProductionPackaging.tsx(3,1426): error TS1005: ';' expected.
src/pages/ProductionPackaging.tsx(3,1440): error TS1005: ';' expected.
src/pages/ProductionPackaging.tsx(3,1458): error TS1005: ';' expected.
src/pages/ProductionPackaging.tsx(3,1473): error TS1005: ';' expected.
src/pages/ProductionPackaging.tsx(3,1519): error TS1005: ';' expected.
src/pages/ProductionPackaging.tsx(3,1525): error TS1005: ';' expected.
src/pages/ProductionPackaging.tsx(3,1541): error TS1005: ';' expected.
src/pages/ProductionPackaging.tsx(3,1554): error TS1005: ';' expected.
src/pages/ProductionPackaging.tsx(3,1582): error TS1005: ';' expected.
src/pages/ProductionPackaging.tsx(3,1590): error TS1005: ';' expected.
src/pages/ProductionPackaging.tsx(3,1611): error TS1005: ';' expected.
src/pages/ProductionPackaging.tsx(3,1690): error TS1005: ';' expected.
src/pages/ProductionPackaging.tsx(3,1704): error TS1005: ';' expected.
src/pages/ProductionPackaging.tsx(3,1716): error TS1005: ';' expected.
src/pages/ProductionPackaging.tsx(3,1739): error TS1005: ';' expected.
src/pages/ProductionPackaging.tsx(3,1746): error TS1005: ';' expected.
src/pages/ProductionPackaging.tsx(3,1816): error TS1002: Unterminated string literal.
src/pages/ProductionPackaging.tsx(4,3): error TS1128: Declaration or statement expected.
src/pages/ProductionPlanning.tsx(3,90): error TS1003: Identifier expected.
src/pages/ProductionPlanning.tsx(3,201): error TS1005: ';' expected.
src/pages/ProductionPlanning.tsx(3,218): error TS1005: ';' expected.
src/pages/ProductionPlanning.tsx(3,223): error TS1005: ';' expected.
src/pages/ProductionPlanning.tsx(3,243): error TS1005: ';' expected.
src/pages/ProductionPlanning.tsx(3,246): error TS1005: ';' expected.
src/pages/ProductionPlanning.tsx(3,272): error TS1005: ';' expected.
src/pages/ProductionPlanning.tsx(3,276): error TS1005: ';' expected.
src/pages/ProductionPlanning.tsx(3,292): error TS1005: ';' expected.
src/pages/ProductionPlanning.tsx(3,300): error TS1005: ';' expected.
src/pages/ProductionPlanning.tsx(3,321): error TS1005: ';' expected.
src/pages/ProductionPlanning.tsx(3,352): error TS1005: ';' expected.
src/pages/ProductionPlanning.tsx(3,358): error TS1351: An identifier or keyword cannot immediately follow a numeric literal.
src/pages/ProductionPlanning.tsx(3,370): error TS1005: ';' expected.
src/pages/ProductionPlanning.tsx(3,430): error TS1005: ';' expected.
src/pages/ProductionPlanning.tsx(3,433): error TS1005: ';' expected.
src/pages/ProductionPlanning.tsx(3,459): error TS1005: ';' expected.
src/pages/ProductionPlanning.tsx(3,463): error TS1005: ';' expected.
src/pages/ProductionPlanning.tsx(3,479): error TS1005: ';' expected.
src/pages/ProductionPlanning.tsx(3,487): error TS1005: ';' expected.
src/pages/ProductionPlanning.tsx(3,508): error TS1005: ';' expected.
src/pages/ProductionPlanning.tsx(3,537): error TS1005: ';' expected.
src/pages/ProductionPlanning.tsx(3,543): error TS1351: An identifier or keyword cannot immediately follow a numeric literal.
src/pages/ProductionPlanning.tsx(3,556): error TS1005: ';' expected.
src/pages/ProductionPlanning.tsx(3,570): error TS1005: ';' expected.
src/pages/ProductionPlanning.tsx(3,626): error TS1005: ';' expected.
src/pages/ProductionPlanning.tsx(3,629): error TS1005: ';' expected.
src/pages/ProductionPlanning.tsx(3,655): error TS1005: ';' expected.
src/pages/ProductionPlanning.tsx(3,659): error TS1005: ';' expected.
src/pages/ProductionPlanning.tsx(3,675): error TS1005: ';' expected.
src/pages/ProductionPlanning.tsx(3,683): error TS1005: ';' expected.
src/pages/ProductionPlanning.tsx(3,704): error TS1005: ';' expected.
src/pages/ProductionPlanning.tsx(3,735): error TS1005: ';' expected.
src/pages/ProductionPlanning.tsx(3,741): error TS1351: An identifier or keyword cannot immediately follow a numeric literal.
src/pages/ProductionPlanning.tsx(3,754): error TS1005: ';' expected.
src/pages/ProductionPlanning.tsx(3,767): error TS1005: ';' expected.
src/pages/ProductionPlanning.tsx(3,821): error TS1005: ';' expected.
src/pages/ProductionPlanning.tsx(3,874): error TS1005: ';' expected.
src/pages/ProductionPlanning.tsx(3,877): error TS1005: ';' expected.
src/pages/ProductionPlanning.tsx(3,903): error TS1005: ';' expected.
src/pages/ProductionPlanning.tsx(3,907): error TS1005: ';' expected.
src/pages/ProductionPlanning.tsx(3,923): error TS1005: ';' expected.
src/pages/ProductionPlanning.tsx(3,931): error TS1005: ';' expected.
src/pages/ProductionPlanning.tsx(3,952): error TS1005: ';' expected.
src/pages/ProductionPlanning.tsx(3,984): error TS1005: ';' expected.
src/pages/ProductionPlanning.tsx(3,990): error TS1351: An identifier or keyword cannot immediately follow a numeric literal.
src/pages/ProductionPlanning.tsx(3,1002): error TS1005: ';' expected.
src/pages/ProductionPlanning.tsx(3,1151): error TS1005: ';' expected.
src/pages/ProductionPlanning.tsx(3,1160): error TS1005: ';' expected.
src/pages/ProductionPlanning.tsx(3,1223): error TS1005: ';' expected.
src/pages/ProductionPlanning.tsx(3,1232): error TS1005: ';' expected.
src/pages/ProductionPlanning.tsx(3,1304): error TS1005: ';' expected.
src/pages/ProductionPlanning.tsx(3,1326): error TS1005: ';' expected.
src/pages/ProductionPlanning.tsx(3,1338): error TS1005: ';' expected.
src/pages/ProductionPlanning.tsx(3,1342): error TS1005: ';' expected.
src/pages/ProductionPlanning.tsx(3,1425): error TS1005: ';' expected.
src/pages/ProductionPlanning.tsx(3,1429): error TS1005: ';' expected.
src/pages/ProductionPlanning.tsx(3,1436): error TS1434: Unexpected keyword or identifier.
src/pages/ProductionPlanning.tsx(3,1452): error TS1005: ';' expected.
src/pages/ProductionPlanning.tsx(3,1466): error TS1005: ';' expected.
src/pages/ProductionPlanning.tsx(3,1484): error TS1005: ';' expected.
src/pages/ProductionPlanning.tsx(3,1499): error TS1005: ';' expected.
src/pages/ProductionPlanning.tsx(3,1545): error TS1005: ';' expected.
src/pages/ProductionPlanning.tsx(3,1551): error TS1005: ';' expected.
src/pages/ProductionPlanning.tsx(3,1567): error TS1005: ';' expected.
src/pages/ProductionPlanning.tsx(3,1580): error TS1005: ';' expected.
src/pages/ProductionPlanning.tsx(3,1615): error TS1005: ';' expected.
src/pages/ProductionPlanning.tsx(3,1623): error TS1005: ';' expected.
src/pages/ProductionPlanning.tsx(3,1644): error TS1005: ';' expected.
src/pages/ProductionPlanning.tsx(3,1704): error TS1005: ';' expected.
src/pages/ProductionPlanning.tsx(3,1718): error TS1005: ';' expected.
src/pages/ProductionPlanning.tsx(3,1730): error TS1005: ';' expected.
src/pages/ProductionPlanning.tsx(3,1753): error TS1005: ';' expected.
src/pages/ProductionPlanning.tsx(3,1760): error TS1005: ';' expected.
src/pages/ProductionPlanning.tsx(3,1830): error TS1002: Unterminated string literal.
src/pages/ProductionPlanning.tsx(4,3): error TS1128: Declaration or statement expected.
src/pages/ProductionSchedulingGantt.tsx(20,49): error TS1003: Identifier expected.
src/pages/ProductionSchedulingGantt.tsx(20,125): error TS1002: Unterminated string literal.
src/pages/ProductionSchedulingGantt.tsx(21,7): error TS1128: Declaration or statement expected.
src/pages/ProductionSchedulingGantt.tsx(23,7): error TS2657: JSX expressions must have one parent element.
src/pages/ProductionSchedulingGantt.tsx(72,5): error TS1128: Declaration or statement expected.
src/pages/ProductionSchedulingGantt.tsx(73,3): error TS1109: Expression expected.
src/pages/ProductMaster.tsx(3,72): error TS1003: Identifier expected.
src/pages/ProductMaster.tsx(3,186): error TS1005: ';' expected.
src/pages/ProductMaster.tsx(3,203): error TS1005: ';' expected.
src/pages/ProductMaster.tsx(3,208): error TS1005: ';' expected.
src/pages/ProductMaster.tsx(3,228): error TS1005: ';' expected.
src/pages/ProductMaster.tsx(3,231): error TS1005: ';' expected.
src/pages/ProductMaster.tsx(3,257): error TS1005: ';' expected.
src/pages/ProductMaster.tsx(3,261): error TS1005: ';' expected.
src/pages/ProductMaster.tsx(3,277): error TS1005: ';' expected.
src/pages/ProductMaster.tsx(3,285): error TS1005: ';' expected.
src/pages/ProductMaster.tsx(3,306): error TS1005: ';' expected.
src/pages/ProductMaster.tsx(3,340): error TS1005: ';' expected.
src/pages/ProductMaster.tsx(3,346): error TS1351: An identifier or keyword cannot immediately follow a numeric literal.
src/pages/ProductMaster.tsx(3,358): error TS1005: ';' expected.
src/pages/ProductMaster.tsx(3,420): error TS1005: ';' expected.
src/pages/ProductMaster.tsx(3,423): error TS1005: ';' expected.
src/pages/ProductMaster.tsx(3,449): error TS1005: ';' expected.
src/pages/ProductMaster.tsx(3,453): error TS1005: ';' expected.
src/pages/ProductMaster.tsx(3,469): error TS1005: ';' expected.
src/pages/ProductMaster.tsx(3,477): error TS1005: ';' expected.
src/pages/ProductMaster.tsx(3,498): error TS1005: ';' expected.
src/pages/ProductMaster.tsx(3,532): error TS1005: ';' expected.
src/pages/ProductMaster.tsx(3,538): error TS1351: An identifier or keyword cannot immediately follow a numeric literal.
src/pages/ProductMaster.tsx(3,551): error TS1005: ';' expected.
src/pages/ProductMaster.tsx(3,566): error TS1005: ';' expected.
src/pages/ProductMaster.tsx(3,618): error TS1005: ';' expected.
src/pages/ProductMaster.tsx(3,621): error TS1005: ';' expected.
src/pages/ProductMaster.tsx(3,647): error TS1005: ';' expected.
src/pages/ProductMaster.tsx(3,651): error TS1005: ';' expected.
src/pages/ProductMaster.tsx(3,667): error TS1005: ';' expected.
src/pages/ProductMaster.tsx(3,675): error TS1005: ';' expected.
src/pages/ProductMaster.tsx(3,696): error TS1005: ';' expected.
src/pages/ProductMaster.tsx(3,724): error TS1005: ';' expected.
src/pages/ProductMaster.tsx(3,730): error TS1351: An identifier or keyword cannot immediately follow a numeric literal.
src/pages/ProductMaster.tsx(3,743): error TS1005: ';' expected.
src/pages/ProductMaster.tsx(3,757): error TS1005: ';' expected.
src/pages/ProductMaster.tsx(3,812): error TS1005: ';' expected.
src/pages/ProductMaster.tsx(3,815): error TS1005: ';' expected.
src/pages/ProductMaster.tsx(3,841): error TS1005: ';' expected.
src/pages/ProductMaster.tsx(3,845): error TS1005: ';' expected.
src/pages/ProductMaster.tsx(3,861): error TS1005: ';' expected.
src/pages/ProductMaster.tsx(3,869): error TS1005: ';' expected.
src/pages/ProductMaster.tsx(3,890): error TS1005: ';' expected.
src/pages/ProductMaster.tsx(3,918): error TS1005: ';' expected.
src/pages/ProductMaster.tsx(3,924): error TS1351: An identifier or keyword cannot immediately follow a numeric literal.
src/pages/ProductMaster.tsx(3,936): error TS1005: ';' expected.
src/pages/ProductMaster.tsx(3,1066): error TS1005: ';' expected.
src/pages/ProductMaster.tsx(3,1074): error TS1109: Expression expected.
src/pages/ProductMaster.tsx(3,1082): error TS1005: ';' expected.
src/pages/ProductMaster.tsx(3,1119): error TS1005: ';' expected.
src/pages/ProductMaster.tsx(3,1128): error TS1005: ';' expected.
src/pages/ProductMaster.tsx(3,1194): error TS1005: ';' expected.
src/pages/ProductMaster.tsx(3,1203): error TS1005: ';' expected.
src/pages/ProductMaster.tsx(3,1222): error TS1005: ';' expected.
src/pages/ProductMaster.tsx(3,1239): error TS1005: ';' expected.
src/pages/ProductMaster.tsx(3,1244): error TS1005: ';' expected.
src/pages/ProductMaster.tsx(3,1267): error TS1005: ';' expected.
src/pages/ProductMaster.tsx(3,1275): error TS1434: Unexpected keyword or identifier.
src/pages/ProductMaster.tsx(3,1390): error TS1005: ';' expected.
src/pages/ProductMaster.tsx(3,1399): error TS1005: ';' expected.
src/pages/ProductMaster.tsx(3,1412): error TS1005: ';' expected.
src/pages/ProductMaster.tsx(3,1419): error TS1005: ';' expected.
src/pages/ProductMaster.tsx(3,1444): error TS1005: ';' expected.
src/pages/ProductMaster.tsx(3,1551): error TS1005: ';' expected.
src/pages/ProductMaster.tsx(3,1561): error TS1005: ';' expected.
src/pages/ProductMaster.tsx(3,1574): error TS1005: ';' expected.
src/pages/ProductMaster.tsx(3,1581): error TS1005: ';' expected.
src/pages/ProductMaster.tsx(3,1606): error TS1005: ';' expected.
src/pages/ProductMaster.tsx(3,1725): error TS1005: ';' expected.
src/pages/ProductMaster.tsx(3,1739): error TS1005: ';' expected.
src/pages/ProductMaster.tsx(3,1752): error TS1005: ';' expected.
src/pages/ProductMaster.tsx(3,1759): error TS1005: ';' expected.
src/pages/ProductMaster.tsx(3,1784): error TS1005: ';' expected.
src/pages/ProductMaster.tsx(3,1839): error TS1005: ';' expected.
src/pages/ProductMaster.tsx(3,1849): error TS1005: ';' expected.
src/pages/ProductMaster.tsx(3,1862): error TS1005: ';' expected.
src/pages/ProductMaster.tsx(3,1869): error TS1005: ';' expected.
src/pages/ProductMaster.tsx(3,1946): error TS1005: ';' expected.
src/pages/ProductMaster.tsx(3,1963): error TS1005: ';' expected.
src/pages/ProductMaster.tsx(3,1976): error TS1005: ';' expected.
src/pages/ProductMaster.tsx(3,1996): error TS1005: ';' expected.
src/pages/ProductMaster.tsx(3,2000): error TS1005: ';' expected.
src/pages/ProductMaster.tsx(3,2003): error TS1005: ';' expected.
src/pages/ProductMaster.tsx(3,2089): error TS1005: ';' expected.
src/pages/ProductMaster.tsx(3,2098): error TS1005: ';' expected.
src/pages/ProductMaster.tsx(3,2158): error TS1005: ';' expected.
src/pages/ProductMaster.tsx(3,2167): error TS1005: ';' expected.
src/pages/ProductMaster.tsx(3,2241): error TS1005: ';' expected.
src/pages/ProductMaster.tsx(3,2263): error TS1005: ';' expected.
src/pages/ProductMaster.tsx(3,2275): error TS1005: ';' expected.
src/pages/ProductMaster.tsx(3,2279): error TS1005: ';' expected.
src/pages/ProductMaster.tsx(3,2353): error TS1005: ';' expected.
src/pages/ProductMaster.tsx(3,2357): error TS1005: ';' expected.
src/pages/ProductMaster.tsx(3,2364): error TS1434: Unexpected keyword or identifier.
src/pages/ProductMaster.tsx(3,2380): error TS1005: ';' expected.
src/pages/ProductMaster.tsx(3,2394): error TS1005: ';' expected.
src/pages/ProductMaster.tsx(3,2412): error TS1005: ';' expected.
src/pages/ProductMaster.tsx(3,2427): error TS1005: ';' expected.
src/pages/ProductMaster.tsx(3,2478): error TS1005: ';' expected.
src/pages/ProductMaster.tsx(3,2484): error TS1005: ';' expected.
src/pages/ProductMaster.tsx(3,2500): error TS1005: ';' expected.
src/pages/ProductMaster.tsx(3,2513): error TS1005: ';' expected.
src/pages/ProductMaster.tsx(3,2557): error TS1005: ';' expected.
src/pages/ProductMaster.tsx(3,2565): error TS1005: ';' expected.
src/pages/ProductMaster.tsx(3,2586): error TS1005: ';' expected.
src/pages/ProductMaster.tsx(3,2644): error TS1005: ';' expected.
src/pages/ProductMaster.tsx(3,2655): error TS1005: ';' expected.
src/pages/ProductMaster.tsx(3,2667): error TS1005: ';' expected.
src/pages/ProductMaster.tsx(3,2700): error TS1005: ';' expected.
src/pages/ProductMaster.tsx(3,2713): error TS1005: ';' expected.
src/pages/ProductMaster.tsx(3,2725): error TS1005: ';' expected.
src/pages/ProductMaster.tsx(3,2748): error TS1005: ';' expected.
src/pages/ProductMaster.tsx(3,2755): error TS1005: ';' expected.
src/pages/ProductMaster.tsx(3,2790): error TS1005: ';' expected.
src/pages/ProductMaster.tsx(3,2805): error TS1005: ';' expected.
src/pages/ProductMaster.tsx(3,2861): error TS1005: ';' expected.
src/pages/ProductMaster.tsx(3,2865): error TS1005: ';' expected.
src/pages/ProductMaster.tsx(3,2868): error TS1005: ';' expected.
src/pages/ProductMaster.tsx(3,2890): error TS1005: ';' expected.
src/pages/ProductMaster.tsx(3,2894): error TS1005: ';' expected.
src/pages/ProductMaster.tsx(3,2897): error TS1005: ';' expected.
src/pages/ProductMaster.tsx(3,2968): error TS1002: Unterminated string literal.
src/pages/ProductMaster.tsx(4,3): error TS1128: Declaration or statement expected.
src/pages/ProductRecommendations.tsx(3,78): error TS1003: Identifier expected.
src/pages/ProductRecommendations.tsx(3,198): error TS1005: ';' expected.
src/pages/ProductRecommendations.tsx(3,215): error TS1005: ';' expected.
src/pages/ProductRecommendations.tsx(3,220): error TS1005: ';' expected.
src/pages/ProductRecommendations.tsx(3,240): error TS1005: ';' expected.
src/pages/ProductRecommendations.tsx(3,243): error TS1005: ';' expected.
src/pages/ProductRecommendations.tsx(3,269): error TS1005: ';' expected.
src/pages/ProductRecommendations.tsx(3,273): error TS1005: ';' expected.
src/pages/ProductRecommendations.tsx(3,289): error TS1005: ';' expected.
src/pages/ProductRecommendations.tsx(3,297): error TS1005: ';' expected.
src/pages/ProductRecommendations.tsx(3,318): error TS1005: ';' expected.
src/pages/ProductRecommendations.tsx(3,353): error TS1005: ';' expected.
src/pages/ProductRecommendations.tsx(3,359): error TS1351: An identifier or keyword cannot immediately follow a numeric literal.
src/pages/ProductRecommendations.tsx(3,371): error TS1005: ';' expected.
src/pages/ProductRecommendations.tsx(3,429): error TS1005: ';' expected.
src/pages/ProductRecommendations.tsx(3,432): error TS1005: ';' expected.
src/pages/ProductRecommendations.tsx(3,458): error TS1005: ';' expected.
src/pages/ProductRecommendations.tsx(3,462): error TS1005: ';' expected.
src/pages/ProductRecommendations.tsx(3,478): error TS1005: ';' expected.
src/pages/ProductRecommendations.tsx(3,486): error TS1005: ';' expected.
src/pages/ProductRecommendations.tsx(3,507): error TS1005: ';' expected.
src/pages/ProductRecommendations.tsx(3,542): error TS1005: ';' expected.
src/pages/ProductRecommendations.tsx(3,548): error TS1351: An identifier or keyword cannot immediately follow a numeric literal.
src/pages/ProductRecommendations.tsx(3,561): error TS1005: ';' expected.
src/pages/ProductRecommendations.tsx(3,575): error TS1005: ';' expected.
src/pages/ProductRecommendations.tsx(3,636): error TS1005: ';' expected.
src/pages/ProductRecommendations.tsx(3,639): error TS1005: ';' expected.
src/pages/ProductRecommendations.tsx(3,665): error TS1005: ';' expected.
src/pages/ProductRecommendations.tsx(3,669): error TS1005: ';' expected.
src/pages/ProductRecommendations.tsx(3,685): error TS1005: ';' expected.
src/pages/ProductRecommendations.tsx(3,693): error TS1005: ';' expected.
src/pages/ProductRecommendations.tsx(3,714): error TS1005: ';' expected.
src/pages/ProductRecommendations.tsx(3,748): error TS1005: ';' expected.
src/pages/ProductRecommendations.tsx(3,754): error TS1351: An identifier or keyword cannot immediately follow a numeric literal.
src/pages/ProductRecommendations.tsx(3,767): error TS1005: ';' expected.
src/pages/ProductRecommendations.tsx(3,780): error TS1005: ';' expected.
src/pages/ProductRecommendations.tsx(3,955): error TS1005: ';' expected.
src/pages/ProductRecommendations.tsx(3,958): error TS1005: ';' expected.
src/pages/ProductRecommendations.tsx(3,984): error TS1005: ';' expected.
src/pages/ProductRecommendations.tsx(3,988): error TS1005: ';' expected.
src/pages/ProductRecommendations.tsx(3,1004): error TS1005: ';' expected.
src/pages/ProductRecommendations.tsx(3,1012): error TS1005: ';' expected.
src/pages/ProductRecommendations.tsx(3,1033): error TS1005: ';' expected.
src/pages/ProductRecommendations.tsx(3,1062): error TS1005: ';' expected.
src/pages/ProductRecommendations.tsx(3,1068): error TS1351: An identifier or keyword cannot immediately follow a numeric literal.
src/pages/ProductRecommendations.tsx(3,1080): error TS1005: ';' expected.
src/pages/ProductRecommendations.tsx(3,1230): error TS1005: ';' expected.
src/pages/ProductRecommendations.tsx(3,1239): error TS1005: ';' expected.
src/pages/ProductRecommendations.tsx(3,1306): error TS1005: ';' expected.
src/pages/ProductRecommendations.tsx(3,1315): error TS1005: ';' expected.
src/pages/ProductRecommendations.tsx(3,1385): error TS1005: ';' expected.
src/pages/ProductRecommendations.tsx(3,1407): error TS1005: ';' expected.
src/pages/ProductRecommendations.tsx(3,1419): error TS1005: ';' expected.
src/pages/ProductRecommendations.tsx(3,1423): error TS1005: ';' expected.
src/pages/ProductRecommendations.tsx(3,1502): error TS1005: ';' expected.
src/pages/ProductRecommendations.tsx(3,1506): error TS1005: ';' expected.
src/pages/ProductRecommendations.tsx(3,1513): error TS1434: Unexpected keyword or identifier.
src/pages/ProductRecommendations.tsx(3,1529): error TS1005: ';' expected.
src/pages/ProductRecommendations.tsx(3,1543): error TS1005: ';' expected.
src/pages/ProductRecommendations.tsx(3,1561): error TS1005: ';' expected.
src/pages/ProductRecommendations.tsx(3,1576): error TS1005: ';' expected.
src/pages/ProductRecommendations.tsx(3,1623): error TS1005: ';' expected.
src/pages/ProductRecommendations.tsx(3,1629): error TS1005: ';' expected.
src/pages/ProductRecommendations.tsx(3,1645): error TS1005: ';' expected.
src/pages/ProductRecommendations.tsx(3,1658): error TS1005: ';' expected.
src/pages/ProductRecommendations.tsx(3,1691): error TS1005: ';' expected.
src/pages/ProductRecommendations.tsx(3,1699): error TS1005: ';' expected.
src/pages/ProductRecommendations.tsx(3,1720): error TS1005: ';' expected.
src/pages/ProductRecommendations.tsx(3,1804): error TS1005: ';' expected.
src/pages/ProductRecommendations.tsx(3,1816): error TS1005: ';' expected.
src/pages/ProductRecommendations.tsx(3,1839): error TS1005: ';' expected.
src/pages/ProductRecommendations.tsx(3,1846): error TS1005: ';' expected.
src/pages/ProductRecommendations.tsx(3,1921): error TS1002: Unterminated string literal.
src/pages/ProductRecommendations.tsx(4,3): error TS1128: Declaration or statement expected.
src/pages/ProductReviewsRatings.tsx(45,49): error TS1003: Identifier expected.
src/pages/ProductReviewsRatings.tsx(45,109): error TS1002: Unterminated string literal.
src/pages/ProductReviewsRatings.tsx(46,7): error TS1128: Declaration or statement expected.
src/pages/ProductReviewsRatings.tsx(48,7): error TS2657: JSX expressions must have one parent element.
src/pages/ProductReviewsRatings.tsx(124,5): error TS1128: Declaration or statement expected.
src/pages/ProductReviewsRatings.tsx(125,3): error TS1109: Expression expected.
src/pages/ProductsDetail.tsx(49,22): error TS17008: JSX element 'Link' has no corresponding closing tag.
src/pages/ProductsDetail.tsx(54,56): error TS1003: Identifier expected.
src/pages/ProductsDetail.tsx(54,57): error TS1382: Unexpected token. Did you mean `{'>'}` or `&gt;`?
src/pages/ProductsDetail.tsx(54,58): error TS1002: Unterminated string literal.
src/pages/ProjectInfrastructure.tsx(3,84): error TS1003: Identifier expected.
src/pages/ProjectInfrastructure.tsx(3,153): error TS1005: ';' expected.
src/pages/ProjectInfrastructure.tsx(3,170): error TS1005: ';' expected.
src/pages/ProjectInfrastructure.tsx(3,175): error TS1005: ';' expected.
src/pages/ProjectInfrastructure.tsx(3,195): error TS1005: ';' expected.
src/pages/ProjectInfrastructure.tsx(3,198): error TS1005: ';' expected.
src/pages/ProjectInfrastructure.tsx(3,224): error TS1005: ';' expected.
src/pages/ProjectInfrastructure.tsx(3,228): error TS1005: ';' expected.
src/pages/ProjectInfrastructure.tsx(3,244): error TS1005: ';' expected.
src/pages/ProjectInfrastructure.tsx(3,252): error TS1005: ';' expected.
src/pages/ProjectInfrastructure.tsx(3,273): error TS1005: ';' expected.
src/pages/ProjectInfrastructure.tsx(3,301): error TS1005: ';' expected.
src/pages/ProjectInfrastructure.tsx(3,307): error TS1351: An identifier or keyword cannot immediately follow a numeric literal.
src/pages/ProjectInfrastructure.tsx(3,319): error TS1005: ';' expected.
src/pages/ProjectInfrastructure.tsx(3,381): error TS1005: ';' expected.
src/pages/ProjectInfrastructure.tsx(3,384): error TS1005: ';' expected.
src/pages/ProjectInfrastructure.tsx(3,410): error TS1005: ';' expected.
src/pages/ProjectInfrastructure.tsx(3,414): error TS1005: ';' expected.
src/pages/ProjectInfrastructure.tsx(3,430): error TS1005: ';' expected.
src/pages/ProjectInfrastructure.tsx(3,438): error TS1005: ';' expected.
src/pages/ProjectInfrastructure.tsx(3,459): error TS1005: ';' expected.
src/pages/ProjectInfrastructure.tsx(3,488): error TS1005: ';' expected.
src/pages/ProjectInfrastructure.tsx(3,494): error TS1351: An identifier or keyword cannot immediately follow a numeric literal.
src/pages/ProjectInfrastructure.tsx(3,507): error TS1005: ';' expected.
src/pages/ProjectInfrastructure.tsx(3,521): error TS1005: ';' expected.
src/pages/ProjectInfrastructure.tsx(3,577): error TS1005: ';' expected.
src/pages/ProjectInfrastructure.tsx(3,580): error TS1005: ';' expected.
src/pages/ProjectInfrastructure.tsx(3,606): error TS1005: ';' expected.
src/pages/ProjectInfrastructure.tsx(3,610): error TS1005: ';' expected.
src/pages/ProjectInfrastructure.tsx(3,626): error TS1005: ';' expected.
src/pages/ProjectInfrastructure.tsx(3,634): error TS1005: ';' expected.
src/pages/ProjectInfrastructure.tsx(3,655): error TS1005: ';' expected.
src/pages/ProjectInfrastructure.tsx(3,681): error TS1005: ';' expected.
src/pages/ProjectInfrastructure.tsx(3,687): error TS1351: An identifier or keyword cannot immediately follow a numeric literal.
src/pages/ProjectInfrastructure.tsx(3,700): error TS1005: ';' expected.
src/pages/ProjectInfrastructure.tsx(3,713): error TS1005: ';' expected.
src/pages/ProjectInfrastructure.tsx(3,758): error TS1005: ';' expected.
src/pages/ProjectInfrastructure.tsx(3,817): error TS1005: ';' expected.
src/pages/ProjectInfrastructure.tsx(3,820): error TS1005: ';' expected.
src/pages/ProjectInfrastructure.tsx(3,846): error TS1005: ';' expected.
src/pages/ProjectInfrastructure.tsx(3,850): error TS1005: ';' expected.
src/pages/ProjectInfrastructure.tsx(3,866): error TS1005: ';' expected.
src/pages/ProjectInfrastructure.tsx(3,874): error TS1005: ';' expected.
src/pages/ProjectInfrastructure.tsx(3,895): error TS1005: ';' expected.
src/pages/ProjectInfrastructure.tsx(3,927): error TS1005: ';' expected.
src/pages/ProjectInfrastructure.tsx(3,933): error TS1351: An identifier or keyword cannot immediately follow a numeric literal.
src/pages/ProjectInfrastructure.tsx(3,945): error TS1005: ';' expected.
src/pages/ProjectInfrastructure.tsx(3,1097): error TS1005: ';' expected.
src/pages/ProjectInfrastructure.tsx(3,1106): error TS1005: ';' expected.
src/pages/ProjectInfrastructure.tsx(3,1165): error TS1005: ';' expected.
src/pages/ProjectInfrastructure.tsx(3,1174): error TS1005: ';' expected.
src/pages/ProjectInfrastructure.tsx(3,1247): error TS1005: ';' expected.
src/pages/ProjectInfrastructure.tsx(3,1269): error TS1005: ';' expected.
src/pages/ProjectInfrastructure.tsx(3,1281): error TS1005: ';' expected.
src/pages/ProjectInfrastructure.tsx(3,1285): error TS1005: ';' expected.
src/pages/ProjectInfrastructure.tsx(3,1371): error TS1005: ';' expected.
src/pages/ProjectInfrastructure.tsx(3,1375): error TS1005: ';' expected.
src/pages/ProjectInfrastructure.tsx(3,1382): error TS1434: Unexpected keyword or identifier.
src/pages/ProjectInfrastructure.tsx(3,1398): error TS1005: ';' expected.
src/pages/ProjectInfrastructure.tsx(3,1412): error TS1005: ';' expected.
src/pages/ProjectInfrastructure.tsx(3,1430): error TS1005: ';' expected.
src/pages/ProjectInfrastructure.tsx(3,1445): error TS1005: ';' expected.
src/pages/ProjectInfrastructure.tsx(3,1492): error TS1005: ';' expected.
src/pages/ProjectInfrastructure.tsx(3,1498): error TS1005: ';' expected.
src/pages/ProjectInfrastructure.tsx(3,1514): error TS1005: ';' expected.
src/pages/ProjectInfrastructure.tsx(3,1527): error TS1005: ';' expected.
src/pages/ProjectInfrastructure.tsx(3,1560): error TS1005: ';' expected.
src/pages/ProjectInfrastructure.tsx(3,1568): error TS1005: ';' expected.
src/pages/ProjectInfrastructure.tsx(3,1589): error TS1005: ';' expected.
src/pages/ProjectInfrastructure.tsx(3,1650): error TS1005: ';' expected.
src/pages/ProjectInfrastructure.tsx(3,1664): error TS1005: ';' expected.
src/pages/ProjectInfrastructure.tsx(3,1676): error TS1005: ';' expected.
src/pages/ProjectInfrastructure.tsx(3,1699): error TS1005: ';' expected.
src/pages/ProjectInfrastructure.tsx(3,1706): error TS1005: ';' expected.
src/pages/ProjectInfrastructure.tsx(3,1772): error TS1002: Unterminated string literal.
src/pages/ProjectInfrastructure.tsx(4,3): error TS1128: Declaration or statement expected.
src/pages/PromotionDiscountCodes.tsx(45,49): error TS1003: Identifier expected.
src/pages/PromotionDiscountCodes.tsx(45,124): error TS1002: Unterminated string literal.
src/pages/PromotionDiscountCodes.tsx(46,7): error TS1128: Declaration or statement expected.
src/pages/PromotionDiscountCodes.tsx(48,7): error TS2657: JSX expressions must have one parent element.
src/pages/PromotionDiscountCodes.tsx(116,5): error TS1128: Declaration or statement expected.
src/pages/PromotionDiscountCodes.tsx(117,3): error TS1109: Expression expected.
src/pages/PropertyManagement.tsx(3,85): error TS1003: Identifier expected.
src/pages/PropertyManagement.tsx(3,166): error TS1005: ';' expected.
src/pages/PropertyManagement.tsx(3,183): error TS1005: ';' expected.
src/pages/PropertyManagement.tsx(3,188): error TS1005: ';' expected.
src/pages/PropertyManagement.tsx(3,208): error TS1005: ';' expected.
src/pages/PropertyManagement.tsx(3,211): error TS1005: ';' expected.
src/pages/PropertyManagement.tsx(3,237): error TS1005: ';' expected.
src/pages/PropertyManagement.tsx(3,241): error TS1005: ';' expected.
src/pages/PropertyManagement.tsx(3,257): error TS1005: ';' expected.
src/pages/PropertyManagement.tsx(3,265): error TS1005: ';' expected.
src/pages/PropertyManagement.tsx(3,286): error TS1005: ';' expected.
src/pages/PropertyManagement.tsx(3,316): error TS1005: ';' expected.
src/pages/PropertyManagement.tsx(3,322): error TS1351: An identifier or keyword cannot immediately follow a numeric literal.
src/pages/PropertyManagement.tsx(3,334): error TS1005: ';' expected.
src/pages/PropertyManagement.tsx(3,398): error TS1005: ';' expected.
src/pages/PropertyManagement.tsx(3,401): error TS1005: ';' expected.
src/pages/PropertyManagement.tsx(3,427): error TS1005: ';' expected.
src/pages/PropertyManagement.tsx(3,431): error TS1005: ';' expected.
src/pages/PropertyManagement.tsx(3,447): error TS1005: ';' expected.
src/pages/PropertyManagement.tsx(3,455): error TS1005: ';' expected.
src/pages/PropertyManagement.tsx(3,476): error TS1005: ';' expected.
src/pages/PropertyManagement.tsx(3,502): error TS1005: ';' expected.
src/pages/PropertyManagement.tsx(3,508): error TS1351: An identifier or keyword cannot immediately follow a numeric literal.
src/pages/PropertyManagement.tsx(3,521): error TS1005: ';' expected.
src/pages/PropertyManagement.tsx(3,535): error TS1005: ';' expected.
src/pages/PropertyManagement.tsx(3,588): error TS1005: ';' expected.
src/pages/PropertyManagement.tsx(3,591): error TS1005: ';' expected.
src/pages/PropertyManagement.tsx(3,617): error TS1005: ';' expected.
src/pages/PropertyManagement.tsx(3,621): error TS1005: ';' expected.
src/pages/PropertyManagement.tsx(3,637): error TS1005: ';' expected.
src/pages/PropertyManagement.tsx(3,645): error TS1005: ';' expected.
src/pages/PropertyManagement.tsx(3,666): error TS1005: ';' expected.
src/pages/PropertyManagement.tsx(3,697): error TS1005: ';' expected.
src/pages/PropertyManagement.tsx(3,703): error TS1351: An identifier or keyword cannot immediately follow a numeric literal.
src/pages/PropertyManagement.tsx(3,716): error TS1005: ';' expected.
src/pages/PropertyManagement.tsx(3,729): error TS1005: ';' expected.
src/pages/PropertyManagement.tsx(3,786): error TS1005: ';' expected.
src/pages/PropertyManagement.tsx(3,789): error TS1005: ';' expected.
src/pages/PropertyManagement.tsx(3,815): error TS1005: ';' expected.
src/pages/PropertyManagement.tsx(3,819): error TS1005: ';' expected.
src/pages/PropertyManagement.tsx(3,835): error TS1005: ';' expected.
src/pages/PropertyManagement.tsx(3,843): error TS1005: ';' expected.
src/pages/PropertyManagement.tsx(3,864): error TS1005: ';' expected.
src/pages/PropertyManagement.tsx(3,892): error TS1005: ';' expected.
src/pages/PropertyManagement.tsx(3,898): error TS1351: An identifier or keyword cannot immediately follow a numeric literal.
src/pages/PropertyManagement.tsx(3,910): error TS1005: ';' expected.
src/pages/PropertyManagement.tsx(3,1063): error TS1005: ';' expected.
src/pages/PropertyManagement.tsx(3,1072): error TS1005: ';' expected.
src/pages/PropertyManagement.tsx(3,1133): error TS1005: ';' expected.
src/pages/PropertyManagement.tsx(3,1142): error TS1005: ';' expected.
src/pages/PropertyManagement.tsx(3,1217): error TS1005: ';' expected.
src/pages/PropertyManagement.tsx(3,1239): error TS1005: ';' expected.
src/pages/PropertyManagement.tsx(3,1251): error TS1005: ';' expected.
src/pages/PropertyManagement.tsx(3,1255): error TS1005: ';' expected.
src/pages/PropertyManagement.tsx(3,1345): error TS1005: ';' expected.
src/pages/PropertyManagement.tsx(3,1349): error TS1005: ';' expected.
src/pages/PropertyManagement.tsx(3,1356): error TS1434: Unexpected keyword or identifier.
src/pages/PropertyManagement.tsx(3,1372): error TS1005: ';' expected.
src/pages/PropertyManagement.tsx(3,1386): error TS1005: ';' expected.
src/pages/PropertyManagement.tsx(3,1404): error TS1005: ';' expected.
src/pages/PropertyManagement.tsx(3,1419): error TS1005: ';' expected.
src/pages/PropertyManagement.tsx(3,1466): error TS1005: ';' expected.
src/pages/PropertyManagement.tsx(3,1472): error TS1005: ';' expected.
src/pages/PropertyManagement.tsx(3,1488): error TS1005: ';' expected.
src/pages/PropertyManagement.tsx(3,1501): error TS1005: ';' expected.
src/pages/PropertyManagement.tsx(3,1535): error TS1005: ';' expected.
src/pages/PropertyManagement.tsx(3,1543): error TS1005: ';' expected.
src/pages/PropertyManagement.tsx(3,1564): error TS1005: ';' expected.
src/pages/PropertyManagement.tsx(3,1621): error TS1005: ';' expected.
src/pages/PropertyManagement.tsx(3,1632): error TS1005: ';' expected.
src/pages/PropertyManagement.tsx(3,1644): error TS1005: ';' expected.
src/pages/PropertyManagement.tsx(3,1667): error TS1005: ';' expected.
src/pages/PropertyManagement.tsx(3,1674): error TS1005: ';' expected.
src/pages/PropertyManagement.tsx(3,1740): error TS1002: Unterminated string literal.
src/pages/PropertyManagement.tsx(4,3): error TS1128: Declaration or statement expected.
src/pages/PublicServicesDelivery.tsx(3,83): error TS1003: Identifier expected.
src/pages/PublicServicesDelivery.tsx(3,153): error TS1005: ';' expected.
src/pages/PublicServicesDelivery.tsx(3,170): error TS1005: ';' expected.
src/pages/PublicServicesDelivery.tsx(3,175): error TS1005: ';' expected.
src/pages/PublicServicesDelivery.tsx(3,195): error TS1005: ';' expected.
src/pages/PublicServicesDelivery.tsx(3,198): error TS1005: ';' expected.
src/pages/PublicServicesDelivery.tsx(3,224): error TS1005: ';' expected.
src/pages/PublicServicesDelivery.tsx(3,228): error TS1005: ';' expected.
src/pages/PublicServicesDelivery.tsx(3,244): error TS1005: ';' expected.
src/pages/PublicServicesDelivery.tsx(3,252): error TS1005: ';' expected.
src/pages/PublicServicesDelivery.tsx(3,273): error TS1005: ';' expected.
src/pages/PublicServicesDelivery.tsx(3,301): error TS1005: ';' expected.
src/pages/PublicServicesDelivery.tsx(3,307): error TS1351: An identifier or keyword cannot immediately follow a numeric literal.
src/pages/PublicServicesDelivery.tsx(3,319): error TS1005: ';' expected.
src/pages/PublicServicesDelivery.tsx(3,381): error TS1005: ';' expected.
src/pages/PublicServicesDelivery.tsx(3,384): error TS1005: ';' expected.
src/pages/PublicServicesDelivery.tsx(3,410): error TS1005: ';' expected.
src/pages/PublicServicesDelivery.tsx(3,414): error TS1005: ';' expected.
src/pages/PublicServicesDelivery.tsx(3,430): error TS1005: ';' expected.
src/pages/PublicServicesDelivery.tsx(3,438): error TS1005: ';' expected.
src/pages/PublicServicesDelivery.tsx(3,459): error TS1005: ';' expected.
src/pages/PublicServicesDelivery.tsx(3,488): error TS1005: ';' expected.
src/pages/PublicServicesDelivery.tsx(3,494): error TS1351: An identifier or keyword cannot immediately follow a numeric literal.
src/pages/PublicServicesDelivery.tsx(3,507): error TS1005: ';' expected.
src/pages/PublicServicesDelivery.tsx(3,521): error TS1005: ';' expected.
src/pages/PublicServicesDelivery.tsx(3,577): error TS1005: ';' expected.
src/pages/PublicServicesDelivery.tsx(3,580): error TS1005: ';' expected.
src/pages/PublicServicesDelivery.tsx(3,606): error TS1005: ';' expected.
src/pages/PublicServicesDelivery.tsx(3,610): error TS1005: ';' expected.
src/pages/PublicServicesDelivery.tsx(3,626): error TS1005: ';' expected.
src/pages/PublicServicesDelivery.tsx(3,634): error TS1005: ';' expected.
src/pages/PublicServicesDelivery.tsx(3,655): error TS1005: ';' expected.
src/pages/PublicServicesDelivery.tsx(3,685): error TS1005: ';' expected.
src/pages/PublicServicesDelivery.tsx(3,691): error TS1351: An identifier or keyword cannot immediately follow a numeric literal.
src/pages/PublicServicesDelivery.tsx(3,704): error TS1005: ';' expected.
src/pages/PublicServicesDelivery.tsx(3,717): error TS1005: ';' expected.
src/pages/PublicServicesDelivery.tsx(3,762): error TS1005: ';' expected.
src/pages/PublicServicesDelivery.tsx(3,825): error TS1005: ';' expected.
src/pages/PublicServicesDelivery.tsx(3,828): error TS1005: ';' expected.
src/pages/PublicServicesDelivery.tsx(3,854): error TS1005: ';' expected.
src/pages/PublicServicesDelivery.tsx(3,858): error TS1005: ';' expected.
src/pages/PublicServicesDelivery.tsx(3,874): error TS1005: ';' expected.
src/pages/PublicServicesDelivery.tsx(3,882): error TS1005: ';' expected.
src/pages/PublicServicesDelivery.tsx(3,903): error TS1005: ';' expected.
src/pages/PublicServicesDelivery.tsx(3,935): error TS1005: ';' expected.
src/pages/PublicServicesDelivery.tsx(3,941): error TS1351: An identifier or keyword cannot immediately follow a numeric literal.
src/pages/PublicServicesDelivery.tsx(3,953): error TS1005: ';' expected.
src/pages/PublicServicesDelivery.tsx(3,1105): error TS1005: ';' expected.
src/pages/PublicServicesDelivery.tsx(3,1114): error TS1005: ';' expected.
src/pages/PublicServicesDelivery.tsx(3,1173): error TS1005: ';' expected.
src/pages/PublicServicesDelivery.tsx(3,1182): error TS1005: ';' expected.
src/pages/PublicServicesDelivery.tsx(3,1255): error TS1005: ';' expected.
src/pages/PublicServicesDelivery.tsx(3,1277): error TS1005: ';' expected.
src/pages/PublicServicesDelivery.tsx(3,1289): error TS1005: ';' expected.
src/pages/PublicServicesDelivery.tsx(3,1293): error TS1005: ';' expected.
src/pages/PublicServicesDelivery.tsx(3,1379): error TS1005: ';' expected.
src/pages/PublicServicesDelivery.tsx(3,1383): error TS1005: ';' expected.
src/pages/PublicServicesDelivery.tsx(3,1390): error TS1434: Unexpected keyword or identifier.
src/pages/PublicServicesDelivery.tsx(3,1406): error TS1005: ';' expected.
src/pages/PublicServicesDelivery.tsx(3,1420): error TS1005: ';' expected.
src/pages/PublicServicesDelivery.tsx(3,1438): error TS1005: ';' expected.
src/pages/PublicServicesDelivery.tsx(3,1453): error TS1005: ';' expected.
src/pages/PublicServicesDelivery.tsx(3,1499): error TS1005: ';' expected.
src/pages/PublicServicesDelivery.tsx(3,1505): error TS1005: ';' expected.
src/pages/PublicServicesDelivery.tsx(3,1521): error TS1005: ';' expected.
src/pages/PublicServicesDelivery.tsx(3,1534): error TS1005: ';' expected.
src/pages/PublicServicesDelivery.tsx(3,1567): error TS1005: ';' expected.
src/pages/PublicServicesDelivery.tsx(3,1575): error TS1005: ';' expected.
src/pages/PublicServicesDelivery.tsx(3,1596): error TS1005: ';' expected.
src/pages/PublicServicesDelivery.tsx(3,1666): error TS1005: ';' expected.
src/pages/PublicServicesDelivery.tsx(3,1680): error TS1005: ';' expected.
src/pages/PublicServicesDelivery.tsx(3,1692): error TS1005: ';' expected.
src/pages/PublicServicesDelivery.tsx(3,1715): error TS1005: ';' expected.
src/pages/PublicServicesDelivery.tsx(3,1722): error TS1005: ';' expected.
src/pages/PublicServicesDelivery.tsx(3,1788): error TS1002: Unterminated string literal.
src/pages/PublicServicesDelivery.tsx(4,3): error TS1128: Declaration or statement expected.
src/pages/PurchaseOrder.tsx(18,5): error TS2657: JSX expressions must have one parent element.
src/pages/PurchaseOrder.tsx(23,49): error TS1005: '}' expected.
src/pages/PurchaseOrder.tsx(23,134): error TS17002: Expected corresponding JSX closing tag for 'Breadcrumb'.
src/pages/PurchaseOrder.tsx(24,11): error TS17002: Expected corresponding JSX closing tag for 'StandardPage'.
src/pages/PurchaseOrder.tsx(26,7): error TS1005: ')' expected.
src/pages/PurchaseOrder.tsx(28,7): error TS2657: JSX expressions must have one parent element.
src/pages/PurchaseOrder.tsx(55,5): error TS1128: Declaration or statement expected.
src/pages/PurchaseOrder.tsx(56,3): error TS1109: Expression expected.
src/pages/PurchaseOrdersDetail.tsx(18,5): error TS2657: JSX expressions must have one parent element.
src/pages/PurchaseOrdersDetail.tsx(24,10): error TS17008: JSX element 'Link' has no corresponding closing tag.
src/pages/PurchaseOrdersDetail.tsx(27,9): error TS17002: Expected corresponding JSX closing tag for 'StandardPage'.
src/pages/PurchaseOrdersDetail.tsx(52,5): error TS1005: ')' expected.
src/pages/PurchaseOrdersDetail.tsx(53,3): error TS1109: Expression expected.
src/pages/PurchaseRequisitions.tsx(17,49): error TS1003: Identifier expected.
src/pages/PurchaseRequisitions.tsx(17,93): error TS1002: Unterminated string literal.
src/pages/PurchaseRequisitions.tsx(18,7): error TS1128: Declaration or statement expected.
src/pages/PurchaseRequisitions.tsx(20,7): error TS2657: JSX expressions must have one parent element.
src/pages/PurchaseRequisitions.tsx(64,5): error TS1128: Declaration or statement expected.
src/pages/PurchaseRequisitions.tsx(65,3): error TS1109: Expression expected.
src/pages/QMSCAPA.tsx(3,90): error TS1003: Identifier expected.
src/pages/QMSCAPA.tsx(3,217): error TS1005: ';' expected.
src/pages/QMSCAPA.tsx(3,234): error TS1005: ';' expected.
src/pages/QMSCAPA.tsx(3,239): error TS1005: ';' expected.
src/pages/QMSCAPA.tsx(3,259): error TS1005: ';' expected.
src/pages/QMSCAPA.tsx(3,262): error TS1005: ';' expected.
src/pages/QMSCAPA.tsx(3,288): error TS1005: ';' expected.
src/pages/QMSCAPA.tsx(3,292): error TS1005: ';' expected.
src/pages/QMSCAPA.tsx(3,308): error TS1005: ';' expected.
src/pages/QMSCAPA.tsx(3,316): error TS1005: ';' expected.
src/pages/QMSCAPA.tsx(3,337): error TS1005: ';' expected.
src/pages/QMSCAPA.tsx(3,369): error TS1005: ';' expected.
src/pages/QMSCAPA.tsx(3,375): error TS1351: An identifier or keyword cannot immediately follow a numeric literal.
src/pages/QMSCAPA.tsx(3,387): error TS1005: ';' expected.
src/pages/QMSCAPA.tsx(3,447): error TS1005: ';' expected.
src/pages/QMSCAPA.tsx(3,450): error TS1005: ';' expected.
src/pages/QMSCAPA.tsx(3,476): error TS1005: ';' expected.
src/pages/QMSCAPA.tsx(3,480): error TS1005: ';' expected.
src/pages/QMSCAPA.tsx(3,496): error TS1005: ';' expected.
src/pages/QMSCAPA.tsx(3,504): error TS1005: ';' expected.
src/pages/QMSCAPA.tsx(3,525): error TS1005: ';' expected.
src/pages/QMSCAPA.tsx(3,550): error TS1005: ';' expected.
src/pages/QMSCAPA.tsx(3,556): error TS1351: An identifier or keyword cannot immediately follow a numeric literal.
src/pages/QMSCAPA.tsx(3,569): error TS1005: ';' expected.
src/pages/QMSCAPA.tsx(3,584): error TS1005: ';' expected.
src/pages/QMSCAPA.tsx(3,636): error TS1005: ';' expected.
src/pages/QMSCAPA.tsx(3,639): error TS1005: ';' expected.
src/pages/QMSCAPA.tsx(3,665): error TS1005: ';' expected.
src/pages/QMSCAPA.tsx(3,669): error TS1005: ';' expected.
src/pages/QMSCAPA.tsx(3,685): error TS1005: ';' expected.
src/pages/QMSCAPA.tsx(3,693): error TS1005: ';' expected.
src/pages/QMSCAPA.tsx(3,714): error TS1005: ';' expected.
src/pages/QMSCAPA.tsx(3,738): error TS1005: ';' expected.
src/pages/QMSCAPA.tsx(3,744): error TS1351: An identifier or keyword cannot immediately follow a numeric literal.
src/pages/QMSCAPA.tsx(3,757): error TS1005: ';' expected.
src/pages/QMSCAPA.tsx(3,772): error TS1005: ';' expected.
src/pages/QMSCAPA.tsx(3,823): error TS1005: ';' expected.
src/pages/QMSCAPA.tsx(3,826): error TS1005: ';' expected.
src/pages/QMSCAPA.tsx(3,852): error TS1005: ';' expected.
src/pages/QMSCAPA.tsx(3,856): error TS1005: ';' expected.
src/pages/QMSCAPA.tsx(3,872): error TS1005: ';' expected.
src/pages/QMSCAPA.tsx(3,880): error TS1005: ';' expected.
src/pages/QMSCAPA.tsx(3,901): error TS1005: ';' expected.
src/pages/QMSCAPA.tsx(3,927): error TS1005: ';' expected.
src/pages/QMSCAPA.tsx(3,933): error TS1351: An identifier or keyword cannot immediately follow a numeric literal.
src/pages/QMSCAPA.tsx(3,946): error TS1005: ';' expected.
src/pages/QMSCAPA.tsx(3,960): error TS1005: ';' expected.
src/pages/QMSCAPA.tsx(3,1044): error TS1005: ';' expected.
src/pages/QMSCAPA.tsx(3,1053): error TS1005: ';' expected.
src/pages/QMSCAPA.tsx(3,1119): error TS1005: ';' expected.
src/pages/QMSCAPA.tsx(3,1128): error TS1005: ';' expected.
src/pages/QMSCAPA.tsx(3,1200): error TS1005: ';' expected.
src/pages/QMSCAPA.tsx(3,1222): error TS1005: ';' expected.
src/pages/QMSCAPA.tsx(3,1234): error TS1005: ';' expected.
src/pages/QMSCAPA.tsx(3,1238): error TS1005: ';' expected.
src/pages/QMSCAPA.tsx(3,1321): error TS1005: ';' expected.
src/pages/QMSCAPA.tsx(3,1325): error TS1005: ';' expected.
src/pages/QMSCAPA.tsx(3,1332): error TS1434: Unexpected keyword or identifier.
src/pages/QMSCAPA.tsx(3,1348): error TS1005: ';' expected.
src/pages/QMSCAPA.tsx(3,1362): error TS1005: ';' expected.
src/pages/QMSCAPA.tsx(3,1380): error TS1005: ';' expected.
src/pages/QMSCAPA.tsx(3,1395): error TS1005: ';' expected.
src/pages/QMSCAPA.tsx(3,1444): error TS1005: ';' expected.
src/pages/QMSCAPA.tsx(3,1450): error TS1005: ';' expected.
src/pages/QMSCAPA.tsx(3,1466): error TS1005: ';' expected.
src/pages/QMSCAPA.tsx(3,1479): error TS1005: ';' expected.
src/pages/QMSCAPA.tsx(3,1510): error TS1005: ';' expected.
src/pages/QMSCAPA.tsx(3,1518): error TS1005: ';' expected.
src/pages/QMSCAPA.tsx(3,1539): error TS1005: ';' expected.
src/pages/QMSCAPA.tsx(3,1615): error TS1005: ';' expected.
src/pages/QMSCAPA.tsx(3,1626): error TS1005: ';' expected.
src/pages/QMSCAPA.tsx(3,1638): error TS1005: ';' expected.
src/pages/QMSCAPA.tsx(3,1661): error TS1005: ';' expected.
src/pages/QMSCAPA.tsx(3,1668): error TS1005: ';' expected.
src/pages/QMSCAPA.tsx(3,1738): error TS1002: Unterminated string literal.
src/pages/QMSCAPA.tsx(4,3): error TS1128: Declaration or statement expected.
src/pages/QualityAssurance.tsx(8,49): error TS1003: Identifier expected.
src/pages/QualityAssurance.tsx(8,89): error TS1002: Unterminated string literal.
src/pages/QualityAssurance.tsx(9,7): error TS1128: Declaration or statement expected.
src/pages/QualityAssurance.tsx(15,5): error TS1128: Declaration or statement expected.
src/pages/QualityAssurance.tsx(16,3): error TS1109: Expression expected.
src/pages/QualityAssuranceHub.tsx(7,25): error TS1005: ')' expected.
src/pages/QualityAssuranceHub.tsx(7,33): error TS1434: Unexpected keyword or identifier.
src/pages/QualityAssuranceHub.tsx(7,42): error TS1128: Declaration or statement expected.
src/pages/QualityAssuranceHub.tsx(7,122): error TS1005: ';' expected.
src/pages/QualityAssuranceHub.tsx(13,5): error TS1128: Declaration or statement expected.
src/pages/QualityAssuranceHub.tsx(14,3): error TS1109: Expression expected.
src/pages/QualityCompliance.tsx(3,78): error TS1003: Identifier expected.
src/pages/QualityCompliance.tsx(3,180): error TS1005: ';' expected.
src/pages/QualityCompliance.tsx(3,197): error TS1005: ';' expected.
src/pages/QualityCompliance.tsx(3,202): error TS1005: ';' expected.
src/pages/QualityCompliance.tsx(3,222): error TS1005: ';' expected.
src/pages/QualityCompliance.tsx(3,225): error TS1005: ';' expected.
src/pages/QualityCompliance.tsx(3,251): error TS1005: ';' expected.
src/pages/QualityCompliance.tsx(3,255): error TS1005: ';' expected.
src/pages/QualityCompliance.tsx(3,271): error TS1005: ';' expected.
src/pages/QualityCompliance.tsx(3,279): error TS1005: ';' expected.
src/pages/QualityCompliance.tsx(3,300): error TS1005: ';' expected.
src/pages/QualityCompliance.tsx(3,331): error TS1005: ';' expected.
src/pages/QualityCompliance.tsx(3,337): error TS1351: An identifier or keyword cannot immediately follow a numeric literal.
src/pages/QualityCompliance.tsx(3,349): error TS1005: ';' expected.
src/pages/QualityCompliance.tsx(3,414): error TS1005: ';' expected.
src/pages/QualityCompliance.tsx(3,417): error TS1005: ';' expected.
src/pages/QualityCompliance.tsx(3,443): error TS1005: ';' expected.
src/pages/QualityCompliance.tsx(3,447): error TS1005: ';' expected.
src/pages/QualityCompliance.tsx(3,463): error TS1005: ';' expected.
src/pages/QualityCompliance.tsx(3,471): error TS1005: ';' expected.
src/pages/QualityCompliance.tsx(3,492): error TS1005: ';' expected.
src/pages/QualityCompliance.tsx(3,518): error TS1005: ';' expected.
src/pages/QualityCompliance.tsx(3,524): error TS1351: An identifier or keyword cannot immediately follow a numeric literal.
src/pages/QualityCompliance.tsx(3,537): error TS1005: ';' expected.
src/pages/QualityCompliance.tsx(3,551): error TS1005: ';' expected.
src/pages/QualityCompliance.tsx(3,604): error TS1005: ';' expected.
src/pages/QualityCompliance.tsx(3,607): error TS1005: ';' expected.
src/pages/QualityCompliance.tsx(3,633): error TS1005: ';' expected.
src/pages/QualityCompliance.tsx(3,637): error TS1005: ';' expected.
src/pages/QualityCompliance.tsx(3,653): error TS1005: ';' expected.
src/pages/QualityCompliance.tsx(3,661): error TS1005: ';' expected.
src/pages/QualityCompliance.tsx(3,682): error TS1005: ';' expected.
src/pages/QualityCompliance.tsx(3,708): error TS1005: ';' expected.
src/pages/QualityCompliance.tsx(3,714): error TS1351: An identifier or keyword cannot immediately follow a numeric literal.
src/pages/QualityCompliance.tsx(3,727): error TS1005: ';' expected.
src/pages/QualityCompliance.tsx(3,739): error TS1005: ';' expected.
src/pages/QualityCompliance.tsx(3,787): error TS1005: ';' expected.
src/pages/QualityCompliance.tsx(3,846): error TS1005: ';' expected.
src/pages/QualityCompliance.tsx(3,849): error TS1005: ';' expected.
src/pages/QualityCompliance.tsx(3,875): error TS1005: ';' expected.
src/pages/QualityCompliance.tsx(3,879): error TS1005: ';' expected.
src/pages/QualityCompliance.tsx(3,895): error TS1005: ';' expected.
src/pages/QualityCompliance.tsx(3,903): error TS1005: ';' expected.
src/pages/QualityCompliance.tsx(3,924): error TS1005: ';' expected.
src/pages/QualityCompliance.tsx(3,953): error TS1005: ';' expected.
src/pages/QualityCompliance.tsx(3,959): error TS1351: An identifier or keyword cannot immediately follow a numeric literal.
src/pages/QualityCompliance.tsx(3,971): error TS1005: ';' expected.
src/pages/QualityCompliance.tsx(3,1127): error TS1005: ';' expected.
src/pages/QualityCompliance.tsx(3,1136): error TS1005: ';' expected.
src/pages/QualityCompliance.tsx(3,1199): error TS1005: ';' expected.
src/pages/QualityCompliance.tsx(3,1208): error TS1005: ';' expected.
src/pages/QualityCompliance.tsx(3,1285): error TS1005: ';' expected.
src/pages/QualityCompliance.tsx(3,1307): error TS1005: ';' expected.
src/pages/QualityCompliance.tsx(3,1319): error TS1005: ';' expected.
src/pages/QualityCompliance.tsx(3,1323): error TS1005: ';' expected.
src/pages/QualityCompliance.tsx(3,1409): error TS1005: ';' expected.
src/pages/QualityCompliance.tsx(3,1413): error TS1005: ';' expected.
src/pages/QualityCompliance.tsx(3,1420): error TS1434: Unexpected keyword or identifier.
src/pages/QualityCompliance.tsx(3,1436): error TS1005: ';' expected.
src/pages/QualityCompliance.tsx(3,1450): error TS1005: ';' expected.
src/pages/QualityCompliance.tsx(3,1468): error TS1005: ';' expected.
src/pages/QualityCompliance.tsx(3,1483): error TS1005: ';' expected.
src/pages/QualityCompliance.tsx(3,1531): error TS1005: ';' expected.
src/pages/QualityCompliance.tsx(3,1537): error TS1005: ';' expected.
src/pages/QualityCompliance.tsx(3,1553): error TS1005: ';' expected.
src/pages/QualityCompliance.tsx(3,1566): error TS1005: ';' expected.
src/pages/QualityCompliance.tsx(3,1602): error TS1005: ';' expected.
src/pages/QualityCompliance.tsx(3,1610): error TS1005: ';' expected.
src/pages/QualityCompliance.tsx(3,1631): error TS1005: ';' expected.
src/pages/QualityCompliance.tsx(3,1687): error TS1005: ';' expected.
src/pages/QualityCompliance.tsx(3,1698): error TS1005: ';' expected.
src/pages/QualityCompliance.tsx(3,1710): error TS1005: ';' expected.
src/pages/QualityCompliance.tsx(3,1735): error TS1005: ';' expected.
src/pages/QualityCompliance.tsx(3,1742): error TS1005: ';' expected.
src/pages/QualityCompliance.tsx(3,1812): error TS1002: Unterminated string literal.
src/pages/QualityCompliance.tsx(4,3): error TS1128: Declaration or statement expected.
src/pages/QualityControl.tsx(19,5): error TS2657: JSX expressions must have one parent element.
src/pages/QualityControl.tsx(24,9): error TS17002: Expected corresponding JSX closing tag for 'StandardPage'.
src/pages/QualityControl.tsx(66,5): error TS1005: ')' expected.
src/pages/QualityControl.tsx(67,3): error TS1109: Expression expected.
src/pages/QualityFoodSafety.tsx(44,49): error TS1003: Identifier expected.
src/pages/QualityFoodSafety.tsx(44,129): error TS1002: Unterminated string literal.
src/pages/QualityFoodSafety.tsx(45,7): error TS1128: Declaration or statement expected.
src/pages/QualityFoodSafety.tsx(47,7): error TS2657: JSX expressions must have one parent element.
src/pages/QualityFoodSafety.tsx(108,5): error TS1128: Declaration or statement expected.
src/pages/QualityFoodSafety.tsx(109,3): error TS1109: Expression expected.
src/pages/QuoteBuilder.tsx(46,66): error TS1003: Identifier expected.
src/pages/QuoteBuilder.tsx(46,102): error TS1002: Unterminated string literal.
src/pages/QuoteBuilder.tsx(47,9): error TS1128: Declaration or statement expected.
src/pages/QuoteBuilder.tsx(49,7): error TS1128: Declaration or statement expected.
src/pages/QuoteBuilder.tsx(51,7): error TS2657: JSX expressions must have one parent element.
src/pages/QuoteBuilder.tsx(69,5): error TS1128: Declaration or statement expected.
src/pages/QuoteBuilder.tsx(70,3): error TS1109: Expression expected.
src/pages/QuotesDetail.tsx(48,22): error TS17008: JSX element 'Link' has no corresponding closing tag.
src/pages/QuotesDetail.tsx(53,56): error TS1003: Identifier expected.
src/pages/QuotesDetail.tsx(53,57): error TS1382: Unexpected token. Did you mean `{'>'}` or `&gt;`?
src/pages/QuotesDetail.tsx(53,58): error TS1002: Unterminated string literal.
src/pages/RAGEmbeddingsPipeline.tsx(40,52): error TS1003: Identifier expected.
src/pages/RAGEmbeddingsPipeline.tsx(40,102): error TS1002: Unterminated string literal.
src/pages/RAGEmbeddingsPipeline.tsx(41,7): error TS1128: Declaration or statement expected.
src/pages/RAGEmbeddingsPipeline.tsx(42,7): error TS2657: JSX expressions must have one parent element.
src/pages/RAGEmbeddingsPipeline.tsx(89,5): error TS1128: Declaration or statement expected.
src/pages/RAGEmbeddingsPipeline.tsx(90,3): error TS1109: Expression expected.
src/pages/RateLimiting.tsx(8,49): error TS1003: Identifier expected.
src/pages/RateLimiting.tsx(8,80): error TS1002: Unterminated string literal.
src/pages/RateLimiting.tsx(9,7): error TS1128: Declaration or statement expected.
src/pages/RateLimiting.tsx(30,5): error TS1128: Declaration or statement expected.
src/pages/RateLimiting.tsx(31,3): error TS1109: Expression expected.
src/pages/ReadmissionRisk.tsx(3,85): error TS1003: Identifier expected.
src/pages/ReadmissionRisk.tsx(3,208): error TS1005: ';' expected.
src/pages/ReadmissionRisk.tsx(3,225): error TS1005: ';' expected.
src/pages/ReadmissionRisk.tsx(3,230): error TS1005: ';' expected.
src/pages/ReadmissionRisk.tsx(3,250): error TS1005: ';' expected.
src/pages/ReadmissionRisk.tsx(3,253): error TS1005: ';' expected.
src/pages/ReadmissionRisk.tsx(3,279): error TS1005: ';' expected.
src/pages/ReadmissionRisk.tsx(3,283): error TS1005: ';' expected.
src/pages/ReadmissionRisk.tsx(3,299): error TS1005: ';' expected.
src/pages/ReadmissionRisk.tsx(3,307): error TS1005: ';' expected.
src/pages/ReadmissionRisk.tsx(3,328): error TS1005: ';' expected.
src/pages/ReadmissionRisk.tsx(3,356): error TS1005: ';' expected.
src/pages/ReadmissionRisk.tsx(3,362): error TS1351: An identifier or keyword cannot immediately follow a numeric literal.
src/pages/ReadmissionRisk.tsx(3,374): error TS1005: ';' expected.
src/pages/ReadmissionRisk.tsx(3,439): error TS1005: ';' expected.
src/pages/ReadmissionRisk.tsx(3,442): error TS1005: ';' expected.
src/pages/ReadmissionRisk.tsx(3,468): error TS1005: ';' expected.
src/pages/ReadmissionRisk.tsx(3,472): error TS1005: ';' expected.
src/pages/ReadmissionRisk.tsx(3,488): error TS1005: ';' expected.
src/pages/ReadmissionRisk.tsx(3,496): error TS1005: ';' expected.
src/pages/ReadmissionRisk.tsx(3,517): error TS1005: ';' expected.
src/pages/ReadmissionRisk.tsx(3,546): error TS1005: ';' expected.
src/pages/ReadmissionRisk.tsx(3,552): error TS1351: An identifier or keyword cannot immediately follow a numeric literal.
src/pages/ReadmissionRisk.tsx(3,565): error TS1005: ';' expected.
src/pages/ReadmissionRisk.tsx(3,577): error TS1005: ';' expected.
src/pages/ReadmissionRisk.tsx(3,632): error TS1005: ';' expected.
src/pages/ReadmissionRisk.tsx(3,635): error TS1005: ';' expected.
src/pages/ReadmissionRisk.tsx(3,661): error TS1005: ';' expected.
src/pages/ReadmissionRisk.tsx(3,665): error TS1005: ';' expected.
src/pages/ReadmissionRisk.tsx(3,681): error TS1005: ';' expected.
src/pages/ReadmissionRisk.tsx(3,689): error TS1005: ';' expected.
src/pages/ReadmissionRisk.tsx(3,710): error TS1005: ';' expected.
src/pages/ReadmissionRisk.tsx(3,739): error TS1005: ';' expected.
src/pages/ReadmissionRisk.tsx(3,745): error TS1351: An identifier or keyword cannot immediately follow a numeric literal.
src/pages/ReadmissionRisk.tsx(3,758): error TS1005: ';' expected.
src/pages/ReadmissionRisk.tsx(3,773): error TS1005: ';' expected.
src/pages/ReadmissionRisk.tsx(3,967): error TS1005: ';' expected.
src/pages/ReadmissionRisk.tsx(3,970): error TS1005: ';' expected.
src/pages/ReadmissionRisk.tsx(3,996): error TS1005: ';' expected.
src/pages/ReadmissionRisk.tsx(3,1000): error TS1005: ';' expected.
src/pages/ReadmissionRisk.tsx(3,1016): error TS1005: ';' expected.
src/pages/ReadmissionRisk.tsx(3,1024): error TS1005: ';' expected.
src/pages/ReadmissionRisk.tsx(3,1045): error TS1005: ';' expected.
src/pages/ReadmissionRisk.tsx(3,1071): error TS1005: ';' expected.
src/pages/ReadmissionRisk.tsx(3,1077): error TS1351: An identifier or keyword cannot immediately follow a numeric literal.
src/pages/ReadmissionRisk.tsx(3,1089): error TS1005: ';' expected.
src/pages/ReadmissionRisk.tsx(3,1247): error TS1005: ';' expected.
src/pages/ReadmissionRisk.tsx(3,1256): error TS1005: ';' expected.
src/pages/ReadmissionRisk.tsx(3,1321): error TS1005: ';' expected.
src/pages/ReadmissionRisk.tsx(3,1330): error TS1005: ';' expected.
src/pages/ReadmissionRisk.tsx(3,1407): error TS1005: ';' expected.
src/pages/ReadmissionRisk.tsx(3,1429): error TS1005: ';' expected.
src/pages/ReadmissionRisk.tsx(3,1441): error TS1005: ';' expected.
src/pages/ReadmissionRisk.tsx(3,1445): error TS1005: ';' expected.
src/pages/ReadmissionRisk.tsx(3,1531): error TS1005: ';' expected.
src/pages/ReadmissionRisk.tsx(3,1535): error TS1005: ';' expected.
src/pages/ReadmissionRisk.tsx(3,1542): error TS1434: Unexpected keyword or identifier.
src/pages/ReadmissionRisk.tsx(3,1558): error TS1005: ';' expected.
src/pages/ReadmissionRisk.tsx(3,1572): error TS1005: ';' expected.
src/pages/ReadmissionRisk.tsx(3,1590): error TS1005: ';' expected.
src/pages/ReadmissionRisk.tsx(3,1605): error TS1005: ';' expected.
src/pages/ReadmissionRisk.tsx(3,1653): error TS1005: ';' expected.
src/pages/ReadmissionRisk.tsx(3,1659): error TS1005: ';' expected.
src/pages/ReadmissionRisk.tsx(3,1675): error TS1005: ';' expected.
src/pages/ReadmissionRisk.tsx(3,1688): error TS1005: ';' expected.
src/pages/ReadmissionRisk.tsx(3,1721): error TS1005: ';' expected.
src/pages/ReadmissionRisk.tsx(3,1729): error TS1005: ';' expected.
src/pages/ReadmissionRisk.tsx(3,1750): error TS1005: ';' expected.
src/pages/ReadmissionRisk.tsx(3,1832): error TS1005: ';' expected.
src/pages/ReadmissionRisk.tsx(3,1848): error TS1005: ';' expected.
src/pages/ReadmissionRisk.tsx(3,1869): error TS1005: ';' expected.
src/pages/ReadmissionRisk.tsx(3,1876): error TS1005: ';' expected.
src/pages/ReadmissionRisk.tsx(3,1950): error TS1002: Unterminated string literal.
src/pages/ReadmissionRisk.tsx(4,3): error TS1128: Declaration or statement expected.
src/pages/RealTimeNotifications.tsx(8,49): error TS1003: Identifier expected.
src/pages/RealTimeNotifications.tsx(8,89): error TS1002: Unterminated string literal.
src/pages/RealTimeNotifications.tsx(9,7): error TS1128: Declaration or statement expected.
src/pages/RealTimeNotifications.tsx(16,5): error TS1128: Declaration or statement expected.
src/pages/RealTimeNotifications.tsx(17,3): error TS1109: Expression expected.
src/pages/RecipeBOMMaster.tsx(3,77): error TS1003: Identifier expected.
src/pages/RecipeBOMMaster.tsx(3,204): error TS1005: ';' expected.
src/pages/RecipeBOMMaster.tsx(3,221): error TS1005: ';' expected.
src/pages/RecipeBOMMaster.tsx(3,226): error TS1005: ';' expected.
src/pages/RecipeBOMMaster.tsx(3,246): error TS1005: ';' expected.
src/pages/RecipeBOMMaster.tsx(3,249): error TS1005: ';' expected.
src/pages/RecipeBOMMaster.tsx(3,275): error TS1005: ';' expected.
src/pages/RecipeBOMMaster.tsx(3,279): error TS1005: ';' expected.
src/pages/RecipeBOMMaster.tsx(3,295): error TS1005: ';' expected.
src/pages/RecipeBOMMaster.tsx(3,303): error TS1005: ';' expected.
src/pages/RecipeBOMMaster.tsx(3,324): error TS1005: ';' expected.
src/pages/RecipeBOMMaster.tsx(3,351): error TS1005: ';' expected.
src/pages/RecipeBOMMaster.tsx(3,357): error TS1351: An identifier or keyword cannot immediately follow a numeric literal.
src/pages/RecipeBOMMaster.tsx(3,369): error TS1005: ';' expected.
src/pages/RecipeBOMMaster.tsx(3,430): error TS1005: ';' expected.
src/pages/RecipeBOMMaster.tsx(3,433): error TS1005: ';' expected.
src/pages/RecipeBOMMaster.tsx(3,459): error TS1005: ';' expected.
src/pages/RecipeBOMMaster.tsx(3,463): error TS1005: ';' expected.
src/pages/RecipeBOMMaster.tsx(3,479): error TS1005: ';' expected.
src/pages/RecipeBOMMaster.tsx(3,487): error TS1005: ';' expected.
src/pages/RecipeBOMMaster.tsx(3,508): error TS1005: ';' expected.
src/pages/RecipeBOMMaster.tsx(3,536): error TS1005: ';' expected.
src/pages/RecipeBOMMaster.tsx(3,542): error TS1351: An identifier or keyword cannot immediately follow a numeric literal.
src/pages/RecipeBOMMaster.tsx(3,555): error TS1005: ';' expected.
src/pages/RecipeBOMMaster.tsx(3,569): error TS1005: ';' expected.
src/pages/RecipeBOMMaster.tsx(3,624): error TS1005: ';' expected.
src/pages/RecipeBOMMaster.tsx(3,627): error TS1005: ';' expected.
src/pages/RecipeBOMMaster.tsx(3,653): error TS1005: ';' expected.
src/pages/RecipeBOMMaster.tsx(3,657): error TS1005: ';' expected.
src/pages/RecipeBOMMaster.tsx(3,673): error TS1005: ';' expected.
src/pages/RecipeBOMMaster.tsx(3,681): error TS1005: ';' expected.
src/pages/RecipeBOMMaster.tsx(3,702): error TS1005: ';' expected.
src/pages/RecipeBOMMaster.tsx(3,727): error TS1005: ';' expected.
src/pages/RecipeBOMMaster.tsx(3,733): error TS1351: An identifier or keyword cannot immediately follow a numeric literal.
src/pages/RecipeBOMMaster.tsx(3,746): error TS1005: ';' expected.
src/pages/RecipeBOMMaster.tsx(3,761): error TS1005: ';' expected.
src/pages/RecipeBOMMaster.tsx(3,833): error TS1005: ';' expected.
src/pages/RecipeBOMMaster.tsx(3,836): error TS1005: ';' expected.
src/pages/RecipeBOMMaster.tsx(3,862): error TS1005: ';' expected.
src/pages/RecipeBOMMaster.tsx(3,866): error TS1005: ';' expected.
src/pages/RecipeBOMMaster.tsx(3,882): error TS1005: ';' expected.
src/pages/RecipeBOMMaster.tsx(3,890): error TS1005: ';' expected.
src/pages/RecipeBOMMaster.tsx(3,911): error TS1005: ';' expected.
src/pages/RecipeBOMMaster.tsx(3,941): error TS1005: ';' expected.
src/pages/RecipeBOMMaster.tsx(3,947): error TS1351: An identifier or keyword cannot immediately follow a numeric literal.
src/pages/RecipeBOMMaster.tsx(3,959): error TS1005: ';' expected.
src/pages/RecipeBOMMaster.tsx(3,1109): error TS1005: ';' expected.
src/pages/RecipeBOMMaster.tsx(3,1118): error TS1005: ';' expected.
src/pages/RecipeBOMMaster.tsx(3,1177): error TS1005: ';' expected.
src/pages/RecipeBOMMaster.tsx(3,1186): error TS1005: ';' expected.
src/pages/RecipeBOMMaster.tsx(3,1259): error TS1005: ';' expected.
src/pages/RecipeBOMMaster.tsx(3,1281): error TS1005: ';' expected.
src/pages/RecipeBOMMaster.tsx(3,1293): error TS1005: ';' expected.
src/pages/RecipeBOMMaster.tsx(3,1297): error TS1005: ';' expected.
src/pages/RecipeBOMMaster.tsx(3,1381): error TS1005: ';' expected.
src/pages/RecipeBOMMaster.tsx(3,1385): error TS1005: ';' expected.
src/pages/RecipeBOMMaster.tsx(3,1392): error TS1434: Unexpected keyword or identifier.
src/pages/RecipeBOMMaster.tsx(3,1408): error TS1005: ';' expected.
src/pages/RecipeBOMMaster.tsx(3,1421): error TS1005: ';' expected.
src/pages/RecipeBOMMaster.tsx(3,1469): error TS1005: ';' expected.
src/pages/RecipeBOMMaster.tsx(3,1482): error TS1005: ';' expected.
src/pages/RecipeBOMMaster.tsx(3,1515): error TS1005: ';' expected.
src/pages/RecipeBOMMaster.tsx(3,1523): error TS1005: ';' expected.
src/pages/RecipeBOMMaster.tsx(3,1544): error TS1005: ';' expected.
src/pages/RecipeBOMMaster.tsx(3,1626): error TS1002: Unterminated string literal.
src/pages/RecipeBOMMaster.tsx(4,3): error TS1128: Declaration or statement expected.
src/pages/RecipeFormulation.tsx(45,49): error TS1003: Identifier expected.
src/pages/RecipeFormulation.tsx(45,125): error TS1002: Unterminated string literal.
src/pages/RecipeFormulation.tsx(46,7): error TS1128: Declaration or statement expected.
src/pages/RecipeFormulation.tsx(48,7): error TS2657: JSX expressions must have one parent element.
src/pages/RecipeFormulation.tsx(109,5): error TS1128: Declaration or statement expected.
src/pages/RecipeFormulation.tsx(110,3): error TS1109: Expression expected.
src/pages/RecommendationEngine.tsx(42,49): error TS1003: Identifier expected.
src/pages/RecommendationEngine.tsx(42,91): error TS1002: Unterminated string literal.
src/pages/RecommendationEngine.tsx(43,7): error TS1128: Declaration or statement expected.
src/pages/RecommendationEngine.tsx(45,7): error TS2657: JSX expressions must have one parent element.
src/pages/RecommendationEngine.tsx(93,5): error TS1128: Declaration or statement expected.
src/pages/RecommendationEngine.tsx(94,3): error TS1109: Expression expected.
src/pages/RegulatoryCompliance.tsx(3,80): error TS1003: Identifier expected.
src/pages/RegulatoryCompliance.tsx(3,162): error TS1005: ';' expected.
src/pages/RegulatoryCompliance.tsx(3,179): error TS1005: ';' expected.
src/pages/RegulatoryCompliance.tsx(3,184): error TS1005: ';' expected.
src/pages/RegulatoryCompliance.tsx(3,204): error TS1005: ';' expected.
src/pages/RegulatoryCompliance.tsx(3,207): error TS1005: ';' expected.
src/pages/RegulatoryCompliance.tsx(3,233): error TS1005: ';' expected.
src/pages/RegulatoryCompliance.tsx(3,237): error TS1005: ';' expected.
src/pages/RegulatoryCompliance.tsx(3,253): error TS1005: ';' expected.
src/pages/RegulatoryCompliance.tsx(3,261): error TS1005: ';' expected.
src/pages/RegulatoryCompliance.tsx(3,282): error TS1005: ';' expected.
src/pages/RegulatoryCompliance.tsx(3,309): error TS1005: ';' expected.
src/pages/RegulatoryCompliance.tsx(3,315): error TS1351: An identifier or keyword cannot immediately follow a numeric literal.
src/pages/RegulatoryCompliance.tsx(3,327): error TS1005: ';' expected.
src/pages/RegulatoryCompliance.tsx(3,391): error TS1005: ';' expected.
src/pages/RegulatoryCompliance.tsx(3,394): error TS1005: ';' expected.
src/pages/RegulatoryCompliance.tsx(3,420): error TS1005: ';' expected.
src/pages/RegulatoryCompliance.tsx(3,424): error TS1005: ';' expected.
src/pages/RegulatoryCompliance.tsx(3,440): error TS1005: ';' expected.
src/pages/RegulatoryCompliance.tsx(3,448): error TS1005: ';' expected.
src/pages/RegulatoryCompliance.tsx(3,469): error TS1005: ';' expected.
src/pages/RegulatoryCompliance.tsx(3,498): error TS1005: ';' expected.
src/pages/RegulatoryCompliance.tsx(3,504): error TS1351: An identifier or keyword cannot immediately follow a numeric literal.
src/pages/RegulatoryCompliance.tsx(3,517): error TS1005: ';' expected.
src/pages/RegulatoryCompliance.tsx(3,531): error TS1005: ';' expected.
src/pages/RegulatoryCompliance.tsx(3,587): error TS1005: ';' expected.
src/pages/RegulatoryCompliance.tsx(3,590): error TS1005: ';' expected.
src/pages/RegulatoryCompliance.tsx(3,616): error TS1005: ';' expected.
src/pages/RegulatoryCompliance.tsx(3,620): error TS1005: ';' expected.
src/pages/RegulatoryCompliance.tsx(3,636): error TS1005: ';' expected.
src/pages/RegulatoryCompliance.tsx(3,644): error TS1005: ';' expected.
src/pages/RegulatoryCompliance.tsx(3,665): error TS1005: ';' expected.
src/pages/RegulatoryCompliance.tsx(3,692): error TS1005: ';' expected.
src/pages/RegulatoryCompliance.tsx(3,698): error TS1351: An identifier or keyword cannot immediately follow a numeric literal.
src/pages/RegulatoryCompliance.tsx(3,711): error TS1005: ';' expected.
src/pages/RegulatoryCompliance.tsx(3,726): error TS1005: ';' expected.
src/pages/RegulatoryCompliance.tsx(3,773): error TS1005: ';' expected.
src/pages/RegulatoryCompliance.tsx(3,780): error TS1005: ';' expected.
src/pages/RegulatoryCompliance.tsx(3,833): error TS1005: ';' expected.
src/pages/RegulatoryCompliance.tsx(3,836): error TS1005: ';' expected.
src/pages/RegulatoryCompliance.tsx(3,862): error TS1005: ';' expected.
src/pages/RegulatoryCompliance.tsx(3,866): error TS1005: ';' expected.
src/pages/RegulatoryCompliance.tsx(3,882): error TS1005: ';' expected.
src/pages/RegulatoryCompliance.tsx(3,890): error TS1005: ';' expected.
src/pages/RegulatoryCompliance.tsx(3,911): error TS1005: ';' expected.
src/pages/RegulatoryCompliance.tsx(3,943): error TS1005: ';' expected.
src/pages/RegulatoryCompliance.tsx(3,949): error TS1351: An identifier or keyword cannot immediately follow a numeric literal.
src/pages/RegulatoryCompliance.tsx(3,961): error TS1005: ';' expected.
src/pages/RegulatoryCompliance.tsx(3,1117): error TS1005: ';' expected.
src/pages/RegulatoryCompliance.tsx(3,1126): error TS1005: ';' expected.
src/pages/RegulatoryCompliance.tsx(3,1194): error TS1005: ';' expected.
src/pages/RegulatoryCompliance.tsx(3,1203): error TS1005: ';' expected.
src/pages/RegulatoryCompliance.tsx(3,1278): error TS1005: ';' expected.
src/pages/RegulatoryCompliance.tsx(3,1300): error TS1005: ';' expected.
src/pages/RegulatoryCompliance.tsx(3,1312): error TS1005: ';' expected.
src/pages/RegulatoryCompliance.tsx(3,1316): error TS1005: ';' expected.
src/pages/RegulatoryCompliance.tsx(3,1403): error TS1005: ';' expected.
src/pages/RegulatoryCompliance.tsx(3,1407): error TS1005: ';' expected.
src/pages/RegulatoryCompliance.tsx(3,1414): error TS1434: Unexpected keyword or identifier.
src/pages/RegulatoryCompliance.tsx(3,1430): error TS1005: ';' expected.
src/pages/RegulatoryCompliance.tsx(3,1444): error TS1005: ';' expected.
src/pages/RegulatoryCompliance.tsx(3,1462): error TS1005: ';' expected.
src/pages/RegulatoryCompliance.tsx(3,1477): error TS1005: ';' expected.
src/pages/RegulatoryCompliance.tsx(3,1524): error TS1005: ';' expected.
src/pages/RegulatoryCompliance.tsx(3,1530): error TS1005: ';' expected.
src/pages/RegulatoryCompliance.tsx(3,1546): error TS1005: ';' expected.
src/pages/RegulatoryCompliance.tsx(3,1559): error TS1005: ';' expected.
src/pages/RegulatoryCompliance.tsx(3,1591): error TS1005: ';' expected.
src/pages/RegulatoryCompliance.tsx(3,1599): error TS1005: ';' expected.
src/pages/RegulatoryCompliance.tsx(3,1620): error TS1005: ';' expected.
src/pages/RegulatoryCompliance.tsx(3,1676): error TS1005: ';' expected.
src/pages/RegulatoryCompliance.tsx(3,1690): error TS1005: ';' expected.
src/pages/RegulatoryCompliance.tsx(3,1702): error TS1005: ';' expected.
src/pages/RegulatoryCompliance.tsx(3,1725): error TS1005: ';' expected.
src/pages/RegulatoryCompliance.tsx(3,1732): error TS1005: ';' expected.
src/pages/RegulatoryCompliance.tsx(3,1798): error TS1002: Unterminated string literal.
src/pages/RegulatoryCompliance.tsx(4,3): error TS1128: Declaration or statement expected.
src/pages/RegulatoryeCTD.tsx(3,87): error TS1003: Identifier expected.
src/pages/RegulatoryeCTD.tsx(3,214): error TS1005: ';' expected.
src/pages/RegulatoryeCTD.tsx(3,231): error TS1005: ';' expected.
src/pages/RegulatoryeCTD.tsx(3,236): error TS1005: ';' expected.
src/pages/RegulatoryeCTD.tsx(3,256): error TS1005: ';' expected.
src/pages/RegulatoryeCTD.tsx(3,259): error TS1005: ';' expected.
src/pages/RegulatoryeCTD.tsx(3,285): error TS1005: ';' expected.
src/pages/RegulatoryeCTD.tsx(3,289): error TS1005: ';' expected.
src/pages/RegulatoryeCTD.tsx(3,305): error TS1005: ';' expected.
src/pages/RegulatoryeCTD.tsx(3,313): error TS1005: ';' expected.
src/pages/RegulatoryeCTD.tsx(3,334): error TS1005: ';' expected.
src/pages/RegulatoryeCTD.tsx(3,371): error TS1005: ';' expected.
src/pages/RegulatoryeCTD.tsx(3,377): error TS1351: An identifier or keyword cannot immediately follow a numeric literal.
src/pages/RegulatoryeCTD.tsx(3,389): error TS1005: ';' expected.
src/pages/RegulatoryeCTD.tsx(3,454): error TS1005: ';' expected.
src/pages/RegulatoryeCTD.tsx(3,457): error TS1005: ';' expected.
src/pages/RegulatoryeCTD.tsx(3,483): error TS1005: ';' expected.
src/pages/RegulatoryeCTD.tsx(3,487): error TS1005: ';' expected.
src/pages/RegulatoryeCTD.tsx(3,503): error TS1005: ';' expected.
src/pages/RegulatoryeCTD.tsx(3,511): error TS1005: ';' expected.
src/pages/RegulatoryeCTD.tsx(3,532): error TS1005: ';' expected.
src/pages/RegulatoryeCTD.tsx(3,564): error TS1005: ';' expected.
src/pages/RegulatoryeCTD.tsx(3,570): error TS1351: An identifier or keyword cannot immediately follow a numeric literal.
src/pages/RegulatoryeCTD.tsx(3,583): error TS1005: ';' expected.
src/pages/RegulatoryeCTD.tsx(3,596): error TS1005: ';' expected.
src/pages/RegulatoryeCTD.tsx(3,651): error TS1005: ';' expected.
src/pages/RegulatoryeCTD.tsx(3,654): error TS1005: ';' expected.
src/pages/RegulatoryeCTD.tsx(3,680): error TS1005: ';' expected.
src/pages/RegulatoryeCTD.tsx(3,684): error TS1005: ';' expected.
src/pages/RegulatoryeCTD.tsx(3,700): error TS1005: ';' expected.
src/pages/RegulatoryeCTD.tsx(3,708): error TS1005: ';' expected.
src/pages/RegulatoryeCTD.tsx(3,729): error TS1005: ';' expected.
src/pages/RegulatoryeCTD.tsx(3,757): error TS1005: ';' expected.
src/pages/RegulatoryeCTD.tsx(3,763): error TS1351: An identifier or keyword cannot immediately follow a numeric literal.
src/pages/RegulatoryeCTD.tsx(3,776): error TS1005: ';' expected.
src/pages/RegulatoryeCTD.tsx(3,790): error TS1005: ';' expected.
src/pages/RegulatoryeCTD.tsx(3,845): error TS1005: ';' expected.
src/pages/RegulatoryeCTD.tsx(3,848): error TS1005: ';' expected.
src/pages/RegulatoryeCTD.tsx(3,874): error TS1005: ';' expected.
src/pages/RegulatoryeCTD.tsx(3,878): error TS1005: ';' expected.
src/pages/RegulatoryeCTD.tsx(3,894): error TS1005: ';' expected.
src/pages/RegulatoryeCTD.tsx(3,902): error TS1005: ';' expected.
src/pages/RegulatoryeCTD.tsx(3,923): error TS1005: ';' expected.
src/pages/RegulatoryeCTD.tsx(3,953): error TS1005: ';' expected.
src/pages/RegulatoryeCTD.tsx(3,959): error TS1351: An identifier or keyword cannot immediately follow a numeric literal.
src/pages/RegulatoryeCTD.tsx(3,971): error TS1005: ';' expected.
src/pages/RegulatoryeCTD.tsx(3,1129): error TS1005: ';' expected.
src/pages/RegulatoryeCTD.tsx(3,1138): error TS1005: ';' expected.
src/pages/RegulatoryeCTD.tsx(3,1201): error TS1005: ';' expected.
src/pages/RegulatoryeCTD.tsx(3,1210): error TS1005: ';' expected.
src/pages/RegulatoryeCTD.tsx(3,1287): error TS1005: ';' expected.
src/pages/RegulatoryeCTD.tsx(3,1309): error TS1005: ';' expected.
src/pages/RegulatoryeCTD.tsx(3,1321): error TS1005: ';' expected.
src/pages/RegulatoryeCTD.tsx(3,1325): error TS1005: ';' expected.
src/pages/RegulatoryeCTD.tsx(3,1418): error TS1005: ';' expected.
src/pages/RegulatoryeCTD.tsx(3,1422): error TS1005: ';' expected.
src/pages/RegulatoryeCTD.tsx(3,1429): error TS1434: Unexpected keyword or identifier.
src/pages/RegulatoryeCTD.tsx(3,1445): error TS1005: ';' expected.
src/pages/RegulatoryeCTD.tsx(3,1459): error TS1005: ';' expected.
src/pages/RegulatoryeCTD.tsx(3,1477): error TS1005: ';' expected.
src/pages/RegulatoryeCTD.tsx(3,1492): error TS1005: ';' expected.
src/pages/RegulatoryeCTD.tsx(3,1546): error TS1005: ';' expected.
src/pages/RegulatoryeCTD.tsx(3,1552): error TS1005: ';' expected.
src/pages/RegulatoryeCTD.tsx(3,1568): error TS1005: ';' expected.
src/pages/RegulatoryeCTD.tsx(3,1581): error TS1005: ';' expected.
src/pages/RegulatoryeCTD.tsx(3,1617): error TS1005: ';' expected.
src/pages/RegulatoryeCTD.tsx(3,1625): error TS1005: ';' expected.
src/pages/RegulatoryeCTD.tsx(3,1646): error TS1005: ';' expected.
src/pages/RegulatoryeCTD.tsx(3,1732): error TS1005: ';' expected.
src/pages/RegulatoryeCTD.tsx(3,1745): error TS1005: ';' expected.
src/pages/RegulatoryeCTD.tsx(3,1757): error TS1005: ';' expected.
src/pages/RegulatoryeCTD.tsx(3,1780): error TS1005: ';' expected.
src/pages/RegulatoryeCTD.tsx(3,1787): error TS1005: ';' expected.
src/pages/RegulatoryeCTD.tsx(3,1857): error TS1002: Unterminated string literal.
src/pages/RegulatoryeCTD.tsx(4,3): error TS1128: Declaration or statement expected.
src/pages/ReplenishmentPlanning.tsx(45,49): error TS1003: Identifier expected.
src/pages/ReplenishmentPlanning.tsx(45,111): error TS1002: Unterminated string literal.
src/pages/ReplenishmentPlanning.tsx(46,7): error TS1128: Declaration or statement expected.
src/pages/ReplenishmentPlanning.tsx(48,7): error TS2657: JSX expressions must have one parent element.
src/pages/ReplenishmentPlanning.tsx(116,5): error TS1128: Declaration or statement expected.
src/pages/ReplenishmentPlanning.tsx(117,3): error TS1109: Expression expected.
src/pages/ReportBuilder.tsx(39,5): error TS2657: JSX expressions must have one parent element.
src/pages/ReportBuilder.tsx(42,6): error TS1003: Identifier expected.
src/pages/ReportBuilder.tsx(43,9): error TS1005: ')' expected.
src/pages/ReportBuilder.tsx(44,7): error TS1109: Expression expected.
src/pages/ReportBuilder.tsx(46,7): error TS2657: JSX expressions must have one parent element.
src/pages/ReportBuilder.tsx(91,5): error TS1128: Declaration or statement expected.
src/pages/ReportBuilder.tsx(92,3): error TS1109: Expression expected.
src/pages/Reporting.tsx(20,101): error TS1003: Identifier expected.
src/pages/Reporting.tsx(20,172): error TS1002: Unterminated string literal.
src/pages/Reporting.tsx(21,9): error TS1128: Declaration or statement expected.
src/pages/Reporting.tsx(26,7): error TS1128: Declaration or statement expected.
src/pages/Reporting.tsx(28,7): error TS2657: JSX expressions must have one parent element.
src/pages/Reporting.tsx(85,5): error TS1128: Declaration or statement expected.
src/pages/Reporting.tsx(86,3): error TS1109: Expression expected.
src/pages/ReportingConfiguration.tsx(8,49): error TS1003: Identifier expected.
src/pages/ReportingConfiguration.tsx(8,90): error TS1002: Unterminated string literal.
src/pages/ReportingConfiguration.tsx(9,7): error TS1128: Declaration or statement expected.
src/pages/ReportingConfiguration.tsx(16,5): error TS1128: Declaration or statement expected.
src/pages/ReportingConfiguration.tsx(17,3): error TS1109: Expression expected.
src/pages/ReservationsBookings.tsx(3,82): error TS1003: Identifier expected.
src/pages/ReservationsBookings.tsx(3,156): error TS1005: ';' expected.
src/pages/ReservationsBookings.tsx(3,173): error TS1005: ';' expected.
src/pages/ReservationsBookings.tsx(3,178): error TS1005: ';' expected.
src/pages/ReservationsBookings.tsx(3,198): error TS1005: ';' expected.
src/pages/ReservationsBookings.tsx(3,201): error TS1005: ';' expected.
src/pages/ReservationsBookings.tsx(3,227): error TS1005: ';' expected.
src/pages/ReservationsBookings.tsx(3,231): error TS1005: ';' expected.
src/pages/ReservationsBookings.tsx(3,247): error TS1005: ';' expected.
src/pages/ReservationsBookings.tsx(3,255): error TS1005: ';' expected.
src/pages/ReservationsBookings.tsx(3,276): error TS1005: ';' expected.
src/pages/ReservationsBookings.tsx(3,304): error TS1005: ';' expected.
src/pages/ReservationsBookings.tsx(3,310): error TS1351: An identifier or keyword cannot immediately follow a numeric literal.
src/pages/ReservationsBookings.tsx(3,322): error TS1005: ';' expected.
src/pages/ReservationsBookings.tsx(3,384): error TS1005: ';' expected.
src/pages/ReservationsBookings.tsx(3,387): error TS1005: ';' expected.
src/pages/ReservationsBookings.tsx(3,413): error TS1005: ';' expected.
src/pages/ReservationsBookings.tsx(3,417): error TS1005: ';' expected.
src/pages/ReservationsBookings.tsx(3,433): error TS1005: ';' expected.
src/pages/ReservationsBookings.tsx(3,441): error TS1005: ';' expected.
src/pages/ReservationsBookings.tsx(3,462): error TS1005: ';' expected.
src/pages/ReservationsBookings.tsx(3,491): error TS1005: ';' expected.
src/pages/ReservationsBookings.tsx(3,497): error TS1351: An identifier or keyword cannot immediately follow a numeric literal.
src/pages/ReservationsBookings.tsx(3,510): error TS1005: ';' expected.
src/pages/ReservationsBookings.tsx(3,524): error TS1005: ';' expected.
src/pages/ReservationsBookings.tsx(3,580): error TS1005: ';' expected.
src/pages/ReservationsBookings.tsx(3,583): error TS1005: ';' expected.
src/pages/ReservationsBookings.tsx(3,609): error TS1005: ';' expected.
src/pages/ReservationsBookings.tsx(3,613): error TS1005: ';' expected.
src/pages/ReservationsBookings.tsx(3,629): error TS1005: ';' expected.
src/pages/ReservationsBookings.tsx(3,637): error TS1005: ';' expected.
src/pages/ReservationsBookings.tsx(3,658): error TS1005: ';' expected.
src/pages/ReservationsBookings.tsx(3,685): error TS1005: ';' expected.
src/pages/ReservationsBookings.tsx(3,691): error TS1351: An identifier or keyword cannot immediately follow a numeric literal.
src/pages/ReservationsBookings.tsx(3,704): error TS1005: ';' expected.
src/pages/ReservationsBookings.tsx(3,719): error TS1005: ';' expected.
src/pages/ReservationsBookings.tsx(3,764): error TS1005: ';' expected.
src/pages/ReservationsBookings.tsx(3,824): error TS1005: ';' expected.
src/pages/ReservationsBookings.tsx(3,827): error TS1005: ';' expected.
src/pages/ReservationsBookings.tsx(3,853): error TS1005: ';' expected.
src/pages/ReservationsBookings.tsx(3,857): error TS1005: ';' expected.
src/pages/ReservationsBookings.tsx(3,873): error TS1005: ';' expected.
src/pages/ReservationsBookings.tsx(3,881): error TS1005: ';' expected.
src/pages/ReservationsBookings.tsx(3,902): error TS1005: ';' expected.
src/pages/ReservationsBookings.tsx(3,936): error TS1005: ';' expected.
src/pages/ReservationsBookings.tsx(3,942): error TS1351: An identifier or keyword cannot immediately follow a numeric literal.
src/pages/ReservationsBookings.tsx(3,954): error TS1005: ';' expected.
src/pages/ReservationsBookings.tsx(3,1106): error TS1005: ';' expected.
src/pages/ReservationsBookings.tsx(3,1115): error TS1005: ';' expected.
src/pages/ReservationsBookings.tsx(3,1174): error TS1005: ';' expected.
src/pages/ReservationsBookings.tsx(3,1183): error TS1005: ';' expected.
src/pages/ReservationsBookings.tsx(3,1256): error TS1005: ';' expected.
src/pages/ReservationsBookings.tsx(3,1278): error TS1005: ';' expected.
src/pages/ReservationsBookings.tsx(3,1290): error TS1005: ';' expected.
src/pages/ReservationsBookings.tsx(3,1294): error TS1005: ';' expected.
src/pages/ReservationsBookings.tsx(3,1380): error TS1005: ';' expected.
src/pages/ReservationsBookings.tsx(3,1384): error TS1005: ';' expected.
src/pages/ReservationsBookings.tsx(3,1391): error TS1434: Unexpected keyword or identifier.
src/pages/ReservationsBookings.tsx(3,1407): error TS1005: ';' expected.
src/pages/ReservationsBookings.tsx(3,1421): error TS1005: ';' expected.
src/pages/ReservationsBookings.tsx(3,1439): error TS1005: ';' expected.
src/pages/ReservationsBookings.tsx(3,1454): error TS1005: ';' expected.
src/pages/ReservationsBookings.tsx(3,1501): error TS1005: ';' expected.
src/pages/ReservationsBookings.tsx(3,1507): error TS1005: ';' expected.
src/pages/ReservationsBookings.tsx(3,1523): error TS1005: ';' expected.
src/pages/ReservationsBookings.tsx(3,1536): error TS1005: ';' expected.
src/pages/ReservationsBookings.tsx(3,1569): error TS1005: ';' expected.
src/pages/ReservationsBookings.tsx(3,1577): error TS1005: ';' expected.
src/pages/ReservationsBookings.tsx(3,1598): error TS1005: ';' expected.
src/pages/ReservationsBookings.tsx(3,1657): error TS1005: ';' expected.
src/pages/ReservationsBookings.tsx(3,1671): error TS1005: ';' expected.
src/pages/ReservationsBookings.tsx(3,1683): error TS1005: ';' expected.
src/pages/ReservationsBookings.tsx(3,1706): error TS1005: ';' expected.
src/pages/ReservationsBookings.tsx(3,1713): error TS1005: ';' expected.
src/pages/ReservationsBookings.tsx(3,1779): error TS1002: Unterminated string literal.
src/pages/ReservationsBookings.tsx(4,3): error TS1128: Declaration or statement expected.
src/pages/ResourceAllocation.tsx(42,84): error TS17002: Expected corresponding JSX closing tag for 'StandardPage'.
src/pages/ResourceAllocation.tsx(43,7): error TS1005: ')' expected.
src/pages/ResourceAllocation.tsx(45,7): error TS2657: JSX expressions must have one parent element.
src/pages/ResourceAllocation.tsx(97,5): error TS1128: Declaration or statement expected.
src/pages/ResourceAllocation.tsx(98,3): error TS1109: Expression expected.
src/pages/ResourceUtilizationDashboard.tsx(18,49): error TS1003: Identifier expected.
src/pages/ResourceUtilizationDashboard.tsx(18,95): error TS1002: Unterminated string literal.
src/pages/ResourceUtilizationDashboard.tsx(19,7): error TS1128: Declaration or statement expected.
src/pages/ResourceUtilizationDashboard.tsx(21,7): error TS2657: JSX expressions must have one parent element.
src/pages/ResourceUtilizationDashboard.tsx(62,5): error TS1128: Declaration or statement expected.
src/pages/ResourceUtilizationDashboard.tsx(63,3): error TS1109: Expression expected.
src/pages/ResponseAnalytics.tsx(8,49): error TS1003: Identifier expected.
src/pages/ResponseAnalytics.tsx(8,94): error TS1002: Unterminated string literal.
src/pages/ResponseAnalytics.tsx(9,7): error TS1128: Declaration or statement expected.
src/pages/ResponseAnalytics.tsx(31,5): error TS1128: Declaration or statement expected.
src/pages/ResponseAnalytics.tsx(32,3): error TS1109: Expression expected.
src/pages/ReturnsExchanges.tsx(3,92): error TS1003: Identifier expected.
src/pages/ReturnsExchanges.tsx(3,217): error TS1005: ';' expected.
src/pages/ReturnsExchanges.tsx(3,234): error TS1005: ';' expected.
src/pages/ReturnsExchanges.tsx(3,239): error TS1005: ';' expected.
src/pages/ReturnsExchanges.tsx(3,259): error TS1005: ';' expected.
src/pages/ReturnsExchanges.tsx(3,262): error TS1005: ';' expected.
src/pages/ReturnsExchanges.tsx(3,288): error TS1005: ';' expected.
src/pages/ReturnsExchanges.tsx(3,292): error TS1005: ';' expected.
src/pages/ReturnsExchanges.tsx(3,308): error TS1005: ';' expected.
src/pages/ReturnsExchanges.tsx(3,316): error TS1005: ';' expected.
src/pages/ReturnsExchanges.tsx(3,337): error TS1005: ';' expected.
src/pages/ReturnsExchanges.tsx(3,361): error TS1005: ';' expected.
src/pages/ReturnsExchanges.tsx(3,367): error TS1351: An identifier or keyword cannot immediately follow a numeric literal.
src/pages/ReturnsExchanges.tsx(3,379): error TS1005: ';' expected.
src/pages/ReturnsExchanges.tsx(3,437): error TS1005: ';' expected.
src/pages/ReturnsExchanges.tsx(3,440): error TS1005: ';' expected.
src/pages/ReturnsExchanges.tsx(3,466): error TS1005: ';' expected.
src/pages/ReturnsExchanges.tsx(3,470): error TS1005: ';' expected.
src/pages/ReturnsExchanges.tsx(3,486): error TS1005: ';' expected.
src/pages/ReturnsExchanges.tsx(3,494): error TS1005: ';' expected.
src/pages/ReturnsExchanges.tsx(3,515): error TS1005: ';' expected.
src/pages/ReturnsExchanges.tsx(3,545): error TS1005: ';' expected.
src/pages/ReturnsExchanges.tsx(3,551): error TS1351: An identifier or keyword cannot immediately follow a numeric literal.
src/pages/ReturnsExchanges.tsx(3,564): error TS1005: ';' expected.
src/pages/ReturnsExchanges.tsx(3,578): error TS1005: ';' expected.
src/pages/ReturnsExchanges.tsx(3,635): error TS1005: ';' expected.
src/pages/ReturnsExchanges.tsx(3,638): error TS1005: ';' expected.
src/pages/ReturnsExchanges.tsx(3,664): error TS1005: ';' expected.
src/pages/ReturnsExchanges.tsx(3,668): error TS1005: ';' expected.
src/pages/ReturnsExchanges.tsx(3,684): error TS1005: ';' expected.
src/pages/ReturnsExchanges.tsx(3,692): error TS1005: ';' expected.
src/pages/ReturnsExchanges.tsx(3,713): error TS1005: ';' expected.
src/pages/ReturnsExchanges.tsx(3,748): error TS1005: ';' expected.
src/pages/ReturnsExchanges.tsx(3,754): error TS1351: An identifier or keyword cannot immediately follow a numeric literal.
src/pages/ReturnsExchanges.tsx(3,767): error TS1005: ';' expected.
src/pages/ReturnsExchanges.tsx(3,782): error TS1005: ';' expected.
src/pages/ReturnsExchanges.tsx(3,843): error TS1005: ';' expected.
src/pages/ReturnsExchanges.tsx(3,846): error TS1005: ';' expected.
src/pages/ReturnsExchanges.tsx(3,872): error TS1005: ';' expected.
src/pages/ReturnsExchanges.tsx(3,876): error TS1005: ';' expected.
src/pages/ReturnsExchanges.tsx(3,892): error TS1005: ';' expected.
src/pages/ReturnsExchanges.tsx(3,900): error TS1005: ';' expected.
src/pages/ReturnsExchanges.tsx(3,921): error TS1005: ';' expected.
src/pages/ReturnsExchanges.tsx(3,956): error TS1005: ';' expected.
src/pages/ReturnsExchanges.tsx(3,962): error TS1351: An identifier or keyword cannot immediately follow a numeric literal.
src/pages/ReturnsExchanges.tsx(3,974): error TS1005: ';' expected.
src/pages/ReturnsExchanges.tsx(3,1096): error TS1005: ';' expected.
src/pages/ReturnsExchanges.tsx(3,1105): error TS1005: ';' expected.
src/pages/ReturnsExchanges.tsx(3,1164): error TS1005: ';' expected.
src/pages/ReturnsExchanges.tsx(3,1173): error TS1005: ';' expected.
src/pages/ReturnsExchanges.tsx(3,1243): error TS1005: ';' expected.
src/pages/ReturnsExchanges.tsx(3,1265): error TS1005: ';' expected.
src/pages/ReturnsExchanges.tsx(3,1277): error TS1005: ';' expected.
src/pages/ReturnsExchanges.tsx(3,1281): error TS1005: ';' expected.
src/pages/ReturnsExchanges.tsx(3,1363): error TS1005: ';' expected.
src/pages/ReturnsExchanges.tsx(3,1367): error TS1005: ';' expected.
src/pages/ReturnsExchanges.tsx(3,1374): error TS1434: Unexpected keyword or identifier.
src/pages/ReturnsExchanges.tsx(3,1390): error TS1005: ';' expected.
src/pages/ReturnsExchanges.tsx(3,1404): error TS1005: ';' expected.
src/pages/ReturnsExchanges.tsx(3,1422): error TS1005: ';' expected.
src/pages/ReturnsExchanges.tsx(3,1437): error TS1005: ';' expected.
src/pages/ReturnsExchanges.tsx(3,1484): error TS1005: ';' expected.
src/pages/ReturnsExchanges.tsx(3,1490): error TS1005: ';' expected.
src/pages/ReturnsExchanges.tsx(3,1506): error TS1005: ';' expected.
src/pages/ReturnsExchanges.tsx(3,1519): error TS1005: ';' expected.
src/pages/ReturnsExchanges.tsx(3,1548): error TS1005: ';' expected.
src/pages/ReturnsExchanges.tsx(3,1556): error TS1005: ';' expected.
src/pages/ReturnsExchanges.tsx(3,1577): error TS1005: ';' expected.
src/pages/ReturnsExchanges.tsx(3,1643): error TS1005: ';' expected.
src/pages/ReturnsExchanges.tsx(3,1654): error TS1005: ';' expected.
src/pages/ReturnsExchanges.tsx(3,1666): error TS1005: ';' expected.
src/pages/ReturnsExchanges.tsx(3,1689): error TS1005: ';' expected.
src/pages/ReturnsExchanges.tsx(3,1696): error TS1005: ';' expected.
src/pages/ReturnsExchanges.tsx(3,1771): error TS1002: Unterminated string literal.
src/pages/ReturnsExchanges.tsx(4,3): error TS1128: Declaration or statement expected.
src/pages/ReturnsManagement.tsx(3,85): error TS1003: Identifier expected.
src/pages/ReturnsManagement.tsx(3,202): error TS1005: ';' expected.
src/pages/ReturnsManagement.tsx(3,219): error TS1005: ';' expected.
src/pages/ReturnsManagement.tsx(3,224): error TS1005: ';' expected.
src/pages/ReturnsManagement.tsx(3,244): error TS1005: ';' expected.
src/pages/ReturnsManagement.tsx(3,247): error TS1005: ';' expected.
src/pages/ReturnsManagement.tsx(3,273): error TS1005: ';' expected.
src/pages/ReturnsManagement.tsx(3,277): error TS1005: ';' expected.
src/pages/ReturnsManagement.tsx(3,293): error TS1005: ';' expected.
src/pages/ReturnsManagement.tsx(3,301): error TS1005: ';' expected.
src/pages/ReturnsManagement.tsx(3,322): error TS1005: ';' expected.
src/pages/ReturnsManagement.tsx(3,349): error TS1005: ';' expected.
src/pages/ReturnsManagement.tsx(3,355): error TS1351: An identifier or keyword cannot immediately follow a numeric literal.
src/pages/ReturnsManagement.tsx(3,367): error TS1005: ';' expected.
src/pages/ReturnsManagement.tsx(3,428): error TS1005: ';' expected.
src/pages/ReturnsManagement.tsx(3,431): error TS1005: ';' expected.
src/pages/ReturnsManagement.tsx(3,457): error TS1005: ';' expected.
src/pages/ReturnsManagement.tsx(3,461): error TS1005: ';' expected.
src/pages/ReturnsManagement.tsx(3,477): error TS1005: ';' expected.
src/pages/ReturnsManagement.tsx(3,485): error TS1005: ';' expected.
src/pages/ReturnsManagement.tsx(3,506): error TS1005: ';' expected.
src/pages/ReturnsManagement.tsx(3,534): error TS1005: ';' expected.
src/pages/ReturnsManagement.tsx(3,540): error TS1351: An identifier or keyword cannot immediately follow a numeric literal.
src/pages/ReturnsManagement.tsx(3,553): error TS1005: ';' expected.
src/pages/ReturnsManagement.tsx(3,567): error TS1005: ';' expected.
src/pages/ReturnsManagement.tsx(3,622): error TS1005: ';' expected.
src/pages/ReturnsManagement.tsx(3,625): error TS1005: ';' expected.
src/pages/ReturnsManagement.tsx(3,651): error TS1005: ';' expected.
src/pages/ReturnsManagement.tsx(3,655): error TS1005: ';' expected.
src/pages/ReturnsManagement.tsx(3,671): error TS1005: ';' expected.
src/pages/ReturnsManagement.tsx(3,679): error TS1005: ';' expected.
src/pages/ReturnsManagement.tsx(3,700): error TS1005: ';' expected.
src/pages/ReturnsManagement.tsx(3,732): error TS1005: ';' expected.
src/pages/ReturnsManagement.tsx(3,738): error TS1351: An identifier or keyword cannot immediately follow a numeric literal.
src/pages/ReturnsManagement.tsx(3,751): error TS1005: ';' expected.
src/pages/ReturnsManagement.tsx(3,764): error TS1005: ';' expected.
src/pages/ReturnsManagement.tsx(3,844): error TS1005: ';' expected.
src/pages/ReturnsManagement.tsx(3,847): error TS1005: ';' expected.
src/pages/ReturnsManagement.tsx(3,873): error TS1005: ';' expected.
src/pages/ReturnsManagement.tsx(3,877): error TS1005: ';' expected.
src/pages/ReturnsManagement.tsx(3,893): error TS1005: ';' expected.
src/pages/ReturnsManagement.tsx(3,901): error TS1005: ';' expected.
src/pages/ReturnsManagement.tsx(3,922): error TS1005: ';' expected.
src/pages/ReturnsManagement.tsx(3,952): error TS1005: ';' expected.
src/pages/ReturnsManagement.tsx(3,958): error TS1351: An identifier or keyword cannot immediately follow a numeric literal.
src/pages/ReturnsManagement.tsx(3,970): error TS1005: ';' expected.
src/pages/ReturnsManagement.tsx(3,1120): error TS1005: ';' expected.
src/pages/ReturnsManagement.tsx(3,1129): error TS1005: ';' expected.
src/pages/ReturnsManagement.tsx(3,1188): error TS1005: ';' expected.
src/pages/ReturnsManagement.tsx(3,1197): error TS1005: ';' expected.
src/pages/ReturnsManagement.tsx(3,1270): error TS1005: ';' expected.
src/pages/ReturnsManagement.tsx(3,1292): error TS1005: ';' expected.
src/pages/ReturnsManagement.tsx(3,1304): error TS1005: ';' expected.
src/pages/ReturnsManagement.tsx(3,1308): error TS1005: ';' expected.
src/pages/ReturnsManagement.tsx(3,1393): error TS1005: ';' expected.
src/pages/ReturnsManagement.tsx(3,1397): error TS1005: ';' expected.
src/pages/ReturnsManagement.tsx(3,1404): error TS1434: Unexpected keyword or identifier.
src/pages/ReturnsManagement.tsx(3,1420): error TS1005: ';' expected.
src/pages/ReturnsManagement.tsx(3,1434): error TS1005: ';' expected.
src/pages/ReturnsManagement.tsx(3,1452): error TS1005: ';' expected.
src/pages/ReturnsManagement.tsx(3,1467): error TS1005: ';' expected.
src/pages/ReturnsManagement.tsx(3,1514): error TS1005: ';' expected.
src/pages/ReturnsManagement.tsx(3,1520): error TS1005: ';' expected.
src/pages/ReturnsManagement.tsx(3,1536): error TS1005: ';' expected.
src/pages/ReturnsManagement.tsx(3,1549): error TS1005: ';' expected.
src/pages/ReturnsManagement.tsx(3,1581): error TS1005: ';' expected.
src/pages/ReturnsManagement.tsx(3,1589): error TS1005: ';' expected.
src/pages/ReturnsManagement.tsx(3,1610): error TS1005: ';' expected.
src/pages/ReturnsManagement.tsx(3,1670): error TS1005: ';' expected.
src/pages/ReturnsManagement.tsx(3,1683): error TS1005: ';' expected.
src/pages/ReturnsManagement.tsx(3,1695): error TS1005: ';' expected.
src/pages/ReturnsManagement.tsx(3,1718): error TS1005: ';' expected.
src/pages/ReturnsManagement.tsx(3,1725): error TS1005: ';' expected.
src/pages/ReturnsManagement.tsx(3,1795): error TS1002: Unterminated string literal.
src/pages/ReturnsManagement.tsx(4,3): error TS1128: Declaration or statement expected.
src/pages/ReturnsRefundsManagement.tsx(45,49): error TS1003: Identifier expected.
src/pages/ReturnsRefundsManagement.tsx(45,126): error TS1002: Unterminated string literal.
src/pages/ReturnsRefundsManagement.tsx(46,7): error TS1128: Declaration or statement expected.
src/pages/ReturnsRefundsManagement.tsx(48,7): error TS2657: JSX expressions must have one parent element.
src/pages/ReturnsRefundsManagement.tsx(123,5): error TS1128: Declaration or statement expected.
src/pages/ReturnsRefundsManagement.tsx(124,3): error TS1109: Expression expected.
src/pages/ReturnsWarranty.tsx(3,87): error TS1003: Identifier expected.
src/pages/ReturnsWarranty.tsx(3,221): error TS1005: ';' expected.
src/pages/ReturnsWarranty.tsx(3,238): error TS1005: ';' expected.
src/pages/ReturnsWarranty.tsx(3,243): error TS1005: ';' expected.
src/pages/ReturnsWarranty.tsx(3,263): error TS1005: ';' expected.
src/pages/ReturnsWarranty.tsx(3,266): error TS1005: ';' expected.
src/pages/ReturnsWarranty.tsx(3,292): error TS1005: ';' expected.
src/pages/ReturnsWarranty.tsx(3,296): error TS1005: ';' expected.
src/pages/ReturnsWarranty.tsx(3,312): error TS1005: ';' expected.
src/pages/ReturnsWarranty.tsx(3,320): error TS1005: ';' expected.
src/pages/ReturnsWarranty.tsx(3,341): error TS1005: ';' expected.
src/pages/ReturnsWarranty.tsx(3,365): error TS1005: ';' expected.
src/pages/ReturnsWarranty.tsx(3,371): error TS1351: An identifier or keyword cannot immediately follow a numeric literal.
src/pages/ReturnsWarranty.tsx(3,383): error TS1005: ';' expected.
src/pages/ReturnsWarranty.tsx(3,441): error TS1005: ';' expected.
src/pages/ReturnsWarranty.tsx(3,444): error TS1005: ';' expected.
src/pages/ReturnsWarranty.tsx(3,470): error TS1005: ';' expected.
src/pages/ReturnsWarranty.tsx(3,474): error TS1005: ';' expected.
src/pages/ReturnsWarranty.tsx(3,490): error TS1005: ';' expected.
src/pages/ReturnsWarranty.tsx(3,498): error TS1005: ';' expected.
src/pages/ReturnsWarranty.tsx(3,519): error TS1005: ';' expected.
src/pages/ReturnsWarranty.tsx(3,548): error TS1005: ';' expected.
src/pages/ReturnsWarranty.tsx(3,554): error TS1351: An identifier or keyword cannot immediately follow a numeric literal.
src/pages/ReturnsWarranty.tsx(3,567): error TS1005: ';' expected.
src/pages/ReturnsWarranty.tsx(3,581): error TS1005: ';' expected.
src/pages/ReturnsWarranty.tsx(3,637): error TS1005: ';' expected.
src/pages/ReturnsWarranty.tsx(3,640): error TS1005: ';' expected.
src/pages/ReturnsWarranty.tsx(3,666): error TS1005: ';' expected.
src/pages/ReturnsWarranty.tsx(3,670): error TS1005: ';' expected.
src/pages/ReturnsWarranty.tsx(3,686): error TS1005: ';' expected.
src/pages/ReturnsWarranty.tsx(3,694): error TS1005: ';' expected.
src/pages/ReturnsWarranty.tsx(3,715): error TS1005: ';' expected.
src/pages/ReturnsWarranty.tsx(3,748): error TS1005: ';' expected.
src/pages/ReturnsWarranty.tsx(3,754): error TS1351: An identifier or keyword cannot immediately follow a numeric literal.
src/pages/ReturnsWarranty.tsx(3,767): error TS1005: ';' expected.
src/pages/ReturnsWarranty.tsx(3,779): error TS1005: ';' expected.
src/pages/ReturnsWarranty.tsx(3,849): error TS1005: ';' expected.
src/pages/ReturnsWarranty.tsx(3,852): error TS1005: ';' expected.
src/pages/ReturnsWarranty.tsx(3,878): error TS1005: ';' expected.
src/pages/ReturnsWarranty.tsx(3,882): error TS1005: ';' expected.
src/pages/ReturnsWarranty.tsx(3,898): error TS1005: ';' expected.
src/pages/ReturnsWarranty.tsx(3,906): error TS1005: ';' expected.
src/pages/ReturnsWarranty.tsx(3,927): error TS1005: ';' expected.
src/pages/ReturnsWarranty.tsx(3,959): error TS1005: ';' expected.
src/pages/ReturnsWarranty.tsx(3,965): error TS1351: An identifier or keyword cannot immediately follow a numeric literal.
src/pages/ReturnsWarranty.tsx(3,977): error TS1005: ';' expected.
src/pages/ReturnsWarranty.tsx(3,1122): error TS1005: ';' expected.
src/pages/ReturnsWarranty.tsx(3,1131): error TS1005: ';' expected.
src/pages/ReturnsWarranty.tsx(3,1190): error TS1005: ';' expected.
src/pages/ReturnsWarranty.tsx(3,1199): error TS1005: ';' expected.
src/pages/ReturnsWarranty.tsx(3,1269): error TS1005: ';' expected.
src/pages/ReturnsWarranty.tsx(3,1291): error TS1005: ';' expected.
src/pages/ReturnsWarranty.tsx(3,1303): error TS1005: ';' expected.
src/pages/ReturnsWarranty.tsx(3,1307): error TS1005: ';' expected.
src/pages/ReturnsWarranty.tsx(3,1389): error TS1005: ';' expected.
src/pages/ReturnsWarranty.tsx(3,1393): error TS1005: ';' expected.
src/pages/ReturnsWarranty.tsx(3,1400): error TS1434: Unexpected keyword or identifier.
src/pages/ReturnsWarranty.tsx(3,1416): error TS1005: ';' expected.
src/pages/ReturnsWarranty.tsx(3,1430): error TS1005: ';' expected.
src/pages/ReturnsWarranty.tsx(3,1448): error TS1005: ';' expected.
src/pages/ReturnsWarranty.tsx(3,1463): error TS1005: ';' expected.
src/pages/ReturnsWarranty.tsx(3,1510): error TS1005: ';' expected.
src/pages/ReturnsWarranty.tsx(3,1516): error TS1005: ';' expected.
src/pages/ReturnsWarranty.tsx(3,1532): error TS1005: ';' expected.
src/pages/ReturnsWarranty.tsx(3,1545): error TS1005: ';' expected.
src/pages/ReturnsWarranty.tsx(3,1574): error TS1005: ';' expected.
src/pages/ReturnsWarranty.tsx(3,1582): error TS1005: ';' expected.
src/pages/ReturnsWarranty.tsx(3,1603): error TS1005: ';' expected.
src/pages/ReturnsWarranty.tsx(3,1664): error TS1005: ';' expected.
src/pages/ReturnsWarranty.tsx(3,1678): error TS1005: ';' expected.
src/pages/ReturnsWarranty.tsx(3,1690): error TS1005: ';' expected.
src/pages/ReturnsWarranty.tsx(3,1713): error TS1005: ';' expected.
src/pages/ReturnsWarranty.tsx(3,1720): error TS1005: ';' expected.
src/pages/ReturnsWarranty.tsx(3,1791): error TS1002: Unterminated string literal.
src/pages/ReturnsWarranty.tsx(4,3): error TS1128: Declaration or statement expected.
src/pages/RevenueSourceEvents.tsx(538,1): error TS1128: Declaration or statement expected.
src/pages/RFQs.tsx(42,44): error TS1003: Identifier expected.
src/pages/RFQs.tsx(42,106): error TS1002: Unterminated string literal.
src/pages/RFQs.tsx(43,7): error TS1128: Declaration or statement expected.
src/pages/RFQs.tsx(141,5): error TS1128: Declaration or statement expected.
src/pages/RFQs.tsx(142,3): error TS1109: Expression expected.
src/pages/RiskManagement.tsx(54,95): error TS17002: Expected corresponding JSX closing tag for 'StandardPage'.
src/pages/RiskManagement.tsx(55,7): error TS1005: ')' expected.
src/pages/RiskManagement.tsx(57,7): error TS2657: JSX expressions must have one parent element.
src/pages/RiskManagement.tsx(156,5): error TS1128: Declaration or statement expected.
src/pages/RiskManagement.tsx(157,3): error TS1109: Expression expected.
src/pages/RoleAssignment.tsx(18,73): error TS1003: Identifier expected.
src/pages/RoleAssignment.tsx(18,123): error TS1002: Unterminated string literal.
src/pages/RoleAssignment.tsx(19,7): error TS1128: Declaration or statement expected.
src/pages/RoleAssignment.tsx(21,7): error TS2657: JSX expressions must have one parent element.
src/pages/RoleAssignment.tsx(58,5): error TS1128: Declaration or statement expected.
src/pages/RoleAssignment.tsx(59,3): error TS1109: Expression expected.
src/pages/RoleHierarchy.tsx(17,72): error TS1003: Identifier expected.
src/pages/RoleHierarchy.tsx(17,117): error TS1002: Unterminated string literal.
src/pages/RoleHierarchy.tsx(18,7): error TS1128: Declaration or statement expected.
src/pages/RoleHierarchy.tsx(49,5): error TS1128: Declaration or statement expected.
src/pages/RoleHierarchy.tsx(50,3): error TS1109: Expression expected.
src/pages/RouteLoadOptimization.tsx(20,49): error TS1003: Identifier expected.
src/pages/RouteLoadOptimization.tsx(20,125): error TS1002: Unterminated string literal.
src/pages/RouteLoadOptimization.tsx(21,7): error TS1128: Declaration or statement expected.
src/pages/RouteLoadOptimization.tsx(23,7): error TS2657: JSX expressions must have one parent element.
src/pages/RouteLoadOptimization.tsx(64,5): error TS1128: Declaration or statement expected.
src/pages/RouteLoadOptimization.tsx(65,3): error TS1109: Expression expected.
src/pages/RouteOptimization.tsx(3,76): error TS1003: Identifier expected.
src/pages/RouteOptimization.tsx(3,175): error TS1005: ';' expected.
src/pages/RouteOptimization.tsx(3,192): error TS1005: ';' expected.
src/pages/RouteOptimization.tsx(3,197): error TS1005: ';' expected.
src/pages/RouteOptimization.tsx(3,217): error TS1005: ';' expected.
src/pages/RouteOptimization.tsx(3,220): error TS1005: ';' expected.
src/pages/RouteOptimization.tsx(3,246): error TS1005: ';' expected.
src/pages/RouteOptimization.tsx(3,250): error TS1005: ';' expected.
src/pages/RouteOptimization.tsx(3,266): error TS1005: ';' expected.
src/pages/RouteOptimization.tsx(3,274): error TS1005: ';' expected.
src/pages/RouteOptimization.tsx(3,295): error TS1005: ';' expected.
src/pages/RouteOptimization.tsx(3,321): error TS1005: ';' expected.
src/pages/RouteOptimization.tsx(3,327): error TS1351: An identifier or keyword cannot immediately follow a numeric literal.
src/pages/RouteOptimization.tsx(3,339): error TS1005: ';' expected.
src/pages/RouteOptimization.tsx(3,399): error TS1005: ';' expected.
src/pages/RouteOptimization.tsx(3,402): error TS1005: ';' expected.
src/pages/RouteOptimization.tsx(3,428): error TS1005: ';' expected.
src/pages/RouteOptimization.tsx(3,432): error TS1005: ';' expected.
src/pages/RouteOptimization.tsx(3,448): error TS1005: ';' expected.
src/pages/RouteOptimization.tsx(3,456): error TS1005: ';' expected.
src/pages/RouteOptimization.tsx(3,477): error TS1005: ';' expected.
src/pages/RouteOptimization.tsx(3,506): error TS1005: ';' expected.
src/pages/RouteOptimization.tsx(3,512): error TS1351: An identifier or keyword cannot immediately follow a numeric literal.
src/pages/RouteOptimization.tsx(3,525): error TS1005: ';' expected.
src/pages/RouteOptimization.tsx(3,539): error TS1005: ';' expected.
src/pages/RouteOptimization.tsx(3,595): error TS1005: ';' expected.
src/pages/RouteOptimization.tsx(3,598): error TS1005: ';' expected.
src/pages/RouteOptimization.tsx(3,624): error TS1005: ';' expected.
src/pages/RouteOptimization.tsx(3,628): error TS1005: ';' expected.
src/pages/RouteOptimization.tsx(3,644): error TS1005: ';' expected.
src/pages/RouteOptimization.tsx(3,652): error TS1005: ';' expected.
src/pages/RouteOptimization.tsx(3,673): error TS1005: ';' expected.
src/pages/RouteOptimization.tsx(3,699): error TS1005: ';' expected.
src/pages/RouteOptimization.tsx(3,705): error TS1351: An identifier or keyword cannot immediately follow a numeric literal.
src/pages/RouteOptimization.tsx(3,718): error TS1005: ';' expected.
src/pages/RouteOptimization.tsx(3,731): error TS1005: ';' expected.
src/pages/RouteOptimization.tsx(3,774): error TS1005: ';' expected.
src/pages/RouteOptimization.tsx(3,833): error TS1005: ';' expected.
src/pages/RouteOptimization.tsx(3,836): error TS1005: ';' expected.
src/pages/RouteOptimization.tsx(3,862): error TS1005: ';' expected.
src/pages/RouteOptimization.tsx(3,866): error TS1005: ';' expected.
src/pages/RouteOptimization.tsx(3,882): error TS1005: ';' expected.
src/pages/RouteOptimization.tsx(3,890): error TS1005: ';' expected.
src/pages/RouteOptimization.tsx(3,911): error TS1005: ';' expected.
src/pages/RouteOptimization.tsx(3,943): error TS1005: ';' expected.
src/pages/RouteOptimization.tsx(3,949): error TS1351: An identifier or keyword cannot immediately follow a numeric literal.
src/pages/RouteOptimization.tsx(3,961): error TS1005: ';' expected.
src/pages/RouteOptimization.tsx(3,1110): error TS1005: ';' expected.
src/pages/RouteOptimization.tsx(3,1119): error TS1005: ';' expected.
src/pages/RouteOptimization.tsx(3,1177): error TS1005: ';' expected.
src/pages/RouteOptimization.tsx(3,1186): error TS1005: ';' expected.
src/pages/RouteOptimization.tsx(3,1258): error TS1005: ';' expected.
src/pages/RouteOptimization.tsx(3,1280): error TS1005: ';' expected.
src/pages/RouteOptimization.tsx(3,1292): error TS1005: ';' expected.
src/pages/RouteOptimization.tsx(3,1296): error TS1005: ';' expected.
src/pages/RouteOptimization.tsx(3,1379): error TS1005: ';' expected.
src/pages/RouteOptimization.tsx(3,1383): error TS1005: ';' expected.
src/pages/RouteOptimization.tsx(3,1390): error TS1434: Unexpected keyword or identifier.
src/pages/RouteOptimization.tsx(3,1406): error TS1005: ';' expected.
src/pages/RouteOptimization.tsx(3,1420): error TS1005: ';' expected.
src/pages/RouteOptimization.tsx(3,1438): error TS1005: ';' expected.
src/pages/RouteOptimization.tsx(3,1453): error TS1005: ';' expected.
src/pages/RouteOptimization.tsx(3,1502): error TS1005: ';' expected.
src/pages/RouteOptimization.tsx(3,1508): error TS1005: ';' expected.
src/pages/RouteOptimization.tsx(3,1524): error TS1005: ';' expected.
src/pages/RouteOptimization.tsx(3,1537): error TS1005: ';' expected.
src/pages/RouteOptimization.tsx(3,1568): error TS1005: ';' expected.
src/pages/RouteOptimization.tsx(3,1576): error TS1005: ';' expected.
src/pages/RouteOptimization.tsx(3,1597): error TS1005: ';' expected.
src/pages/RouteOptimization.tsx(3,1655): error TS1005: ';' expected.
src/pages/RouteOptimization.tsx(3,1669): error TS1005: ';' expected.
src/pages/RouteOptimization.tsx(3,1681): error TS1005: ';' expected.
src/pages/RouteOptimization.tsx(3,1704): error TS1005: ';' expected.
src/pages/RouteOptimization.tsx(3,1711): error TS1005: ';' expected.
src/pages/RouteOptimization.tsx(3,1781): error TS1002: Unterminated string literal.
src/pages/RouteOptimization.tsx(4,3): error TS1128: Declaration or statement expected.
src/pages/RoutingMaster.tsx(43,72): error TS1003: Identifier expected.
src/pages/RoutingMaster.tsx(43,122): error TS1002: Unterminated string literal.
src/pages/RoutingMaster.tsx(44,7): error TS1128: Declaration or statement expected.
src/pages/RoutingMaster.tsx(46,7): error TS2657: JSX expressions must have one parent element.
src/pages/RoutingMaster.tsx(115,5): error TS1128: Declaration or statement expected.
src/pages/RoutingMaster.tsx(116,3): error TS1109: Expression expected.
src/pages/SalesActivities.tsx(17,49): error TS1003: Identifier expected.
src/pages/SalesActivities.tsx(17,88): error TS1002: Unterminated string literal.
src/pages/SalesActivities.tsx(18,7): error TS1128: Declaration or statement expected.
src/pages/SalesActivities.tsx(20,7): error TS2657: JSX expressions must have one parent element.
src/pages/SalesActivities.tsx(53,5): error TS1128: Declaration or statement expected.
src/pages/SalesActivities.tsx(54,3): error TS1109: Expression expected.
src/pages/SalesPipeline.tsx(27,5): error TS2657: JSX expressions must have one parent element.
src/pages/SalesPipeline.tsx(32,46): error TS1005: '}' expected.
src/pages/SalesPipeline.tsx(32,134): error TS17002: Expected corresponding JSX closing tag for 'Breadcrumb'.
src/pages/SalesPipeline.tsx(33,11): error TS17002: Expected corresponding JSX closing tag for 'StandardPage'.
src/pages/SalesPipeline.tsx(35,7): error TS1005: ')' expected.
src/pages/SalesPipeline.tsx(37,7): error TS2657: JSX expressions must have one parent element.
src/pages/SalesPipeline.tsx(71,5): error TS1128: Declaration or statement expected.
src/pages/SalesPipeline.tsx(72,3): error TS1109: Expression expected.
src/pages/SampleTracking.tsx(3,83): error TS1003: Identifier expected.
src/pages/SampleTracking.tsx(3,218): error TS1005: ';' expected.
src/pages/SampleTracking.tsx(3,235): error TS1005: ';' expected.
src/pages/SampleTracking.tsx(3,240): error TS1005: ';' expected.
src/pages/SampleTracking.tsx(3,260): error TS1005: ';' expected.
src/pages/SampleTracking.tsx(3,263): error TS1005: ';' expected.
src/pages/SampleTracking.tsx(3,289): error TS1005: ';' expected.
src/pages/SampleTracking.tsx(3,293): error TS1005: ';' expected.
src/pages/SampleTracking.tsx(3,309): error TS1005: ';' expected.
src/pages/SampleTracking.tsx(3,317): error TS1005: ';' expected.
src/pages/SampleTracking.tsx(3,338): error TS1005: ';' expected.
src/pages/SampleTracking.tsx(3,365): error TS1005: ';' expected.
src/pages/SampleTracking.tsx(3,371): error TS1351: An identifier or keyword cannot immediately follow a numeric literal.
src/pages/SampleTracking.tsx(3,383): error TS1005: ';' expected.
src/pages/SampleTracking.tsx(3,444): error TS1005: ';' expected.
src/pages/SampleTracking.tsx(3,447): error TS1005: ';' expected.
src/pages/SampleTracking.tsx(3,473): error TS1005: ';' expected.
src/pages/SampleTracking.tsx(3,477): error TS1005: ';' expected.
src/pages/SampleTracking.tsx(3,493): error TS1005: ';' expected.
src/pages/SampleTracking.tsx(3,501): error TS1005: ';' expected.
src/pages/SampleTracking.tsx(3,522): error TS1005: ';' expected.
src/pages/SampleTracking.tsx(3,550): error TS1005: ';' expected.
src/pages/SampleTracking.tsx(3,556): error TS1351: An identifier or keyword cannot immediately follow a numeric literal.
src/pages/SampleTracking.tsx(3,569): error TS1005: ';' expected.
src/pages/SampleTracking.tsx(3,583): error TS1005: ';' expected.
src/pages/SampleTracking.tsx(3,638): error TS1005: ';' expected.
src/pages/SampleTracking.tsx(3,641): error TS1005: ';' expected.
src/pages/SampleTracking.tsx(3,667): error TS1005: ';' expected.
src/pages/SampleTracking.tsx(3,671): error TS1005: ';' expected.
src/pages/SampleTracking.tsx(3,687): error TS1005: ';' expected.
src/pages/SampleTracking.tsx(3,695): error TS1005: ';' expected.
src/pages/SampleTracking.tsx(3,716): error TS1005: ';' expected.
src/pages/SampleTracking.tsx(3,743): error TS1005: ';' expected.
src/pages/SampleTracking.tsx(3,749): error TS1351: An identifier or keyword cannot immediately follow a numeric literal.
src/pages/SampleTracking.tsx(3,762): error TS1005: ';' expected.
src/pages/SampleTracking.tsx(3,777): error TS1005: ';' expected.
src/pages/SampleTracking.tsx(3,849): error TS1005: ';' expected.
src/pages/SampleTracking.tsx(3,852): error TS1005: ';' expected.
src/pages/SampleTracking.tsx(3,878): error TS1005: ';' expected.
src/pages/SampleTracking.tsx(3,882): error TS1005: ';' expected.
src/pages/SampleTracking.tsx(3,898): error TS1005: ';' expected.
src/pages/SampleTracking.tsx(3,906): error TS1005: ';' expected.
src/pages/SampleTracking.tsx(3,927): error TS1005: ';' expected.
src/pages/SampleTracking.tsx(3,957): error TS1005: ';' expected.
src/pages/SampleTracking.tsx(3,963): error TS1351: An identifier or keyword cannot immediately follow a numeric literal.
src/pages/SampleTracking.tsx(3,975): error TS1005: ';' expected.
src/pages/SampleTracking.tsx(3,1125): error TS1005: ';' expected.
src/pages/SampleTracking.tsx(3,1134): error TS1005: ';' expected.
src/pages/SampleTracking.tsx(3,1193): error TS1005: ';' expected.
src/pages/SampleTracking.tsx(3,1202): error TS1005: ';' expected.
src/pages/SampleTracking.tsx(3,1275): error TS1005: ';' expected.
src/pages/SampleTracking.tsx(3,1297): error TS1005: ';' expected.
src/pages/SampleTracking.tsx(3,1309): error TS1005: ';' expected.
src/pages/SampleTracking.tsx(3,1313): error TS1005: ';' expected.
src/pages/SampleTracking.tsx(3,1398): error TS1005: ';' expected.
src/pages/SampleTracking.tsx(3,1402): error TS1005: ';' expected.
src/pages/SampleTracking.tsx(3,1409): error TS1434: Unexpected keyword or identifier.
src/pages/SampleTracking.tsx(3,1425): error TS1005: ';' expected.
src/pages/SampleTracking.tsx(3,1439): error TS1005: ';' expected.
src/pages/SampleTracking.tsx(3,1457): error TS1005: ';' expected.
src/pages/SampleTracking.tsx(3,1472): error TS1005: ';' expected.
src/pages/SampleTracking.tsx(3,1522): error TS1005: ';' expected.
src/pages/SampleTracking.tsx(3,1528): error TS1005: ';' expected.
src/pages/SampleTracking.tsx(3,1544): error TS1005: ';' expected.
src/pages/SampleTracking.tsx(3,1557): error TS1005: ';' expected.
src/pages/SampleTracking.tsx(3,1589): error TS1005: ';' expected.
src/pages/SampleTracking.tsx(3,1597): error TS1005: ';' expected.
src/pages/SampleTracking.tsx(3,1618): error TS1005: ';' expected.
src/pages/SampleTracking.tsx(3,1675): error TS1005: ';' expected.
src/pages/SampleTracking.tsx(3,1688): error TS1005: ';' expected.
src/pages/SampleTracking.tsx(3,1700): error TS1005: ';' expected.
src/pages/SampleTracking.tsx(3,1723): error TS1005: ';' expected.
src/pages/SampleTracking.tsx(3,1730): error TS1005: ';' expected.
src/pages/SampleTracking.tsx(3,1800): error TS1002: Unterminated string literal.
src/pages/SampleTracking.tsx(4,3): error TS1128: Declaration or statement expected.
src/pages/ScheduledReports.tsx(9,49): error TS1003: Identifier expected.
src/pages/ScheduledReports.tsx(9,95): error TS1002: Unterminated string literal.
src/pages/ScheduledReports.tsx(10,7): error TS1128: Declaration or statement expected.
src/pages/ScheduledReports.tsx(32,5): error TS1128: Declaration or statement expected.
src/pages/ScheduledReports.tsx(33,3): error TS1109: Expression expected.
src/pages/ScheduledTasks.tsx(41,73): error TS1003: Identifier expected.
src/pages/ScheduledTasks.tsx(41,113): error TS1002: Unterminated string literal.
src/pages/ScheduledTasks.tsx(42,7): error TS1128: Declaration or statement expected.
src/pages/ScheduledTasks.tsx(44,7): error TS2657: JSX expressions must have one parent element.
src/pages/ScheduledTasks.tsx(92,5): error TS1128: Declaration or statement expected.
src/pages/ScheduledTasks.tsx(93,3): error TS1109: Expression expected.
src/pages/SecurityAudit.tsx(8,49): error TS1003: Identifier expected.
src/pages/SecurityAudit.tsx(8,83): error TS1002: Unterminated string literal.
src/pages/SecurityAudit.tsx(9,7): error TS1128: Declaration or statement expected.
src/pages/SecurityAudit.tsx(23,5): error TS1128: Declaration or statement expected.
src/pages/SecurityAudit.tsx(24,3): error TS1109: Expression expected.
src/pages/SecurityEventLog.tsx(32,49): error TS1003: Identifier expected.
src/pages/SecurityEventLog.tsx(32,94): error TS1002: Unterminated string literal.
src/pages/SecurityEventLog.tsx(33,7): error TS1128: Declaration or statement expected.
src/pages/SecurityEventLog.tsx(35,7): error TS2657: JSX expressions must have one parent element.
src/pages/SecurityEventLog.tsx(80,5): error TS1128: Declaration or statement expected.
src/pages/SecurityEventLog.tsx(81,3): error TS1109: Expression expected.
src/pages/SecurityManagement.tsx(14,44): error TS1003: Identifier expected.
src/pages/SecurityManagement.tsx(14,85): error TS1002: Unterminated string literal.
src/pages/SecurityManagement.tsx(15,7): error TS1128: Declaration or statement expected.
src/pages/SecurityManagement.tsx(16,7): error TS2657: JSX expressions must have one parent element.
src/pages/SecurityManagement.tsx(22,5): error TS1128: Declaration or statement expected.
src/pages/SecurityManagement.tsx(23,3): error TS1109: Expression expected.
src/pages/SecuritySettings.tsx(20,49): error TS1003: Identifier expected.
src/pages/SecuritySettings.tsx(20,101): error TS1002: Unterminated string literal.
src/pages/SecuritySettings.tsx(21,7): error TS1128: Declaration or statement expected.
src/pages/SecuritySettings.tsx(23,7): error TS2657: JSX expressions must have one parent element.
src/pages/SecuritySettings.tsx(135,5): error TS1128: Declaration or statement expected.
src/pages/SecuritySettings.tsx(136,3): error TS1109: Expression expected.
src/pages/SemanticSearch.tsx(46,52): error TS1003: Identifier expected.
src/pages/SemanticSearch.tsx(46,91): error TS1002: Unterminated string literal.
src/pages/SemanticSearch.tsx(47,7): error TS1128: Declaration or statement expected.
src/pages/SemanticSearch.tsx(48,7): error TS2657: JSX expressions must have one parent element.
src/pages/SemanticSearch.tsx(65,5): error TS1128: Declaration or statement expected.
src/pages/SemanticSearch.tsx(66,3): error TS1109: Expression expected.
src/pages/Serialization.tsx(3,101): error TS1003: Identifier expected.
src/pages/Serialization.tsx(3,223): error TS1005: ';' expected.
src/pages/Serialization.tsx(3,240): error TS1005: ';' expected.
src/pages/Serialization.tsx(3,245): error TS1005: ';' expected.
src/pages/Serialization.tsx(3,265): error TS1005: ';' expected.
src/pages/Serialization.tsx(3,268): error TS1005: ';' expected.
src/pages/Serialization.tsx(3,294): error TS1005: ';' expected.
src/pages/Serialization.tsx(3,298): error TS1005: ';' expected.
src/pages/Serialization.tsx(3,314): error TS1005: ';' expected.
src/pages/Serialization.tsx(3,322): error TS1005: ';' expected.
src/pages/Serialization.tsx(3,343): error TS1005: ';' expected.
src/pages/Serialization.tsx(3,376): error TS1005: ';' expected.
src/pages/Serialization.tsx(3,382): error TS1351: An identifier or keyword cannot immediately follow a numeric literal.
src/pages/Serialization.tsx(3,394): error TS1005: ';' expected.
src/pages/Serialization.tsx(3,455): error TS1005: ';' expected.
src/pages/Serialization.tsx(3,458): error TS1005: ';' expected.
src/pages/Serialization.tsx(3,484): error TS1005: ';' expected.
src/pages/Serialization.tsx(3,488): error TS1005: ';' expected.
src/pages/Serialization.tsx(3,504): error TS1005: ';' expected.
src/pages/Serialization.tsx(3,512): error TS1005: ';' expected.
src/pages/Serialization.tsx(3,533): error TS1005: ';' expected.
src/pages/Serialization.tsx(3,565): error TS1005: ';' expected.
src/pages/Serialization.tsx(3,571): error TS1351: An identifier or keyword cannot immediately follow a numeric literal.
src/pages/Serialization.tsx(3,584): error TS1005: ';' expected.
src/pages/Serialization.tsx(3,598): error TS1005: ';' expected.
src/pages/Serialization.tsx(3,657): error TS1005: ';' expected.
src/pages/Serialization.tsx(3,660): error TS1005: ';' expected.
src/pages/Serialization.tsx(3,686): error TS1005: ';' expected.
src/pages/Serialization.tsx(3,690): error TS1005: ';' expected.
src/pages/Serialization.tsx(3,706): error TS1005: ';' expected.
src/pages/Serialization.tsx(3,714): error TS1005: ';' expected.
src/pages/Serialization.tsx(3,735): error TS1005: ';' expected.
src/pages/Serialization.tsx(3,766): error TS1005: ';' expected.
src/pages/Serialization.tsx(3,772): error TS1351: An identifier or keyword cannot immediately follow a numeric literal.
src/pages/Serialization.tsx(3,785): error TS1005: ';' expected.
src/pages/Serialization.tsx(3,797): error TS1005: ';' expected.
src/pages/Serialization.tsx(3,855): error TS1005: ';' expected.
src/pages/Serialization.tsx(3,858): error TS1005: ';' expected.
src/pages/Serialization.tsx(3,884): error TS1005: ';' expected.
src/pages/Serialization.tsx(3,888): error TS1005: ';' expected.
src/pages/Serialization.tsx(3,904): error TS1005: ';' expected.
src/pages/Serialization.tsx(3,912): error TS1005: ';' expected.
src/pages/Serialization.tsx(3,933): error TS1005: ';' expected.
src/pages/Serialization.tsx(3,965): error TS1005: ';' expected.
src/pages/Serialization.tsx(3,971): error TS1351: An identifier or keyword cannot immediately follow a numeric literal.
src/pages/Serialization.tsx(3,983): error TS1005: ';' expected.
src/pages/Serialization.tsx(3,1137): error TS1005: ';' expected.
src/pages/Serialization.tsx(3,1146): error TS1005: ';' expected.
src/pages/Serialization.tsx(3,1212): error TS1005: ';' expected.
src/pages/Serialization.tsx(3,1221): error TS1005: ';' expected.
src/pages/Serialization.tsx(3,1294): error TS1005: ';' expected.
src/pages/Serialization.tsx(3,1316): error TS1005: ';' expected.
src/pages/Serialization.tsx(3,1328): error TS1005: ';' expected.
src/pages/Serialization.tsx(3,1332): error TS1005: ';' expected.
src/pages/Serialization.tsx(3,1417): error TS1005: ';' expected.
src/pages/Serialization.tsx(3,1421): error TS1005: ';' expected.
src/pages/Serialization.tsx(3,1428): error TS1434: Unexpected keyword or identifier.
src/pages/Serialization.tsx(3,1444): error TS1005: ';' expected.
src/pages/Serialization.tsx(3,1458): error TS1005: ';' expected.
src/pages/Serialization.tsx(3,1476): error TS1005: ';' expected.
src/pages/Serialization.tsx(3,1491): error TS1005: ';' expected.
src/pages/Serialization.tsx(3,1541): error TS1005: ';' expected.
src/pages/Serialization.tsx(3,1547): error TS1005: ';' expected.
src/pages/Serialization.tsx(3,1563): error TS1005: ';' expected.
src/pages/Serialization.tsx(3,1576): error TS1005: ';' expected.
src/pages/Serialization.tsx(3,1612): error TS1005: ';' expected.
src/pages/Serialization.tsx(3,1620): error TS1005: ';' expected.
src/pages/Serialization.tsx(3,1641): error TS1005: ';' expected.
src/pages/Serialization.tsx(3,1727): error TS1005: ';' expected.
src/pages/Serialization.tsx(3,1744): error TS1005: ';' expected.
src/pages/Serialization.tsx(3,1756): error TS1005: ';' expected.
src/pages/Serialization.tsx(3,1781): error TS1005: ';' expected.
src/pages/Serialization.tsx(3,1788): error TS1005: ';' expected.
src/pages/Serialization.tsx(3,1858): error TS1002: Unterminated string literal.
src/pages/Serialization.tsx(4,3): error TS1128: Declaration or statement expected.
src/pages/ServiceCatalog.tsx(3,83): error TS1003: Identifier expected.
src/pages/ServiceCatalog.tsx(3,181): error TS1005: ';' expected.
src/pages/ServiceCatalog.tsx(3,198): error TS1005: ';' expected.
src/pages/ServiceCatalog.tsx(3,203): error TS1005: ';' expected.
src/pages/ServiceCatalog.tsx(3,223): error TS1005: ';' expected.
src/pages/ServiceCatalog.tsx(3,226): error TS1005: ';' expected.
src/pages/ServiceCatalog.tsx(3,252): error TS1005: ';' expected.
src/pages/ServiceCatalog.tsx(3,256): error TS1005: ';' expected.
src/pages/ServiceCatalog.tsx(3,272): error TS1005: ';' expected.
src/pages/ServiceCatalog.tsx(3,280): error TS1005: ';' expected.
src/pages/ServiceCatalog.tsx(3,301): error TS1005: ';' expected.
src/pages/ServiceCatalog.tsx(3,329): error TS1005: ';' expected.
src/pages/ServiceCatalog.tsx(3,335): error TS1351: An identifier or keyword cannot immediately follow a numeric literal.
src/pages/ServiceCatalog.tsx(3,347): error TS1005: ';' expected.
src/pages/ServiceCatalog.tsx(3,409): error TS1005: ';' expected.
src/pages/ServiceCatalog.tsx(3,412): error TS1005: ';' expected.
src/pages/ServiceCatalog.tsx(3,438): error TS1005: ';' expected.
src/pages/ServiceCatalog.tsx(3,442): error TS1005: ';' expected.
src/pages/ServiceCatalog.tsx(3,458): error TS1005: ';' expected.
src/pages/ServiceCatalog.tsx(3,466): error TS1005: ';' expected.
src/pages/ServiceCatalog.tsx(3,487): error TS1005: ';' expected.
src/pages/ServiceCatalog.tsx(3,513): error TS1005: ';' expected.
src/pages/ServiceCatalog.tsx(3,519): error TS1351: An identifier or keyword cannot immediately follow a numeric literal.
src/pages/ServiceCatalog.tsx(3,532): error TS1005: ';' expected.
src/pages/ServiceCatalog.tsx(3,546): error TS1005: ';' expected.
src/pages/ServiceCatalog.tsx(3,599): error TS1005: ';' expected.
src/pages/ServiceCatalog.tsx(3,602): error TS1005: ';' expected.
src/pages/ServiceCatalog.tsx(3,628): error TS1005: ';' expected.
src/pages/ServiceCatalog.tsx(3,632): error TS1005: ';' expected.
src/pages/ServiceCatalog.tsx(3,648): error TS1005: ';' expected.
src/pages/ServiceCatalog.tsx(3,656): error TS1005: ';' expected.
src/pages/ServiceCatalog.tsx(3,677): error TS1005: ';' expected.
src/pages/ServiceCatalog.tsx(3,702): error TS1005: ';' expected.
src/pages/ServiceCatalog.tsx(3,708): error TS1351: An identifier or keyword cannot immediately follow a numeric literal.
src/pages/ServiceCatalog.tsx(3,721): error TS1005: ';' expected.
src/pages/ServiceCatalog.tsx(3,734): error TS1005: ';' expected.
src/pages/ServiceCatalog.tsx(3,827): error TS1005: ';' expected.
src/pages/ServiceCatalog.tsx(3,830): error TS1005: ';' expected.
src/pages/ServiceCatalog.tsx(3,856): error TS1005: ';' expected.
src/pages/ServiceCatalog.tsx(3,860): error TS1005: ';' expected.
src/pages/ServiceCatalog.tsx(3,876): error TS1005: ';' expected.
src/pages/ServiceCatalog.tsx(3,884): error TS1005: ';' expected.
src/pages/ServiceCatalog.tsx(3,905): error TS1005: ';' expected.
src/pages/ServiceCatalog.tsx(3,933): error TS1005: ';' expected.
src/pages/ServiceCatalog.tsx(3,939): error TS1351: An identifier or keyword cannot immediately follow a numeric literal.
src/pages/ServiceCatalog.tsx(3,951): error TS1005: ';' expected.
src/pages/ServiceCatalog.tsx(3,1101): error TS1005: ';' expected.
src/pages/ServiceCatalog.tsx(3,1110): error TS1005: ';' expected.
src/pages/ServiceCatalog.tsx(3,1170): error TS1005: ';' expected.
src/pages/ServiceCatalog.tsx(3,1179): error TS1005: ';' expected.
src/pages/ServiceCatalog.tsx(3,1253): error TS1005: ';' expected.
src/pages/ServiceCatalog.tsx(3,1275): error TS1005: ';' expected.
src/pages/ServiceCatalog.tsx(3,1287): error TS1005: ';' expected.
src/pages/ServiceCatalog.tsx(3,1291): error TS1005: ';' expected.
src/pages/ServiceCatalog.tsx(3,1378): error TS1005: ';' expected.
src/pages/ServiceCatalog.tsx(3,1382): error TS1005: ';' expected.
src/pages/ServiceCatalog.tsx(3,1389): error TS1434: Unexpected keyword or identifier.
src/pages/ServiceCatalog.tsx(3,1405): error TS1005: ';' expected.
src/pages/ServiceCatalog.tsx(3,1419): error TS1005: ';' expected.
src/pages/ServiceCatalog.tsx(3,1437): error TS1005: ';' expected.
src/pages/ServiceCatalog.tsx(3,1452): error TS1005: ';' expected.
src/pages/ServiceCatalog.tsx(3,1499): error TS1005: ';' expected.
src/pages/ServiceCatalog.tsx(3,1505): error TS1005: ';' expected.
src/pages/ServiceCatalog.tsx(3,1521): error TS1005: ';' expected.
src/pages/ServiceCatalog.tsx(3,1534): error TS1005: ';' expected.
src/pages/ServiceCatalog.tsx(3,1567): error TS1005: ';' expected.
src/pages/ServiceCatalog.tsx(3,1575): error TS1005: ';' expected.
src/pages/ServiceCatalog.tsx(3,1596): error TS1005: ';' expected.
src/pages/ServiceCatalog.tsx(3,1647): error TS1005: ';' expected.
src/pages/ServiceCatalog.tsx(3,1658): error TS1005: ';' expected.
src/pages/ServiceCatalog.tsx(3,1670): error TS1005: ';' expected.
src/pages/ServiceCatalog.tsx(3,1693): error TS1005: ';' expected.
src/pages/ServiceCatalog.tsx(3,1700): error TS1005: ';' expected.
src/pages/ServiceCatalog.tsx(3,1770): error TS1002: Unterminated string literal.
src/pages/ServiceCatalog.tsx(4,3): error TS1128: Declaration or statement expected.
src/pages/ServiceLevelConfig.tsx(8,49): error TS1003: Identifier expected.
src/pages/ServiceLevelConfig.tsx(8,94): error TS1002: Unterminated string literal.
src/pages/ServiceLevelConfig.tsx(9,7): error TS1128: Declaration or statement expected.
src/pages/ServiceLevelConfig.tsx(23,5): error TS1128: Declaration or statement expected.
src/pages/ServiceLevelConfig.tsx(24,3): error TS1109: Expression expected.
src/pages/ServiceProvisioning.tsx(3,79): error TS1003: Identifier expected.
src/pages/ServiceProvisioning.tsx(3,156): error TS1005: ';' expected.
src/pages/ServiceProvisioning.tsx(3,173): error TS1005: ';' expected.
src/pages/ServiceProvisioning.tsx(3,178): error TS1005: ';' expected.
src/pages/ServiceProvisioning.tsx(3,198): error TS1005: ';' expected.
src/pages/ServiceProvisioning.tsx(3,201): error TS1005: ';' expected.
src/pages/ServiceProvisioning.tsx(3,227): error TS1005: ';' expected.
src/pages/ServiceProvisioning.tsx(3,231): error TS1005: ';' expected.
src/pages/ServiceProvisioning.tsx(3,247): error TS1005: ';' expected.
src/pages/ServiceProvisioning.tsx(3,255): error TS1005: ';' expected.
src/pages/ServiceProvisioning.tsx(3,276): error TS1005: ';' expected.
src/pages/ServiceProvisioning.tsx(3,304): error TS1005: ';' expected.
src/pages/ServiceProvisioning.tsx(3,310): error TS1351: An identifier or keyword cannot immediately follow a numeric literal.
src/pages/ServiceProvisioning.tsx(3,322): error TS1005: ';' expected.
src/pages/ServiceProvisioning.tsx(3,384): error TS1005: ';' expected.
src/pages/ServiceProvisioning.tsx(3,387): error TS1005: ';' expected.
src/pages/ServiceProvisioning.tsx(3,413): error TS1005: ';' expected.
src/pages/ServiceProvisioning.tsx(3,417): error TS1005: ';' expected.
src/pages/ServiceProvisioning.tsx(3,433): error TS1005: ';' expected.
src/pages/ServiceProvisioning.tsx(3,441): error TS1005: ';' expected.
src/pages/ServiceProvisioning.tsx(3,462): error TS1005: ';' expected.
src/pages/ServiceProvisioning.tsx(3,488): error TS1005: ';' expected.
src/pages/ServiceProvisioning.tsx(3,494): error TS1351: An identifier or keyword cannot immediately follow a numeric literal.
src/pages/ServiceProvisioning.tsx(3,507): error TS1005: ';' expected.
src/pages/ServiceProvisioning.tsx(3,521): error TS1005: ';' expected.
src/pages/ServiceProvisioning.tsx(3,574): error TS1005: ';' expected.
src/pages/ServiceProvisioning.tsx(3,577): error TS1005: ';' expected.
src/pages/ServiceProvisioning.tsx(3,603): error TS1005: ';' expected.
src/pages/ServiceProvisioning.tsx(3,607): error TS1005: ';' expected.
src/pages/ServiceProvisioning.tsx(3,623): error TS1005: ';' expected.
src/pages/ServiceProvisioning.tsx(3,631): error TS1005: ';' expected.
src/pages/ServiceProvisioning.tsx(3,652): error TS1005: ';' expected.
src/pages/ServiceProvisioning.tsx(3,680): error TS1005: ';' expected.
src/pages/ServiceProvisioning.tsx(3,686): error TS1351: An identifier or keyword cannot immediately follow a numeric literal.
src/pages/ServiceProvisioning.tsx(3,699): error TS1005: ';' expected.
src/pages/ServiceProvisioning.tsx(3,714): error TS1005: ';' expected.
src/pages/ServiceProvisioning.tsx(3,759): error TS1005: ';' expected.
src/pages/ServiceProvisioning.tsx(3,820): error TS1005: ';' expected.
src/pages/ServiceProvisioning.tsx(3,823): error TS1005: ';' expected.
src/pages/ServiceProvisioning.tsx(3,849): error TS1005: ';' expected.
src/pages/ServiceProvisioning.tsx(3,853): error TS1005: ';' expected.
src/pages/ServiceProvisioning.tsx(3,869): error TS1005: ';' expected.
src/pages/ServiceProvisioning.tsx(3,877): error TS1005: ';' expected.
src/pages/ServiceProvisioning.tsx(3,898): error TS1005: ';' expected.
src/pages/ServiceProvisioning.tsx(3,926): error TS1005: ';' expected.
src/pages/ServiceProvisioning.tsx(3,932): error TS1351: An identifier or keyword cannot immediately follow a numeric literal.
src/pages/ServiceProvisioning.tsx(3,944): error TS1005: ';' expected.
src/pages/ServiceProvisioning.tsx(3,1093): error TS1005: ';' expected.
src/pages/ServiceProvisioning.tsx(3,1102): error TS1005: ';' expected.
src/pages/ServiceProvisioning.tsx(3,1161): error TS1005: ';' expected.
src/pages/ServiceProvisioning.tsx(3,1170): error TS1005: ';' expected.
src/pages/ServiceProvisioning.tsx(3,1243): error TS1005: ';' expected.
src/pages/ServiceProvisioning.tsx(3,1265): error TS1005: ';' expected.
src/pages/ServiceProvisioning.tsx(3,1277): error TS1005: ';' expected.
src/pages/ServiceProvisioning.tsx(3,1281): error TS1005: ';' expected.
src/pages/ServiceProvisioning.tsx(3,1367): error TS1005: ';' expected.
src/pages/ServiceProvisioning.tsx(3,1371): error TS1005: ';' expected.
src/pages/ServiceProvisioning.tsx(3,1378): error TS1434: Unexpected keyword or identifier.
src/pages/ServiceProvisioning.tsx(3,1394): error TS1005: ';' expected.
src/pages/ServiceProvisioning.tsx(3,1408): error TS1005: ';' expected.
src/pages/ServiceProvisioning.tsx(3,1426): error TS1005: ';' expected.
src/pages/ServiceProvisioning.tsx(3,1441): error TS1005: ';' expected.
src/pages/ServiceProvisioning.tsx(3,1487): error TS1005: ';' expected.
src/pages/ServiceProvisioning.tsx(3,1493): error TS1005: ';' expected.
src/pages/ServiceProvisioning.tsx(3,1509): error TS1005: ';' expected.
src/pages/ServiceProvisioning.tsx(3,1522): error TS1005: ';' expected.
src/pages/ServiceProvisioning.tsx(3,1555): error TS1005: ';' expected.
src/pages/ServiceProvisioning.tsx(3,1563): error TS1005: ';' expected.
src/pages/ServiceProvisioning.tsx(3,1584): error TS1005: ';' expected.
src/pages/ServiceProvisioning.tsx(3,1639): error TS1005: ';' expected.
src/pages/ServiceProvisioning.tsx(3,1650): error TS1005: ';' expected.
src/pages/ServiceProvisioning.tsx(3,1662): error TS1005: ';' expected.
src/pages/ServiceProvisioning.tsx(3,1685): error TS1005: ';' expected.
src/pages/ServiceProvisioning.tsx(3,1692): error TS1005: ';' expected.
src/pages/ServiceProvisioning.tsx(3,1758): error TS1002: Unterminated string literal.
src/pages/ServiceProvisioning.tsx(4,3): error TS1128: Declaration or statement expected.
src/pages/SessionManagement.tsx(17,49): error TS1003: Identifier expected.
src/pages/SessionManagement.tsx(17,100): error TS1002: Unterminated string literal.
src/pages/SessionManagement.tsx(18,7): error TS1128: Declaration or statement expected.
src/pages/SessionManagement.tsx(20,7): error TS2657: JSX expressions must have one parent element.
src/pages/SessionManagement.tsx(70,5): error TS1128: Declaration or statement expected.
src/pages/SessionManagement.tsx(71,3): error TS1109: Expression expected.
src/pages/ShipmentTracking.tsx(20,49): error TS1003: Identifier expected.
src/pages/ShipmentTracking.tsx(20,134): error TS1002: Unterminated string literal.
src/pages/ShipmentTracking.tsx(21,7): error TS1128: Declaration or statement expected.
src/pages/ShipmentTracking.tsx(23,7): error TS2657: JSX expressions must have one parent element.
src/pages/ShipmentTracking.tsx(66,5): error TS1128: Declaration or statement expected.
src/pages/ShipmentTracking.tsx(67,3): error TS1109: Expression expected.
src/pages/ShippingManagement.tsx(46,49): error TS1003: Identifier expected.
src/pages/ShippingManagement.tsx(46,124): error TS1002: Unterminated string literal.
src/pages/ShippingManagement.tsx(47,7): error TS1128: Declaration or statement expected.
src/pages/ShippingManagement.tsx(49,7): error TS2657: JSX expressions must have one parent element.
src/pages/ShippingManagement.tsx(132,5): error TS1128: Declaration or statement expected.
src/pages/ShippingManagement.tsx(133,3): error TS1109: Expression expected.
src/pages/ShopFloor.tsx(9,49): error TS1003: Identifier expected.
src/pages/ShopFloor.tsx(9,107): error TS1002: Unterminated string literal.
src/pages/ShopFloor.tsx(10,7): error TS1128: Declaration or statement expected.
src/pages/ShopFloor.tsx(31,5): error TS1128: Declaration or statement expected.
src/pages/ShopFloor.tsx(32,3): error TS1109: Expression expected.
src/pages/ShopFloorDataCollection.tsx(46,49): error TS1003: Identifier expected.
src/pages/ShopFloorDataCollection.tsx(46,125): error TS1002: Unterminated string literal.
src/pages/ShopFloorDataCollection.tsx(47,7): error TS1128: Declaration or statement expected.
src/pages/ShopFloorDataCollection.tsx(49,7): error TS2657: JSX expressions must have one parent element.
src/pages/ShopFloorDataCollection.tsx(117,5): error TS1128: Declaration or statement expected.
src/pages/ShopFloorDataCollection.tsx(118,3): error TS1109: Expression expected.
src/pages/ShoppingCartCheckout.tsx(45,49): error TS1003: Identifier expected.
src/pages/ShoppingCartCheckout.tsx(45,109): error TS1002: Unterminated string literal.
src/pages/ShoppingCartCheckout.tsx(46,7): error TS1128: Declaration or statement expected.
src/pages/ShoppingCartCheckout.tsx(48,7): error TS2657: JSX expressions must have one parent element.
src/pages/ShoppingCartCheckout.tsx(107,5): error TS1128: Declaration or statement expected.
src/pages/ShoppingCartCheckout.tsx(108,3): error TS1109: Expression expected.
src/pages/SLATracking.tsx(9,49): error TS1003: Identifier expected.
src/pages/SLATracking.tsx(9,87): error TS1002: Unterminated string literal.
src/pages/SLATracking.tsx(10,7): error TS1128: Declaration or statement expected.
src/pages/SLATracking.tsx(29,5): error TS1128: Declaration or statement expected.
src/pages/SLATracking.tsx(30,3): error TS1109: Expression expected.
src/pages/SoDRules.tsx(18,49): error TS1003: Identifier expected.
src/pages/SoDRules.tsx(18,103): error TS1002: Unterminated string literal.
src/pages/SoDRules.tsx(19,7): error TS1128: Declaration or statement expected.
src/pages/SoDRules.tsx(21,7): error TS2657: JSX expressions must have one parent element.
src/pages/SoDRules.tsx(67,5): error TS1128: Declaration or statement expected.
src/pages/SoDRules.tsx(68,3): error TS1109: Expression expected.
src/pages/Sprints.tsx(28,44): error TS1003: Identifier expected.
src/pages/Sprints.tsx(28,89): error TS1002: Unterminated string literal.
src/pages/Sprints.tsx(29,7): error TS1128: Declaration or statement expected.
src/pages/Sprints.tsx(31,7): error TS2657: JSX expressions must have one parent element.
src/pages/Sprints.tsx(61,5): error TS1128: Declaration or statement expected.
src/pages/Sprints.tsx(62,3): error TS1109: Expression expected.
src/pages/SSO.tsx(9,49): error TS1003: Identifier expected.
src/pages/SSO.tsx(9,87): error TS1002: Unterminated string literal.
src/pages/SSO.tsx(10,7): error TS1128: Declaration or statement expected.
src/pages/SSO.tsx(25,5): error TS1128: Declaration or statement expected.
src/pages/SSO.tsx(26,3): error TS1109: Expression expected.
src/pages/StabilityStudies.tsx(3,99): error TS1003: Identifier expected.
src/pages/StabilityStudies.tsx(3,227): error TS1005: ';' expected.
src/pages/StabilityStudies.tsx(3,244): error TS1005: ';' expected.
src/pages/StabilityStudies.tsx(3,249): error TS1005: ';' expected.
src/pages/StabilityStudies.tsx(3,269): error TS1005: ';' expected.
src/pages/StabilityStudies.tsx(3,272): error TS1005: ';' expected.
src/pages/StabilityStudies.tsx(3,298): error TS1005: ';' expected.
src/pages/StabilityStudies.tsx(3,302): error TS1005: ';' expected.
src/pages/StabilityStudies.tsx(3,318): error TS1005: ';' expected.
src/pages/StabilityStudies.tsx(3,326): error TS1005: ';' expected.
src/pages/StabilityStudies.tsx(3,347): error TS1005: ';' expected.
src/pages/StabilityStudies.tsx(3,380): error TS1005: ';' expected.
src/pages/StabilityStudies.tsx(3,386): error TS1351: An identifier or keyword cannot immediately follow a numeric literal.
src/pages/StabilityStudies.tsx(3,398): error TS1005: ';' expected.
src/pages/StabilityStudies.tsx(3,459): error TS1005: ';' expected.
src/pages/StabilityStudies.tsx(3,462): error TS1005: ';' expected.
src/pages/StabilityStudies.tsx(3,488): error TS1005: ';' expected.
src/pages/StabilityStudies.tsx(3,492): error TS1005: ';' expected.
src/pages/StabilityStudies.tsx(3,508): error TS1005: ';' expected.
src/pages/StabilityStudies.tsx(3,516): error TS1005: ';' expected.
src/pages/StabilityStudies.tsx(3,537): error TS1005: ';' expected.
src/pages/StabilityStudies.tsx(3,568): error TS1005: ';' expected.
src/pages/StabilityStudies.tsx(3,574): error TS1351: An identifier or keyword cannot immediately follow a numeric literal.
src/pages/StabilityStudies.tsx(3,587): error TS1005: ';' expected.
src/pages/StabilityStudies.tsx(3,600): error TS1005: ';' expected.
src/pages/StabilityStudies.tsx(3,657): error TS1005: ';' expected.
src/pages/StabilityStudies.tsx(3,660): error TS1005: ';' expected.
src/pages/StabilityStudies.tsx(3,686): error TS1005: ';' expected.
src/pages/StabilityStudies.tsx(3,690): error TS1005: ';' expected.
src/pages/StabilityStudies.tsx(3,706): error TS1005: ';' expected.
src/pages/StabilityStudies.tsx(3,714): error TS1005: ';' expected.
src/pages/StabilityStudies.tsx(3,735): error TS1005: ';' expected.
src/pages/StabilityStudies.tsx(3,764): error TS1005: ';' expected.
src/pages/StabilityStudies.tsx(3,770): error TS1351: An identifier or keyword cannot immediately follow a numeric literal.
src/pages/StabilityStudies.tsx(3,783): error TS1005: ';' expected.
src/pages/StabilityStudies.tsx(3,797): error TS1005: ';' expected.
src/pages/StabilityStudies.tsx(3,853): error TS1005: ';' expected.
src/pages/StabilityStudies.tsx(3,856): error TS1005: ';' expected.
src/pages/StabilityStudies.tsx(3,882): error TS1005: ';' expected.
src/pages/StabilityStudies.tsx(3,886): error TS1005: ';' expected.
src/pages/StabilityStudies.tsx(3,902): error TS1005: ';' expected.
src/pages/StabilityStudies.tsx(3,910): error TS1005: ';' expected.
src/pages/StabilityStudies.tsx(3,931): error TS1005: ';' expected.
src/pages/StabilityStudies.tsx(3,965): error TS1005: ';' expected.
src/pages/StabilityStudies.tsx(3,971): error TS1351: An identifier or keyword cannot immediately follow a numeric literal.
src/pages/StabilityStudies.tsx(3,983): error TS1005: ';' expected.
src/pages/StabilityStudies.tsx(3,1076): error TS1005: ';' expected.
src/pages/StabilityStudies.tsx(3,1085): error TS1005: ';' expected.
src/pages/StabilityStudies.tsx(3,1144): error TS1005: ';' expected.
src/pages/StabilityStudies.tsx(3,1153): error TS1005: ';' expected.
src/pages/StabilityStudies.tsx(3,1226): error TS1005: ';' expected.
src/pages/StabilityStudies.tsx(3,1248): error TS1005: ';' expected.
src/pages/StabilityStudies.tsx(3,1260): error TS1005: ';' expected.
src/pages/StabilityStudies.tsx(3,1264): error TS1005: ';' expected.
src/pages/StabilityStudies.tsx(3,1349): error TS1005: ';' expected.
src/pages/StabilityStudies.tsx(3,1353): error TS1005: ';' expected.
src/pages/StabilityStudies.tsx(3,1360): error TS1434: Unexpected keyword or identifier.
src/pages/StabilityStudies.tsx(3,1376): error TS1005: ';' expected.
src/pages/StabilityStudies.tsx(3,1390): error TS1005: ';' expected.
src/pages/StabilityStudies.tsx(3,1408): error TS1005: ';' expected.
src/pages/StabilityStudies.tsx(3,1423): error TS1005: ';' expected.
src/pages/StabilityStudies.tsx(3,1472): error TS1005: ';' expected.
src/pages/StabilityStudies.tsx(3,1478): error TS1005: ';' expected.
src/pages/StabilityStudies.tsx(3,1494): error TS1005: ';' expected.
src/pages/StabilityStudies.tsx(3,1507): error TS1005: ';' expected.
src/pages/StabilityStudies.tsx(3,1538): error TS1005: ';' expected.
src/pages/StabilityStudies.tsx(3,1546): error TS1005: ';' expected.
src/pages/StabilityStudies.tsx(3,1567): error TS1005: ';' expected.
src/pages/StabilityStudies.tsx(3,1669): error TS1005: ';' expected.
src/pages/StabilityStudies.tsx(3,1683): error TS1005: ';' expected.
src/pages/StabilityStudies.tsx(3,1695): error TS1005: ';' expected.
src/pages/StabilityStudies.tsx(3,1718): error TS1005: ';' expected.
src/pages/StabilityStudies.tsx(3,1725): error TS1005: ';' expected.
src/pages/StabilityStudies.tsx(3,1795): error TS1002: Unterminated string literal.
src/pages/StabilityStudies.tsx(4,3): error TS1128: Declaration or statement expected.
src/pages/StockIssue.tsx(43,70): error TS1003: Identifier expected.
src/pages/StockIssue.tsx(43,115): error TS1002: Unterminated string literal.
src/pages/StockIssue.tsx(44,7): error TS1128: Declaration or statement expected.
src/pages/StockIssue.tsx(46,7): error TS2657: JSX expressions must have one parent element.
src/pages/StockIssue.tsx(115,5): error TS1128: Declaration or statement expected.
src/pages/StockIssue.tsx(116,3): error TS1109: Expression expected.
src/pages/StockTransfer.tsx(43,73): error TS1003: Identifier expected.
src/pages/StockTransfer.tsx(43,111): error TS1002: Unterminated string literal.
src/pages/StockTransfer.tsx(44,7): error TS1128: Declaration or statement expected.
src/pages/StockTransfer.tsx(46,7): error TS2657: JSX expressions must have one parent element.
src/pages/StockTransfer.tsx(115,5): error TS1128: Declaration or statement expected.
src/pages/StockTransfer.tsx(116,3): error TS1109: Expression expected.
src/pages/StoreOutletManagement.tsx(41,49): error TS1003: Identifier expected.
src/pages/StoreOutletManagement.tsx(41,123): error TS1002: Unterminated string literal.
src/pages/StoreOutletManagement.tsx(42,7): error TS1128: Declaration or statement expected.
src/pages/StoreOutletManagement.tsx(44,7): error TS2657: JSX expressions must have one parent element.
src/pages/StoreOutletManagement.tsx(105,5): error TS1128: Declaration or statement expected.
src/pages/StoreOutletManagement.tsx(106,3): error TS1109: Expression expected.
src/pages/Stories.tsx(31,44): error TS1003: Identifier expected.
src/pages/Stories.tsx(31,90): error TS1002: Unterminated string literal.
src/pages/Stories.tsx(32,7): error TS1128: Declaration or statement expected.
src/pages/Stories.tsx(34,7): error TS2657: JSX expressions must have one parent element.
src/pages/Stories.tsx(64,5): error TS1128: Declaration or statement expected.
src/pages/Stories.tsx(65,3): error TS1109: Expression expected.
src/pages/StudentManagementEd.tsx(3,86): error TS1003: Identifier expected.
src/pages/StudentManagementEd.tsx(3,198): error TS1005: ';' expected.
src/pages/StudentManagementEd.tsx(3,215): error TS1005: ';' expected.
src/pages/StudentManagementEd.tsx(3,220): error TS1005: ';' expected.
src/pages/StudentManagementEd.tsx(3,240): error TS1005: ';' expected.
src/pages/StudentManagementEd.tsx(3,243): error TS1005: ';' expected.
src/pages/StudentManagementEd.tsx(3,269): error TS1005: ';' expected.
src/pages/StudentManagementEd.tsx(3,273): error TS1005: ';' expected.
src/pages/StudentManagementEd.tsx(3,289): error TS1005: ';' expected.
src/pages/StudentManagementEd.tsx(3,297): error TS1005: ';' expected.
src/pages/StudentManagementEd.tsx(3,318): error TS1005: ';' expected.
src/pages/StudentManagementEd.tsx(3,352): error TS1005: ';' expected.
src/pages/StudentManagementEd.tsx(3,358): error TS1351: An identifier or keyword cannot immediately follow a numeric literal.
src/pages/StudentManagementEd.tsx(3,370): error TS1005: ';' expected.
src/pages/StudentManagementEd.tsx(3,432): error TS1005: ';' expected.
src/pages/StudentManagementEd.tsx(3,435): error TS1005: ';' expected.
src/pages/StudentManagementEd.tsx(3,461): error TS1005: ';' expected.
src/pages/StudentManagementEd.tsx(3,465): error TS1005: ';' expected.
src/pages/StudentManagementEd.tsx(3,481): error TS1005: ';' expected.
src/pages/StudentManagementEd.tsx(3,489): error TS1005: ';' expected.
src/pages/StudentManagementEd.tsx(3,510): error TS1005: ';' expected.
src/pages/StudentManagementEd.tsx(3,536): error TS1005: ';' expected.
src/pages/StudentManagementEd.tsx(3,542): error TS1351: An identifier or keyword cannot immediately follow a numeric literal.
src/pages/StudentManagementEd.tsx(3,555): error TS1005: ';' expected.
src/pages/StudentManagementEd.tsx(3,569): error TS1005: ';' expected.
src/pages/StudentManagementEd.tsx(3,622): error TS1005: ';' expected.
src/pages/StudentManagementEd.tsx(3,625): error TS1005: ';' expected.
src/pages/StudentManagementEd.tsx(3,651): error TS1005: ';' expected.
src/pages/StudentManagementEd.tsx(3,655): error TS1005: ';' expected.
src/pages/StudentManagementEd.tsx(3,671): error TS1005: ';' expected.
src/pages/StudentManagementEd.tsx(3,679): error TS1005: ';' expected.
src/pages/StudentManagementEd.tsx(3,700): error TS1005: ';' expected.
src/pages/StudentManagementEd.tsx(3,728): error TS1005: ';' expected.
src/pages/StudentManagementEd.tsx(3,734): error TS1351: An identifier or keyword cannot immediately follow a numeric literal.
src/pages/StudentManagementEd.tsx(3,747): error TS1005: ';' expected.
src/pages/StudentManagementEd.tsx(3,762): error TS1005: ';' expected.
src/pages/StudentManagementEd.tsx(3,807): error TS1005: ';' expected.
src/pages/StudentManagementEd.tsx(3,868): error TS1005: ';' expected.
src/pages/StudentManagementEd.tsx(3,871): error TS1005: ';' expected.
src/pages/StudentManagementEd.tsx(3,897): error TS1005: ';' expected.
src/pages/StudentManagementEd.tsx(3,901): error TS1005: ';' expected.
src/pages/StudentManagementEd.tsx(3,917): error TS1005: ';' expected.
src/pages/StudentManagementEd.tsx(3,925): error TS1005: ';' expected.
src/pages/StudentManagementEd.tsx(3,946): error TS1005: ';' expected.
src/pages/StudentManagementEd.tsx(3,974): error TS1005: ';' expected.
src/pages/StudentManagementEd.tsx(3,980): error TS1351: An identifier or keyword cannot immediately follow a numeric literal.
src/pages/StudentManagementEd.tsx(3,992): error TS1005: ';' expected.
src/pages/StudentManagementEd.tsx(3,1120): error TS1005: ';' expected.
src/pages/StudentManagementEd.tsx(3,1128): error TS1109: Expression expected.
src/pages/StudentManagementEd.tsx(3,1136): error TS1005: ';' expected.
src/pages/StudentManagementEd.tsx(3,1173): error TS1005: ';' expected.
src/pages/StudentManagementEd.tsx(3,1182): error TS1005: ';' expected.
src/pages/StudentManagementEd.tsx(3,1245): error TS1005: ';' expected.
src/pages/StudentManagementEd.tsx(3,1254): error TS1005: ';' expected.
src/pages/StudentManagementEd.tsx(3,1273): error TS1005: ';' expected.
src/pages/StudentManagementEd.tsx(3,1290): error TS1005: ';' expected.
src/pages/StudentManagementEd.tsx(3,1295): error TS1005: ';' expected.
src/pages/StudentManagementEd.tsx(3,1318): error TS1005: ';' expected.
src/pages/StudentManagementEd.tsx(3,1433): error TS1005: ';' expected.
src/pages/StudentManagementEd.tsx(3,1442): error TS1005: ';' expected.
src/pages/StudentManagementEd.tsx(3,1455): error TS1005: ';' expected.
src/pages/StudentManagementEd.tsx(3,1462): error TS1005: ';' expected.
src/pages/StudentManagementEd.tsx(3,1487): error TS1005: ';' expected.
src/pages/StudentManagementEd.tsx(3,1594): error TS1005: ';' expected.
src/pages/StudentManagementEd.tsx(3,1604): error TS1005: ';' expected.
src/pages/StudentManagementEd.tsx(3,1617): error TS1005: ';' expected.
src/pages/StudentManagementEd.tsx(3,1624): error TS1005: ';' expected.
src/pages/StudentManagementEd.tsx(3,1649): error TS1005: ';' expected.
src/pages/StudentManagementEd.tsx(3,1759): error TS1005: ';' expected.
src/pages/StudentManagementEd.tsx(3,1770): error TS1005: ';' expected.
src/pages/StudentManagementEd.tsx(3,1783): error TS1005: ';' expected.
src/pages/StudentManagementEd.tsx(3,1790): error TS1005: ';' expected.
src/pages/StudentManagementEd.tsx(3,1815): error TS1005: ';' expected.
src/pages/StudentManagementEd.tsx(3,1935): error TS1005: ';' expected.
src/pages/StudentManagementEd.tsx(3,1945): error TS1005: ';' expected.
src/pages/StudentManagementEd.tsx(3,1958): error TS1005: ';' expected.
src/pages/StudentManagementEd.tsx(3,1965): error TS1005: ';' expected.
src/pages/StudentManagementEd.tsx(3,2042): error TS1005: ';' expected.
src/pages/StudentManagementEd.tsx(3,2059): error TS1005: ';' expected.
src/pages/StudentManagementEd.tsx(3,2069): error TS1005: ';' expected.
src/pages/StudentManagementEd.tsx(3,2089): error TS1005: ';' expected.
src/pages/StudentManagementEd.tsx(3,2093): error TS1005: ';' expected.
src/pages/StudentManagementEd.tsx(3,2096): error TS1005: ';' expected.
src/pages/StudentManagementEd.tsx(3,2182): error TS1005: ';' expected.
src/pages/StudentManagementEd.tsx(3,2191): error TS1005: ';' expected.
src/pages/StudentManagementEd.tsx(3,2251): error TS1005: ';' expected.
src/pages/StudentManagementEd.tsx(3,2260): error TS1005: ';' expected.
src/pages/StudentManagementEd.tsx(3,2334): error TS1005: ';' expected.
src/pages/StudentManagementEd.tsx(3,2356): error TS1005: ';' expected.
src/pages/StudentManagementEd.tsx(3,2368): error TS1005: ';' expected.
src/pages/StudentManagementEd.tsx(3,2372): error TS1005: ';' expected.
src/pages/StudentManagementEd.tsx(3,2446): error TS1005: ';' expected.
src/pages/StudentManagementEd.tsx(3,2450): error TS1005: ';' expected.
src/pages/StudentManagementEd.tsx(3,2457): error TS1434: Unexpected keyword or identifier.
src/pages/StudentManagementEd.tsx(3,2473): error TS1005: ';' expected.
src/pages/StudentManagementEd.tsx(3,2487): error TS1005: ';' expected.
src/pages/StudentManagementEd.tsx(3,2505): error TS1005: ';' expected.
src/pages/StudentManagementEd.tsx(3,2520): error TS1005: ';' expected.
src/pages/StudentManagementEd.tsx(3,2571): error TS1005: ';' expected.
src/pages/StudentManagementEd.tsx(3,2577): error TS1005: ';' expected.
src/pages/StudentManagementEd.tsx(3,2593): error TS1005: ';' expected.
src/pages/StudentManagementEd.tsx(3,2606): error TS1005: ';' expected.
src/pages/StudentManagementEd.tsx(3,2639): error TS1005: ';' expected.
src/pages/StudentManagementEd.tsx(3,2647): error TS1005: ';' expected.
src/pages/StudentManagementEd.tsx(3,2668): error TS1005: ';' expected.
src/pages/StudentManagementEd.tsx(3,2706): error TS1005: ';' expected.
src/pages/StudentManagementEd.tsx(3,2717): error TS1005: ';' expected.
src/pages/StudentManagementEd.tsx(3,2729): error TS1005: ';' expected.
src/pages/StudentManagementEd.tsx(3,2762): error TS1005: ';' expected.
src/pages/StudentManagementEd.tsx(3,2773): error TS1005: ';' expected.
src/pages/StudentManagementEd.tsx(3,2785): error TS1005: ';' expected.
src/pages/StudentManagementEd.tsx(3,2808): error TS1005: ';' expected.
src/pages/StudentManagementEd.tsx(3,2815): error TS1005: ';' expected.
src/pages/StudentManagementEd.tsx(3,2850): error TS1005: ';' expected.
src/pages/StudentManagementEd.tsx(3,2865): error TS1005: ';' expected.
src/pages/StudentManagementEd.tsx(3,2915): error TS1005: ';' expected.
src/pages/StudentManagementEd.tsx(3,2919): error TS1005: ';' expected.
src/pages/StudentManagementEd.tsx(3,2922): error TS1005: ';' expected.
src/pages/StudentManagementEd.tsx(3,2944): error TS1005: ';' expected.
src/pages/StudentManagementEd.tsx(3,2948): error TS1005: ';' expected.
src/pages/StudentManagementEd.tsx(3,2951): error TS1005: ';' expected.
src/pages/StudentManagementEd.tsx(3,3022): error TS1002: Unterminated string literal.
src/pages/StudentManagementEd.tsx(4,3): error TS1128: Declaration or statement expected.
src/pages/StyleMasterSKU.tsx(3,91): error TS1003: Identifier expected.
src/pages/StyleMasterSKU.tsx(3,221): error TS1005: ';' expected.
src/pages/StyleMasterSKU.tsx(3,238): error TS1005: ';' expected.
src/pages/StyleMasterSKU.tsx(3,243): error TS1005: ';' expected.
src/pages/StyleMasterSKU.tsx(3,263): error TS1005: ';' expected.
src/pages/StyleMasterSKU.tsx(3,266): error TS1005: ';' expected.
src/pages/StyleMasterSKU.tsx(3,292): error TS1005: ';' expected.
src/pages/StyleMasterSKU.tsx(3,296): error TS1005: ';' expected.
src/pages/StyleMasterSKU.tsx(3,312): error TS1005: ';' expected.
src/pages/StyleMasterSKU.tsx(3,320): error TS1005: ';' expected.
src/pages/StyleMasterSKU.tsx(3,341): error TS1005: ';' expected.
src/pages/StyleMasterSKU.tsx(3,373): error TS1005: ';' expected.
src/pages/StyleMasterSKU.tsx(3,379): error TS1351: An identifier or keyword cannot immediately follow a numeric literal.
src/pages/StyleMasterSKU.tsx(3,391): error TS1005: ';' expected.
src/pages/StyleMasterSKU.tsx(3,451): error TS1005: ';' expected.
src/pages/StyleMasterSKU.tsx(3,454): error TS1005: ';' expected.
src/pages/StyleMasterSKU.tsx(3,480): error TS1005: ';' expected.
src/pages/StyleMasterSKU.tsx(3,484): error TS1005: ';' expected.
src/pages/StyleMasterSKU.tsx(3,500): error TS1005: ';' expected.
src/pages/StyleMasterSKU.tsx(3,508): error TS1005: ';' expected.
src/pages/StyleMasterSKU.tsx(3,529): error TS1005: ';' expected.
src/pages/StyleMasterSKU.tsx(3,555): error TS1005: ';' expected.
src/pages/StyleMasterSKU.tsx(3,561): error TS1351: An identifier or keyword cannot immediately follow a numeric literal.
src/pages/StyleMasterSKU.tsx(3,574): error TS1005: ';' expected.
src/pages/StyleMasterSKU.tsx(3,588): error TS1005: ';' expected.
src/pages/StyleMasterSKU.tsx(3,641): error TS1005: ';' expected.
src/pages/StyleMasterSKU.tsx(3,644): error TS1005: ';' expected.
src/pages/StyleMasterSKU.tsx(3,670): error TS1005: ';' expected.
src/pages/StyleMasterSKU.tsx(3,674): error TS1005: ';' expected.
src/pages/StyleMasterSKU.tsx(3,690): error TS1005: ';' expected.
src/pages/StyleMasterSKU.tsx(3,698): error TS1005: ';' expected.
src/pages/StyleMasterSKU.tsx(3,719): error TS1005: ';' expected.
src/pages/StyleMasterSKU.tsx(3,750): error TS1005: ';' expected.
src/pages/StyleMasterSKU.tsx(3,756): error TS1351: An identifier or keyword cannot immediately follow a numeric literal.
src/pages/StyleMasterSKU.tsx(3,768): error TS1005: ';' expected.
src/pages/StyleMasterSKU.tsx(3,865): error TS1005: ';' expected.
src/pages/StyleMasterSKU.tsx(3,868): error TS1005: ';' expected.
src/pages/StyleMasterSKU.tsx(3,894): error TS1005: ';' expected.
src/pages/StyleMasterSKU.tsx(3,898): error TS1005: ';' expected.
src/pages/StyleMasterSKU.tsx(3,914): error TS1005: ';' expected.
src/pages/StyleMasterSKU.tsx(3,922): error TS1005: ';' expected.
src/pages/StyleMasterSKU.tsx(3,943): error TS1005: ';' expected.
src/pages/StyleMasterSKU.tsx(3,977): error TS1005: ';' expected.
src/pages/StyleMasterSKU.tsx(3,983): error TS1351: An identifier or keyword cannot immediately follow a numeric literal.
src/pages/StyleMasterSKU.tsx(3,995): error TS1005: ';' expected.
src/pages/StyleMasterSKU.tsx(3,1127): error TS1005: ';' expected.
src/pages/StyleMasterSKU.tsx(3,1135): error TS1109: Expression expected.
src/pages/StyleMasterSKU.tsx(3,1141): error TS1005: ';' expected.
src/pages/StyleMasterSKU.tsx(3,1178): error TS1005: ';' expected.
src/pages/StyleMasterSKU.tsx(3,1187): error TS1005: ';' expected.
src/pages/StyleMasterSKU.tsx(3,1251): error TS1005: ';' expected.
src/pages/StyleMasterSKU.tsx(3,1260): error TS1005: ';' expected.
src/pages/StyleMasterSKU.tsx(3,1279): error TS1005: ';' expected.
src/pages/StyleMasterSKU.tsx(3,1296): error TS1005: ';' expected.
src/pages/StyleMasterSKU.tsx(3,1301): error TS1005: ';' expected.
src/pages/StyleMasterSKU.tsx(3,1324): error TS1005: ';' expected.
src/pages/StyleMasterSKU.tsx(3,1330): error TS1434: Unexpected keyword or identifier.
src/pages/StyleMasterSKU.tsx(3,1444): error TS1005: ';' expected.
src/pages/StyleMasterSKU.tsx(3,1453): error TS1005: ';' expected.
src/pages/StyleMasterSKU.tsx(3,1466): error TS1005: ';' expected.
src/pages/StyleMasterSKU.tsx(3,1473): error TS1005: ';' expected.
src/pages/StyleMasterSKU.tsx(3,1498): error TS1005: ';' expected.
src/pages/StyleMasterSKU.tsx(3,1608): error TS1005: ';' expected.
src/pages/StyleMasterSKU.tsx(3,1618): error TS1005: ';' expected.
src/pages/StyleMasterSKU.tsx(3,1631): error TS1005: ';' expected.
src/pages/StyleMasterSKU.tsx(3,1638): error TS1005: ';' expected.
src/pages/StyleMasterSKU.tsx(3,1663): error TS1005: ';' expected.
src/pages/StyleMasterSKU.tsx(3,1779): error TS1005: ';' expected.
src/pages/StyleMasterSKU.tsx(3,1791): error TS1005: ';' expected.
src/pages/StyleMasterSKU.tsx(3,1804): error TS1005: ';' expected.
src/pages/StyleMasterSKU.tsx(3,1811): error TS1005: ';' expected.
src/pages/StyleMasterSKU.tsx(3,1836): error TS1005: ';' expected.
src/pages/StyleMasterSKU.tsx(3,1964): error TS1005: ';' expected.
src/pages/StyleMasterSKU.tsx(3,1974): error TS1005: ';' expected.
src/pages/StyleMasterSKU.tsx(3,1987): error TS1005: ';' expected.
src/pages/StyleMasterSKU.tsx(3,1994): error TS1005: ';' expected.
src/pages/StyleMasterSKU.tsx(3,2070): error TS1005: ';' expected.
src/pages/StyleMasterSKU.tsx(3,2087): error TS1005: ';' expected.
src/pages/StyleMasterSKU.tsx(3,2100): error TS1005: ';' expected.
src/pages/StyleMasterSKU.tsx(3,2120): error TS1005: ';' expected.
src/pages/StyleMasterSKU.tsx(3,2124): error TS1005: ';' expected.
src/pages/StyleMasterSKU.tsx(3,2127): error TS1005: ';' expected.
src/pages/StyleMasterSKU.tsx(3,2213): error TS1005: ';' expected.
src/pages/StyleMasterSKU.tsx(3,2222): error TS1005: ';' expected.
src/pages/StyleMasterSKU.tsx(3,2280): error TS1005: ';' expected.
src/pages/StyleMasterSKU.tsx(3,2289): error TS1005: ';' expected.
src/pages/StyleMasterSKU.tsx(3,2361): error TS1005: ';' expected.
src/pages/StyleMasterSKU.tsx(3,2383): error TS1005: ';' expected.
src/pages/StyleMasterSKU.tsx(3,2395): error TS1005: ';' expected.
src/pages/StyleMasterSKU.tsx(3,2399): error TS1005: ';' expected.
src/pages/StyleMasterSKU.tsx(3,2469): error TS1005: ';' expected.
src/pages/StyleMasterSKU.tsx(3,2473): error TS1005: ';' expected.
src/pages/StyleMasterSKU.tsx(3,2480): error TS1434: Unexpected keyword or identifier.
src/pages/StyleMasterSKU.tsx(3,2496): error TS1005: ';' expected.
src/pages/StyleMasterSKU.tsx(3,2510): error TS1005: ';' expected.
src/pages/StyleMasterSKU.tsx(3,2528): error TS1005: ';' expected.
src/pages/StyleMasterSKU.tsx(3,2543): error TS1005: ';' expected.
src/pages/StyleMasterSKU.tsx(3,2592): error TS1005: ';' expected.
src/pages/StyleMasterSKU.tsx(3,2598): error TS1005: ';' expected.
src/pages/StyleMasterSKU.tsx(3,2614): error TS1005: ';' expected.
src/pages/StyleMasterSKU.tsx(3,2627): error TS1005: ';' expected.
src/pages/StyleMasterSKU.tsx(3,2658): error TS1005: ';' expected.
src/pages/StyleMasterSKU.tsx(3,2666): error TS1005: ';' expected.
src/pages/StyleMasterSKU.tsx(3,2687): error TS1005: ';' expected.
src/pages/StyleMasterSKU.tsx(3,2743): error TS1005: ';' expected.
src/pages/StyleMasterSKU.tsx(3,2754): error TS1005: ';' expected.
src/pages/StyleMasterSKU.tsx(3,2766): error TS1005: ';' expected.
src/pages/StyleMasterSKU.tsx(3,2799): error TS1005: ';' expected.
src/pages/StyleMasterSKU.tsx(3,2810): error TS1005: ';' expected.
src/pages/StyleMasterSKU.tsx(3,2822): error TS1005: ';' expected.
src/pages/StyleMasterSKU.tsx(3,2845): error TS1005: ';' expected.
src/pages/StyleMasterSKU.tsx(3,2852): error TS1005: ';' expected.
src/pages/StyleMasterSKU.tsx(3,2887): error TS1005: ';' expected.
src/pages/StyleMasterSKU.tsx(3,2902): error TS1005: ';' expected.
src/pages/StyleMasterSKU.tsx(3,2958): error TS1005: ';' expected.
src/pages/StyleMasterSKU.tsx(3,2962): error TS1005: ';' expected.
src/pages/StyleMasterSKU.tsx(3,2965): error TS1005: ';' expected.
src/pages/StyleMasterSKU.tsx(3,2987): error TS1005: ';' expected.
src/pages/StyleMasterSKU.tsx(3,2991): error TS1005: ';' expected.
src/pages/StyleMasterSKU.tsx(3,2994): error TS1005: ';' expected.
src/pages/StyleMasterSKU.tsx(3,3065): error TS1002: Unterminated string literal.
src/pages/StyleMasterSKU.tsx(4,3): error TS1128: Declaration or statement expected.
src/pages/SubscriberAccounts.tsx(3,90): error TS1003: Identifier expected.
src/pages/SubscriberAccounts.tsx(3,165): error TS1005: ';' expected.
src/pages/SubscriberAccounts.tsx(3,182): error TS1005: ';' expected.
src/pages/SubscriberAccounts.tsx(3,187): error TS1005: ';' expected.
src/pages/SubscriberAccounts.tsx(3,207): error TS1005: ';' expected.
src/pages/SubscriberAccounts.tsx(3,210): error TS1005: ';' expected.
src/pages/SubscriberAccounts.tsx(3,236): error TS1005: ';' expected.
src/pages/SubscriberAccounts.tsx(3,240): error TS1005: ';' expected.
src/pages/SubscriberAccounts.tsx(3,256): error TS1005: ';' expected.
src/pages/SubscriberAccounts.tsx(3,264): error TS1005: ';' expected.
src/pages/SubscriberAccounts.tsx(3,285): error TS1005: ';' expected.
src/pages/SubscriberAccounts.tsx(3,316): error TS1005: ';' expected.
src/pages/SubscriberAccounts.tsx(3,322): error TS1351: An identifier or keyword cannot immediately follow a numeric literal.
src/pages/SubscriberAccounts.tsx(3,334): error TS1005: ';' expected.
src/pages/SubscriberAccounts.tsx(3,399): error TS1005: ';' expected.
src/pages/SubscriberAccounts.tsx(3,402): error TS1005: ';' expected.
src/pages/SubscriberAccounts.tsx(3,428): error TS1005: ';' expected.
src/pages/SubscriberAccounts.tsx(3,432): error TS1005: ';' expected.
src/pages/SubscriberAccounts.tsx(3,448): error TS1005: ';' expected.
src/pages/SubscriberAccounts.tsx(3,456): error TS1005: ';' expected.
src/pages/SubscriberAccounts.tsx(3,477): error TS1005: ';' expected.
src/pages/SubscriberAccounts.tsx(3,503): error TS1005: ';' expected.
src/pages/SubscriberAccounts.tsx(3,509): error TS1351: An identifier or keyword cannot immediately follow a numeric literal.
src/pages/SubscriberAccounts.tsx(3,522): error TS1005: ';' expected.
src/pages/SubscriberAccounts.tsx(3,536): error TS1005: ';' expected.
src/pages/SubscriberAccounts.tsx(3,589): error TS1005: ';' expected.
src/pages/SubscriberAccounts.tsx(3,592): error TS1005: ';' expected.
src/pages/SubscriberAccounts.tsx(3,618): error TS1005: ';' expected.
src/pages/SubscriberAccounts.tsx(3,622): error TS1005: ';' expected.
src/pages/SubscriberAccounts.tsx(3,638): error TS1005: ';' expected.
src/pages/SubscriberAccounts.tsx(3,646): error TS1005: ';' expected.
src/pages/SubscriberAccounts.tsx(3,667): error TS1005: ';' expected.
src/pages/SubscriberAccounts.tsx(3,695): error TS1005: ';' expected.
src/pages/SubscriberAccounts.tsx(3,701): error TS1351: An identifier or keyword cannot immediately follow a numeric literal.
src/pages/SubscriberAccounts.tsx(3,714): error TS1005: ';' expected.
src/pages/SubscriberAccounts.tsx(3,729): error TS1005: ';' expected.
src/pages/SubscriberAccounts.tsx(3,777): error TS1005: ';' expected.
src/pages/SubscriberAccounts.tsx(3,838): error TS1005: ';' expected.
src/pages/SubscriberAccounts.tsx(3,841): error TS1005: ';' expected.
src/pages/SubscriberAccounts.tsx(3,867): error TS1005: ';' expected.
src/pages/SubscriberAccounts.tsx(3,871): error TS1005: ';' expected.
src/pages/SubscriberAccounts.tsx(3,887): error TS1005: ';' expected.
src/pages/SubscriberAccounts.tsx(3,895): error TS1005: ';' expected.
src/pages/SubscriberAccounts.tsx(3,916): error TS1005: ';' expected.
src/pages/SubscriberAccounts.tsx(3,944): error TS1005: ';' expected.
src/pages/SubscriberAccounts.tsx(3,950): error TS1351: An identifier or keyword cannot immediately follow a numeric literal.
src/pages/SubscriberAccounts.tsx(3,962): error TS1005: ';' expected.
src/pages/SubscriberAccounts.tsx(3,1117): error TS1005: ';' expected.
src/pages/SubscriberAccounts.tsx(3,1126): error TS1005: ';' expected.
src/pages/SubscriberAccounts.tsx(3,1188): error TS1005: ';' expected.
src/pages/SubscriberAccounts.tsx(3,1197): error TS1005: ';' expected.
src/pages/SubscriberAccounts.tsx(3,1273): error TS1005: ';' expected.
src/pages/SubscriberAccounts.tsx(3,1295): error TS1005: ';' expected.
src/pages/SubscriberAccounts.tsx(3,1307): error TS1005: ';' expected.
src/pages/SubscriberAccounts.tsx(3,1311): error TS1005: ';' expected.
src/pages/SubscriberAccounts.tsx(3,1403): error TS1005: ';' expected.
src/pages/SubscriberAccounts.tsx(3,1407): error TS1005: ';' expected.
src/pages/SubscriberAccounts.tsx(3,1414): error TS1434: Unexpected keyword or identifier.
src/pages/SubscriberAccounts.tsx(3,1430): error TS1005: ';' expected.
src/pages/SubscriberAccounts.tsx(3,1444): error TS1005: ';' expected.
src/pages/SubscriberAccounts.tsx(3,1462): error TS1005: ';' expected.
src/pages/SubscriberAccounts.tsx(3,1477): error TS1005: ';' expected.
src/pages/SubscriberAccounts.tsx(3,1523): error TS1005: ';' expected.
src/pages/SubscriberAccounts.tsx(3,1529): error TS1005: ';' expected.
src/pages/SubscriberAccounts.tsx(3,1545): error TS1005: ';' expected.
src/pages/SubscriberAccounts.tsx(3,1558): error TS1005: ';' expected.
src/pages/SubscriberAccounts.tsx(3,1594): error TS1005: ';' expected.
src/pages/SubscriberAccounts.tsx(3,1602): error TS1005: ';' expected.
src/pages/SubscriberAccounts.tsx(3,1623): error TS1005: ';' expected.
src/pages/SubscriberAccounts.tsx(3,1673): error TS1005: ';' expected.
src/pages/SubscriberAccounts.tsx(3,1684): error TS1005: ';' expected.
src/pages/SubscriberAccounts.tsx(3,1696): error TS1005: ';' expected.
src/pages/SubscriberAccounts.tsx(3,1719): error TS1005: ';' expected.
src/pages/SubscriberAccounts.tsx(3,1726): error TS1005: ';' expected.
src/pages/SubscriberAccounts.tsx(3,1792): error TS1002: Unterminated string literal.
src/pages/SubscriberAccounts.tsx(4,3): error TS1128: Declaration or statement expected.
src/pages/SubscriberManagement.tsx(3,90): error TS1003: Identifier expected.
src/pages/SubscriberManagement.tsx(3,217): error TS1005: ';' expected.
src/pages/SubscriberManagement.tsx(3,234): error TS1005: ';' expected.
src/pages/SubscriberManagement.tsx(3,239): error TS1005: ';' expected.
src/pages/SubscriberManagement.tsx(3,259): error TS1005: ';' expected.
src/pages/SubscriberManagement.tsx(3,262): error TS1005: ';' expected.
src/pages/SubscriberManagement.tsx(3,288): error TS1005: ';' expected.
src/pages/SubscriberManagement.tsx(3,292): error TS1005: ';' expected.
src/pages/SubscriberManagement.tsx(3,308): error TS1005: ';' expected.
src/pages/SubscriberManagement.tsx(3,316): error TS1005: ';' expected.
src/pages/SubscriberManagement.tsx(3,337): error TS1005: ';' expected.
src/pages/SubscriberManagement.tsx(3,374): error TS1005: ';' expected.
src/pages/SubscriberManagement.tsx(3,380): error TS1351: An identifier or keyword cannot immediately follow a numeric literal.
src/pages/SubscriberManagement.tsx(3,392): error TS1005: ';' expected.
src/pages/SubscriberManagement.tsx(3,457): error TS1005: ';' expected.
src/pages/SubscriberManagement.tsx(3,460): error TS1005: ';' expected.
src/pages/SubscriberManagement.tsx(3,486): error TS1005: ';' expected.
src/pages/SubscriberManagement.tsx(3,490): error TS1005: ';' expected.
src/pages/SubscriberManagement.tsx(3,506): error TS1005: ';' expected.
src/pages/SubscriberManagement.tsx(3,514): error TS1005: ';' expected.
src/pages/SubscriberManagement.tsx(3,535): error TS1005: ';' expected.
src/pages/SubscriberManagement.tsx(3,561): error TS1005: ';' expected.
src/pages/SubscriberManagement.tsx(3,567): error TS1351: An identifier or keyword cannot immediately follow a numeric literal.
src/pages/SubscriberManagement.tsx(3,580): error TS1005: ';' expected.
src/pages/SubscriberManagement.tsx(3,594): error TS1005: ';' expected.
src/pages/SubscriberManagement.tsx(3,647): error TS1005: ';' expected.
src/pages/SubscriberManagement.tsx(3,650): error TS1005: ';' expected.
src/pages/SubscriberManagement.tsx(3,676): error TS1005: ';' expected.
src/pages/SubscriberManagement.tsx(3,680): error TS1005: ';' expected.
src/pages/SubscriberManagement.tsx(3,696): error TS1005: ';' expected.
src/pages/SubscriberManagement.tsx(3,704): error TS1005: ';' expected.
src/pages/SubscriberManagement.tsx(3,725): error TS1005: ';' expected.
src/pages/SubscriberManagement.tsx(3,754): error TS1005: ';' expected.
src/pages/SubscriberManagement.tsx(3,760): error TS1351: An identifier or keyword cannot immediately follow a numeric literal.
src/pages/SubscriberManagement.tsx(3,773): error TS1005: ';' expected.
src/pages/SubscriberManagement.tsx(3,788): error TS1005: ';' expected.
src/pages/SubscriberManagement.tsx(3,836): error TS1005: ';' expected.
src/pages/SubscriberManagement.tsx(3,898): error TS1005: ';' expected.
src/pages/SubscriberManagement.tsx(3,901): error TS1005: ';' expected.
src/pages/SubscriberManagement.tsx(3,927): error TS1005: ';' expected.
src/pages/SubscriberManagement.tsx(3,931): error TS1005: ';' expected.
src/pages/SubscriberManagement.tsx(3,947): error TS1005: ';' expected.
src/pages/SubscriberManagement.tsx(3,955): error TS1005: ';' expected.
src/pages/SubscriberManagement.tsx(3,976): error TS1005: ';' expected.
src/pages/SubscriberManagement.tsx(3,1008): error TS1005: ';' expected.
src/pages/SubscriberManagement.tsx(3,1014): error TS1351: An identifier or keyword cannot immediately follow a numeric literal.
src/pages/SubscriberManagement.tsx(3,1026): error TS1005: ';' expected.
src/pages/SubscriberManagement.tsx(3,1160): error TS1005: ';' expected.
src/pages/SubscriberManagement.tsx(3,1168): error TS1109: Expression expected.
src/pages/SubscriberManagement.tsx(3,1172): error TS1005: ';' expected.
src/pages/SubscriberManagement.tsx(3,1209): error TS1005: ';' expected.
src/pages/SubscriberManagement.tsx(3,1218): error TS1005: ';' expected.
src/pages/SubscriberManagement.tsx(3,1284): error TS1005: ';' expected.
src/pages/SubscriberManagement.tsx(3,1293): error TS1005: ';' expected.
src/pages/SubscriberManagement.tsx(3,1312): error TS1005: ';' expected.
src/pages/SubscriberManagement.tsx(3,1329): error TS1005: ';' expected.
src/pages/SubscriberManagement.tsx(3,1334): error TS1005: ';' expected.
src/pages/SubscriberManagement.tsx(3,1357): error TS1005: ';' expected.
src/pages/SubscriberManagement.tsx(3,1471): error TS1005: ';' expected.
src/pages/SubscriberManagement.tsx(3,1480): error TS1005: ';' expected.
src/pages/SubscriberManagement.tsx(3,1493): error TS1005: ';' expected.
src/pages/SubscriberManagement.tsx(3,1500): error TS1005: ';' expected.
src/pages/SubscriberManagement.tsx(3,1525): error TS1005: ';' expected.
src/pages/SubscriberManagement.tsx(3,1629): error TS1005: ';' expected.
src/pages/SubscriberManagement.tsx(3,1639): error TS1005: ';' expected.
src/pages/SubscriberManagement.tsx(3,1652): error TS1005: ';' expected.
src/pages/SubscriberManagement.tsx(3,1659): error TS1005: ';' expected.
src/pages/SubscriberManagement.tsx(3,1684): error TS1005: ';' expected.
src/pages/SubscriberManagement.tsx(3,1791): error TS1005: ';' expected.
src/pages/SubscriberManagement.tsx(3,1802): error TS1005: ';' expected.
src/pages/SubscriberManagement.tsx(3,1815): error TS1005: ';' expected.
src/pages/SubscriberManagement.tsx(3,1822): error TS1005: ';' expected.
src/pages/SubscriberManagement.tsx(3,1847): error TS1005: ';' expected.
src/pages/SubscriberManagement.tsx(3,1954): error TS1005: ';' expected.
src/pages/SubscriberManagement.tsx(3,1965): error TS1005: ';' expected.
src/pages/SubscriberManagement.tsx(3,1978): error TS1005: ';' expected.
src/pages/SubscriberManagement.tsx(3,1985): error TS1005: ';' expected.
src/pages/SubscriberManagement.tsx(3,2108): error TS1005: ';' expected.
src/pages/SubscriberManagement.tsx(3,2125): error TS1005: ';' expected.
src/pages/SubscriberManagement.tsx(3,2135): error TS1005: ';' expected.
src/pages/SubscriberManagement.tsx(3,2155): error TS1005: ';' expected.
src/pages/SubscriberManagement.tsx(3,2159): error TS1005: ';' expected.
src/pages/SubscriberManagement.tsx(3,2162): error TS1005: ';' expected.
src/pages/SubscriberManagement.tsx(3,2248): error TS1005: ';' expected.
src/pages/SubscriberManagement.tsx(3,2257): error TS1005: ';' expected.
src/pages/SubscriberManagement.tsx(3,2320): error TS1005: ';' expected.
src/pages/SubscriberManagement.tsx(3,2329): error TS1005: ';' expected.
src/pages/SubscriberManagement.tsx(3,2406): error TS1005: ';' expected.
src/pages/SubscriberManagement.tsx(3,2428): error TS1005: ';' expected.
src/pages/SubscriberManagement.tsx(3,2440): error TS1005: ';' expected.
src/pages/SubscriberManagement.tsx(3,2444): error TS1005: ';' expected.
src/pages/SubscriberManagement.tsx(3,2523): error TS1005: ';' expected.
src/pages/SubscriberManagement.tsx(3,2527): error TS1005: ';' expected.
src/pages/SubscriberManagement.tsx(3,2534): error TS1434: Unexpected keyword or identifier.
src/pages/SubscriberManagement.tsx(3,2550): error TS1005: ';' expected.
src/pages/SubscriberManagement.tsx(3,2564): error TS1005: ';' expected.
src/pages/SubscriberManagement.tsx(3,2582): error TS1005: ';' expected.
src/pages/SubscriberManagement.tsx(3,2597): error TS1005: ';' expected.
src/pages/SubscriberManagement.tsx(3,2644): error TS1005: ';' expected.
src/pages/SubscriberManagement.tsx(3,2650): error TS1005: ';' expected.
src/pages/SubscriberManagement.tsx(3,2666): error TS1005: ';' expected.
src/pages/SubscriberManagement.tsx(3,2679): error TS1005: ';' expected.
src/pages/SubscriberManagement.tsx(3,2713): error TS1005: ';' expected.
src/pages/SubscriberManagement.tsx(3,2721): error TS1005: ';' expected.
src/pages/SubscriberManagement.tsx(3,2742): error TS1005: ';' expected.
src/pages/SubscriberManagement.tsx(3,2780): error TS1005: ';' expected.
src/pages/SubscriberManagement.tsx(3,2791): error TS1005: ';' expected.
src/pages/SubscriberManagement.tsx(3,2803): error TS1005: ';' expected.
src/pages/SubscriberManagement.tsx(3,2836): error TS1005: ';' expected.
src/pages/SubscriberManagement.tsx(3,2847): error TS1005: ';' expected.
src/pages/SubscriberManagement.tsx(3,2859): error TS1005: ';' expected.
src/pages/SubscriberManagement.tsx(3,2882): error TS1005: ';' expected.
src/pages/SubscriberManagement.tsx(3,2889): error TS1005: ';' expected.
src/pages/SubscriberManagement.tsx(3,2924): error TS1005: ';' expected.
src/pages/SubscriberManagement.tsx(3,2939): error TS1005: ';' expected.
src/pages/SubscriberManagement.tsx(3,3033): error TS1005: ';' expected.
src/pages/SubscriberManagement.tsx(3,3037): error TS1005: ';' expected.
src/pages/SubscriberManagement.tsx(3,3040): error TS1005: ';' expected.
src/pages/SubscriberManagement.tsx(3,3062): error TS1005: ';' expected.
src/pages/SubscriberManagement.tsx(3,3066): error TS1005: ';' expected.
src/pages/SubscriberManagement.tsx(3,3069): error TS1005: ';' expected.
src/pages/SubscriberManagement.tsx(3,3139): error TS1002: Unterminated string literal.
src/pages/SubscriberManagement.tsx(4,3): error TS1128: Declaration or statement expected.
src/pages/SubscriptionManagement.tsx(146,5): error TS2657: JSX expressions must have one parent element.
src/pages/SubscriptionManagement.tsx(147,43): error TS1003: Identifier expected.
src/pages/SubscriptionManagement.tsx(150,7): error TS1005: ')' expected.
src/pages/SubscriptionManagement.tsx(153,12): error TS1005: ';' expected.
src/pages/SubscriptionManagement.tsx(154,9): error TS2657: JSX expressions must have one parent element.
src/pages/SubscriptionManagement.tsx(170,7): error TS1128: Declaration or statement expected.
src/pages/SubscriptionManagement.tsx(173,13): error TS1005: ';' expected.
src/pages/SubscriptionManagement.tsx(205,7): error TS1128: Declaration or statement expected.
src/pages/SubscriptionManagement.tsx(208,12): error TS1005: ';' expected.
src/pages/SubscriptionManagement.tsx(209,18): error TS1005: ',' expected.
src/pages/SubscriptionManagement.tsx(296,7): error TS1128: Declaration or statement expected.
src/pages/SubscriptionManagement.tsx(297,5): error TS1109: Expression expected.
src/pages/SubscriptionManagement.tsx(298,3): error TS1109: Expression expected.
src/pages/SupplierCarrierManagement.tsx(44,49): error TS1003: Identifier expected.
src/pages/SupplierCarrierManagement.tsx(44,115): error TS1002: Unterminated string literal.
src/pages/SupplierCarrierManagement.tsx(45,7): error TS1128: Declaration or statement expected.
src/pages/SupplierCarrierManagement.tsx(47,7): error TS2657: JSX expressions must have one parent element.
src/pages/SupplierCarrierManagement.tsx(108,5): error TS1128: Declaration or statement expected.
src/pages/SupplierCarrierManagement.tsx(109,3): error TS1109: Expression expected.
src/pages/SupplierCollaborationPortal.tsx(59,51): error TS1003: Identifier expected.
src/pages/SupplierCollaborationPortal.tsx(59,129): error TS1002: Unterminated string literal.
src/pages/SupplierCollaborationPortal.tsx(60,9): error TS1128: Declaration or statement expected.
src/pages/SupplierCollaborationPortal.tsx(66,7): error TS1128: Declaration or statement expected.
src/pages/SupplierCollaborationPortal.tsx(230,5): error TS1128: Declaration or statement expected.
src/pages/SupplierCollaborationPortal.tsx(231,3): error TS1109: Expression expected.
src/pages/SupplierInvoices.tsx(33,44): error TS1003: Identifier expected.
src/pages/SupplierInvoices.tsx(33,115): error TS1002: Unterminated string literal.
src/pages/SupplierInvoices.tsx(34,7): error TS1128: Declaration or statement expected.
src/pages/SupplierInvoices.tsx(124,5): error TS1128: Declaration or statement expected.
src/pages/SupplierInvoices.tsx(125,3): error TS1109: Expression expected.
src/pages/SupplierPerformance.tsx(16,49): error TS1003: Identifier expected.
src/pages/SupplierPerformance.tsx(16,91): error TS1002: Unterminated string literal.
src/pages/SupplierPerformance.tsx(17,7): error TS1128: Declaration or statement expected.
src/pages/SupplierPerformance.tsx(19,7): error TS2657: JSX expressions must have one parent element.
src/pages/SupplierPerformance.tsx(56,5): error TS1128: Declaration or statement expected.
src/pages/SupplierPerformance.tsx(57,3): error TS1109: Expression expected.
src/pages/SupplierQualityScorecard.tsx(20,49): error TS1003: Identifier expected.
src/pages/SupplierQualityScorecard.tsx(20,121): error TS1002: Unterminated string literal.
src/pages/SupplierQualityScorecard.tsx(21,7): error TS1128: Declaration or statement expected.
src/pages/SupplierQualityScorecard.tsx(23,7): error TS2657: JSX expressions must have one parent element.
src/pages/SupplierQualityScorecard.tsx(67,5): error TS1128: Declaration or statement expected.
src/pages/SupplierQualityScorecard.tsx(68,3): error TS1109: Expression expected.
src/pages/SupplyChainEnergy.tsx(3,85): error TS1003: Identifier expected.
src/pages/SupplyChainEnergy.tsx(3,168): error TS1005: ';' expected.
src/pages/SupplyChainEnergy.tsx(3,185): error TS1005: ';' expected.
src/pages/SupplyChainEnergy.tsx(3,190): error TS1005: ';' expected.
src/pages/SupplyChainEnergy.tsx(3,210): error TS1005: ';' expected.
src/pages/SupplyChainEnergy.tsx(3,213): error TS1005: ';' expected.
src/pages/SupplyChainEnergy.tsx(3,239): error TS1005: ';' expected.
src/pages/SupplyChainEnergy.tsx(3,243): error TS1005: ';' expected.
src/pages/SupplyChainEnergy.tsx(3,259): error TS1005: ';' expected.
src/pages/SupplyChainEnergy.tsx(3,267): error TS1005: ';' expected.
src/pages/SupplyChainEnergy.tsx(3,288): error TS1005: ';' expected.
src/pages/SupplyChainEnergy.tsx(3,317): error TS1005: ';' expected.
src/pages/SupplyChainEnergy.tsx(3,323): error TS1351: An identifier or keyword cannot immediately follow a numeric literal.
src/pages/SupplyChainEnergy.tsx(3,335): error TS1005: ';' expected.
src/pages/SupplyChainEnergy.tsx(3,398): error TS1005: ';' expected.
src/pages/SupplyChainEnergy.tsx(3,401): error TS1005: ';' expected.
src/pages/SupplyChainEnergy.tsx(3,427): error TS1005: ';' expected.
src/pages/SupplyChainEnergy.tsx(3,431): error TS1005: ';' expected.
src/pages/SupplyChainEnergy.tsx(3,447): error TS1005: ';' expected.
src/pages/SupplyChainEnergy.tsx(3,455): error TS1005: ';' expected.
src/pages/SupplyChainEnergy.tsx(3,476): error TS1005: ';' expected.
src/pages/SupplyChainEnergy.tsx(3,502): error TS1005: ';' expected.
src/pages/SupplyChainEnergy.tsx(3,508): error TS1351: An identifier or keyword cannot immediately follow a numeric literal.
src/pages/SupplyChainEnergy.tsx(3,521): error TS1005: ';' expected.
src/pages/SupplyChainEnergy.tsx(3,535): error TS1005: ';' expected.
src/pages/SupplyChainEnergy.tsx(3,588): error TS1005: ';' expected.
src/pages/SupplyChainEnergy.tsx(3,591): error TS1005: ';' expected.
src/pages/SupplyChainEnergy.tsx(3,617): error TS1005: ';' expected.
src/pages/SupplyChainEnergy.tsx(3,621): error TS1005: ';' expected.
src/pages/SupplyChainEnergy.tsx(3,637): error TS1005: ';' expected.
src/pages/SupplyChainEnergy.tsx(3,645): error TS1005: ';' expected.
src/pages/SupplyChainEnergy.tsx(3,666): error TS1005: ';' expected.
src/pages/SupplyChainEnergy.tsx(3,694): error TS1005: ';' expected.
src/pages/SupplyChainEnergy.tsx(3,700): error TS1351: An identifier or keyword cannot immediately follow a numeric literal.
src/pages/SupplyChainEnergy.tsx(3,713): error TS1005: ';' expected.
src/pages/SupplyChainEnergy.tsx(3,728): error TS1005: ';' expected.
src/pages/SupplyChainEnergy.tsx(3,774): error TS1005: ';' expected.
src/pages/SupplyChainEnergy.tsx(3,835): error TS1005: ';' expected.
src/pages/SupplyChainEnergy.tsx(3,838): error TS1005: ';' expected.
src/pages/SupplyChainEnergy.tsx(3,864): error TS1005: ';' expected.
src/pages/SupplyChainEnergy.tsx(3,868): error TS1005: ';' expected.
src/pages/SupplyChainEnergy.tsx(3,884): error TS1005: ';' expected.
src/pages/SupplyChainEnergy.tsx(3,892): error TS1005: ';' expected.
src/pages/SupplyChainEnergy.tsx(3,913): error TS1005: ';' expected.
src/pages/SupplyChainEnergy.tsx(3,941): error TS1005: ';' expected.
src/pages/SupplyChainEnergy.tsx(3,947): error TS1351: An identifier or keyword cannot immediately follow a numeric literal.
src/pages/SupplyChainEnergy.tsx(3,959): error TS1005: ';' expected.
src/pages/SupplyChainEnergy.tsx(3,1110): error TS1005: ';' expected.
src/pages/SupplyChainEnergy.tsx(3,1119): error TS1005: ';' expected.
src/pages/SupplyChainEnergy.tsx(3,1179): error TS1005: ';' expected.
src/pages/SupplyChainEnergy.tsx(3,1188): error TS1005: ';' expected.
src/pages/SupplyChainEnergy.tsx(3,1262): error TS1005: ';' expected.
src/pages/SupplyChainEnergy.tsx(3,1284): error TS1005: ';' expected.
src/pages/SupplyChainEnergy.tsx(3,1296): error TS1005: ';' expected.
src/pages/SupplyChainEnergy.tsx(3,1300): error TS1005: ';' expected.
src/pages/SupplyChainEnergy.tsx(3,1388): error TS1005: ';' expected.
src/pages/SupplyChainEnergy.tsx(3,1392): error TS1005: ';' expected.
src/pages/SupplyChainEnergy.tsx(3,1399): error TS1434: Unexpected keyword or identifier.
src/pages/SupplyChainEnergy.tsx(3,1415): error TS1005: ';' expected.
src/pages/SupplyChainEnergy.tsx(3,1429): error TS1005: ';' expected.
src/pages/SupplyChainEnergy.tsx(3,1447): error TS1005: ';' expected.
src/pages/SupplyChainEnergy.tsx(3,1462): error TS1005: ';' expected.
src/pages/SupplyChainEnergy.tsx(3,1509): error TS1005: ';' expected.
src/pages/SupplyChainEnergy.tsx(3,1515): error TS1005: ';' expected.
src/pages/SupplyChainEnergy.tsx(3,1531): error TS1005: ';' expected.
src/pages/SupplyChainEnergy.tsx(3,1544): error TS1005: ';' expected.
src/pages/SupplyChainEnergy.tsx(3,1578): error TS1005: ';' expected.
src/pages/SupplyChainEnergy.tsx(3,1586): error TS1005: ';' expected.
src/pages/SupplyChainEnergy.tsx(3,1607): error TS1005: ';' expected.
src/pages/SupplyChainEnergy.tsx(3,1659): error TS1005: ';' expected.
src/pages/SupplyChainEnergy.tsx(3,1670): error TS1005: ';' expected.
src/pages/SupplyChainEnergy.tsx(3,1682): error TS1005: ';' expected.
src/pages/SupplyChainEnergy.tsx(3,1705): error TS1005: ';' expected.
src/pages/SupplyChainEnergy.tsx(3,1712): error TS1005: ';' expected.
src/pages/SupplyChainEnergy.tsx(3,1778): error TS1002: Unterminated string literal.
src/pages/SupplyChainEnergy.tsx(4,3): error TS1128: Declaration or statement expected.
src/pages/SupplyChainHealthcare.tsx(3,84): error TS1003: Identifier expected.
src/pages/SupplyChainHealthcare.tsx(3,210): error TS1005: ';' expected.
src/pages/SupplyChainHealthcare.tsx(3,227): error TS1005: ';' expected.
src/pages/SupplyChainHealthcare.tsx(3,232): error TS1005: ';' expected.
src/pages/SupplyChainHealthcare.tsx(3,252): error TS1005: ';' expected.
src/pages/SupplyChainHealthcare.tsx(3,255): error TS1005: ';' expected.
src/pages/SupplyChainHealthcare.tsx(3,281): error TS1005: ';' expected.
src/pages/SupplyChainHealthcare.tsx(3,285): error TS1005: ';' expected.
src/pages/SupplyChainHealthcare.tsx(3,301): error TS1005: ';' expected.
src/pages/SupplyChainHealthcare.tsx(3,309): error TS1005: ';' expected.
src/pages/SupplyChainHealthcare.tsx(3,330): error TS1005: ';' expected.
src/pages/SupplyChainHealthcare.tsx(3,362): error TS1005: ';' expected.
src/pages/SupplyChainHealthcare.tsx(3,368): error TS1351: An identifier or keyword cannot immediately follow a numeric literal.
src/pages/SupplyChainHealthcare.tsx(3,380): error TS1005: ';' expected.
src/pages/SupplyChainHealthcare.tsx(3,440): error TS1005: ';' expected.
src/pages/SupplyChainHealthcare.tsx(3,443): error TS1005: ';' expected.
src/pages/SupplyChainHealthcare.tsx(3,469): error TS1005: ';' expected.
src/pages/SupplyChainHealthcare.tsx(3,473): error TS1005: ';' expected.
src/pages/SupplyChainHealthcare.tsx(3,489): error TS1005: ';' expected.
src/pages/SupplyChainHealthcare.tsx(3,497): error TS1005: ';' expected.
src/pages/SupplyChainHealthcare.tsx(3,518): error TS1005: ';' expected.
src/pages/SupplyChainHealthcare.tsx(3,546): error TS1005: ';' expected.
src/pages/SupplyChainHealthcare.tsx(3,552): error TS1351: An identifier or keyword cannot immediately follow a numeric literal.
src/pages/SupplyChainHealthcare.tsx(3,565): error TS1005: ';' expected.
src/pages/SupplyChainHealthcare.tsx(3,579): error TS1005: ';' expected.
src/pages/SupplyChainHealthcare.tsx(3,634): error TS1005: ';' expected.
src/pages/SupplyChainHealthcare.tsx(3,637): error TS1005: ';' expected.
src/pages/SupplyChainHealthcare.tsx(3,663): error TS1005: ';' expected.
src/pages/SupplyChainHealthcare.tsx(3,667): error TS1005: ';' expected.
src/pages/SupplyChainHealthcare.tsx(3,683): error TS1005: ';' expected.
src/pages/SupplyChainHealthcare.tsx(3,691): error TS1005: ';' expected.
src/pages/SupplyChainHealthcare.tsx(3,712): error TS1005: ';' expected.
src/pages/SupplyChainHealthcare.tsx(3,742): error TS1005: ';' expected.
src/pages/SupplyChainHealthcare.tsx(3,748): error TS1351: An identifier or keyword cannot immediately follow a numeric literal.
src/pages/SupplyChainHealthcare.tsx(3,761): error TS1005: ';' expected.
src/pages/SupplyChainHealthcare.tsx(3,776): error TS1005: ';' expected.
src/pages/SupplyChainHealthcare.tsx(3,832): error TS1005: ';' expected.
src/pages/SupplyChainHealthcare.tsx(3,835): error TS1005: ';' expected.
src/pages/SupplyChainHealthcare.tsx(3,861): error TS1005: ';' expected.
src/pages/SupplyChainHealthcare.tsx(3,865): error TS1005: ';' expected.
src/pages/SupplyChainHealthcare.tsx(3,881): error TS1005: ';' expected.
src/pages/SupplyChainHealthcare.tsx(3,889): error TS1005: ';' expected.
src/pages/SupplyChainHealthcare.tsx(3,910): error TS1005: ';' expected.
src/pages/SupplyChainHealthcare.tsx(3,939): error TS1005: ';' expected.
src/pages/SupplyChainHealthcare.tsx(3,945): error TS1351: An identifier or keyword cannot immediately follow a numeric literal.
src/pages/SupplyChainHealthcare.tsx(3,957): error TS1005: ';' expected.
src/pages/SupplyChainHealthcare.tsx(3,1105): error TS1005: ';' expected.
src/pages/SupplyChainHealthcare.tsx(3,1114): error TS1005: ';' expected.
src/pages/SupplyChainHealthcare.tsx(3,1172): error TS1005: ';' expected.
src/pages/SupplyChainHealthcare.tsx(3,1181): error TS1005: ';' expected.
src/pages/SupplyChainHealthcare.tsx(3,1253): error TS1005: ';' expected.
src/pages/SupplyChainHealthcare.tsx(3,1275): error TS1005: ';' expected.
src/pages/SupplyChainHealthcare.tsx(3,1287): error TS1005: ';' expected.
src/pages/SupplyChainHealthcare.tsx(3,1291): error TS1005: ';' expected.
src/pages/SupplyChainHealthcare.tsx(3,1374): error TS1005: ';' expected.
src/pages/SupplyChainHealthcare.tsx(3,1378): error TS1005: ';' expected.
src/pages/SupplyChainHealthcare.tsx(3,1385): error TS1434: Unexpected keyword or identifier.
src/pages/SupplyChainHealthcare.tsx(3,1401): error TS1005: ';' expected.
src/pages/SupplyChainHealthcare.tsx(3,1415): error TS1005: ';' expected.
src/pages/SupplyChainHealthcare.tsx(3,1433): error TS1005: ';' expected.
src/pages/SupplyChainHealthcare.tsx(3,1448): error TS1005: ';' expected.
src/pages/SupplyChainHealthcare.tsx(3,1498): error TS1005: ';' expected.
src/pages/SupplyChainHealthcare.tsx(3,1504): error TS1005: ';' expected.
src/pages/SupplyChainHealthcare.tsx(3,1520): error TS1005: ';' expected.
src/pages/SupplyChainHealthcare.tsx(3,1533): error TS1005: ';' expected.
src/pages/SupplyChainHealthcare.tsx(3,1561): error TS1005: ';' expected.
src/pages/SupplyChainHealthcare.tsx(3,1569): error TS1005: ';' expected.
src/pages/SupplyChainHealthcare.tsx(3,1590): error TS1005: ';' expected.
src/pages/SupplyChainHealthcare.tsx(3,1647): error TS1005: ';' expected.
src/pages/SupplyChainHealthcare.tsx(3,1660): error TS1005: ';' expected.
src/pages/SupplyChainHealthcare.tsx(3,1672): error TS1005: ';' expected.
src/pages/SupplyChainHealthcare.tsx(3,1695): error TS1005: ';' expected.
src/pages/SupplyChainHealthcare.tsx(3,1702): error TS1005: ';' expected.
src/pages/SupplyChainHealthcare.tsx(3,1772): error TS1002: Unterminated string literal.
src/pages/SupplyChainHealthcare.tsx(4,3): error TS1128: Declaration or statement expected.
src/pages/SupplyChainMfg.tsx(3,84): error TS1003: Identifier expected.
src/pages/SupplyChainMfg.tsx(3,182): error TS1005: ';' expected.
src/pages/SupplyChainMfg.tsx(3,199): error TS1005: ';' expected.
src/pages/SupplyChainMfg.tsx(3,204): error TS1005: ';' expected.
src/pages/SupplyChainMfg.tsx(3,224): error TS1005: ';' expected.
src/pages/SupplyChainMfg.tsx(3,227): error TS1005: ';' expected.
src/pages/SupplyChainMfg.tsx(3,253): error TS1005: ';' expected.
src/pages/SupplyChainMfg.tsx(3,257): error TS1005: ';' expected.
src/pages/SupplyChainMfg.tsx(3,273): error TS1005: ';' expected.
src/pages/SupplyChainMfg.tsx(3,281): error TS1005: ';' expected.
src/pages/SupplyChainMfg.tsx(3,302): error TS1005: ';' expected.
src/pages/SupplyChainMfg.tsx(3,325): error TS1005: ';' expected.
src/pages/SupplyChainMfg.tsx(3,331): error TS1351: An identifier or keyword cannot immediately follow a numeric literal.
src/pages/SupplyChainMfg.tsx(3,343): error TS1005: ';' expected.
src/pages/SupplyChainMfg.tsx(3,403): error TS1005: ';' expected.
src/pages/SupplyChainMfg.tsx(3,406): error TS1005: ';' expected.
src/pages/SupplyChainMfg.tsx(3,432): error TS1005: ';' expected.
src/pages/SupplyChainMfg.tsx(3,436): error TS1005: ';' expected.
src/pages/SupplyChainMfg.tsx(3,452): error TS1005: ';' expected.
src/pages/SupplyChainMfg.tsx(3,460): error TS1005: ';' expected.
src/pages/SupplyChainMfg.tsx(3,481): error TS1005: ';' expected.
src/pages/SupplyChainMfg.tsx(3,509): error TS1005: ';' expected.
src/pages/SupplyChainMfg.tsx(3,515): error TS1351: An identifier or keyword cannot immediately follow a numeric literal.
src/pages/SupplyChainMfg.tsx(3,528): error TS1005: ';' expected.
src/pages/SupplyChainMfg.tsx(3,542): error TS1005: ';' expected.
src/pages/SupplyChainMfg.tsx(3,597): error TS1005: ';' expected.
src/pages/SupplyChainMfg.tsx(3,600): error TS1005: ';' expected.
src/pages/SupplyChainMfg.tsx(3,626): error TS1005: ';' expected.
src/pages/SupplyChainMfg.tsx(3,630): error TS1005: ';' expected.
src/pages/SupplyChainMfg.tsx(3,646): error TS1005: ';' expected.
src/pages/SupplyChainMfg.tsx(3,654): error TS1005: ';' expected.
src/pages/SupplyChainMfg.tsx(3,675): error TS1005: ';' expected.
src/pages/SupplyChainMfg.tsx(3,702): error TS1005: ';' expected.
src/pages/SupplyChainMfg.tsx(3,708): error TS1351: An identifier or keyword cannot immediately follow a numeric literal.
src/pages/SupplyChainMfg.tsx(3,721): error TS1005: ';' expected.
src/pages/SupplyChainMfg.tsx(3,736): error TS1005: ';' expected.
src/pages/SupplyChainMfg.tsx(3,779): error TS1005: ';' expected.
src/pages/SupplyChainMfg.tsx(3,839): error TS1005: ';' expected.
src/pages/SupplyChainMfg.tsx(3,842): error TS1005: ';' expected.
src/pages/SupplyChainMfg.tsx(3,868): error TS1005: ';' expected.
src/pages/SupplyChainMfg.tsx(3,872): error TS1005: ';' expected.
src/pages/SupplyChainMfg.tsx(3,888): error TS1005: ';' expected.
src/pages/SupplyChainMfg.tsx(3,896): error TS1005: ';' expected.
src/pages/SupplyChainMfg.tsx(3,917): error TS1005: ';' expected.
src/pages/SupplyChainMfg.tsx(3,946): error TS1005: ';' expected.
src/pages/SupplyChainMfg.tsx(3,952): error TS1351: An identifier or keyword cannot immediately follow a numeric literal.
src/pages/SupplyChainMfg.tsx(3,964): error TS1005: ';' expected.
src/pages/SupplyChainMfg.tsx(3,1112): error TS1005: ';' expected.
src/pages/SupplyChainMfg.tsx(3,1121): error TS1005: ';' expected.
src/pages/SupplyChainMfg.tsx(3,1176): error TS1005: ';' expected.
src/pages/SupplyChainMfg.tsx(3,1185): error TS1005: ';' expected.
src/pages/SupplyChainMfg.tsx(3,1257): error TS1005: ';' expected.
src/pages/SupplyChainMfg.tsx(3,1279): error TS1005: ';' expected.
src/pages/SupplyChainMfg.tsx(3,1291): error TS1005: ';' expected.
src/pages/SupplyChainMfg.tsx(3,1295): error TS1005: ';' expected.
src/pages/SupplyChainMfg.tsx(3,1376): error TS1005: ';' expected.
src/pages/SupplyChainMfg.tsx(3,1380): error TS1005: ';' expected.
src/pages/SupplyChainMfg.tsx(3,1387): error TS1434: Unexpected keyword or identifier.
src/pages/SupplyChainMfg.tsx(3,1403): error TS1005: ';' expected.
src/pages/SupplyChainMfg.tsx(3,1417): error TS1005: ';' expected.
src/pages/SupplyChainMfg.tsx(3,1435): error TS1005: ';' expected.
src/pages/SupplyChainMfg.tsx(3,1450): error TS1005: ';' expected.
src/pages/SupplyChainMfg.tsx(3,1496): error TS1005: ';' expected.
src/pages/SupplyChainMfg.tsx(3,1502): error TS1005: ';' expected.
src/pages/SupplyChainMfg.tsx(3,1518): error TS1005: ';' expected.
src/pages/SupplyChainMfg.tsx(3,1531): error TS1005: ';' expected.
src/pages/SupplyChainMfg.tsx(3,1559): error TS1005: ';' expected.
src/pages/SupplyChainMfg.tsx(3,1567): error TS1005: ';' expected.
src/pages/SupplyChainMfg.tsx(3,1588): error TS1005: ';' expected.
src/pages/SupplyChainMfg.tsx(3,1645): error TS1005: ';' expected.
src/pages/SupplyChainMfg.tsx(3,1658): error TS1005: ';' expected.
src/pages/SupplyChainMfg.tsx(3,1670): error TS1005: ';' expected.
src/pages/SupplyChainMfg.tsx(3,1693): error TS1005: ';' expected.
src/pages/SupplyChainMfg.tsx(3,1700): error TS1005: ';' expected.
src/pages/SupplyChainMfg.tsx(3,1770): error TS1002: Unterminated string literal.
src/pages/SupplyChainMfg.tsx(4,3): error TS1128: Declaration or statement expected.
src/pages/SupplyChainOptimization.tsx(8,49): error TS1003: Identifier expected.
src/pages/SupplyChainOptimization.tsx(8,89): error TS1002: Unterminated string literal.
src/pages/SupplyChainOptimization.tsx(9,7): error TS1128: Declaration or statement expected.
src/pages/SupplyChainOptimization.tsx(15,5): error TS1128: Declaration or statement expected.
src/pages/SupplyChainOptimization.tsx(16,3): error TS1109: Expression expected.
src/pages/SupplyChainRetail.tsx(3,85): error TS1003: Identifier expected.
src/pages/SupplyChainRetail.tsx(3,151): error TS1005: ';' expected.
src/pages/SupplyChainRetail.tsx(3,168): error TS1005: ';' expected.
src/pages/SupplyChainRetail.tsx(3,173): error TS1005: ';' expected.
src/pages/SupplyChainRetail.tsx(3,193): error TS1005: ';' expected.
src/pages/SupplyChainRetail.tsx(3,196): error TS1005: ';' expected.
src/pages/SupplyChainRetail.tsx(3,222): error TS1005: ';' expected.
src/pages/SupplyChainRetail.tsx(3,226): error TS1005: ';' expected.
src/pages/SupplyChainRetail.tsx(3,242): error TS1005: ';' expected.
src/pages/SupplyChainRetail.tsx(3,250): error TS1005: ';' expected.
src/pages/SupplyChainRetail.tsx(3,271): error TS1005: ';' expected.
src/pages/SupplyChainRetail.tsx(3,300): error TS1005: ';' expected.
src/pages/SupplyChainRetail.tsx(3,306): error TS1351: An identifier or keyword cannot immediately follow a numeric literal.
src/pages/SupplyChainRetail.tsx(3,318): error TS1005: ';' expected.
src/pages/SupplyChainRetail.tsx(3,381): error TS1005: ';' expected.
src/pages/SupplyChainRetail.tsx(3,384): error TS1005: ';' expected.
src/pages/SupplyChainRetail.tsx(3,410): error TS1005: ';' expected.
src/pages/SupplyChainRetail.tsx(3,414): error TS1005: ';' expected.
src/pages/SupplyChainRetail.tsx(3,430): error TS1005: ';' expected.
src/pages/SupplyChainRetail.tsx(3,438): error TS1005: ';' expected.
src/pages/SupplyChainRetail.tsx(3,459): error TS1005: ';' expected.
src/pages/SupplyChainRetail.tsx(3,485): error TS1005: ';' expected.
src/pages/SupplyChainRetail.tsx(3,491): error TS1351: An identifier or keyword cannot immediately follow a numeric literal.
src/pages/SupplyChainRetail.tsx(3,504): error TS1005: ';' expected.
src/pages/SupplyChainRetail.tsx(3,518): error TS1005: ';' expected.
src/pages/SupplyChainRetail.tsx(3,571): error TS1005: ';' expected.
src/pages/SupplyChainRetail.tsx(3,574): error TS1005: ';' expected.
src/pages/SupplyChainRetail.tsx(3,600): error TS1005: ';' expected.
src/pages/SupplyChainRetail.tsx(3,604): error TS1005: ';' expected.
src/pages/SupplyChainRetail.tsx(3,620): error TS1005: ';' expected.
src/pages/SupplyChainRetail.tsx(3,628): error TS1005: ';' expected.
src/pages/SupplyChainRetail.tsx(3,649): error TS1005: ';' expected.
src/pages/SupplyChainRetail.tsx(3,677): error TS1005: ';' expected.
src/pages/SupplyChainRetail.tsx(3,683): error TS1351: An identifier or keyword cannot immediately follow a numeric literal.
src/pages/SupplyChainRetail.tsx(3,696): error TS1005: ';' expected.
src/pages/SupplyChainRetail.tsx(3,711): error TS1005: ';' expected.
src/pages/SupplyChainRetail.tsx(3,757): error TS1005: ';' expected.
src/pages/SupplyChainRetail.tsx(3,818): error TS1005: ';' expected.
src/pages/SupplyChainRetail.tsx(3,821): error TS1005: ';' expected.
src/pages/SupplyChainRetail.tsx(3,847): error TS1005: ';' expected.
src/pages/SupplyChainRetail.tsx(3,851): error TS1005: ';' expected.
src/pages/SupplyChainRetail.tsx(3,867): error TS1005: ';' expected.
src/pages/SupplyChainRetail.tsx(3,875): error TS1005: ';' expected.
src/pages/SupplyChainRetail.tsx(3,896): error TS1005: ';' expected.
src/pages/SupplyChainRetail.tsx(3,924): error TS1005: ';' expected.
src/pages/SupplyChainRetail.tsx(3,930): error TS1351: An identifier or keyword cannot immediately follow a numeric literal.
src/pages/SupplyChainRetail.tsx(3,942): error TS1005: ';' expected.
src/pages/SupplyChainRetail.tsx(3,1093): error TS1005: ';' expected.
src/pages/SupplyChainRetail.tsx(3,1102): error TS1005: ';' expected.
src/pages/SupplyChainRetail.tsx(3,1162): error TS1005: ';' expected.
src/pages/SupplyChainRetail.tsx(3,1171): error TS1005: ';' expected.
src/pages/SupplyChainRetail.tsx(3,1245): error TS1005: ';' expected.
src/pages/SupplyChainRetail.tsx(3,1267): error TS1005: ';' expected.
src/pages/SupplyChainRetail.tsx(3,1279): error TS1005: ';' expected.
src/pages/SupplyChainRetail.tsx(3,1283): error TS1005: ';' expected.
src/pages/SupplyChainRetail.tsx(3,1371): error TS1005: ';' expected.
src/pages/SupplyChainRetail.tsx(3,1375): error TS1005: ';' expected.
src/pages/SupplyChainRetail.tsx(3,1382): error TS1434: Unexpected keyword or identifier.
src/pages/SupplyChainRetail.tsx(3,1398): error TS1005: ';' expected.
src/pages/SupplyChainRetail.tsx(3,1412): error TS1005: ';' expected.
src/pages/SupplyChainRetail.tsx(3,1430): error TS1005: ';' expected.
src/pages/SupplyChainRetail.tsx(3,1445): error TS1005: ';' expected.
src/pages/SupplyChainRetail.tsx(3,1492): error TS1005: ';' expected.
src/pages/SupplyChainRetail.tsx(3,1498): error TS1005: ';' expected.
src/pages/SupplyChainRetail.tsx(3,1514): error TS1005: ';' expected.
src/pages/SupplyChainRetail.tsx(3,1527): error TS1005: ';' expected.
src/pages/SupplyChainRetail.tsx(3,1561): error TS1005: ';' expected.
src/pages/SupplyChainRetail.tsx(3,1569): error TS1005: ';' expected.
src/pages/SupplyChainRetail.tsx(3,1590): error TS1005: ';' expected.
src/pages/SupplyChainRetail.tsx(3,1644): error TS1005: ';' expected.
src/pages/SupplyChainRetail.tsx(3,1655): error TS1005: ';' expected.
src/pages/SupplyChainRetail.tsx(3,1667): error TS1005: ';' expected.
src/pages/SupplyChainRetail.tsx(3,1690): error TS1005: ';' expected.
src/pages/SupplyChainRetail.tsx(3,1697): error TS1005: ';' expected.
src/pages/SupplyChainRetail.tsx(3,1763): error TS1002: Unterminated string literal.
src/pages/SupplyChainRetail.tsx(4,3): error TS1128: Declaration or statement expected.
src/pages/SupplyNetworkOptimization.tsx(19,49): error TS1003: Identifier expected.
src/pages/SupplyNetworkOptimization.tsx(19,102): error TS1002: Unterminated string literal.
src/pages/SupplyNetworkOptimization.tsx(20,7): error TS1128: Declaration or statement expected.
src/pages/SupplyNetworkOptimization.tsx(22,7): error TS2657: JSX expressions must have one parent element.
src/pages/SupplyNetworkOptimization.tsx(69,5): error TS1128: Declaration or statement expected.
src/pages/SupplyNetworkOptimization.tsx(70,3): error TS1109: Expression expected.
src/pages/Support.tsx(3,80): error TS1003: Identifier expected.
src/pages/Support.tsx(3,194): error TS1005: ';' expected.
src/pages/Support.tsx(3,211): error TS1005: ';' expected.
src/pages/Support.tsx(3,216): error TS1005: ';' expected.
src/pages/Support.tsx(3,236): error TS1005: ';' expected.
src/pages/Support.tsx(3,239): error TS1005: ';' expected.
src/pages/Support.tsx(3,265): error TS1005: ';' expected.
src/pages/Support.tsx(3,269): error TS1005: ';' expected.
src/pages/Support.tsx(3,285): error TS1005: ';' expected.
src/pages/Support.tsx(3,293): error TS1005: ';' expected.
src/pages/Support.tsx(3,314): error TS1005: ';' expected.
src/pages/Support.tsx(3,341): error TS1005: ';' expected.
src/pages/Support.tsx(3,347): error TS1351: An identifier or keyword cannot immediately follow a numeric literal.
src/pages/Support.tsx(3,359): error TS1005: ';' expected.
src/pages/Support.tsx(3,420): error TS1005: ';' expected.
src/pages/Support.tsx(3,423): error TS1005: ';' expected.
src/pages/Support.tsx(3,449): error TS1005: ';' expected.
src/pages/Support.tsx(3,453): error TS1005: ';' expected.
src/pages/Support.tsx(3,469): error TS1005: ';' expected.
src/pages/Support.tsx(3,477): error TS1005: ';' expected.
src/pages/Support.tsx(3,498): error TS1005: ';' expected.
src/pages/Support.tsx(3,526): error TS1005: ';' expected.
src/pages/Support.tsx(3,532): error TS1351: An identifier or keyword cannot immediately follow a numeric literal.
src/pages/Support.tsx(3,545): error TS1005: ';' expected.
src/pages/Support.tsx(3,559): error TS1005: ';' expected.
src/pages/Support.tsx(3,614): error TS1005: ';' expected.
src/pages/Support.tsx(3,617): error TS1005: ';' expected.
src/pages/Support.tsx(3,643): error TS1005: ';' expected.
src/pages/Support.tsx(3,647): error TS1005: ';' expected.
src/pages/Support.tsx(3,663): error TS1005: ';' expected.
src/pages/Support.tsx(3,671): error TS1005: ';' expected.
src/pages/Support.tsx(3,692): error TS1005: ';' expected.
src/pages/Support.tsx(3,726): error TS1005: ';' expected.
src/pages/Support.tsx(3,732): error TS1351: An identifier or keyword cannot immediately follow a numeric literal.
src/pages/Support.tsx(3,745): error TS1005: ';' expected.
src/pages/Support.tsx(3,758): error TS1005: ';' expected.
src/pages/Support.tsx(3,813): error TS1005: ';' expected.
src/pages/Support.tsx(3,816): error TS1005: ';' expected.
src/pages/Support.tsx(3,842): error TS1005: ';' expected.
src/pages/Support.tsx(3,846): error TS1005: ';' expected.
src/pages/Support.tsx(3,862): error TS1005: ';' expected.
src/pages/Support.tsx(3,870): error TS1005: ';' expected.
src/pages/Support.tsx(3,891): error TS1005: ';' expected.
src/pages/Support.tsx(3,923): error TS1005: ';' expected.
src/pages/Support.tsx(3,929): error TS1351: An identifier or keyword cannot immediately follow a numeric literal.
src/pages/Support.tsx(3,941): error TS1005: ';' expected.
src/pages/Support.tsx(3,1091): error TS1005: ';' expected.
src/pages/Support.tsx(3,1100): error TS1005: ';' expected.
src/pages/Support.tsx(3,1159): error TS1005: ';' expected.
src/pages/Support.tsx(3,1168): error TS1005: ';' expected.
src/pages/Support.tsx(3,1241): error TS1005: ';' expected.
src/pages/Support.tsx(3,1263): error TS1005: ';' expected.
src/pages/Support.tsx(3,1275): error TS1005: ';' expected.
src/pages/Support.tsx(3,1279): error TS1005: ';' expected.
src/pages/Support.tsx(3,1364): error TS1005: ';' expected.
src/pages/Support.tsx(3,1368): error TS1005: ';' expected.
src/pages/Support.tsx(3,1375): error TS1434: Unexpected keyword or identifier.
src/pages/Support.tsx(3,1391): error TS1005: ';' expected.
src/pages/Support.tsx(3,1405): error TS1005: ';' expected.
src/pages/Support.tsx(3,1423): error TS1005: ';' expected.
src/pages/Support.tsx(3,1438): error TS1005: ';' expected.
src/pages/Support.tsx(3,1486): error TS1005: ';' expected.
src/pages/Support.tsx(3,1492): error TS1005: ';' expected.
src/pages/Support.tsx(3,1508): error TS1005: ';' expected.
src/pages/Support.tsx(3,1521): error TS1005: ';' expected.
src/pages/Support.tsx(3,1553): error TS1005: ';' expected.
src/pages/Support.tsx(3,1561): error TS1005: ';' expected.
src/pages/Support.tsx(3,1582): error TS1005: ';' expected.
src/pages/Support.tsx(3,1638): error TS1005: ';' expected.
src/pages/Support.tsx(3,1651): error TS1005: ';' expected.
src/pages/Support.tsx(3,1663): error TS1005: ';' expected.
src/pages/Support.tsx(3,1686): error TS1005: ';' expected.
src/pages/Support.tsx(3,1693): error TS1005: ';' expected.
src/pages/Support.tsx(3,1763): error TS1002: Unterminated string literal.
src/pages/Support.tsx(4,3): error TS1128: Declaration or statement expected.
src/pages/SustainabilityMaterials.tsx(3,98): error TS1003: Identifier expected.
src/pages/SustainabilityMaterials.tsx(3,233): error TS1005: ';' expected.
src/pages/SustainabilityMaterials.tsx(3,250): error TS1005: ';' expected.
src/pages/SustainabilityMaterials.tsx(3,255): error TS1005: ';' expected.
src/pages/SustainabilityMaterials.tsx(3,275): error TS1005: ';' expected.
src/pages/SustainabilityMaterials.tsx(3,278): error TS1005: ';' expected.
src/pages/SustainabilityMaterials.tsx(3,304): error TS1005: ';' expected.
src/pages/SustainabilityMaterials.tsx(3,308): error TS1005: ';' expected.
src/pages/SustainabilityMaterials.tsx(3,324): error TS1005: ';' expected.
src/pages/SustainabilityMaterials.tsx(3,332): error TS1005: ';' expected.
src/pages/SustainabilityMaterials.tsx(3,353): error TS1005: ';' expected.
src/pages/SustainabilityMaterials.tsx(3,382): error TS1005: ';' expected.
src/pages/SustainabilityMaterials.tsx(3,388): error TS1351: An identifier or keyword cannot immediately follow a numeric literal.
src/pages/SustainabilityMaterials.tsx(3,400): error TS1005: ';' expected.
src/pages/SustainabilityMaterials.tsx(3,463): error TS1005: ';' expected.
src/pages/SustainabilityMaterials.tsx(3,466): error TS1005: ';' expected.
src/pages/SustainabilityMaterials.tsx(3,492): error TS1005: ';' expected.
src/pages/SustainabilityMaterials.tsx(3,496): error TS1005: ';' expected.
src/pages/SustainabilityMaterials.tsx(3,512): error TS1005: ';' expected.
src/pages/SustainabilityMaterials.tsx(3,520): error TS1005: ';' expected.
src/pages/SustainabilityMaterials.tsx(3,541): error TS1005: ';' expected.
src/pages/SustainabilityMaterials.tsx(3,570): error TS1005: ';' expected.
src/pages/SustainabilityMaterials.tsx(3,576): error TS1351: An identifier or keyword cannot immediately follow a numeric literal.
src/pages/SustainabilityMaterials.tsx(3,589): error TS1005: ';' expected.
src/pages/SustainabilityMaterials.tsx(3,603): error TS1005: ';' expected.
src/pages/SustainabilityMaterials.tsx(3,659): error TS1005: ';' expected.
src/pages/SustainabilityMaterials.tsx(3,662): error TS1005: ';' expected.
src/pages/SustainabilityMaterials.tsx(3,688): error TS1005: ';' expected.
src/pages/SustainabilityMaterials.tsx(3,692): error TS1005: ';' expected.
src/pages/SustainabilityMaterials.tsx(3,708): error TS1005: ';' expected.
src/pages/SustainabilityMaterials.tsx(3,716): error TS1005: ';' expected.
src/pages/SustainabilityMaterials.tsx(3,737): error TS1005: ';' expected.
src/pages/SustainabilityMaterials.tsx(3,765): error TS1005: ';' expected.
src/pages/SustainabilityMaterials.tsx(3,771): error TS1351: An identifier or keyword cannot immediately follow a numeric literal.
src/pages/SustainabilityMaterials.tsx(3,784): error TS1005: ';' expected.
src/pages/SustainabilityMaterials.tsx(3,797): error TS1005: ';' expected.
src/pages/SustainabilityMaterials.tsx(3,852): error TS1005: ';' expected.
src/pages/SustainabilityMaterials.tsx(3,855): error TS1005: ';' expected.
src/pages/SustainabilityMaterials.tsx(3,881): error TS1005: ';' expected.
src/pages/SustainabilityMaterials.tsx(3,885): error TS1005: ';' expected.
src/pages/SustainabilityMaterials.tsx(3,901): error TS1005: ';' expected.
src/pages/SustainabilityMaterials.tsx(3,909): error TS1005: ';' expected.
src/pages/SustainabilityMaterials.tsx(3,930): error TS1005: ';' expected.
src/pages/SustainabilityMaterials.tsx(3,960): error TS1005: ';' expected.
src/pages/SustainabilityMaterials.tsx(3,966): error TS1351: An identifier or keyword cannot immediately follow a numeric literal.
src/pages/SustainabilityMaterials.tsx(3,978): error TS1005: ';' expected.
src/pages/SustainabilityMaterials.tsx(3,1107): error TS1005: ';' expected.
src/pages/SustainabilityMaterials.tsx(3,1116): error TS1005: ';' expected.
src/pages/SustainabilityMaterials.tsx(3,1177): error TS1005: ';' expected.
src/pages/SustainabilityMaterials.tsx(3,1186): error TS1005: ';' expected.
src/pages/SustainabilityMaterials.tsx(3,1261): error TS1005: ';' expected.
src/pages/SustainabilityMaterials.tsx(3,1283): error TS1005: ';' expected.
src/pages/SustainabilityMaterials.tsx(3,1295): error TS1005: ';' expected.
src/pages/SustainabilityMaterials.tsx(3,1299): error TS1005: ';' expected.
src/pages/SustainabilityMaterials.tsx(3,1388): error TS1005: ';' expected.
src/pages/SustainabilityMaterials.tsx(3,1392): error TS1005: ';' expected.
src/pages/SustainabilityMaterials.tsx(3,1399): error TS1434: Unexpected keyword or identifier.
src/pages/SustainabilityMaterials.tsx(3,1415): error TS1005: ';' expected.
src/pages/SustainabilityMaterials.tsx(3,1429): error TS1005: ';' expected.
src/pages/SustainabilityMaterials.tsx(3,1447): error TS1005: ';' expected.
src/pages/SustainabilityMaterials.tsx(3,1462): error TS1005: ';' expected.
src/pages/SustainabilityMaterials.tsx(3,1509): error TS1005: ';' expected.
src/pages/SustainabilityMaterials.tsx(3,1515): error TS1005: ';' expected.
src/pages/SustainabilityMaterials.tsx(3,1531): error TS1005: ';' expected.
src/pages/SustainabilityMaterials.tsx(3,1544): error TS1005: ';' expected.
src/pages/SustainabilityMaterials.tsx(3,1578): error TS1005: ';' expected.
src/pages/SustainabilityMaterials.tsx(3,1586): error TS1005: ';' expected.
src/pages/SustainabilityMaterials.tsx(3,1607): error TS1005: ';' expected.
src/pages/SustainabilityMaterials.tsx(3,1707): error TS1005: ';' expected.
src/pages/SustainabilityMaterials.tsx(3,1719): error TS1005: ';' expected.
src/pages/SustainabilityMaterials.tsx(3,1742): error TS1005: ';' expected.
src/pages/SustainabilityMaterials.tsx(3,1749): error TS1005: ';' expected.
src/pages/SustainabilityMaterials.tsx(3,1821): error TS1002: Unterminated string literal.
src/pages/SustainabilityMaterials.tsx(4,3): error TS1128: Declaration or statement expected.
src/pages/SustainabilityReporting.tsx(7,25): error TS1005: ')' expected.
src/pages/SustainabilityReporting.tsx(7,40): error TS1434: Unexpected keyword or identifier.
src/pages/SustainabilityReporting.tsx(7,49): error TS1128: Declaration or statement expected.
src/pages/SustainabilityReporting.tsx(7,127): error TS1005: ';' expected.
src/pages/SustainabilityReporting.tsx(13,5): error TS1128: Declaration or statement expected.
src/pages/SustainabilityReporting.tsx(14,3): error TS1109: Expression expected.
src/pages/SustainabilityTraceability.tsx(21,49): error TS1003: Identifier expected.
src/pages/SustainabilityTraceability.tsx(21,136): error TS1002: Unterminated string literal.
src/pages/SustainabilityTraceability.tsx(22,7): error TS1128: Declaration or statement expected.
src/pages/SustainabilityTraceability.tsx(24,7): error TS2657: JSX expressions must have one parent element.
src/pages/SustainabilityTraceability.tsx(62,5): error TS1128: Declaration or statement expected.
src/pages/SustainabilityTraceability.tsx(63,3): error TS1109: Expression expected.
src/pages/SystemHealth.tsx(10,5): error TS2657: JSX expressions must have one parent element.
src/pages/SystemHealth.tsx(15,9): error TS17002: Expected corresponding JSX closing tag for 'StandardPage'.
src/pages/SystemHealth.tsx(36,5): error TS1005: ')' expected.
src/pages/SystemHealth.tsx(37,3): error TS1109: Expression expected.
src/pages/SystemSettings.tsx(10,49): error TS1003: Identifier expected.
src/pages/SystemSettings.tsx(10,87): error TS1002: Unterminated string literal.
src/pages/SystemSettings.tsx(11,7): error TS1128: Declaration or statement expected.
src/pages/SystemSettings.tsx(26,5): error TS1128: Declaration or statement expected.
src/pages/SystemSettings.tsx(27,3): error TS1109: Expression expected.
src/pages/tax/TaxCodeBuilder.tsx(35,5): error TS1109: Expression expected.
src/pages/TeamCollaboration.tsx(52,5): error TS2657: JSX expressions must have one parent element.
src/pages/TeamCollaboration.tsx(55,12): error TS1003: Identifier expected.
src/pages/TeamCollaboration.tsx(56,9): error TS1005: ')' expected.
src/pages/TeamCollaboration.tsx(57,7): error TS1109: Expression expected.
src/pages/TeamCollaboration.tsx(59,7): error TS2657: JSX expressions must have one parent element.
src/pages/TeamCollaboration.tsx(79,5): error TS1128: Declaration or statement expected.
src/pages/TeamCollaboration.tsx(80,3): error TS1109: Expression expected.
src/pages/TeamCollaborationHub.tsx(17,49): error TS1003: Identifier expected.
src/pages/TeamCollaborationHub.tsx(17,103): error TS1002: Unterminated string literal.
src/pages/TeamCollaborationHub.tsx(18,7): error TS1128: Declaration or statement expected.
src/pages/TeamCollaborationHub.tsx(20,7): error TS2657: JSX expressions must have one parent element.
src/pages/TeamCollaborationHub.tsx(67,5): error TS1128: Declaration or statement expected.
src/pages/TeamCollaborationHub.tsx(68,3): error TS1109: Expression expected.
src/pages/TeamUtilization.tsx(9,49): error TS1003: Identifier expected.
src/pages/TeamUtilization.tsx(9,89): error TS1002: Unterminated string literal.
src/pages/TeamUtilization.tsx(10,7): error TS1128: Declaration or statement expected.
src/pages/TeamUtilization.tsx(31,5): error TS1128: Declaration or statement expected.
src/pages/TeamUtilization.tsx(32,3): error TS1109: Expression expected.
src/pages/TechPackBuilder.tsx(3,75): error TS1003: Identifier expected.
src/pages/TechPackBuilder.tsx(3,204): error TS1005: ';' expected.
src/pages/TechPackBuilder.tsx(3,221): error TS1005: ';' expected.
src/pages/TechPackBuilder.tsx(3,226): error TS1005: ';' expected.
src/pages/TechPackBuilder.tsx(3,246): error TS1005: ';' expected.
src/pages/TechPackBuilder.tsx(3,249): error TS1005: ';' expected.
src/pages/TechPackBuilder.tsx(3,275): error TS1005: ';' expected.
src/pages/TechPackBuilder.tsx(3,279): error TS1005: ';' expected.
src/pages/TechPackBuilder.tsx(3,295): error TS1005: ';' expected.
src/pages/TechPackBuilder.tsx(3,303): error TS1005: ';' expected.
src/pages/TechPackBuilder.tsx(3,324): error TS1005: ';' expected.
src/pages/TechPackBuilder.tsx(3,354): error TS1005: ';' expected.
src/pages/TechPackBuilder.tsx(3,360): error TS1351: An identifier or keyword cannot immediately follow a numeric literal.
src/pages/TechPackBuilder.tsx(3,372): error TS1005: ';' expected.
src/pages/TechPackBuilder.tsx(3,431): error TS1005: ';' expected.
src/pages/TechPackBuilder.tsx(3,434): error TS1005: ';' expected.
src/pages/TechPackBuilder.tsx(3,460): error TS1005: ';' expected.
src/pages/TechPackBuilder.tsx(3,464): error TS1005: ';' expected.
src/pages/TechPackBuilder.tsx(3,480): error TS1005: ';' expected.
src/pages/TechPackBuilder.tsx(3,488): error TS1005: ';' expected.
src/pages/TechPackBuilder.tsx(3,509): error TS1005: ';' expected.
src/pages/TechPackBuilder.tsx(3,537): error TS1005: ';' expected.
src/pages/TechPackBuilder.tsx(3,543): error TS1351: An identifier or keyword cannot immediately follow a numeric literal.
src/pages/TechPackBuilder.tsx(3,556): error TS1005: ';' expected.
src/pages/TechPackBuilder.tsx(3,570): error TS1005: ';' expected.
src/pages/TechPackBuilder.tsx(3,625): error TS1005: ';' expected.
src/pages/TechPackBuilder.tsx(3,628): error TS1005: ';' expected.
src/pages/TechPackBuilder.tsx(3,654): error TS1005: ';' expected.
src/pages/TechPackBuilder.tsx(3,658): error TS1005: ';' expected.
src/pages/TechPackBuilder.tsx(3,674): error TS1005: ';' expected.
src/pages/TechPackBuilder.tsx(3,682): error TS1005: ';' expected.
src/pages/TechPackBuilder.tsx(3,703): error TS1005: ';' expected.
src/pages/TechPackBuilder.tsx(3,728): error TS1005: ';' expected.
src/pages/TechPackBuilder.tsx(3,734): error TS1351: An identifier or keyword cannot immediately follow a numeric literal.
src/pages/TechPackBuilder.tsx(3,747): error TS1005: ';' expected.
src/pages/TechPackBuilder.tsx(3,762): error TS1005: ';' expected.
src/pages/TechPackBuilder.tsx(3,832): error TS1005: ';' expected.
src/pages/TechPackBuilder.tsx(3,835): error TS1005: ';' expected.
src/pages/TechPackBuilder.tsx(3,861): error TS1005: ';' expected.
src/pages/TechPackBuilder.tsx(3,865): error TS1005: ';' expected.
src/pages/TechPackBuilder.tsx(3,881): error TS1005: ';' expected.
src/pages/TechPackBuilder.tsx(3,889): error TS1005: ';' expected.
src/pages/TechPackBuilder.tsx(3,910): error TS1005: ';' expected.
src/pages/TechPackBuilder.tsx(3,940): error TS1005: ';' expected.
src/pages/TechPackBuilder.tsx(3,946): error TS1351: An identifier or keyword cannot immediately follow a numeric literal.
src/pages/TechPackBuilder.tsx(3,958): error TS1005: ';' expected.
src/pages/TechPackBuilder.tsx(3,1104): error TS1005: ';' expected.
src/pages/TechPackBuilder.tsx(3,1113): error TS1005: ';' expected.
src/pages/TechPackBuilder.tsx(3,1175): error TS1005: ';' expected.
src/pages/TechPackBuilder.tsx(3,1184): error TS1005: ';' expected.
src/pages/TechPackBuilder.tsx(3,1255): error TS1005: ';' expected.
src/pages/TechPackBuilder.tsx(3,1277): error TS1005: ';' expected.
src/pages/TechPackBuilder.tsx(3,1289): error TS1005: ';' expected.
src/pages/TechPackBuilder.tsx(3,1293): error TS1005: ';' expected.
src/pages/TechPackBuilder.tsx(3,1374): error TS1005: ';' expected.
src/pages/TechPackBuilder.tsx(3,1378): error TS1005: ';' expected.
src/pages/TechPackBuilder.tsx(3,1385): error TS1434: Unexpected keyword or identifier.
src/pages/TechPackBuilder.tsx(3,1401): error TS1005: ';' expected.
src/pages/TechPackBuilder.tsx(3,1415): error TS1005: ';' expected.
src/pages/TechPackBuilder.tsx(3,1433): error TS1005: ';' expected.
src/pages/TechPackBuilder.tsx(3,1448): error TS1005: ';' expected.
src/pages/TechPackBuilder.tsx(3,1496): error TS1005: ';' expected.
src/pages/TechPackBuilder.tsx(3,1502): error TS1005: ';' expected.
src/pages/TechPackBuilder.tsx(3,1518): error TS1005: ';' expected.
src/pages/TechPackBuilder.tsx(3,1531): error TS1005: ';' expected.
src/pages/TechPackBuilder.tsx(3,1561): error TS1005: ';' expected.
src/pages/TechPackBuilder.tsx(3,1569): error TS1005: ';' expected.
src/pages/TechPackBuilder.tsx(3,1590): error TS1005: ';' expected.
src/pages/TechPackBuilder.tsx(3,1653): error TS1005: ';' expected.
src/pages/TechPackBuilder.tsx(3,1666): error TS1005: ';' expected.
src/pages/TechPackBuilder.tsx(3,1678): error TS1005: ';' expected.
src/pages/TechPackBuilder.tsx(3,1701): error TS1005: ';' expected.
src/pages/TechPackBuilder.tsx(3,1708): error TS1005: ';' expected.
src/pages/TechPackBuilder.tsx(3,1778): error TS1002: Unterminated string literal.
src/pages/TechPackBuilder.tsx(4,3): error TS1128: Declaration or statement expected.
src/pages/TelematicsVehicleData.tsx(20,49): error TS1003: Identifier expected.
src/pages/TelematicsVehicleData.tsx(20,123): error TS1002: Unterminated string literal.
src/pages/TelematicsVehicleData.tsx(21,7): error TS1128: Declaration or statement expected.
src/pages/TelematicsVehicleData.tsx(23,7): error TS2657: JSX expressions must have one parent element.
src/pages/TelematicsVehicleData.tsx(64,5): error TS1128: Declaration or statement expected.
src/pages/TelematicsVehicleData.tsx(65,3): error TS1109: Expression expected.
src/pages/TemplateLibrary.tsx(8,49): error TS1003: Identifier expected.
src/pages/TemplateLibrary.tsx(8,101): error TS1002: Unterminated string literal.
src/pages/TemplateLibrary.tsx(9,7): error TS1128: Declaration or statement expected.
src/pages/TemplateLibrary.tsx(23,5): error TS1128: Declaration or statement expected.
src/pages/TemplateLibrary.tsx(24,3): error TS1109: Expression expected.
src/pages/TenantAdmin.tsx(29,36): error TS1003: Identifier expected.
src/pages/TenantAdmin.tsx(29,84): error TS1002: Unterminated string literal.
src/pages/TenantAdmin.tsx(30,7): error TS1128: Declaration or statement expected.
src/pages/TenantAdmin.tsx(32,7): error TS2657: JSX expressions must have one parent element.
src/pages/TenantAdmin.tsx(83,5): error TS1128: Declaration or statement expected.
src/pages/TenantAdmin.tsx(84,3): error TS1109: Expression expected.
src/pages/ThirdPartyApps.tsx(9,49): error TS1003: Identifier expected.
src/pages/ThirdPartyApps.tsx(9,95): error TS1002: Unterminated string literal.
src/pages/ThirdPartyApps.tsx(10,7): error TS1128: Declaration or statement expected.
src/pages/ThirdPartyApps.tsx(25,5): error TS1128: Declaration or statement expected.
src/pages/ThirdPartyApps.tsx(26,3): error TS1109: Expression expected.
src/pages/ThreeWayMatch.tsx(39,44): error TS1003: Identifier expected.
src/pages/ThreeWayMatch.tsx(39,110): error TS1002: Unterminated string literal.
src/pages/ThreeWayMatch.tsx(40,7): error TS1128: Declaration or statement expected.
src/pages/ThreeWayMatch.tsx(42,7): error TS2657: JSX expressions must have one parent element.
src/pages/ThreeWayMatch.tsx(128,5): error TS1128: Declaration or statement expected.
src/pages/ThreeWayMatch.tsx(129,3): error TS1109: Expression expected.
src/pages/TicketsDashboard.tsx(15,44): error TS1003: Identifier expected.
src/pages/TicketsDashboard.tsx(15,82): error TS1002: Unterminated string literal.
src/pages/TicketsDashboard.tsx(16,7): error TS1128: Declaration or statement expected.
src/pages/TicketsDashboard.tsx(17,7): error TS2657: JSX expressions must have one parent element.
src/pages/TicketsDashboard.tsx(23,5): error TS1128: Declaration or statement expected.
src/pages/TicketsDashboard.tsx(24,3): error TS1109: Expression expected.
src/pages/TimeAttendance.tsx(19,49): error TS1003: Identifier expected.
src/pages/TimeAttendance.tsx(19,89): error TS1002: Unterminated string literal.
src/pages/TimeAttendance.tsx(20,7): error TS1128: Declaration or statement expected.
src/pages/TimeAttendance.tsx(22,7): error TS2657: JSX expressions must have one parent element.
src/pages/TimeAttendance.tsx(83,5): error TS1128: Declaration or statement expected.
src/pages/TimeAttendance.tsx(84,3): error TS1109: Expression expected.
src/pages/TimeTracking.tsx(8,49): error TS1003: Identifier expected.
src/pages/TimeTracking.tsx(8,89): error TS1002: Unterminated string literal.
src/pages/TimeTracking.tsx(9,7): error TS1128: Declaration or statement expected.
src/pages/TimeTracking.tsx(15,5): error TS1128: Declaration or statement expected.
src/pages/TimeTracking.tsx(16,3): error TS1109: Expression expected.
src/pages/ToolingManagement.tsx(46,49): error TS1003: Identifier expected.
src/pages/ToolingManagement.tsx(46,122): error TS1002: Unterminated string literal.
src/pages/ToolingManagement.tsx(47,7): error TS1128: Declaration or statement expected.
src/pages/ToolingManagement.tsx(49,7): error TS2657: JSX expressions must have one parent element.
src/pages/ToolingManagement.tsx(125,5): error TS1128: Declaration or statement expected.
src/pages/ToolingManagement.tsx(126,3): error TS1109: Expression expected.
src/pages/TrackingDashboard.tsx(20,49): error TS1003: Identifier expected.
src/pages/TrackingDashboard.tsx(20,96): error TS1002: Unterminated string literal.
src/pages/TrackingDashboard.tsx(21,7): error TS1128: Declaration or statement expected.
src/pages/TrackingDashboard.tsx(23,7): error TS2657: JSX expressions must have one parent element.
src/pages/TrackingDashboard.tsx(85,5): error TS1128: Declaration or statement expected.
src/pages/TrackingDashboard.tsx(86,3): error TS1109: Expression expected.
src/pages/TradeComplianceDashboard.tsx(45,49): error TS1003: Identifier expected.
src/pages/TradeComplianceDashboard.tsx(45,101): error TS1002: Unterminated string literal.
src/pages/TradeComplianceDashboard.tsx(46,7): error TS1128: Declaration or statement expected.
src/pages/TradeComplianceDashboard.tsx(48,7): error TS2657: JSX expressions must have one parent element.
src/pages/TradeComplianceDashboard.tsx(121,5): error TS1128: Declaration or statement expected.
src/pages/TradeComplianceDashboard.tsx(122,3): error TS1109: Expression expected.
src/pages/TrainingAcademy.tsx(8,49): error TS1003: Identifier expected.
src/pages/TrainingAcademy.tsx(8,90): error TS1002: Unterminated string literal.
src/pages/TrainingAcademy.tsx(9,7): error TS1128: Declaration or statement expected.
src/pages/TrainingAcademy.tsx(23,5): error TS1128: Declaration or statement expected.
src/pages/TrainingAcademy.tsx(24,3): error TS1109: Expression expected.
src/pages/TravelManagement.tsx(17,49): error TS1003: Identifier expected.
src/pages/TravelManagement.tsx(17,90): error TS1002: Unterminated string literal.
src/pages/TravelManagement.tsx(18,7): error TS1128: Declaration or statement expected.
src/pages/TravelManagement.tsx(80,5): error TS1128: Declaration or statement expected.
src/pages/TravelManagement.tsx(81,3): error TS1109: Expression expected.
src/pages/TwoFactorAuth.tsx(9,49): error TS1003: Identifier expected.
src/pages/TwoFactorAuth.tsx(9,90): error TS1002: Unterminated string literal.
src/pages/TwoFactorAuth.tsx(10,7): error TS1128: Declaration or statement expected.
src/pages/TwoFactorAuth.tsx(20,5): error TS1128: Declaration or statement expected.
src/pages/TwoFactorAuth.tsx(21,3): error TS1109: Expression expected.
src/pages/UATAutomation.tsx(88,52): error TS1003: Identifier expected.
src/pages/UATAutomation.tsx(88,54): error TS1002: Unterminated string literal.
src/pages/UATAutomation.tsx(89,24): error TS1005: ';' expected.
src/pages/UATAutomation.tsx(89,29): error TS1434: Unexpected keyword or identifier.
src/pages/UATAutomation.tsx(89,42): error TS1005: '(' expected.
src/pages/UATAutomation.tsx(89,60): error TS1005: ')' expected.
src/pages/UATAutomation.tsx(90,9): error TS1128: Declaration or statement expected.
src/pages/UATAutomation.tsx(91,7): error TS1109: Expression expected.
src/pages/UATAutomation.tsx(95,9): error TS2657: JSX expressions must have one parent element.
src/pages/UATAutomation.tsx(146,7): error TS1128: Declaration or statement expected.
src/pages/UATAutomation.tsx(246,5): error TS1128: Declaration or statement expected.
src/pages/UATAutomation.tsx(247,3): error TS1109: Expression expected.
src/pages/UserActivityDashboard.tsx(17,49): error TS1003: Identifier expected.
src/pages/UserActivityDashboard.tsx(17,94): error TS1002: Unterminated string literal.
src/pages/UserActivityDashboard.tsx(18,7): error TS1128: Declaration or statement expected.
src/pages/UserActivityDashboard.tsx(20,7): error TS2657: JSX expressions must have one parent element.
src/pages/UserActivityDashboard.tsx(67,5): error TS1128: Declaration or statement expected.
src/pages/UserActivityDashboard.tsx(68,3): error TS1109: Expression expected.
src/pages/ValidationCSV.tsx(3,103): error TS1003: Identifier expected.
src/pages/ValidationCSV.tsx(3,220): error TS1005: ';' expected.
src/pages/ValidationCSV.tsx(3,237): error TS1005: ';' expected.
src/pages/ValidationCSV.tsx(3,242): error TS1005: ';' expected.
src/pages/ValidationCSV.tsx(3,262): error TS1005: ';' expected.
src/pages/ValidationCSV.tsx(3,265): error TS1005: ';' expected.
src/pages/ValidationCSV.tsx(3,291): error TS1005: ';' expected.
src/pages/ValidationCSV.tsx(3,295): error TS1005: ';' expected.
src/pages/ValidationCSV.tsx(3,311): error TS1005: ';' expected.
src/pages/ValidationCSV.tsx(3,319): error TS1005: ';' expected.
src/pages/ValidationCSV.tsx(3,340): error TS1005: ';' expected.
src/pages/ValidationCSV.tsx(3,371): error TS1005: ';' expected.
src/pages/ValidationCSV.tsx(3,377): error TS1351: An identifier or keyword cannot immediately follow a numeric literal.
src/pages/ValidationCSV.tsx(3,389): error TS1005: ';' expected.
src/pages/ValidationCSV.tsx(3,454): error TS1005: ';' expected.
src/pages/ValidationCSV.tsx(3,457): error TS1005: ';' expected.
src/pages/ValidationCSV.tsx(3,483): error TS1005: ';' expected.
src/pages/ValidationCSV.tsx(3,487): error TS1005: ';' expected.
src/pages/ValidationCSV.tsx(3,503): error TS1005: ';' expected.
src/pages/ValidationCSV.tsx(3,511): error TS1005: ';' expected.
src/pages/ValidationCSV.tsx(3,532): error TS1005: ';' expected.
src/pages/ValidationCSV.tsx(3,563): error TS1005: ';' expected.
src/pages/ValidationCSV.tsx(3,569): error TS1351: An identifier or keyword cannot immediately follow a numeric literal.
src/pages/ValidationCSV.tsx(3,582): error TS1005: ';' expected.
src/pages/ValidationCSV.tsx(3,595): error TS1005: ';' expected.
src/pages/ValidationCSV.tsx(3,652): error TS1005: ';' expected.
src/pages/ValidationCSV.tsx(3,655): error TS1005: ';' expected.
src/pages/ValidationCSV.tsx(3,681): error TS1005: ';' expected.
src/pages/ValidationCSV.tsx(3,685): error TS1005: ';' expected.
src/pages/ValidationCSV.tsx(3,701): error TS1005: ';' expected.
src/pages/ValidationCSV.tsx(3,709): error TS1005: ';' expected.
src/pages/ValidationCSV.tsx(3,730): error TS1005: ';' expected.
src/pages/ValidationCSV.tsx(3,759): error TS1005: ';' expected.
src/pages/ValidationCSV.tsx(3,765): error TS1351: An identifier or keyword cannot immediately follow a numeric literal.
src/pages/ValidationCSV.tsx(3,778): error TS1005: ';' expected.
src/pages/ValidationCSV.tsx(3,792): error TS1005: ';' expected.
src/pages/ValidationCSV.tsx(3,848): error TS1005: ';' expected.
src/pages/ValidationCSV.tsx(3,851): error TS1005: ';' expected.
src/pages/ValidationCSV.tsx(3,877): error TS1005: ';' expected.
src/pages/ValidationCSV.tsx(3,881): error TS1005: ';' expected.
src/pages/ValidationCSV.tsx(3,897): error TS1005: ';' expected.
src/pages/ValidationCSV.tsx(3,905): error TS1005: ';' expected.
src/pages/ValidationCSV.tsx(3,926): error TS1005: ';' expected.
src/pages/ValidationCSV.tsx(3,958): error TS1005: ';' expected.
src/pages/ValidationCSV.tsx(3,964): error TS1351: An identifier or keyword cannot immediately follow a numeric literal.
src/pages/ValidationCSV.tsx(3,976): error TS1005: ';' expected.
src/pages/ValidationCSV.tsx(3,1135): error TS1005: ';' expected.
src/pages/ValidationCSV.tsx(3,1144): error TS1005: ';' expected.
src/pages/ValidationCSV.tsx(3,1212): error TS1005: ';' expected.
src/pages/ValidationCSV.tsx(3,1221): error TS1005: ';' expected.
src/pages/ValidationCSV.tsx(3,1298): error TS1005: ';' expected.
src/pages/ValidationCSV.tsx(3,1320): error TS1005: ';' expected.
src/pages/ValidationCSV.tsx(3,1332): error TS1005: ';' expected.
src/pages/ValidationCSV.tsx(3,1336): error TS1005: ';' expected.
src/pages/ValidationCSV.tsx(3,1423): error TS1005: ';' expected.
src/pages/ValidationCSV.tsx(3,1427): error TS1005: ';' expected.
src/pages/ValidationCSV.tsx(3,1434): error TS1434: Unexpected keyword or identifier.
src/pages/ValidationCSV.tsx(3,1450): error TS1005: ';' expected.
src/pages/ValidationCSV.tsx(3,1464): error TS1005: ';' expected.
src/pages/ValidationCSV.tsx(3,1482): error TS1005: ';' expected.
src/pages/ValidationCSV.tsx(3,1497): error TS1005: ';' expected.
src/pages/ValidationCSV.tsx(3,1551): error TS1005: ';' expected.
src/pages/ValidationCSV.tsx(3,1557): error TS1005: ';' expected.
src/pages/ValidationCSV.tsx(3,1573): error TS1005: ';' expected.
src/pages/ValidationCSV.tsx(3,1586): error TS1005: ';' expected.
src/pages/ValidationCSV.tsx(3,1616): error TS1005: ';' expected.
src/pages/ValidationCSV.tsx(3,1624): error TS1005: ';' expected.
src/pages/ValidationCSV.tsx(3,1645): error TS1005: ';' expected.
src/pages/ValidationCSV.tsx(3,1704): error TS1005: ';' expected.
src/pages/ValidationCSV.tsx(3,1718): error TS1005: ';' expected.
src/pages/ValidationCSV.tsx(3,1730): error TS1005: ';' expected.
src/pages/ValidationCSV.tsx(3,1753): error TS1005: ';' expected.
src/pages/ValidationCSV.tsx(3,1760): error TS1005: ';' expected.
src/pages/ValidationCSV.tsx(3,1830): error TS1002: Unterminated string literal.
src/pages/ValidationCSV.tsx(4,3): error TS1128: Declaration or statement expected.
src/pages/VarianceAnalysis.tsx(40,52): error TS1003: Identifier expected.
src/pages/VarianceAnalysis.tsx(40,98): error TS1002: Unterminated string literal.
src/pages/VarianceAnalysis.tsx(41,7): error TS1128: Declaration or statement expected.
src/pages/VarianceAnalysis.tsx(43,7): error TS2657: JSX expressions must have one parent element.
src/pages/VarianceAnalysis.tsx(91,5): error TS1128: Declaration or statement expected.
src/pages/VarianceAnalysis.tsx(92,3): error TS1109: Expression expected.
src/pages/VehicleFleetManagement.tsx(45,49): error TS1003: Identifier expected.
src/pages/VehicleFleetManagement.tsx(45,133): error TS1002: Unterminated string literal.
src/pages/VehicleFleetManagement.tsx(46,7): error TS1128: Declaration or statement expected.
src/pages/VehicleFleetManagement.tsx(48,7): error TS2657: JSX expressions must have one parent element.
src/pages/VehicleFleetManagement.tsx(116,5): error TS1128: Declaration or statement expected.
src/pages/VehicleFleetManagement.tsx(117,3): error TS1109: Expression expected.
src/pages/VehicleInventoryManagement.tsx(45,49): error TS1003: Identifier expected.
src/pages/VehicleInventoryManagement.tsx(45,124): error TS1002: Unterminated string literal.
src/pages/VehicleInventoryManagement.tsx(46,7): error TS1128: Declaration or statement expected.
src/pages/VehicleInventoryManagement.tsx(48,7): error TS2657: JSX expressions must have one parent element.
src/pages/VehicleInventoryManagement.tsx(109,5): error TS1128: Declaration or statement expected.
src/pages/VehicleInventoryManagement.tsx(110,3): error TS1109: Expression expected.
src/pages/VendorInvoiceEntry.tsx(43,5): error TS2657: JSX expressions must have one parent element.
src/pages/VendorInvoiceEntry.tsx(45,74): error TS1003: Identifier expected.
src/pages/VendorInvoiceEntry.tsx(46,9): error TS1005: ')' expected.
src/pages/VendorInvoiceEntry.tsx(51,7): error TS1128: Declaration or statement expected.
src/pages/VendorInvoiceEntry.tsx(53,7): error TS2657: JSX expressions must have one parent element.
src/pages/VendorInvoiceEntry.tsx(72,5): error TS1128: Declaration or statement expected.
src/pages/VendorInvoiceEntry.tsx(73,3): error TS1109: Expression expected.
src/pages/VirtualClassroom.tsx(3,93): error TS1003: Identifier expected.
src/pages/VirtualClassroom.tsx(3,204): error TS1005: ';' expected.
src/pages/VirtualClassroom.tsx(3,221): error TS1005: ';' expected.
src/pages/VirtualClassroom.tsx(3,226): error TS1005: ';' expected.
src/pages/VirtualClassroom.tsx(3,246): error TS1005: ';' expected.
src/pages/VirtualClassroom.tsx(3,249): error TS1005: ';' expected.
src/pages/VirtualClassroom.tsx(3,275): error TS1005: ';' expected.
src/pages/VirtualClassroom.tsx(3,279): error TS1005: ';' expected.
src/pages/VirtualClassroom.tsx(3,295): error TS1005: ';' expected.
src/pages/VirtualClassroom.tsx(3,303): error TS1005: ';' expected.
src/pages/VirtualClassroom.tsx(3,324): error TS1005: ';' expected.
src/pages/VirtualClassroom.tsx(3,352): error TS1005: ';' expected.
src/pages/VirtualClassroom.tsx(3,358): error TS1351: An identifier or keyword cannot immediately follow a numeric literal.
src/pages/VirtualClassroom.tsx(3,370): error TS1005: ';' expected.
src/pages/VirtualClassroom.tsx(3,432): error TS1005: ';' expected.
src/pages/VirtualClassroom.tsx(3,435): error TS1005: ';' expected.
src/pages/VirtualClassroom.tsx(3,461): error TS1005: ';' expected.
src/pages/VirtualClassroom.tsx(3,465): error TS1005: ';' expected.
src/pages/VirtualClassroom.tsx(3,481): error TS1005: ';' expected.
src/pages/VirtualClassroom.tsx(3,489): error TS1005: ';' expected.
src/pages/VirtualClassroom.tsx(3,510): error TS1005: ';' expected.
src/pages/VirtualClassroom.tsx(3,534): error TS1005: ';' expected.
src/pages/VirtualClassroom.tsx(3,540): error TS1351: An identifier or keyword cannot immediately follow a numeric literal.
src/pages/VirtualClassroom.tsx(3,553): error TS1005: ';' expected.
src/pages/VirtualClassroom.tsx(3,567): error TS1005: ';' expected.
src/pages/VirtualClassroom.tsx(3,618): error TS1005: ';' expected.
src/pages/VirtualClassroom.tsx(3,621): error TS1005: ';' expected.
src/pages/VirtualClassroom.tsx(3,647): error TS1005: ';' expected.
src/pages/VirtualClassroom.tsx(3,651): error TS1005: ';' expected.
src/pages/VirtualClassroom.tsx(3,667): error TS1005: ';' expected.
src/pages/VirtualClassroom.tsx(3,675): error TS1005: ';' expected.
src/pages/VirtualClassroom.tsx(3,696): error TS1005: ';' expected.
src/pages/VirtualClassroom.tsx(3,724): error TS1005: ';' expected.
src/pages/VirtualClassroom.tsx(3,730): error TS1351: An identifier or keyword cannot immediately follow a numeric literal.
src/pages/VirtualClassroom.tsx(3,743): error TS1005: ';' expected.
src/pages/VirtualClassroom.tsx(3,756): error TS1005: ';' expected.
src/pages/VirtualClassroom.tsx(3,811): error TS1005: ';' expected.
src/pages/VirtualClassroom.tsx(3,814): error TS1005: ';' expected.
src/pages/VirtualClassroom.tsx(3,840): error TS1005: ';' expected.
src/pages/VirtualClassroom.tsx(3,844): error TS1005: ';' expected.
src/pages/VirtualClassroom.tsx(3,860): error TS1005: ';' expected.
src/pages/VirtualClassroom.tsx(3,868): error TS1005: ';' expected.
src/pages/VirtualClassroom.tsx(3,889): error TS1005: ';' expected.
src/pages/VirtualClassroom.tsx(3,920): error TS1005: ';' expected.
src/pages/VirtualClassroom.tsx(3,926): error TS1351: An identifier or keyword cannot immediately follow a numeric literal.
src/pages/VirtualClassroom.tsx(3,938): error TS1005: ';' expected.
src/pages/VirtualClassroom.tsx(3,1090): error TS1005: ';' expected.
src/pages/VirtualClassroom.tsx(3,1099): error TS1005: ';' expected.
src/pages/VirtualClassroom.tsx(3,1159): error TS1005: ';' expected.
src/pages/VirtualClassroom.tsx(3,1168): error TS1005: ';' expected.
src/pages/VirtualClassroom.tsx(3,1242): error TS1005: ';' expected.
src/pages/VirtualClassroom.tsx(3,1264): error TS1005: ';' expected.
src/pages/VirtualClassroom.tsx(3,1276): error TS1005: ';' expected.
src/pages/VirtualClassroom.tsx(3,1280): error TS1005: ';' expected.
src/pages/VirtualClassroom.tsx(3,1367): error TS1005: ';' expected.
src/pages/VirtualClassroom.tsx(3,1371): error TS1005: ';' expected.
src/pages/VirtualClassroom.tsx(3,1378): error TS1434: Unexpected keyword or identifier.
src/pages/VirtualClassroom.tsx(3,1394): error TS1005: ';' expected.
src/pages/VirtualClassroom.tsx(3,1408): error TS1005: ';' expected.
src/pages/VirtualClassroom.tsx(3,1426): error TS1005: ';' expected.
src/pages/VirtualClassroom.tsx(3,1441): error TS1005: ';' expected.
src/pages/VirtualClassroom.tsx(3,1492): error TS1005: ';' expected.
src/pages/VirtualClassroom.tsx(3,1498): error TS1005: ';' expected.
src/pages/VirtualClassroom.tsx(3,1514): error TS1005: ';' expected.
src/pages/VirtualClassroom.tsx(3,1527): error TS1005: ';' expected.
src/pages/VirtualClassroom.tsx(3,1560): error TS1005: ';' expected.
src/pages/VirtualClassroom.tsx(3,1568): error TS1005: ';' expected.
src/pages/VirtualClassroom.tsx(3,1589): error TS1005: ';' expected.
src/pages/VirtualClassroom.tsx(3,1655): error TS1005: ';' expected.
src/pages/VirtualClassroom.tsx(3,1664): error TS1005: ';' expected.
src/pages/VirtualClassroom.tsx(3,1676): error TS1005: ';' expected.
src/pages/VirtualClassroom.tsx(3,1699): error TS1005: ';' expected.
src/pages/VirtualClassroom.tsx(3,1706): error TS1005: ';' expected.
src/pages/VirtualClassroom.tsx(3,1776): error TS1002: Unterminated string literal.
src/pages/VirtualClassroom.tsx(4,3): error TS1128: Declaration or statement expected.
src/pages/VoiceOfCustomer.tsx(7,25): error TS1005: ')' expected.
src/pages/VoiceOfCustomer.tsx(7,31): error TS1434: Unexpected keyword or identifier.
src/pages/VoiceOfCustomer.tsx(7,34): error TS1434: Unexpected keyword or identifier.
src/pages/VoiceOfCustomer.tsx(7,42): error TS1128: Declaration or statement expected.
src/pages/VoiceOfCustomer.tsx(7,125): error TS1005: ';' expected.
src/pages/VoiceOfCustomer.tsx(13,5): error TS1128: Declaration or statement expected.
src/pages/VoiceOfCustomer.tsx(14,3): error TS1109: Expression expected.
src/pages/WarrantyClaimsManagement.tsx(45,49): error TS1003: Identifier expected.
src/pages/WarrantyClaimsManagement.tsx(45,122): error TS1002: Unterminated string literal.
src/pages/WarrantyClaimsManagement.tsx(46,7): error TS1128: Declaration or statement expected.
src/pages/WarrantyClaimsManagement.tsx(48,7): error TS2657: JSX expressions must have one parent element.
src/pages/WarrantyClaimsManagement.tsx(109,5): error TS1128: Declaration or statement expected.
src/pages/WarrantyClaimsManagement.tsx(110,3): error TS1109: Expression expected.
src/pages/WarrantyReturns.tsx(3,96): error TS1003: Identifier expected.
src/pages/WarrantyReturns.tsx(3,210): error TS1005: ';' expected.
src/pages/WarrantyReturns.tsx(3,227): error TS1005: ';' expected.
src/pages/WarrantyReturns.tsx(3,232): error TS1005: ';' expected.
src/pages/WarrantyReturns.tsx(3,252): error TS1005: ';' expected.
src/pages/WarrantyReturns.tsx(3,255): error TS1005: ';' expected.
src/pages/WarrantyReturns.tsx(3,281): error TS1005: ';' expected.
src/pages/WarrantyReturns.tsx(3,285): error TS1005: ';' expected.
src/pages/WarrantyReturns.tsx(3,301): error TS1005: ';' expected.
src/pages/WarrantyReturns.tsx(3,309): error TS1005: ';' expected.
src/pages/WarrantyReturns.tsx(3,330): error TS1005: ';' expected.
src/pages/WarrantyReturns.tsx(3,356): error TS1005: ';' expected.
src/pages/WarrantyReturns.tsx(3,362): error TS1351: An identifier or keyword cannot immediately follow a numeric literal.
src/pages/WarrantyReturns.tsx(3,374): error TS1005: ';' expected.
src/pages/WarrantyReturns.tsx(3,436): error TS1005: ';' expected.
src/pages/WarrantyReturns.tsx(3,439): error TS1005: ';' expected.
src/pages/WarrantyReturns.tsx(3,465): error TS1005: ';' expected.
src/pages/WarrantyReturns.tsx(3,469): error TS1005: ';' expected.
src/pages/WarrantyReturns.tsx(3,485): error TS1005: ';' expected.
src/pages/WarrantyReturns.tsx(3,493): error TS1005: ';' expected.
src/pages/WarrantyReturns.tsx(3,514): error TS1005: ';' expected.
src/pages/WarrantyReturns.tsx(3,542): error TS1005: ';' expected.
src/pages/WarrantyReturns.tsx(3,548): error TS1351: An identifier or keyword cannot immediately follow a numeric literal.
src/pages/WarrantyReturns.tsx(3,561): error TS1005: ';' expected.
src/pages/WarrantyReturns.tsx(3,575): error TS1005: ';' expected.
src/pages/WarrantyReturns.tsx(3,630): error TS1005: ';' expected.
src/pages/WarrantyReturns.tsx(3,633): error TS1005: ';' expected.
src/pages/WarrantyReturns.tsx(3,659): error TS1005: ';' expected.
src/pages/WarrantyReturns.tsx(3,663): error TS1005: ';' expected.
src/pages/WarrantyReturns.tsx(3,679): error TS1005: ';' expected.
src/pages/WarrantyReturns.tsx(3,687): error TS1005: ';' expected.
src/pages/WarrantyReturns.tsx(3,708): error TS1005: ';' expected.
src/pages/WarrantyReturns.tsx(3,740): error TS1005: ';' expected.
src/pages/WarrantyReturns.tsx(3,746): error TS1351: An identifier or keyword cannot immediately follow a numeric literal.
src/pages/WarrantyReturns.tsx(3,759): error TS1005: ';' expected.
src/pages/WarrantyReturns.tsx(3,772): error TS1005: ';' expected.
src/pages/WarrantyReturns.tsx(3,830): error TS1005: ';' expected.
src/pages/WarrantyReturns.tsx(3,833): error TS1005: ';' expected.
src/pages/WarrantyReturns.tsx(3,859): error TS1005: ';' expected.
src/pages/WarrantyReturns.tsx(3,863): error TS1005: ';' expected.
src/pages/WarrantyReturns.tsx(3,879): error TS1005: ';' expected.
src/pages/WarrantyReturns.tsx(3,887): error TS1005: ';' expected.
src/pages/WarrantyReturns.tsx(3,908): error TS1005: ';' expected.
src/pages/WarrantyReturns.tsx(3,940): error TS1005: ';' expected.
src/pages/WarrantyReturns.tsx(3,946): error TS1351: An identifier or keyword cannot immediately follow a numeric literal.
src/pages/WarrantyReturns.tsx(3,958): error TS1005: ';' expected.
src/pages/WarrantyReturns.tsx(3,1110): error TS1005: ';' expected.
src/pages/WarrantyReturns.tsx(3,1119): error TS1005: ';' expected.
src/pages/WarrantyReturns.tsx(3,1186): error TS1005: ';' expected.
src/pages/WarrantyReturns.tsx(3,1195): error TS1005: ';' expected.
src/pages/WarrantyReturns.tsx(3,1269): error TS1005: ';' expected.
src/pages/WarrantyReturns.tsx(3,1291): error TS1005: ';' expected.
src/pages/WarrantyReturns.tsx(3,1303): error TS1005: ';' expected.
src/pages/WarrantyReturns.tsx(3,1307): error TS1005: ';' expected.
src/pages/WarrantyReturns.tsx(3,1392): error TS1005: ';' expected.
src/pages/WarrantyReturns.tsx(3,1396): error TS1005: ';' expected.
src/pages/WarrantyReturns.tsx(3,1403): error TS1434: Unexpected keyword or identifier.
src/pages/WarrantyReturns.tsx(3,1419): error TS1005: ';' expected.
src/pages/WarrantyReturns.tsx(3,1433): error TS1005: ';' expected.
src/pages/WarrantyReturns.tsx(3,1451): error TS1005: ';' expected.
src/pages/WarrantyReturns.tsx(3,1466): error TS1005: ';' expected.
src/pages/WarrantyReturns.tsx(3,1518): error TS1005: ';' expected.
src/pages/WarrantyReturns.tsx(3,1524): error TS1005: ';' expected.
src/pages/WarrantyReturns.tsx(3,1540): error TS1005: ';' expected.
src/pages/WarrantyReturns.tsx(3,1553): error TS1005: ';' expected.
src/pages/WarrantyReturns.tsx(3,1584): error TS1005: ';' expected.
src/pages/WarrantyReturns.tsx(3,1592): error TS1005: ';' expected.
src/pages/WarrantyReturns.tsx(3,1613): error TS1005: ';' expected.
src/pages/WarrantyReturns.tsx(3,1685): error TS1005: ';' expected.
src/pages/WarrantyReturns.tsx(3,1698): error TS1005: ';' expected.
src/pages/WarrantyReturns.tsx(3,1710): error TS1005: ';' expected.
src/pages/WarrantyReturns.tsx(3,1733): error TS1005: ';' expected.
src/pages/WarrantyReturns.tsx(3,1740): error TS1005: ';' expected.
src/pages/WarrantyReturns.tsx(3,1810): error TS1002: Unterminated string literal.
src/pages/WarrantyReturns.tsx(4,3): error TS1128: Declaration or statement expected.
src/pages/WebhookEvents.tsx(8,49): error TS1003: Identifier expected.
src/pages/WebhookEvents.tsx(8,89): error TS1002: Unterminated string literal.
src/pages/WebhookEvents.tsx(9,7): error TS1128: Declaration or statement expected.
src/pages/WebhookEvents.tsx(23,5): error TS1128: Declaration or statement expected.
src/pages/WebhookEvents.tsx(24,3): error TS1109: Expression expected.
src/pages/WebhookManagement.tsx(9,49): error TS1003: Identifier expected.
src/pages/WebhookManagement.tsx(9,90): error TS1002: Unterminated string literal.
src/pages/WebhookManagement.tsx(10,7): error TS1128: Declaration or statement expected.
src/pages/WebhookManagement.tsx(25,5): error TS1128: Declaration or statement expected.
src/pages/WebhookManagement.tsx(26,3): error TS1109: Expression expected.
src/pages/WebsiteBuilder.tsx(49,5): error TS2657: JSX expressions must have one parent element.
src/pages/WebsiteBuilder.tsx(52,26): error TS1003: Identifier expected.
src/pages/WebsiteBuilder.tsx(53,9): error TS1005: ')' expected.
src/pages/WebsiteBuilder.tsx(58,7): error TS1128: Declaration or statement expected.
src/pages/WebsiteBuilder.tsx(60,7): error TS2657: JSX expressions must have one parent element.
src/pages/WebsiteBuilder.tsx(121,5): error TS1128: Declaration or statement expected.
src/pages/WebsiteBuilder.tsx(122,3): error TS1109: Expression expected.
src/pages/WebsiteManagement.tsx(49,79): error TS17002: Expected corresponding JSX closing tag for 'StandardPage'.
src/pages/WebsiteManagement.tsx(50,7): error TS1005: ')' expected.
src/pages/WebsiteManagement.tsx(52,7): error TS2657: JSX expressions must have one parent element.
src/pages/WebsiteManagement.tsx(130,5): error TS1128: Declaration or statement expected.
src/pages/WebsiteManagement.tsx(131,3): error TS1109: Expression expected.
src/pages/WholesaleB2B.tsx(3,90): error TS1003: Identifier expected.
src/pages/WholesaleB2B.tsx(3,231): error TS1005: ';' expected.
src/pages/WholesaleB2B.tsx(3,248): error TS1005: ';' expected.
src/pages/WholesaleB2B.tsx(3,253): error TS1005: ';' expected.
src/pages/WholesaleB2B.tsx(3,273): error TS1005: ';' expected.
src/pages/WholesaleB2B.tsx(3,276): error TS1005: ';' expected.
src/pages/WholesaleB2B.tsx(3,302): error TS1005: ';' expected.
src/pages/WholesaleB2B.tsx(3,306): error TS1005: ';' expected.
src/pages/WholesaleB2B.tsx(3,322): error TS1005: ';' expected.
src/pages/WholesaleB2B.tsx(3,330): error TS1005: ';' expected.
src/pages/WholesaleB2B.tsx(3,351): error TS1005: ';' expected.
src/pages/WholesaleB2B.tsx(3,377): error TS1005: ';' expected.
src/pages/WholesaleB2B.tsx(3,383): error TS1351: An identifier or keyword cannot immediately follow a numeric literal.
src/pages/WholesaleB2B.tsx(3,395): error TS1005: ';' expected.
src/pages/WholesaleB2B.tsx(3,455): error TS1005: ';' expected.
src/pages/WholesaleB2B.tsx(3,458): error TS1005: ';' expected.
src/pages/WholesaleB2B.tsx(3,484): error TS1005: ';' expected.
src/pages/WholesaleB2B.tsx(3,488): error TS1005: ';' expected.
src/pages/WholesaleB2B.tsx(3,504): error TS1005: ';' expected.
src/pages/WholesaleB2B.tsx(3,512): error TS1005: ';' expected.
src/pages/WholesaleB2B.tsx(3,533): error TS1005: ';' expected.
src/pages/WholesaleB2B.tsx(3,562): error TS1005: ';' expected.
src/pages/WholesaleB2B.tsx(3,568): error TS1351: An identifier or keyword cannot immediately follow a numeric literal.
src/pages/WholesaleB2B.tsx(3,581): error TS1005: ';' expected.
src/pages/WholesaleB2B.tsx(3,595): error TS1005: ';' expected.
src/pages/WholesaleB2B.tsx(3,651): error TS1005: ';' expected.
src/pages/WholesaleB2B.tsx(3,654): error TS1005: ';' expected.
src/pages/WholesaleB2B.tsx(3,680): error TS1005: ';' expected.
src/pages/WholesaleB2B.tsx(3,684): error TS1005: ';' expected.
src/pages/WholesaleB2B.tsx(3,700): error TS1005: ';' expected.
src/pages/WholesaleB2B.tsx(3,708): error TS1005: ';' expected.
src/pages/WholesaleB2B.tsx(3,729): error TS1005: ';' expected.
src/pages/WholesaleB2B.tsx(3,760): error TS1005: ';' expected.
src/pages/WholesaleB2B.tsx(3,766): error TS1351: An identifier or keyword cannot immediately follow a numeric literal.
src/pages/WholesaleB2B.tsx(3,778): error TS1005: ';' expected.
src/pages/WholesaleB2B.tsx(3,857): error TS1005: ';' expected.
src/pages/WholesaleB2B.tsx(3,860): error TS1005: ';' expected.
src/pages/WholesaleB2B.tsx(3,886): error TS1005: ';' expected.
src/pages/WholesaleB2B.tsx(3,890): error TS1005: ';' expected.
src/pages/WholesaleB2B.tsx(3,906): error TS1005: ';' expected.
src/pages/WholesaleB2B.tsx(3,914): error TS1005: ';' expected.
src/pages/WholesaleB2B.tsx(3,935): error TS1005: ';' expected.
src/pages/WholesaleB2B.tsx(3,961): error TS1005: ';' expected.
src/pages/WholesaleB2B.tsx(3,967): error TS1351: An identifier or keyword cannot immediately follow a numeric literal.
src/pages/WholesaleB2B.tsx(3,979): error TS1005: ';' expected.
src/pages/WholesaleB2B.tsx(3,1104): error TS1005: ';' expected.
src/pages/WholesaleB2B.tsx(3,1113): error TS1005: ';' expected.
src/pages/WholesaleB2B.tsx(3,1171): error TS1005: ';' expected.
src/pages/WholesaleB2B.tsx(3,1180): error TS1005: ';' expected.
src/pages/WholesaleB2B.tsx(3,1252): error TS1005: ';' expected.
src/pages/WholesaleB2B.tsx(3,1274): error TS1005: ';' expected.
src/pages/WholesaleB2B.tsx(3,1286): error TS1005: ';' expected.
src/pages/WholesaleB2B.tsx(3,1290): error TS1005: ';' expected.
src/pages/WholesaleB2B.tsx(3,1373): error TS1005: ';' expected.
src/pages/WholesaleB2B.tsx(3,1377): error TS1005: ';' expected.
src/pages/WholesaleB2B.tsx(3,1384): error TS1434: Unexpected keyword or identifier.
src/pages/WholesaleB2B.tsx(3,1400): error TS1005: ';' expected.
src/pages/WholesaleB2B.tsx(3,1414): error TS1005: ';' expected.
src/pages/WholesaleB2B.tsx(3,1432): error TS1005: ';' expected.
src/pages/WholesaleB2B.tsx(3,1447): error TS1005: ';' expected.
src/pages/WholesaleB2B.tsx(3,1496): error TS1005: ';' expected.
src/pages/WholesaleB2B.tsx(3,1502): error TS1005: ';' expected.
src/pages/WholesaleB2B.tsx(3,1518): error TS1005: ';' expected.
src/pages/WholesaleB2B.tsx(3,1531): error TS1005: ';' expected.
src/pages/WholesaleB2B.tsx(3,1559): error TS1005: ';' expected.
src/pages/WholesaleB2B.tsx(3,1567): error TS1005: ';' expected.
src/pages/WholesaleB2B.tsx(3,1588): error TS1005: ';' expected.
src/pages/WholesaleB2B.tsx(3,1649): error TS1005: ';' expected.
src/pages/WholesaleB2B.tsx(3,1663): error TS1005: ';' expected.
src/pages/WholesaleB2B.tsx(3,1675): error TS1005: ';' expected.
src/pages/WholesaleB2B.tsx(3,1698): error TS1005: ';' expected.
src/pages/WholesaleB2B.tsx(3,1705): error TS1005: ';' expected.
src/pages/WholesaleB2B.tsx(3,1775): error TS1002: Unterminated string literal.
src/pages/WholesaleB2B.tsx(4,3): error TS1128: Declaration or statement expected.
src/pages/WIPTracking.tsx(47,5): error TS2657: JSX expressions must have one parent element.
src/pages/WIPTracking.tsx(50,5): error TS1003: Identifier expected.
src/pages/WIPTracking.tsx(51,9): error TS1005: ')' expected.
src/pages/WIPTracking.tsx(53,7): error TS1128: Declaration or statement expected.
src/pages/WIPTracking.tsx(55,7): error TS2657: JSX expressions must have one parent element.
src/pages/WIPTracking.tsx(125,5): error TS1128: Declaration or statement expected.
src/pages/WIPTracking.tsx(126,3): error TS1109: Expression expected.
src/pages/WIPTrackingDashboard.tsx(21,49): error TS1003: Identifier expected.
src/pages/WIPTrackingDashboard.tsx(21,125): error TS1002: Unterminated string literal.
src/pages/WIPTrackingDashboard.tsx(22,7): error TS1128: Declaration or statement expected.
src/pages/WIPTrackingDashboard.tsx(24,7): error TS2657: JSX expressions must have one parent element.
src/pages/WIPTrackingDashboard.tsx(70,5): error TS1128: Declaration or statement expected.
src/pages/WIPTrackingDashboard.tsx(71,3): error TS1109: Expression expected.
src/pages/wms/WarehouseAnalytics.tsx(110,11): error TS17002: Expected corresponding JSX closing tag for 'StandardPage'.
src/pages/wms/WarehouseAnalytics.tsx(111,9): error TS1005: ')' expected.
src/pages/wms/WarehouseAnalytics.tsx(112,5): error TS1109: Expression expected.
