
> rest-express@1.0.0 check
> tsc

backend/src/modules/cost-management/lcm.service.ts(5,31): error TS2307: Cannot find module '../../procurement/entities/receipt-header.entity' or its corresponding type declarations.
backend/src/modules/inventory/inventory-organization.service.ts(17,9): error TS2740: Type 'InventoryOrganization[]' is missing the following properties from type 'InventoryOrganization': id, code, name, active, and 2 more.
backend/src/modules/inventory/item.service.ts(29,9): error TS2740: Type 'Item[]' is missing the following properties from type 'Item': id, itemNumber, description, inventoryItem, and 5 more.
backend/src/modules/procurement/purchase-order.service.ts(31,5): error TS2740: Type 'PurchaseOrder[]' is missing the following properties from type 'PurchaseOrder': id, poNumber, supplier, supplierSite, and 5 more.
backend/src/modules/procurement/requisition.service.ts(45,44): error TS2339: Property 'quantity' does not exist on type 'RequisitionLine[]'.
backend/src/modules/procurement/requisition.service.ts(45,73): error TS2339: Property 'unitPrice' does not exist on type 'RequisitionLine[]'.
backend/src/modules/procurement/requisition.service.ts(49,9): error TS2322: Type 'RequisitionLine[][]' is not assignable to type 'RequisitionLine[]'.
  Type 'RequisitionLine[]' is missing the following properties from type 'RequisitionLine': id, header, description, quantity, and 3 more.
backend/src/modules/procurement/requisition.service.ts(77,59): error TS2554: Expected 2-3 arguments, but got 1.
backend/src/modules/procurement/requisition.service.ts(83,13): error TS18047: 'approvalResult' is possibly 'null'.
backend/src/modules/procurement/requisition.service.ts(83,28): error TS2339: Property 'action' does not exist on type 'string'.
backend/src/modules/procurement/requisition.service.ts(91,37): error TS18047: 'approvalResult' is possibly 'null'.
backend/src/modules/procurement/requisition.service.ts(91,52): error TS2339: Property 'approverId' does not exist on type 'string'.
backend/src/modules/procurement/requisition.service.ts(92,93): error TS18047: 'approvalResult' is possibly 'null'.
backend/src/modules/procurement/requisition.service.ts(92,108): error TS2339: Property 'approverId' does not exist on type 'string'.
backend/src/modules/procurement/supplier.service.ts(22,9): error TS2740: Type 'Supplier[]' is missing the following properties from type 'Supplier': id, supplierNumber, supplierName, active, and 4 more.
backend/src/modules/procurement/supplier.service.ts(59,9): error TS2740: Type 'SupplierSite[]' is missing the following properties from type 'SupplierSite': id, siteName, isPurchasing, isPay, and 3 more.
client/src/components/ar/ArRevenueScheduleList.tsx(96,73): error TS2345: Argument of type 'string' is not assignable to parameter of type 'number'.
client/src/components/fixed-assets/AddAssetDialog.tsx(41,13): error TS2353: Object literal may only specify known properties, and 'originalCost' does not exist in type 'AsyncDefaultValues<{ description: string; categoryId: string; assetNumber: string; id?: string | undefined; status?: string | null | undefined; createdAt?: Date | null | undefined; tagNumber?: string | null | undefined; ... 5 more ...; lastVerifiedAt?: Date | ... 1 more ... | undefined; }> | { ...; }'.
client/src/components/fixed-assets/AddAssetDialog.tsx(78,18): error TS2339: Property 'recoverableCost' does not exist on type '{ description: string; categoryId: string; assetNumber: string; id?: string | undefined; status?: string | null | undefined; createdAt?: Date | null | undefined; tagNumber?: string | null | undefined; ... 5 more ...; lastVerifiedAt?: Date | ... 1 more ... | undefined; }'.
client/src/components/fixed-assets/AddAssetDialog.tsx(78,51): error TS2339: Property 'recoverableCost' does not exist on type '{ description: string; categoryId: string; assetNumber: string; id?: string | undefined; status?: string | null | undefined; createdAt?: Date | null | undefined; tagNumber?: string | null | undefined; ... 5 more ...; lastVerifiedAt?: Date | ... 1 more ... | undefined; }'.
client/src/components/fixed-assets/AddAssetDialog.tsx(79,18): error TS2339: Property 'recoverableCost' does not exist on type '{ description: string; categoryId: string; assetNumber: string; id?: string | undefined; status?: string | null | undefined; createdAt?: Date | null | undefined; tagNumber?: string | null | undefined; ... 5 more ...; lastVerifiedAt?: Date | ... 1 more ... | undefined; }'.
client/src/components/fixed-assets/AddAssetDialog.tsx(79,41): error TS2339: Property 'originalCost' does not exist on type '{ description: string; categoryId: string; assetNumber: string; id?: string | undefined; status?: string | null | undefined; createdAt?: Date | null | undefined; tagNumber?: string | null | undefined; ... 5 more ...; lastVerifiedAt?: Date | ... 1 more ... | undefined; }'.
client/src/components/fixed-assets/AddAssetDialog.tsx(101,55): error TS2345: Argument of type '(data: { description: string; categoryId: string; assetNumber: string; id?: string | undefined; status?: string | null | undefined; createdAt?: Date | null | undefined; tagNumber?: string | null | undefined; ... 5 more ...; lastVerifiedAt?: Date | ... 1 more ... | undefined; }) => void' is not assignable to parameter of type 'SubmitHandler<TFieldValues>'.
  Types of parameters 'data' and 'data' are incompatible.
    Type 'TFieldValues' is not assignable to type '{ description: string; categoryId: string; assetNumber: string; id?: string | undefined; status?: string | null | undefined; createdAt?: Date | null | undefined; tagNumber?: string | null | undefined; ... 5 more ...; lastVerifiedAt?: Date | ... 1 more ... | undefined; }'.
      Type 'FieldValues' is missing the following properties from type '{ description: string; categoryId: string; assetNumber: string; id?: string | undefined; status?: string | null | undefined; createdAt?: Date | null | undefined; tagNumber?: string | null | undefined; ... 5 more ...; lastVerifiedAt?: Date | ... 1 more ... | undefined; }': description, categoryId, assetNumber
client/src/components/fixed-assets/AddAssetDialog.tsx(104,29): error TS2322: Type 'Control<{ description: string; categoryId: string; assetNumber: string; id?: string | undefined; status?: string | null | undefined; createdAt?: Date | null | undefined; tagNumber?: string | null | undefined; ... 5 more ...; lastVerifiedAt?: Date | ... 1 more ... | undefined; }, any, TFieldValues>' is not assignable to type 'Control<{ description: string; categoryId: string; assetNumber: string; id?: string | undefined; status?: string | null | undefined; createdAt?: Date | null | undefined; tagNumber?: string | null | undefined; ... 5 more ...; lastVerifiedAt?: Date | ... 1 more ... | undefined; }, any, { ...; }>'.
  The types of '_options.resolver' are incompatible between these types.
    Type 'Resolver<{ description: string; categoryId: string; assetNumber: string; id?: string | undefined; status?: string | null | undefined; createdAt?: Date | null | undefined; tagNumber?: string | null | undefined; ... 5 more ...; lastVerifiedAt?: Date | ... 1 more ... | undefined; }, any, TFieldValues> | undefined' is not assignable to type 'Resolver<{ description: string; categoryId: string; assetNumber: string; id?: string | undefined; status?: string | null | undefined; createdAt?: Date | null | undefined; tagNumber?: string | null | undefined; ... 5 more ...; lastVerifiedAt?: Date | ... 1 more ... | undefined; }, any, { ...; }> | undefined'.
      Type 'Resolver<{ description: string; categoryId: string; assetNumber: string; id?: string | undefined; status?: string | null | undefined; createdAt?: Date | null | undefined; tagNumber?: string | null | undefined; ... 5 more ...; lastVerifiedAt?: Date | ... 1 more ... | undefined; }, any, TFieldValues>' is not assignable to type 'Resolver<{ description: string; categoryId: string; assetNumber: string; id?: string | undefined; status?: string | null | undefined; createdAt?: Date | null | undefined; tagNumber?: string | null | undefined; ... 5 more ...; lastVerifiedAt?: Date | ... 1 more ... | undefined; }, any, { ...; }>'.
        Type 'TFieldValues' is not assignable to type '{ description: string; categoryId: string; assetNumber: string; id?: string | undefined; status?: string | null | undefined; createdAt?: Date | null | undefined; tagNumber?: string | null | undefined; ... 5 more ...; lastVerifiedAt?: Date | ... 1 more ... | undefined; }'.
          Type 'FieldValues' is missing the following properties from type '{ description: string; categoryId: string; assetNumber: string; id?: string | undefined; status?: string | null | undefined; createdAt?: Date | null | undefined; tagNumber?: string | null | undefined; ... 5 more ...; lastVerifiedAt?: Date | ... 1 more ... | undefined; }': description, categoryId, assetNumber
client/src/components/fixed-assets/AddAssetDialog.tsx(118,29): error TS2322: Type 'Control<{ description: string; categoryId: string; assetNumber: string; id?: string | undefined; status?: string | null | undefined; createdAt?: Date | null | undefined; tagNumber?: string | null | undefined; ... 5 more ...; lastVerifiedAt?: Date | ... 1 more ... | undefined; }, any, TFieldValues>' is not assignable to type 'Control<{ description: string; categoryId: string; assetNumber: string; id?: string | undefined; status?: string | null | undefined; createdAt?: Date | null | undefined; tagNumber?: string | null | undefined; ... 5 more ...; lastVerifiedAt?: Date | ... 1 more ... | undefined; }, any, { ...; }>'.
  The types of '_options.resolver' are incompatible between these types.
    Type 'Resolver<{ description: string; categoryId: string; assetNumber: string; id?: string | undefined; status?: string | null | undefined; createdAt?: Date | null | undefined; tagNumber?: string | null | undefined; ... 5 more ...; lastVerifiedAt?: Date | ... 1 more ... | undefined; }, any, TFieldValues> | undefined' is not assignable to type 'Resolver<{ description: string; categoryId: string; assetNumber: string; id?: string | undefined; status?: string | null | undefined; createdAt?: Date | null | undefined; tagNumber?: string | null | undefined; ... 5 more ...; lastVerifiedAt?: Date | ... 1 more ... | undefined; }, any, { ...; }> | undefined'.
      Type 'Resolver<{ description: string; categoryId: string; assetNumber: string; id?: string | undefined; status?: string | null | undefined; createdAt?: Date | null | undefined; tagNumber?: string | null | undefined; ... 5 more ...; lastVerifiedAt?: Date | ... 1 more ... | undefined; }, any, TFieldValues>' is not assignable to type 'Resolver<{ description: string; categoryId: string; assetNumber: string; id?: string | undefined; status?: string | null | undefined; createdAt?: Date | null | undefined; tagNumber?: string | null | undefined; ... 5 more ...; lastVerifiedAt?: Date | ... 1 more ... | undefined; }, any, { ...; }>'.
        Type 'TFieldValues' is not assignable to type '{ description: string; categoryId: string; assetNumber: string; id?: string | undefined; status?: string | null | undefined; createdAt?: Date | null | undefined; tagNumber?: string | null | undefined; ... 5 more ...; lastVerifiedAt?: Date | ... 1 more ... | undefined; }'.
          Type 'FieldValues' is missing the following properties from type '{ description: string; categoryId: string; assetNumber: string; id?: string | undefined; status?: string | null | undefined; createdAt?: Date | null | undefined; tagNumber?: string | null | undefined; ... 5 more ...; lastVerifiedAt?: Date | ... 1 more ... | undefined; }': description, categoryId, assetNumber
client/src/components/fixed-assets/AddAssetDialog.tsx(133,33): error TS2322: Type 'Control<{ description: string; categoryId: string; assetNumber: string; id?: string | undefined; status?: string | null | undefined; createdAt?: Date | null | undefined; tagNumber?: string | null | undefined; ... 5 more ...; lastVerifiedAt?: Date | ... 1 more ... | undefined; }, any, TFieldValues>' is not assignable to type 'Control<{ description: string; categoryId: string; assetNumber: string; id?: string | undefined; status?: string | null | undefined; createdAt?: Date | null | undefined; tagNumber?: string | null | undefined; ... 5 more ...; lastVerifiedAt?: Date | ... 1 more ... | undefined; }, any, { ...; }>'.
  The types of '_options.resolver' are incompatible between these types.
    Type 'Resolver<{ description: string; categoryId: string; assetNumber: string; id?: string | undefined; status?: string | null | undefined; createdAt?: Date | null | undefined; tagNumber?: string | null | undefined; ... 5 more ...; lastVerifiedAt?: Date | ... 1 more ... | undefined; }, any, TFieldValues> | undefined' is not assignable to type 'Resolver<{ description: string; categoryId: string; assetNumber: string; id?: string | undefined; status?: string | null | undefined; createdAt?: Date | null | undefined; tagNumber?: string | null | undefined; ... 5 more ...; lastVerifiedAt?: Date | ... 1 more ... | undefined; }, any, { ...; }> | undefined'.
      Type 'Resolver<{ description: string; categoryId: string; assetNumber: string; id?: string | undefined; status?: string | null | undefined; createdAt?: Date | null | undefined; tagNumber?: string | null | undefined; ... 5 more ...; lastVerifiedAt?: Date | ... 1 more ... | undefined; }, any, TFieldValues>' is not assignable to type 'Resolver<{ description: string; categoryId: string; assetNumber: string; id?: string | undefined; status?: string | null | undefined; createdAt?: Date | null | undefined; tagNumber?: string | null | undefined; ... 5 more ...; lastVerifiedAt?: Date | ... 1 more ... | undefined; }, any, { ...; }>'.
        Type 'TFieldValues' is not assignable to type '{ description: string; categoryId: string; assetNumber: string; id?: string | undefined; status?: string | null | undefined; createdAt?: Date | null | undefined; tagNumber?: string | null | undefined; ... 5 more ...; lastVerifiedAt?: Date | ... 1 more ... | undefined; }'.
          Type 'FieldValues' is missing the following properties from type '{ description: string; categoryId: string; assetNumber: string; id?: string | undefined; status?: string | null | undefined; createdAt?: Date | null | undefined; tagNumber?: string | null | undefined; ... 5 more ...; lastVerifiedAt?: Date | ... 1 more ... | undefined; }': description, categoryId, assetNumber
client/src/components/fixed-assets/AddAssetDialog.tsx(134,33): error TS2322: Type '"originalCost"' is not assignable to type '"id" | "status" | "description" | "createdAt" | "categoryId" | "assetNumber" | "tagNumber" | "manufacturer" | "model" | "serialNumber" | "leaseId" | "qrCode" | "lastVerifiedAt"'.
client/src/components/fixed-assets/AddAssetDialog.tsx(139,46): error TS2322: Type '{ onChange: (...event: any[]) => void; onBlur: Noop; value: string | Date | null | undefined; disabled?: boolean | undefined; name: "id" | "status" | "description" | "createdAt" | ... 8 more ... | "lastVerifiedAt"; ref: RefCallBack; type: "number"; }' is not assignable to type 'Omit<DetailedHTMLProps<InputHTMLAttributes<HTMLInputElement>, HTMLInputElement>, "ref">'.
  Types of property 'value' are incompatible.
    Type 'string | Date | null | undefined' is not assignable to type 'string | number | readonly string[] | undefined'.
      Type 'null' is not assignable to type 'string | number | readonly string[] | undefined'.
client/src/components/fixed-assets/AddAssetDialog.tsx(146,33): error TS2322: Type 'Control<{ description: string; categoryId: string; assetNumber: string; id?: string | undefined; status?: string | null | undefined; createdAt?: Date | null | undefined; tagNumber?: string | null | undefined; ... 5 more ...; lastVerifiedAt?: Date | ... 1 more ... | undefined; }, any, TFieldValues>' is not assignable to type 'Control<{ description: string; categoryId: string; assetNumber: string; id?: string | undefined; status?: string | null | undefined; createdAt?: Date | null | undefined; tagNumber?: string | null | undefined; ... 5 more ...; lastVerifiedAt?: Date | ... 1 more ... | undefined; }, any, { ...; }>'.
  The types of '_options.resolver' are incompatible between these types.
    Type 'Resolver<{ description: string; categoryId: string; assetNumber: string; id?: string | undefined; status?: string | null | undefined; createdAt?: Date | null | undefined; tagNumber?: string | null | undefined; ... 5 more ...; lastVerifiedAt?: Date | ... 1 more ... | undefined; }, any, TFieldValues> | undefined' is not assignable to type 'Resolver<{ description: string; categoryId: string; assetNumber: string; id?: string | undefined; status?: string | null | undefined; createdAt?: Date | null | undefined; tagNumber?: string | null | undefined; ... 5 more ...; lastVerifiedAt?: Date | ... 1 more ... | undefined; }, any, { ...; }> | undefined'.
      Type 'Resolver<{ description: string; categoryId: string; assetNumber: string; id?: string | undefined; status?: string | null | undefined; createdAt?: Date | null | undefined; tagNumber?: string | null | undefined; ... 5 more ...; lastVerifiedAt?: Date | ... 1 more ... | undefined; }, any, TFieldValues>' is not assignable to type 'Resolver<{ description: string; categoryId: string; assetNumber: string; id?: string | undefined; status?: string | null | undefined; createdAt?: Date | null | undefined; tagNumber?: string | null | undefined; ... 5 more ...; lastVerifiedAt?: Date | ... 1 more ... | undefined; }, any, { ...; }>'.
        Type 'TFieldValues' is not assignable to type '{ description: string; categoryId: string; assetNumber: string; id?: string | undefined; status?: string | null | undefined; createdAt?: Date | null | undefined; tagNumber?: string | null | undefined; ... 5 more ...; lastVerifiedAt?: Date | ... 1 more ... | undefined; }'.
          Type 'FieldValues' is missing the following properties from type '{ description: string; categoryId: string; assetNumber: string; id?: string | undefined; status?: string | null | undefined; createdAt?: Date | null | undefined; tagNumber?: string | null | undefined; ... 5 more ...; lastVerifiedAt?: Date | ... 1 more ... | undefined; }': description, categoryId, assetNumber
client/src/components/fixed-assets/AddAssetDialog.tsx(147,33): error TS2322: Type '"lifeYears"' is not assignable to type '"id" | "status" | "description" | "createdAt" | "categoryId" | "assetNumber" | "tagNumber" | "manufacturer" | "model" | "serialNumber" | "leaseId" | "qrCode" | "lastVerifiedAt"'.
client/src/components/fixed-assets/AddAssetDialog.tsx(152,46): error TS2322: Type '{ onChange: (e: ChangeEvent<HTMLInputElement>) => void; onBlur: Noop; value: string | Date | null | undefined; disabled?: boolean | undefined; name: "id" | ... 11 more ... | "lastVerifiedAt"; ref: RefCallBack; type: "number"; }' is not assignable to type 'Omit<DetailedHTMLProps<InputHTMLAttributes<HTMLInputElement>, HTMLInputElement>, "ref">'.
  Types of property 'value' are incompatible.
    Type 'string | Date | null | undefined' is not assignable to type 'string | number | readonly string[] | undefined'.
      Type 'null' is not assignable to type 'string | number | readonly string[] | undefined'.
client/src/components/fixed-assets/AssetList.tsx(9,10): error TS2305: Module '"@shared/schema"' has no exported member 'FaAddition'.
client/src/components/GlobalLayout.test.tsx(55,51): error TS2339: Property 'toBeInTheDocument' does not exist on type 'JestMatchers<HTMLElement>'.
client/src/components/GlobalLayout.test.tsx(56,52): error TS2339: Property 'toBeInTheDocument' does not exist on type 'JestMatchers<HTMLElement>'.
client/src/components/GlobalLayout.test.tsx(57,52): error TS2339: Property 'toBeInTheDocument' does not exist on type 'JestMatchers<HTMLElement>'.
client/src/components/GlobalLayout.test.tsx(58,51): error TS2339: Property 'toBeInTheDocument' does not exist on type 'JestMatchers<HTMLElement>'.
client/src/components/SidebarNode.test.tsx(45,47): error TS2339: Property 'toBeInTheDocument' does not exist on type 'JestMatchers<HTMLElement>'.
client/src/components/SidebarNode.test.tsx(48,22): error TS2339: Property 'toHaveAttribute' does not exist on type 'JestMatchers<HTMLAnchorElement | null>'.
client/src/components/SidebarNode.test.tsx(58,50): error TS2339: Property 'toBeInTheDocument' does not exist on type 'JestMatchers<HTMLElement>'.
client/src/components/SidebarNode.test.tsx(60,47): error TS2339: Property 'toBeInTheDocument' does not exist on type 'JestMatchers<HTMLElement>'.
client/src/pages/NettingWorkbench.tsx(161,31): error TS18046: 'proposal' is of type 'unknown'.
client/src/pages/NettingWorkbench.tsx(162,28): error TS18046: 'proposal' is of type 'unknown'.
client/src/pages/NettingWorkbench.tsx(182,80): error TS2339: Property 'totalArAmount' does not exist on type '{}'.
client/src/pages/NettingWorkbench.tsx(186,78): error TS2339: Property 'totalApAmount' does not exist on type '{}'.
client/src/pages/NettingWorkbench.tsx(190,79): error TS2339: Property 'nettedAmount' does not exist on type '{}'.
client/src/pages/NettingWorkbench.tsx(199,35): error TS2339: Property 'arInvoices' does not exist on type '{}'.
client/src/pages/NettingWorkbench.tsx(201,43): error TS2339: Property 'arInvoices' does not exist on type '{}'.
client/src/pages/NettingWorkbench.tsx(212,35): error TS2339: Property 'apInvoices' does not exist on type '{}'.
client/src/pages/NettingWorkbench.tsx(214,43): error TS2339: Property 'apInvoices' does not exist on type '{}'.
client/src/pages/NettingWorkbench.tsx(229,72): error TS2339: Property 'nettedAmount' does not exist on type '{}'.
client/src/pages/ProcurementManagement.tsx(143,30): error TS2769: No overload matches this call.
  Overload 1 of 2, '(props: Props): YAxis', gave the following error.
    Type '{ prefix: string; fontSize: number; }' is not assignable to type 'IntrinsicAttributes & IntrinsicClassAttributes<YAxis> & Pick<Readonly<Props>, "string" | "className" | ... 274 more ... | "AxisComp"> & InexactPartial<...> & InexactPartial<...>'.
      Property 'prefix' does not exist on type 'IntrinsicAttributes & IntrinsicClassAttributes<YAxis> & Pick<Readonly<Props>, "string" | "className" | ... 274 more ... | "AxisComp"> & InexactPartial<...> & InexactPartial<...>'. Did you mean 'refX'?
  Overload 2 of 2, '(props: Props, context: any): YAxis', gave the following error.
    Type '{ prefix: string; fontSize: number; }' is not assignable to type 'IntrinsicAttributes & IntrinsicClassAttributes<YAxis> & Pick<Readonly<Props>, "string" | "className" | ... 274 more ... | "AxisComp"> & InexactPartial<...> & InexactPartial<...>'.
      Property 'prefix' does not exist on type 'IntrinsicAttributes & IntrinsicClassAttributes<YAxis> & Pick<Readonly<Props>, "string" | "className" | ... 274 more ... | "AxisComp"> & InexactPartial<...> & InexactPartial<...>'. Did you mean 'refX'?
client/src/pages/ProcurementManagement.tsx(244,66): error TS2322: Type '"xs"' is not assignable to type '"default" | "sm" | "lg" | "icon" | null | undefined'.
server/cron/sweeper.ts(2,18): error TS7016: Could not find a declaration file for module 'node-cron'. '/Users/mbjunaid/Library/CloudStorage/GoogleDrive-mbilaljunaid@gmail.com/My Drive/Online Projects/13. NexusAIFirst/nexusai-erp/node_modules/node-cron/src/node-cron.js' implicitly has an 'any' type.
  Try `npm i --save-dev @types/node-cron` if it exists or add a new declaration (.d.ts) file containing `declare module 'node-cron';`
server/gl/index.ts(5,50): error TS2307: Cannot find module './glPostingEngine' or its corresponding type declarations.
server/gl/index.ts(6,50): error TS2307: Cannot find module './glPostingEngine' or its corresponding type declarations.
server/modules/finance/routes.ts(301,43): error TS2551: Property 'deleteGlAutoPostRule' does not exist on type 'DatabaseStorage'. Did you mean 'createGlAutoPostRule'?
server/modules/finance/routes.ts(312,40): error TS2551: Property 'listGlDataAccessSets' does not exist on type 'DatabaseStorage'. Did you mean 'listDataAccessSets'?
server/modules/finance/routes.ts(325,39): error TS2551: Property 'createGlDataAccessSet' does not exist on type 'DatabaseStorage'. Did you mean 'createDataAccessSet'?
server/routes/ar.ts(375,38): error TS2367: This comparison appears to be unintentional because the types 'string' and 'number' have no overlap.
server/routes/finance.ts(104,84): error TS2554: Expected 2 arguments, but got 3.
server/routes/finance.ts(120,56): error TS2345: Argument of type 'string | undefined' is not assignable to parameter of type '{ status?: string | undefined; ledgerId?: string | undefined; search?: string | undefined; } | undefined'.
  Type 'string' is not assignable to type '{ status?: string | undefined; ledgerId?: string | undefined; search?: string | undefined; }'.
server/routes/finance.ts(164,63): error TS2345: Argument of type 'string | undefined' is not assignable to parameter of type 'string'.
  Type 'undefined' is not assignable to type 'string'.
server/routes/finance.ts(471,59): error TS2345: Argument of type '{ name: string; ledgerId: string; id?: string | undefined; isActive?: boolean | null | undefined; createdAt?: Date | null | undefined; taxId?: string | null | undefined; }' is not assignable to parameter of type '{ name: string; organizationId: string; registrationNumber?: string | undefined; ledgerId: string; }'.
  Property 'organizationId' is missing in type '{ name: string; ledgerId: string; id?: string | undefined; isActive?: boolean | null | undefined; createdAt?: Date | null | undefined; taxId?: string | null | undefined; }' but required in type '{ name: string; organizationId: string; registrationNumber?: string | undefined; ledgerId: string; }'.
server/routes/finance.ts(476,41): error TS2551: Property 'updateLegalEntity' does not exist on type 'FinanceService'. Did you mean 'createLegalEntity'?
server/routes/glRoutes.ts(77,7): error TS2353: Object literal may only specify known properties, and 'category' does not exist in type '{ currencyCode: string; journalNumber: string; id?: string | undefined; source?: string | undefined; status?: "Draft" | "Posted" | "Processing" | undefined; autoReverse?: boolean | null | undefined; ... 8 more ...; postedDate?: Date | ... 1 more ... | undefined; }'.
server/routes/glRoutes.ts(511,40): error TS2339: Property 'listBudgetControlRules' does not exist on type 'FinanceService'.
server/routes/glRoutes.ts(520,39): error TS2339: Property 'createBudgetControlRule' does not exist on type 'FinanceService'.
server/routes/glRoutes.ts(530,43): error TS2339: Property 'listBudgetBalances' does not exist on type 'FinanceService'.
server/scripts/verify_cash_enhancements.ts(30,9): error TS2322: Type 'number' is not assignable to type 'string'.
server/scripts/verify_cash_flow.ts(17,9): error TS2322: Type 'number' is not assignable to type 'string'.
server/scripts/verify_cash_flow.ts(80,9): error TS2322: Type 'number' is not assignable to type 'string'.
server/scripts/verify_cash_flow.ts(90,9): error TS2322: Type 'number' is not assignable to type 'string'.
server/scripts/verify_cash_flow.ts(101,9): error TS2322: Type 'number' is not assignable to type 'string'.
server/scripts/verify_fixed_assets.ts(3,10): error TS2305: Module '"../services/fixedAssets"' has no exported member 'fixedAssetsService'.
server/scripts/verify_fixed_assets.ts(4,10): error TS2724: '"@shared/schema"' has no exported member named 'InsertFaAddition'. Did you mean 'InsertFaMassAddition'?
server/scripts/verify_fixed_assets.ts(24,9): error TS2561: Object literal may only specify known properties, but 'bookTypeCode' does not exist in type 'Omit<{ description: string; ledgerId: string; bookCode: string; depreciationCalendar: string; id?: string | undefined; status?: string | null | undefined; createdAt?: Date | null | undefined; prorateCalendar?: string | ... 1 more ... | undefined; currentPeriodName?: string | ... 1 more ... | undefined; }, "assetId">'. Did you mean to write 'bookCode'?
server/scripts/verify_fixed_assets.ts(44,52): error TS2554: Expected 0 arguments, but got 1.
server/scripts/verify_fixed_assets.ts(45,47): error TS2551: Property 'bookTypeCode' does not exist on type '{ id: string; bookCode: string; description: string; ledgerId: string; depreciationCalendar: string; prorateCalendar: string | null; currentPeriodName: string | null; status: string | null; createdAt: Date | null; }'. Did you mean 'bookCode'?
server/scripts/verify_fixed_assets.ts(52,46): error TS2339: Property 'depreciationReserve' does not exist on type '{ id: string; bookCode: string; description: string; ledgerId: string; depreciationCalendar: string; prorateCalendar: string | null; currentPeriodName: string | null; status: string | null; createdAt: Date | null; }'.
server/services/ai.ts(497,60): error TS2339: Property 'codeString' does not exist on type '{ id: string; code: string; enabledFlag: boolean | null; ledgerId: string; accountType: string | null; startDateActive: Date | null; endDateActive: Date | null; segment1: string | null; ... 9 more ...; summaryFlag: boolean | null; }'.
server/services/ai.ts(548,61): error TS2339: Property 'getCustomerBalance' does not exist on type 'ArService'.
server/services/ai.ts(553,46): error TS2339: Property 'creditHold' does not exist on type '{ name: string; id: string; address: string | null; status: string | null; createdAt: Date | null; taxId: string | null; contactEmail: string | null; customerType: string | null; parentCustomerId: string | null; }'.
server/services/ai.ts(585,111): error TS2339: Property 'assetsProcessed' does not exist on type '{ success: boolean; status: string; message: string; }'.
server/services/ap.ts(299,25): error TS2769: No overload matches this call.
  Overload 1 of 3, '(left: PgColumn<{ name: "group_id"; tableName: "ap_wht_rates"; dataType: "number"; columnType: "PgInteger"; data: number; driverParam: string | number; notNull: true; hasDefault: false; isPrimaryKey: false; ... 5 more ...; generated: undefined; }, {}, {}>, right: number | SQLWrapper): SQL<...>', gave the following error.
    Argument of type 'string' is not assignable to parameter of type 'number | SQLWrapper'.
  Overload 2 of 3, '(left: Aliased<string>, right: string | SQLWrapper): SQL<unknown>', gave the following error.
    Argument of type 'PgColumn<{ name: "group_id"; tableName: "ap_wht_rates"; dataType: "number"; columnType: "PgInteger"; data: number; driverParam: string | number; notNull: true; hasDefault: false; isPrimaryKey: false; ... 5 more ...; generated: undefined; }, {}, {}>' is not assignable to parameter of type 'Aliased<string>'.
      Type 'PgColumn<{ name: "group_id"; tableName: "ap_wht_rates"; dataType: "number"; columnType: "PgInteger"; data: number; driverParam: string | number; notNull: true; hasDefault: false; isPrimaryKey: false; ... 5 more ...; generated: undefined; }, {}, {}>' is missing the following properties from type 'Aliased<string>': sql, fieldAlias
  Overload 3 of 3, '(left: never, right: unknown): SQL<unknown>', gave the following error.
    Argument of type 'PgColumn<{ name: "group_id"; tableName: "ap_wht_rates"; dataType: "number"; columnType: "PgInteger"; data: number; driverParam: string | number; notNull: true; hasDefault: false; isPrimaryKey: false; ... 5 more ...; generated: undefined; }, {}, {}>' is not assignable to parameter of type 'never'.
server/services/ar.ts(551,9): error TS2304: Cannot find name 'CreditScoreWorker'.
server/services/ar.ts(551,59): error TS7006: Parameter 'err' implicitly has an 'any' type.
server/services/cash-revaluation.service.ts(72,44): error TS18048: 'result.foreignBalance' is possibly 'undefined'.
server/services/cash-revaluation.service.ts(73,47): error TS18048: 'result.foreignBalance' is possibly 'undefined'.
server/services/cash-revaluation.service.ts(73,71): error TS18048: 'result.historicalRate' is possibly 'undefined'.
server/services/cash-revaluation.service.ts(97,29): error TS18048: 'result.currentRate' is possibly 'undefined'.
server/services/cash-revaluation.service.ts(98,27): error TS18048: 'usedRate' is possibly 'undefined'.
server/services/finance.ts(9,23): error TS2305: Module '"@shared/schema"' has no exported member 'glApprovalRules'.
server/services/finance.ts(9,40): error TS2305: Module '"@shared/schema"' has no exported member 'glApprovalHistory'.
server/services/finance.ts(692,19): error TS2339: Property 'enabledFlag' does not exist on type '{ id: string; name: string; description: string | null; ledgerId: string; poolAccountFilter: string; basisAccountFilter: string; targetAccountPattern: string; offsetAccount: string; enabled: boolean | null; createdAt: Date | null; }'.
server/services/finance.ts(1457,24): error TS2551: Property 'createReportRow' does not exist on type 'DatabaseStorage'. Did you mean 'createReport'?
server/services/finance.ts(1460,24): error TS2551: Property 'createReportColumn' does not exist on type 'DatabaseStorage'. Did you mean 'createReport'?
server/services/finance.ts(1472,36): error TS2551: Property 'getReportRows' does not exist on type 'DatabaseStorage'. Did you mean 'getReport'?
server/services/finance.ts(1473,36): error TS2339: Property 'getReportColumns' does not exist on type 'DatabaseStorage'.
server/services/finance.ts(1480,31): error TS7006: Parameter 'c' implicitly has an 'any' type.
server/services/finance.ts(2136,53): error TS2769: No overload matches this call.
  Overload 1 of 2, '(value: { name: string | SQL<unknown> | Placeholder<string, any>; id?: string | SQL<unknown> | Placeholder<string, any> | undefined; isActive?: boolean | SQL<unknown> | Placeholder<...> | null | undefined; ... 5 more ...; ledgerCategory?: string | ... 3 more ... | undefined; }): PgInsertBase<...>', gave the following error.
    Object literal may only specify known properties, and 'currency' does not exist in type '{ name: string | SQL<unknown> | Placeholder<string, any>; id?: string | SQL<unknown> | Placeholder<string, any> | undefined; isActive?: boolean | SQL<unknown> | Placeholder<...> | null | undefined; ... 5 more ...; ledgerCategory?: string | ... 3 more ... | undefined; }'.
  Overload 2 of 2, '(values: { name: string | SQL<unknown> | Placeholder<string, any>; id?: string | SQL<unknown> | Placeholder<string, any> | undefined; isActive?: boolean | SQL<unknown> | Placeholder<...> | null | undefined; ... 5 more ...; ledgerCategory?: string | ... 3 more ... | undefined; }[]): PgInsertBase<...>', gave the following error.
    Object literal may only specify known properties, and 'name' does not exist in type '{ name: string | SQL<unknown> | Placeholder<string, any>; id?: string | SQL<unknown> | Placeholder<string, any> | undefined; isActive?: boolean | SQL<unknown> | Placeholder<...> | null | undefined; ... 5 more ...; ledgerCategory?: string | ... 3 more ... | undefined; }[]'.
server/services/finance.ts(2435,23): error TS2339: Property 'totalDebit' does not exist on type '{ id: string; journalNumber: string; ledgerId: string; batchId: string | null; periodId: string | null; description: string | null; currencyCode: string; source: string | null; status: string | null; ... 5 more ...; createdAt: Date | null; }'.
server/services/fixedAssets.ts(161,53): error TS2339: Property 'dbRate' does not exist on type '{ id: string; assetId: string; assetNumber: string; categoryId: string; originalCost: string; recoverableCost: string; lifeYears: number; lifeMonths: number | null; method: string; }'.
server/services/fixedAssets.ts(168,50): error TS2339: Property 'dbRate' does not exist on type '{ id: string; assetId: string; assetNumber: string; categoryId: string; originalCost: string; recoverableCost: string; lifeYears: number; lifeMonths: number | null; method: string; }'.
server/services/fixedAssets.ts(170,54): error TS2339: Property 'totalUnits' does not exist on type '{ id: string; assetId: string; assetNumber: string; categoryId: string; originalCost: string; recoverableCost: string; lifeYears: number; lifeMonths: number | null; method: string; }'.
server/services/fixedAssets.ts(176,50): error TS2339: Property 'totalUnits' does not exist on type '{ id: string; assetId: string; assetNumber: string; categoryId: string; originalCost: string; recoverableCost: string; lifeYears: number; lifeMonths: number | null; method: string; }'.
server/services/fixedAssets.ts(266,30): error TS2339: Property 'periodName' does not exist on type '{ bookId: string; retirementDate: Date; proceeds: number; removalCost: number; }'.
server/services/fixedAssets.ts(285,30): error TS2339: Property 'periodName' does not exist on type '{ bookId: string; retirementDate: Date; proceeds: number; removalCost: number; }'.
server/services/SlaService.ts(173,13): error TS2353: Object literal may only specify known properties, and 'periodName' does not exist in type '{ currencyCode: string; journalNumber: string; id?: string | undefined; source?: string | undefined; status?: "Draft" | "Posted" | "Processing" | undefined; autoReverse?: boolean | null | undefined; ... 8 more ...; postedDate?: Date | ... 1 more ... | undefined; }'.
server/storage.ts(113,40): error TS2300: Duplicate identifier 'arRevenueSchedules'.
server/storage.ts(122,3): error TS2300: Duplicate identifier 'arRevenueSchedules'.
server/storage.ts(123,23): error TS2305: Module '"@shared/schema"' has no exported member 'arCollections'.
server/storage.ts(150,3): error TS2724: '"@shared/schema"' has no exported member named 'faTransactionHeaders'. Did you mean 'faTransactions'?
server/storage.ts(777,28): error TS2304: Cannot find name 'ArPeriodStatus'.
server/storage.ts(778,38): error TS2304: Cannot find name 'ArPeriodStatus'.
server/storage.ts(779,80): error TS2304: Cannot find name 'ArPeriodStatus'.
server/storage.ts(869,38): error TS2304: Cannot find name 'FaAddition'.
server/storage.ts(873,44): error TS2552: Cannot find name 'FaTransactionHeader'. Did you mean 'FaTransaction'?
server/storage.ts(874,44): error TS2552: Cannot find name 'FaDepreciationSummary'. Did you mean 'FaDepreciationHistory'?
server/storage.ts(1455,9): error TS2393: Duplicate function implementation.
server/storage.ts(1549,9): error TS2393: Duplicate function implementation.
server/storage.ts(2693,122): error TS2339: Property 'priority' does not exist on type 'PgTableWithColumns<{ name: "gl_auto_post_rules"; schema: undefined; columns: { id: PgColumn<{ name: "id"; tableName: "gl_auto_post_rules"; dataType: "string"; columnType: "PgVarchar"; data: string; driverParam: string; ... 8 more ...; generated: undefined; }, {}, { ...; }>; ... 7 more ...; createdAt: PgColumn<...>; ...'.
server/storage.ts(2707,58): error TS2769: No overload matches this call.
  Overload 1 of 3, '(left: PgColumn<{ name: "id"; tableName: "tax_codes"; dataType: "number"; columnType: "PgSerial"; data: number; driverParam: number; notNull: true; hasDefault: true; isPrimaryKey: true; isAutoincrement: false; ... 4 more ...; generated: undefined; }, {}, {}>, right: number | SQLWrapper): SQL<...>', gave the following error.
    Argument of type 'string' is not assignable to parameter of type 'number | SQLWrapper'.
  Overload 2 of 3, '(left: Aliased<string>, right: string | SQLWrapper): SQL<unknown>', gave the following error.
    Argument of type 'PgColumn<{ name: "id"; tableName: "tax_codes"; dataType: "number"; columnType: "PgSerial"; data: number; driverParam: number; notNull: true; hasDefault: true; isPrimaryKey: true; isAutoincrement: false; ... 4 more ...; generated: undefined; }, {}, {}>' is not assignable to parameter of type 'Aliased<string>'.
      Type 'PgColumn<{ name: "id"; tableName: "tax_codes"; dataType: "number"; columnType: "PgSerial"; data: number; driverParam: number; notNull: true; hasDefault: true; isPrimaryKey: true; isAutoincrement: false; ... 4 more ...; generated: undefined; }, {}, {}>' is missing the following properties from type 'Aliased<string>': sql, fieldAlias
  Overload 3 of 3, '(left: never, right: unknown): SQL<unknown>', gave the following error.
    Argument of type 'PgColumn<{ name: "id"; tableName: "tax_codes"; dataType: "number"; columnType: "PgSerial"; data: number; driverParam: number; notNull: true; hasDefault: true; isPrimaryKey: true; isAutoincrement: false; ... 4 more ...; generated: undefined; }, {}, {}>' is not assignable to parameter of type 'never'.
server/storage.ts(2721,66): error TS2769: No overload matches this call.
  Overload 1 of 3, '(left: PgColumn<{ name: "id"; tableName: "tax_jurisdictions"; dataType: "number"; columnType: "PgSerial"; data: number; driverParam: number; notNull: true; hasDefault: true; isPrimaryKey: true; isAutoincrement: false; ... 4 more ...; generated: undefined; }, {}, {}>, right: number | SQLWrapper): SQL<...>', gave the following error.
    Argument of type 'string' is not assignable to parameter of type 'number | SQLWrapper'.
  Overload 2 of 3, '(left: Aliased<string>, right: string | SQLWrapper): SQL<unknown>', gave the following error.
    Argument of type 'PgColumn<{ name: "id"; tableName: "tax_jurisdictions"; dataType: "number"; columnType: "PgSerial"; data: number; driverParam: number; notNull: true; hasDefault: true; isPrimaryKey: true; isAutoincrement: false; ... 4 more ...; generated: undefined; }, {}, {}>' is not assignable to parameter of type 'Aliased<string>'.
      Type 'PgColumn<{ name: "id"; tableName: "tax_jurisdictions"; dataType: "number"; columnType: "PgSerial"; data: number; driverParam: number; notNull: true; hasDefault: true; isPrimaryKey: true; isAutoincrement: false; ... 4 more ...; generated: undefined; }, {}, {}>' is missing the following properties from type 'Aliased<string>': sql, fieldAlias
  Overload 3 of 3, '(left: never, right: unknown): SQL<unknown>', gave the following error.
    Argument of type 'PgColumn<{ name: "id"; tableName: "tax_jurisdictions"; dataType: "number"; columnType: "PgSerial"; data: number; driverParam: number; notNull: true; hasDefault: true; isPrimaryKey: true; isAutoincrement: false; ... 4 more ...; generated: undefined; }, {}, {}>' is not assignable to parameter of type 'never'.
server/storage.ts(2735,63): error TS2769: No overload matches this call.
  Overload 1 of 3, '(left: PgColumn<{ name: "id"; tableName: "tax_exemptions"; dataType: "number"; columnType: "PgSerial"; data: number; driverParam: number; notNull: true; hasDefault: true; isPrimaryKey: true; isAutoincrement: false; ... 4 more ...; generated: undefined; }, {}, {}>, right: number | SQLWrapper): SQL<...>', gave the following error.
    Argument of type 'string' is not assignable to parameter of type 'number | SQLWrapper'.
  Overload 2 of 3, '(left: Aliased<string>, right: string | SQLWrapper): SQL<unknown>', gave the following error.
    Argument of type 'PgColumn<{ name: "id"; tableName: "tax_exemptions"; dataType: "number"; columnType: "PgSerial"; data: number; driverParam: number; notNull: true; hasDefault: true; isPrimaryKey: true; isAutoincrement: false; ... 4 more ...; generated: undefined; }, {}, {}>' is not assignable to parameter of type 'Aliased<string>'.
      Type 'PgColumn<{ name: "id"; tableName: "tax_exemptions"; dataType: "number"; columnType: "PgSerial"; data: number; driverParam: number; notNull: true; hasDefault: true; isPrimaryKey: true; isAutoincrement: false; ... 4 more ...; generated: undefined; }, {}, {}>' is missing the following properties from type 'Aliased<string>': sql, fieldAlias
  Overload 3 of 3, '(left: never, right: unknown): SQL<unknown>', gave the following error.
    Argument of type 'PgColumn<{ name: "id"; tableName: "tax_exemptions"; dataType: "number"; columnType: "PgSerial"; data: number; driverParam: number; notNull: true; hasDefault: true; isPrimaryKey: true; isAutoincrement: false; ... 4 more ...; generated: undefined; }, {}, {}>' is not assignable to parameter of type 'never'.
server/storage.ts(2751,34): error TS2304: Cannot find name 'ArPeriodStatus'.
server/storage.ts(2752,35): error TS2304: Cannot find name 'arPeriodStatuses'.
server/storage.ts(2752,66): error TS2304: Cannot find name 'arPeriodStatuses'.
server/storage.ts(2755,44): error TS2304: Cannot find name 'ArPeriodStatus'.
server/storage.ts(2756,45): error TS2304: Cannot find name 'arPeriodStatuses'.
server/storage.ts(2756,72): error TS2304: Cannot find name 'arPeriodStatuses'.
server/storage.ts(2760,86): error TS2304: Cannot find name 'ArPeriodStatus'.
server/storage.ts(2761,47): error TS2304: Cannot find name 'arPeriodStatuses'.
server/storage.ts(2761,74): error TS2304: Cannot find name 'arPeriodStatuses'.
server/storage.ts(2764,41): error TS2304: Cannot find name 'arPeriodStatuses'.
server/storage.ts(2766,19): error TS2304: Cannot find name 'arPeriodStatuses'.
server/storage.ts(2770,41): error TS2304: Cannot find name 'arPeriodStatuses'.
