backend/src/modules/erp/ar-tax.controller.ts(17,35): error TS1272: A type referenced in a decorated signature must be imported with 'import type' or a namespace import when 'isolatedModules' and 'emitDecoratorMetadata' are enabled.
backend/src/modules/erp/intercompany-tax.controller.ts(9,53): error TS1272: A type referenced in a decorated signature must be imported with 'import type' or a namespace import when 'isolatedModules' and 'emitDecoratorMetadata' are enabled.
backend/src/modules/erp/inventory-tax.controller.ts(17,39): error TS1272: A type referenced in a decorated signature must be imported with 'import type' or a namespace import when 'isolatedModules' and 'emitDecoratorMetadata' are enabled.
backend/src/modules/industries/configuration.controller.ts(9,24): error TS1272: A type referenced in a decorated signature must be imported with 'import type' or a namespace import when 'isolatedModules' and 'emitDecoratorMetadata' are enabled.
backend/src/modules/industries/configuration.controller.ts(9,48): error TS1272: A type referenced in a decorated signature must be imported with 'import type' or a namespace import when 'isolatedModules' and 'emitDecoratorMetadata' are enabled.
backend/src/modules/procurement/ap.service.ts(45,66): error TS2769: No overload matches this call.
  Overload 1 of 2, '(value: { supplierId: string | SQL<unknown> | Placeholder<string, any>; invoiceNumber: string | SQL<unknown> | Placeholder<string, any>; invoiceDate: Date | SQL<...> | Placeholder<...>; ... 25 more ...; prepayAmountRemaining?: string | ... 3 more ... | undefined; }): PgInsertBase<...>', gave the following error.
    Object literal may only specify known properties, and 'siteId' does not exist in type '{ supplierId: string | SQL<unknown> | Placeholder<string, any>; invoiceNumber: string | SQL<unknown> | Placeholder<string, any>; invoiceDate: Date | SQL<...> | Placeholder<...>; ... 25 more ...; prepayAmountRemaining?: string | ... 3 more ... | undefined; }'.
  Overload 2 of 2, '(values: { supplierId: string | SQL<unknown> | Placeholder<string, any>; invoiceNumber: string | SQL<unknown> | Placeholder<string, any>; invoiceDate: Date | SQL<...> | Placeholder<...>; ... 25 more ...; prepayAmountRemaining?: string | ... 3 more ... | undefined; }[]): PgInsertBase<...>', gave the following error.
    Object literal may only specify known properties, and 'invoiceNumber' does not exist in type '{ supplierId: string | SQL<unknown> | Placeholder<string, any>; invoiceNumber: string | SQL<unknown> | Placeholder<string, any>; invoiceDate: Date | SQL<...> | Placeholder<...>; ... 25 more ...; prepayAmountRemaining?: string | ... 3 more ... | undefined; }[]'.
backend/src/modules/procurement/ap.service.ts(112,25): error TS2339: Property 'status' does not exist on type '{ id: string; description: string | null; createdAt: Date | null; updatedAt: Date | null; supplierId: string; invoiceId: string | null; supplierSiteId: string | null; ... 22 more ...; lines: never; }'.
backend/src/modules/procurement/ap.service.ts(112,120): error TS2339: Property 'status' does not exist on type '{ id: string; description: string | null; createdAt: Date | null; updatedAt: Date | null; supplierId: string; invoiceId: string | null; supplierSiteId: string | null; ... 22 more ...; lines: never; }'.
backend/src/modules/procurement/ap.service.ts(115,46): error TS2339: Property 'some' does not exist on type 'never'.
backend/src/modules/procurement/ap.service.ts(116,48): error TS2339: Property 'amount' does not exist on type '{ id: string; description: string | null; createdAt: Date | null; updatedAt: Date | null; supplierId: string; invoiceId: string | null; supplierSiteId: string | null; ... 22 more ...; lines: never; }'.
backend/src/modules/procurement/ap.service.ts(125,47): error TS2339: Property 'length' does not exist on type 'never'.
backend/src/modules/procurement/ap.service.ts(134,28): error TS2353: Object literal may only specify known properties, and 'amount' does not exist in type '{ supplierId?: string | SQL<unknown> | PgColumn<ColumnBaseConfig<ColumnDataType, string>, {}, {}> | undefined; invoiceNumber?: string | SQL<...> | PgColumn<...> | undefined; ... 26 more ...; prepayAmountRemaining?: string | ... 3 more ... | undefined; }'.
backend/src/modules/procurement/ap.service.ts(143,24): error TS2353: Object literal may only specify known properties, and 'status' does not exist in type '{ supplierId?: string | SQL<unknown> | PgColumn<ColumnBaseConfig<ColumnDataType, string>, {}, {}> | undefined; invoiceNumber?: string | SQL<...> | PgColumn<...> | undefined; ... 26 more ...; prepayAmountRemaining?: string | ... 3 more ... | undefined; }'.
backend/src/modules/procurement/ap.service.ts(153,77): error TS2339: Property 'amount' does not exist on type '{ id: string; invoiceId: string | null; supplierId: string; supplierSiteId: string | null; invoiceNumber: string; invoiceDate: Date; description: string | null; invoiceType: string | null; ... 20 more ...; updatedAt: Date | null; }'.
backend/src/modules/procurement/ap.service.ts(154,83): error TS2339: Property 'amount' does not exist on type '{ id: string; invoiceId: string | null; supplierId: string; supplierSiteId: string | null; invoiceNumber: string; invoiceDate: Date; description: string | null; invoiceType: string | null; ... 20 more ...; updatedAt: Date | null; }'.
backend/src/modules/procurement/ap.service.ts(170,25): error TS2339: Property 'status' does not exist on type '{ id: string; description: string | null; createdAt: Date | null; updatedAt: Date | null; supplierId: string; invoiceId: string | null; supplierSiteId: string | null; ... 22 more ...; payments: never; }'.
backend/src/modules/procurement/ap.service.ts(170,59): error TS2339: Property 'status' does not exist on type '{ id: string; description: string | null; createdAt: Date | null; updatedAt: Date | null; supplierId: string; invoiceId: string | null; supplierSiteId: string | null; ... 22 more ...; payments: never; }'.
backend/src/modules/procurement/ap.service.ts(171,87): error TS2339: Property 'status' does not exist on type '{ id: string; description: string | null; createdAt: Date | null; updatedAt: Date | null; supplierId: string; invoiceId: string | null; supplierSiteId: string | null; ... 22 more ...; payments: never; }'.
backend/src/modules/procurement/ap.service.ts(174,66): error TS2769: No overload matches this call.
  Overload 1 of 2, '(value: { supplierId: string | SQL<unknown> | Placeholder<string, any>; amount: string | SQL<unknown> | Placeholder<string, any>; paymentMethodCode: string | SQL<...> | Placeholder<...>; ... 7 more ...; batchId?: string | ... 3 more ... | undefined; }): PgInsertBase<...>', gave the following error.
    Object literal may only specify known properties, and 'invoiceId' does not exist in type '{ supplierId: string | SQL<unknown> | Placeholder<string, any>; amount: string | SQL<unknown> | Placeholder<string, any>; paymentMethodCode: string | SQL<...> | Placeholder<...>; ... 7 more ...; batchId?: string | ... 3 more ... | undefined; }'.
  Overload 2 of 2, '(values: { supplierId: string | SQL<unknown> | Placeholder<string, any>; amount: string | SQL<unknown> | Placeholder<string, any>; paymentMethodCode: string | SQL<...> | Placeholder<...>; ... 7 more ...; batchId?: string | ... 3 more ... | undefined; }[]): PgInsertBase<...>', gave the following error.
    Object literal may only specify known properties, and 'paymentNumber' does not exist in type '{ supplierId: string | SQL<unknown> | Placeholder<string, any>; amount: string | SQL<unknown> | Placeholder<string, any>; paymentMethodCode: string | SQL<...> | Placeholder<...>; ... 7 more ...; batchId?: string | ... 3 more ... | undefined; }[]'.
backend/src/modules/procurement/ap.service.ts(182,48): error TS2339: Property 'reduce' does not exist on type 'never'.
backend/src/modules/procurement/ap.service.ts(185,64): error TS2339: Property 'amount' does not exist on type '{ id: string; description: string | null; createdAt: Date | null; updatedAt: Date | null; supplierId: string; invoiceId: string | null; supplierSiteId: string | null; ... 22 more ...; payments: never; }'.
backend/src/modules/procurement/ap.service.ts(190,24): error TS2353: Object literal may only specify known properties, and 'status' does not exist in type '{ supplierId?: string | SQL<unknown> | PgColumn<ColumnBaseConfig<ColumnDataType, string>, {}, {}> | undefined; invoiceNumber?: string | SQL<...> | PgColumn<...> | undefined; ... 26 more ...; prepayAmountRemaining?: string | ... 3 more ... | undefined; }'.
scripts/benchmark_performance.ts(3,31): error TS2307: Cannot find module '@nestjs/typeorm' or its corresponding type declarations.
scripts/benchmark_performance.ts(5,28): error TS2307: Cannot find module 'typeorm' or its corresponding type declarations.
scripts/check_counts.ts(15,71): error TS18046: 'e' is of type 'unknown'.
scripts/fix_db_schema.ts(12,89): error TS18046: 'e' is of type 'unknown'.
scripts/migrate_core_hr.ts(3,57): error TS2459: Module '"@shared/schema/hr_worker"' declares 'hrOrganizations' locally, but it is not exported.
scripts/migrate_core_hr.ts(3,74): error TS2459: Module '"@shared/schema/hr_worker"' declares 'hrJobs' locally, but it is not exported.
scripts/migrate_tca_data.ts(22,13): error TS2345: Argument of type '{ partyName: string; partyNumber: string; email: string | null; }' is not assignable to parameter of type '{ partyNumber: string; partyName: string; partyType: string; id?: string | undefined; status?: string | null | undefined; url?: string | null | undefined; email?: string | null | undefined; ... 5 more ...; dunsNumber?: string | ... 1 more ... | undefined; }'.
  Property 'partyType' is missing in type '{ partyName: string; partyNumber: string; email: string | null; }' but required in type '{ partyNumber: string; partyName: string; partyType: string; id?: string | undefined; status?: string | null | undefined; url?: string | null | undefined; email?: string | null | undefined; ... 5 more ...; dunsNumber?: string | ... 1 more ... | undefined; }'.
scripts/migrate_tca_data.ts(48,13): error TS2345: Argument of type '{ partyName: string; partyNumber: string; }' is not assignable to parameter of type '{ partyNumber: string; partyName: string; partyType: string; id?: string | undefined; status?: string | null | undefined; url?: string | null | undefined; email?: string | null | undefined; ... 5 more ...; dunsNumber?: string | ... 1 more ... | undefined; }'.
  Property 'partyType' is missing in type '{ partyName: string; partyNumber: string; }' but required in type '{ partyNumber: string; partyName: string; partyType: string; id?: string | undefined; status?: string | null | undefined; url?: string | null | undefined; email?: string | null | undefined; ... 5 more ...; dunsNumber?: string | ... 1 more ... | undefined; }'.
scripts/migrate_tca_data.ts(74,13): error TS2345: Argument of type '{ partyName: string; partyNumber: string; email: string | null; }' is not assignable to parameter of type '{ partyNumber: string; partyName: string; partyType: string; id?: string | undefined; status?: string | null | undefined; url?: string | null | undefined; email?: string | null | undefined; ... 5 more ...; dunsNumber?: string | ... 1 more ... | undefined; }'.
  Property 'partyType' is missing in type '{ partyName: string; partyNumber: string; email: string | null; }' but required in type '{ partyNumber: string; partyName: string; partyType: string; id?: string | undefined; status?: string | null | undefined; url?: string | null | undefined; email?: string | null | undefined; ... 5 more ...; dunsNumber?: string | ... 1 more ... | undefined; }'.
scripts/reset_periods.ts(23,36): error TS2769: No overload matches this call.
  Overload 1 of 2, '(value: { periodName: string | SQL<unknown> | Placeholder<string, any>; startDate: Date | SQL<unknown> | Placeholder<string, any>; endDate: Date | SQL<...> | Placeholder<...>; fiscalYear: number | ... 1 more ... | Placeholder<...>; id?: string | ... 2 more ... | undefined; status?: string | ... 3 more ... | undefined; ledgerId?: string | ... 2 more ... | undefined; }): PgInsertBase<...>', gave the following error.
    Object literal may only specify known properties, and 'quarter' does not exist in type '{ periodName: string | SQL<unknown> | Placeholder<string, any>; startDate: Date | SQL<unknown> | Placeholder<string, any>; endDate: Date | SQL<...> | Placeholder<...>; fiscalYear: number | ... 1 more ... | Placeholder<...>; id?: string | ... 2 more ... | undefined; status?: string | ... 3 more ... | undefined; ledge...'.
  Overload 2 of 2, '(values: { periodName: string | SQL<unknown> | Placeholder<string, any>; startDate: Date | SQL<unknown> | Placeholder<string, any>; endDate: Date | SQL<...> | Placeholder<...>; fiscalYear: number | ... 1 more ... | Placeholder<...>; id?: string | ... 2 more ... | undefined; status?: string | ... 3 more ... | undefined; ledgerId?: string | ... 2 more ... | undefined; }[]): PgInsertBase<...>', gave the following error.
    Object literal may only specify known properties, and 'periodName' does not exist in type '{ periodName: string | SQL<unknown> | Placeholder<string, any>; startDate: Date | SQL<unknown> | Placeholder<string, any>; endDate: Date | SQL<...> | Placeholder<...>; fiscalYear: number | ... 1 more ... | Placeholder<...>; id?: string | ... 2 more ... | undefined; status?: string | ... 3 more ... | undefined; ledge...'.
scripts/seed_ar_revenue_sla.ts(10,38): error TS2769: No overload matches this call.
  Overload 1 of 2, '(value: { id: string | SQL<unknown> | Placeholder<string, any>; name: string | SQL<unknown> | Placeholder<string, any>; applicationId: string | SQL<unknown> | Placeholder<...>; description?: string | ... 3 more ... | undefined; enabledFlag?: boolean | ... 3 more ... | undefined; }): PgInsertBase<...>', gave the following error.
    Object literal may only specify known properties, and 'module' does not exist in type '{ id: string | SQL<unknown> | Placeholder<string, any>; name: string | SQL<unknown> | Placeholder<string, any>; applicationId: string | SQL<unknown> | Placeholder<...>; description?: string | ... 3 more ... | undefined; enabledFlag?: boolean | ... 3 more ... | undefined; }'.
  Overload 2 of 2, '(values: { id: string | SQL<unknown> | Placeholder<string, any>; name: string | SQL<unknown> | Placeholder<string, any>; applicationId: string | SQL<unknown> | Placeholder<...>; description?: string | ... 3 more ... | undefined; enabledFlag?: boolean | ... 3 more ... | undefined; }[]): PgInsertBase<...>', gave the following error.
    Object literal may only specify known properties, and 'id' does not exist in type '{ id: string | SQL<unknown> | Placeholder<string, any>; name: string | SQL<unknown> | Placeholder<string, any>; applicationId: string | SQL<unknown> | Placeholder<...>; description?: string | ... 3 more ... | undefined; enabledFlag?: boolean | ... 3 more ... | undefined; }[]'.
scripts/seed_ar_revenue_sla.ts(17,38): error TS2769: No overload matches this call.
  Overload 1 of 2, '(value: { id: string | SQL<unknown> | Placeholder<string, any>; name: string | SQL<unknown> | Placeholder<string, any>; applicationId: string | SQL<unknown> | Placeholder<...>; description?: string | ... 3 more ... | undefined; enabledFlag?: boolean | ... 3 more ... | undefined; }): PgInsertBase<...>', gave the following error.
    Object literal may only specify known properties, and 'module' does not exist in type '{ id: string | SQL<unknown> | Placeholder<string, any>; name: string | SQL<unknown> | Placeholder<string, any>; applicationId: string | SQL<unknown> | Placeholder<...>; description?: string | ... 3 more ... | undefined; enabledFlag?: boolean | ... 3 more ... | undefined; }'.
  Overload 2 of 2, '(values: { id: string | SQL<unknown> | Placeholder<string, any>; name: string | SQL<unknown> | Placeholder<string, any>; applicationId: string | SQL<unknown> | Placeholder<...>; description?: string | ... 3 more ... | undefined; enabledFlag?: boolean | ... 3 more ... | undefined; }[]): PgInsertBase<...>', gave the following error.
    Object literal may only specify known properties, and 'id' does not exist in type '{ id: string | SQL<unknown> | Placeholder<string, any>; name: string | SQL<unknown> | Placeholder<string, any>; applicationId: string | SQL<unknown> | Placeholder<...>; description?: string | ... 3 more ... | undefined; enabledFlag?: boolean | ... 3 more ... | undefined; }[]'.
scripts/seed_epm_foundation.ts(4,31): error TS2307: Cannot find module '@nestjs/typeorm' or its corresponding type declarations.
scripts/seed_financial_reports.ts(20,63): error TS2769: No overload matches this call.
  Overload 1 of 2, '(value: { name: string | SQL<unknown> | Placeholder<string, any>; rowSetId: string | SQL<unknown> | Placeholder<string, any>; columnSetId: string | SQL<unknown> | Placeholder<...>; ... 4 more ...; ledgerId?: string | ... 3 more ... | undefined; }): PgInsertBase<...>', gave the following error.
    Argument of type '{ name: string; description: string; enabled: true; }' is not assignable to parameter of type '{ name: string | SQL<unknown> | Placeholder<string, any>; rowSetId: string | SQL<unknown> | Placeholder<string, any>; columnSetId: string | SQL<unknown> | Placeholder<...>; ... 4 more ...; ledgerId?: string | ... 3 more ... | undefined; }'.
      Type '{ name: string; description: string; enabled: true; }' is missing the following properties from type '{ name: string | SQL<unknown> | Placeholder<string, any>; rowSetId: string | SQL<unknown> | Placeholder<string, any>; columnSetId: string | SQL<unknown> | Placeholder<...>; ... 4 more ...; ledgerId?: string | ... 3 more ... | undefined; }': rowSetId, columnSetId
  Overload 2 of 2, '(values: { name: string | SQL<unknown> | Placeholder<string, any>; rowSetId: string | SQL<unknown> | Placeholder<string, any>; columnSetId: string | SQL<unknown> | Placeholder<...>; ... 4 more ...; ledgerId?: string | ... 3 more ... | undefined; }[]): PgInsertBase<...>', gave the following error.
    Object literal may only specify known properties, and 'name' does not exist in type '{ name: string | SQL<unknown> | Placeholder<string, any>; rowSetId: string | SQL<unknown> | Placeholder<string, any>; columnSetId: string | SQL<unknown> | Placeholder<...>; ... 4 more ...; ledgerId?: string | ... 3 more ... | undefined; }[]'.
scripts/seed_financial_reports.ts(34,11): error TS2353: Object literal may only specify known properties, and 'reportId' does not exist in type '{ description: string; rowSetId: string; rowNumber: number; id?: string | undefined; createdAt?: Date | null | undefined; rowType?: string | undefined; accountFilterMin?: string | null | undefined; ... 4 more ...; inverseSign?: boolean | ... 1 more ... | undefined; }'.
scripts/seed_financial_reports.ts(35,11): error TS2353: Object literal may only specify known properties, and 'reportId' does not exist in type '{ description: string; rowSetId: string; rowNumber: number; id?: string | undefined; createdAt?: Date | null | undefined; rowType?: string | undefined; accountFilterMin?: string | null | undefined; ... 4 more ...; inverseSign?: boolean | ... 1 more ... | undefined; }'.
scripts/seed_financial_reports.ts(36,11): error TS2353: Object literal may only specify known properties, and 'reportId' does not exist in type '{ description: string; rowSetId: string; rowNumber: number; id?: string | undefined; createdAt?: Date | null | undefined; rowType?: string | undefined; accountFilterMin?: string | null | undefined; ... 4 more ...; inverseSign?: boolean | ... 1 more ... | undefined; }'.
scripts/seed_financial_reports.ts(37,11): error TS2353: Object literal may only specify known properties, and 'reportId' does not exist in type '{ description: string; rowSetId: string; rowNumber: number; id?: string | undefined; createdAt?: Date | null | undefined; rowType?: string | undefined; accountFilterMin?: string | null | undefined; ... 4 more ...; inverseSign?: boolean | ... 1 more ... | undefined; }'.
scripts/seed_financial_reports.ts(39,11): error TS2353: Object literal may only specify known properties, and 'reportId' does not exist in type '{ description: string; rowSetId: string; rowNumber: number; id?: string | undefined; createdAt?: Date | null | undefined; rowType?: string | undefined; accountFilterMin?: string | null | undefined; ... 4 more ...; inverseSign?: boolean | ... 1 more ... | undefined; }'.
scripts/seed_financial_reports.ts(40,11): error TS2353: Object literal may only specify known properties, and 'reportId' does not exist in type '{ description: string; rowSetId: string; rowNumber: number; id?: string | undefined; createdAt?: Date | null | undefined; rowType?: string | undefined; accountFilterMin?: string | null | undefined; ... 4 more ...; inverseSign?: boolean | ... 1 more ... | undefined; }'.
scripts/seed_financial_reports.ts(42,11): error TS2353: Object literal may only specify known properties, and 'reportId' does not exist in type '{ description: string; rowSetId: string; rowNumber: number; id?: string | undefined; createdAt?: Date | null | undefined; rowType?: string | undefined; accountFilterMin?: string | null | undefined; ... 4 more ...; inverseSign?: boolean | ... 1 more ... | undefined; }'.
scripts/seed_financial_reports.ts(47,11): error TS2353: Object literal may only specify known properties, and 'reportId' does not exist in type '{ columnSetId: string; columnNumber: number; columnHeader: string; id?: string | undefined; createdAt?: Date | null | undefined; amountType?: string | null | undefined; currencyType?: string | ... 1 more ... | undefined; periodOffset?: number | ... 1 more ... | undefined; }'.
scripts/seed_financial_reports.ts(48,11): error TS2353: Object literal may only specify known properties, and 'reportId' does not exist in type '{ columnSetId: string; columnNumber: number; columnHeader: string; id?: string | undefined; createdAt?: Date | null | undefined; amountType?: string | null | undefined; currencyType?: string | ... 1 more ... | undefined; periodOffset?: number | ... 1 more ... | undefined; }'.
scripts/seed_financial_reports.ts(60,63): error TS2769: No overload matches this call.
  Overload 1 of 2, '(value: { name: string | SQL<unknown> | Placeholder<string, any>; rowSetId: string | SQL<unknown> | Placeholder<string, any>; columnSetId: string | SQL<unknown> | Placeholder<...>; ... 4 more ...; ledgerId?: string | ... 3 more ... | undefined; }): PgInsertBase<...>', gave the following error.
    Argument of type '{ name: string; description: string; enabled: true; }' is not assignable to parameter of type '{ name: string | SQL<unknown> | Placeholder<string, any>; rowSetId: string | SQL<unknown> | Placeholder<string, any>; columnSetId: string | SQL<unknown> | Placeholder<...>; ... 4 more ...; ledgerId?: string | ... 3 more ... | undefined; }'.
      Type '{ name: string; description: string; enabled: true; }' is missing the following properties from type '{ name: string | SQL<unknown> | Placeholder<string, any>; rowSetId: string | SQL<unknown> | Placeholder<string, any>; columnSetId: string | SQL<unknown> | Placeholder<...>; ... 4 more ...; ledgerId?: string | ... 3 more ... | undefined; }': rowSetId, columnSetId
  Overload 2 of 2, '(values: { name: string | SQL<unknown> | Placeholder<string, any>; rowSetId: string | SQL<unknown> | Placeholder<string, any>; columnSetId: string | SQL<unknown> | Placeholder<...>; ... 4 more ...; ledgerId?: string | ... 3 more ... | undefined; }[]): PgInsertBase<...>', gave the following error.
    Object literal may only specify known properties, and 'name' does not exist in type '{ name: string | SQL<unknown> | Placeholder<string, any>; rowSetId: string | SQL<unknown> | Placeholder<string, any>; columnSetId: string | SQL<unknown> | Placeholder<...>; ... 4 more ...; ledgerId?: string | ... 3 more ... | undefined; }[]'.
scripts/seed_financial_reports.ts(73,11): error TS2353: Object literal may only specify known properties, and 'reportId' does not exist in type '{ description: string; rowSetId: string; rowNumber: number; id?: string | undefined; createdAt?: Date | null | undefined; rowType?: string | undefined; accountFilterMin?: string | null | undefined; ... 4 more ...; inverseSign?: boolean | ... 1 more ... | undefined; }'.
scripts/seed_financial_reports.ts(74,11): error TS2353: Object literal may only specify known properties, and 'reportId' does not exist in type '{ description: string; rowSetId: string; rowNumber: number; id?: string | undefined; createdAt?: Date | null | undefined; rowType?: string | undefined; accountFilterMin?: string | null | undefined; ... 4 more ...; inverseSign?: boolean | ... 1 more ... | undefined; }'.
scripts/seed_financial_reports.ts(76,11): error TS2353: Object literal may only specify known properties, and 'reportId' does not exist in type '{ description: string; rowSetId: string; rowNumber: number; id?: string | undefined; createdAt?: Date | null | undefined; rowType?: string | undefined; accountFilterMin?: string | null | undefined; ... 4 more ...; inverseSign?: boolean | ... 1 more ... | undefined; }'.
scripts/seed_financial_reports.ts(77,11): error TS2353: Object literal may only specify known properties, and 'reportId' does not exist in type '{ description: string; rowSetId: string; rowNumber: number; id?: string | undefined; createdAt?: Date | null | undefined; rowType?: string | undefined; accountFilterMin?: string | null | undefined; ... 4 more ...; inverseSign?: boolean | ... 1 more ... | undefined; }'.
scripts/seed_financial_reports.ts(78,11): error TS2353: Object literal may only specify known properties, and 'reportId' does not exist in type '{ description: string; rowSetId: string; rowNumber: number; id?: string | undefined; createdAt?: Date | null | undefined; rowType?: string | undefined; accountFilterMin?: string | null | undefined; ... 4 more ...; inverseSign?: boolean | ... 1 more ... | undefined; }'.
scripts/seed_financial_reports.ts(82,11): error TS2353: Object literal may only specify known properties, and 'reportId' does not exist in type '{ columnSetId: string; columnNumber: number; columnHeader: string; id?: string | undefined; createdAt?: Date | null | undefined; amountType?: string | null | undefined; currencyType?: string | ... 1 more ... | undefined; periodOffset?: number | ... 1 more ... | undefined; }'.
scripts/seed_gl_config.ts(24,17): error TS2353: Object literal may only specify known properties, and 'chartOfAccountsId' does not exist in type '{ name: string; id?: string | undefined; description?: string | null | undefined; isActive?: boolean | null | undefined; createdAt?: Date | null | undefined; currencyCode?: string | undefined; calendarId?: string | ... 1 more ... | undefined; coaId?: string | ... 1 more ... | undefined; ledgerCategory?: string | ......'.
scripts/seed_gl_config.ts(40,17): error TS2353: Object literal may only specify known properties, and 'ledgerId' does not exist in type '{ coaStructureId: string; segmentName: string; segmentNumber: number; columnName: string; valueSetId: string; prompt: string; id?: string | undefined; isActive?: boolean | null | undefined; createdAt?: Date | ... 1 more ... | undefined; displayWidth?: number | ... 1 more ... | undefined; }'.
scripts/seed_gl_config.ts(49,17): error TS2353: Object literal may only specify known properties, and 'ledgerId' does not exist in type '{ coaStructureId: string; segmentName: string; segmentNumber: number; columnName: string; valueSetId: string; prompt: string; id?: string | undefined; isActive?: boolean | null | undefined; createdAt?: Date | ... 1 more ... | undefined; displayWidth?: number | ... 1 more ... | undefined; }'.
scripts/seed_gl_config.ts(58,17): error TS2353: Object literal may only specify known properties, and 'ledgerId' does not exist in type '{ coaStructureId: string; segmentName: string; segmentNumber: number; columnName: string; valueSetId: string; prompt: string; id?: string | undefined; isActive?: boolean | null | undefined; createdAt?: Date | ... 1 more ... | undefined; displayWidth?: number | ... 1 more ... | undefined; }'.
scripts/seed_gl_config.ts(67,17): error TS2353: Object literal may only specify known properties, and 'ledgerId' does not exist in type '{ coaStructureId: string; segmentName: string; segmentNumber: number; columnName: string; valueSetId: string; prompt: string; id?: string | undefined; isActive?: boolean | null | undefined; createdAt?: Date | ... 1 more ... | undefined; displayWidth?: number | ... 1 more ... | undefined; }'.
scripts/seed_gl_config.ts(84,84): error TS2339: Property 'ledgerId' does not exist on type 'PgTableWithColumns<{ name: "gl_segments_v2"; schema: undefined; columns: { id: PgColumn<{ name: "id"; tableName: "gl_segments_v2"; dataType: "string"; columnType: "PgVarchar"; data: string; driverParam: string; notNull: true; ... 7 more ...; generated: undefined; }, {}, { ...; }>; ... 8 more ...; createdAt: PgColumn...'.
scripts/seed_gl_config.ts(132,99): error TS2339: Property 'segmentId' does not exist on type 'PgTableWithColumns<{ name: "gl_segment_values_v2"; schema: undefined; columns: { id: PgColumn<{ name: "id"; tableName: "gl_segment_values_v2"; dataType: "string"; columnType: "PgVarchar"; data: string; driverParam: string; ... 8 more ...; generated: undefined; }, {}, { ...; }>; ... 9 more ...; createdAt: PgColumn<.....'.
scripts/seed_gl_config.ts(137,25): error TS2769: No overload matches this call.
  Overload 1 of 2, '(value: { value: string | SQL<unknown> | Placeholder<string, any>; valueSetId: string | SQL<unknown> | Placeholder<string, any>; id?: string | SQL<unknown> | Placeholder<...> | undefined; ... 7 more ...; endDateActive?: Date | ... 3 more ... | undefined; }): PgInsertBase<...>', gave the following error.
    Object literal may only specify known properties, and 'segmentId' does not exist in type '{ value: string | SQL<unknown> | Placeholder<string, any>; valueSetId: string | SQL<unknown> | Placeholder<string, any>; id?: string | SQL<unknown> | Placeholder<string, any> | undefined; ... 7 more ...; endDateActive?: Date | ... 3 more ... | undefined; }'.
  Overload 2 of 2, '(values: { value: string | SQL<unknown> | Placeholder<string, any>; valueSetId: string | SQL<unknown> | Placeholder<string, any>; id?: string | SQL<unknown> | Placeholder<...> | undefined; ... 7 more ...; endDateActive?: Date | ... 3 more ... | undefined; }[]): PgInsertBase<...>', gave the following error.
    Object literal may only specify known properties, and 'segmentId' does not exist in type '{ value: string | SQL<unknown> | Placeholder<string, any>; valueSetId: string | SQL<unknown> | Placeholder<string, any>; id?: string | SQL<unknown> | Placeholder<string, any> | undefined; ... 7 more ...; endDateActive?: Date | ... 3 more ... | undefined; }[]'.
scripts/seed_large_volume.ts(3,31): error TS2307: Cannot find module '@nestjs/typeorm' or its corresponding type declarations.
scripts/seed_large_volume.ts(5,28): error TS2307: Cannot find module 'typeorm' or its corresponding type declarations.
scripts/seed_manager_insights.ts(45,17): error TS2339: Property 'jobName' does not exist on type '{ id: string; tenantId: string; code: string; name: string; jobFamilyId: string | null; validGradeId: string | null; activeStatus: string | null; fullTimeEquivalent: string | null; createdAt: Date | null; updatedAt: Date | null; }'.
scripts/seed_manager_insights.ts(45,54): error TS2339: Property 'jobName' does not exist on type '{ id: string; tenantId: string; code: string; name: string; jobFamilyId: string | null; validGradeId: string | null; activeStatus: string | null; fullTimeEquivalent: string | null; createdAt: Date | null; updatedAt: Date | null; }'.
scripts/seed_manager_insights.ts(54,57): error TS2339: Property 'jobName' does not exist on type '{ id: string; tenantId: string; code: string; name: string; jobFamilyId: string | null; validGradeId: string | null; activeStatus: string | null; fullTimeEquivalent: string | null; createdAt: Date | null; updatedAt: Date | null; }'.
scripts/seed_talent_v2.ts(7,10): error TS2305: Module '"../shared/schema/hr_structures"' has no exported member 'hrPersons'.
scripts/stress_test_reporting.ts(25,40): error TS2339: Property 'reportName' does not exist on type '{ id: string; name: string; description: string | null; rowSetId: string; columnSetId: string; ledgerId: string | null; enabled: boolean | null; createdAt: Date | null; }'.
scripts/sweeper_job.ts(2,29): error TS2307: Cannot find module '../services/cash.service' or its corresponding type declarations.
scripts/sweeper_job.ts(3,24): error TS2307: Cannot find module '../utils/logger' or its corresponding type declarations.
scripts/test_fsg_engine.ts(124,64): error TS2345: Argument of type '{ name: string; description: string; ledgerId: string; }' is not assignable to parameter of type '{ name: string; rowSetId: string; columnSetId: string; enabled?: boolean | null | undefined; id?: string | undefined; description?: string | null | undefined; createdAt?: Date | null | undefined; ledgerId?: string | ... 1 more ... | undefined; }'.
  Type '{ name: string; description: string; ledgerId: string; }' is missing the following properties from type '{ name: string; rowSetId: string; columnSetId: string; enabled?: boolean | null | undefined; id?: string | undefined; description?: string | null | undefined; createdAt?: Date | null | undefined; ledgerId?: string | ... 1 more ... | undefined; }': rowSetId, columnSetId
scripts/test_fsg_engine.ts(133,13): error TS2353: Object literal may only specify known properties, and 'reportId' does not exist in type '{ description: string; rowSetId: string; rowNumber: number; id?: string | undefined; createdAt?: Date | null | undefined; rowType?: string | undefined; accountFilterMin?: string | null | undefined; ... 4 more ...; inverseSign?: boolean | ... 1 more ... | undefined; }'.
scripts/test_fsg_engine.ts(144,13): error TS2353: Object literal may only specify known properties, and 'reportId' does not exist in type '{ description: string; rowSetId: string; rowNumber: number; id?: string | undefined; createdAt?: Date | null | undefined; rowType?: string | undefined; accountFilterMin?: string | null | undefined; ... 4 more ...; inverseSign?: boolean | ... 1 more ... | undefined; }'.
scripts/test_fsg_engine.ts(156,13): error TS2353: Object literal may only specify known properties, and 'reportId' does not exist in type '{ columnSetId: string; columnNumber: number; columnHeader: string; id?: string | undefined; createdAt?: Date | null | undefined; amountType?: string | null | undefined; currencyType?: string | ... 1 more ... | undefined; periodOffset?: number | ... 1 more ... | undefined; }'.
scripts/test_import.ts(2,30): error TS2307: Cannot find module '../backend/src/modules/epm/entities/plan-scenario.entity.ts' or its corresponding type declarations.
scripts/test_intercompany.ts(56,9): error TS2353: Object literal may only specify known properties, and 'totalDebit' does not exist in type '{ currencyCode: string; journalNumber: string; source?: string | undefined; id?: string | undefined; autoReverse?: boolean | null | undefined; status?: "Draft" | "Processing" | "Posted" | undefined; ... 8 more ...; postedDate?: Date | ... 1 more ... | undefined; }'.
scripts/test_revaluation.ts(125,60): error TS2345: Argument of type 'string | null' is not assignable to parameter of type 'string | number'.
  Type 'null' is not assignable to type 'string | number'.
scripts/verify_accounting_flow.ts(5,36): error TS2307: Cannot find module '../server/services/MaintenanceService' or its corresponding type declarations.
scripts/verify_accounting_flow.ts(6,43): error TS2307: Cannot find module '../server/services/MaintenanceCostingService' or its corresponding type declarations.
scripts/verify_accounting_flow.ts(7,46): error TS2307: Cannot find module '../server/services/MaintenanceAccountingService' or its corresponding type declarations.
scripts/verify_accounting_flow.ts(60,78): error TS2339: Property 'totalDebit' does not exist on type '{ id: string; journalNumber: string; ledgerId: string; batchId: string | null; createdBy: string | null; periodId: string | null; description: string | null; currencyCode: string; source: string | null; ... 5 more ...; createdAt: Date | null; }'.
scripts/verify_admin_access.ts(18,42): error TS2769: No overload matches this call.
  Overload 1 of 2, '(value: { name: string | SQL<unknown> | Placeholder<string, any>; tenantId: string | SQL<unknown> | Placeholder<string, any>; classificationCode: string | SQL<...> | Placeholder<...>; ... 9 more ...; legalAddressId?: string | ... 3 more ... | undefined; }): PgInsertBase<...>', gave the following error.
    Argument of type '{ id: string; tenantId: string; name: string; classificationCode: string; status: string; }[]' is not assignable to parameter of type '{ name: string | SQL<unknown> | Placeholder<string, any>; tenantId: string | SQL<unknown> | Placeholder<string, any>; classificationCode: string | SQL<...> | Placeholder<...>; ... 9 more ...; legalAddressId?: string | ... 3 more ... | undefined; }'.
      Type '{ id: string; tenantId: string; name: string; classificationCode: string; status: string; }[]' is missing the following properties from type '{ name: string | SQL<unknown> | Placeholder<string, any>; tenantId: string | SQL<unknown> | Placeholder<string, any>; classificationCode: string | SQL<...> | Placeholder<...>; ... 9 more ...; legalAddressId?: string | ... 3 more ... | undefined; }': name, tenantId, classificationCode
  Overload 2 of 2, '(values: { name: string | SQL<unknown> | Placeholder<string, any>; tenantId: string | SQL<unknown> | Placeholder<string, any>; classificationCode: string | SQL<...> | Placeholder<...>; ... 9 more ...; legalAddressId?: string | ... 3 more ... | undefined; }[]): PgInsertBase<...>', gave the following error.
    Object literal may only specify known properties, and 'status' does not exist in type '{ name: string | SQL<unknown> | Placeholder<string, any>; tenantId: string | SQL<unknown> | Placeholder<string, any>; classificationCode: string | SQL<...> | Placeholder<...>; ... 9 more ...; legalAddressId?: string | ... 3 more ... | undefined; }'.
scripts/verify_advanced_ap.ts(43,56): error TS2345: Argument of type 'string' is not assignable to parameter of type 'number'.
scripts/verify_advanced_gl.ts(181,37): error TS2769: No overload matches this call.
  Overload 1 of 2, '(value: { supplierId: string | SQL<unknown> | Placeholder<string, any>; invoiceNumber: string | SQL<unknown> | Placeholder<string, any>; invoiceDate: Date | SQL<...> | Placeholder<...>; ... 25 more ...; prepayAmountRemaining?: string | ... 3 more ... | undefined; }): PgInsertBase<...>', gave the following error.
    Type 'number' is not assignable to type 'string | SQL<unknown> | Placeholder<string, any>'.
  Overload 2 of 2, '(values: { supplierId: string | SQL<unknown> | Placeholder<string, any>; invoiceNumber: string | SQL<unknown> | Placeholder<string, any>; invoiceDate: Date | SQL<...> | Placeholder<...>; ... 25 more ...; prepayAmountRemaining?: string | ... 3 more ... | undefined; }[]): PgInsertBase<...>', gave the following error.
    Object literal may only specify known properties, and 'invoiceNumber' does not exist in type '{ supplierId: string | SQL<unknown> | Placeholder<string, any>; invoiceNumber: string | SQL<unknown> | Placeholder<string, any>; invoiceDate: Date | SQL<...> | Placeholder<...>; ... 25 more ...; prepayAmountRemaining?: string | ... 3 more ... | undefined; }[]'.
scripts/verify_advanced_supply_chain.ts(4,36): error TS2307: Cannot find module '../server/modules/scm/ProcurementService' or its corresponding type declarations.
scripts/verify_advanced_supply_chain.ts(8,38): error TS2307: Cannot find module '../server/services/ManufacturingService' or its corresponding type declarations.
scripts/verify_advanced_supply_chain.ts(79,39): error TS2339: Property 'sourceId' does not exist on type 'PgTableWithColumns<{ name: "cst_transactions"; schema: undefined; columns: { id: PgColumn<{ name: "id"; tableName: "cst_transactions"; dataType: "string"; columnType: "PgText"; data: string; driverParam: string; notNull: true; ... 7 more ...; generated: undefined; }, {}, {}>; ... 7 more ...; glStatus: PgColumn<...>;...'.
scripts/verify_advanced_supply_chain.ts(107,50): error TS18048: 'result.workOrders' is possibly 'undefined'.
scripts/verify_advanced_supply_chain.ts(115,53): error TS18048: 'result.workOrders' is possibly 'undefined'.
scripts/verify_ai.ts(2,20): error TS2307: Cannot find module '../db' or its corresponding type declarations.
scripts/verify_ai_optimizer.ts(22,36): error TS2769: No overload matches this call.
  Overload 1 of 2, '(value: { itemNumber: string | SQL<unknown> | Placeholder<string, any>; id?: string | SQL<unknown> | Placeholder<string, any> | undefined; description?: string | SQL<...> | Placeholder<...> | null | undefined; ... 5 more ...; maxQuantity?: string | ... 3 more ... | undefined; }): PgInsertBase<...>', gave the following error.
    Object literal may only specify known properties, and 'itemName' does not exist in type '{ itemNumber: string | SQL<unknown> | Placeholder<string, any>; id?: string | SQL<unknown> | Placeholder<string, any> | undefined; description?: string | SQL<...> | Placeholder<...> | null | undefined; ... 5 more ...; maxQuantity?: string | ... 3 more ... | undefined; }'.
  Overload 2 of 2, '(values: { itemNumber: string | SQL<unknown> | Placeholder<string, any>; id?: string | SQL<unknown> | Placeholder<string, any> | undefined; description?: string | SQL<...> | Placeholder<...> | null | undefined; ... 5 more ...; maxQuantity?: string | ... 3 more ... | undefined; }[]): PgInsertBase<...>', gave the following error.
    Object literal may only specify known properties, and 'id' does not exist in type '{ itemNumber: string | SQL<unknown> | Placeholder<string, any>; id?: string | SQL<unknown> | Placeholder<string, any> | undefined; description?: string | SQL<...> | Placeholder<...> | null | undefined; ... 5 more ...; maxQuantity?: string | ... 3 more ... | undefined; }[]'.
scripts/verify_ai_optimizer.ts(39,20): error TS2353: Object literal may only specify known properties, and 'quantity' does not exist in type '{ itemNumber?: string | SQL<unknown> | PgColumn<ColumnBaseConfig<ColumnDataType, string>, {}, {}> | undefined; id?: string | SQL<unknown> | PgColumn<...> | undefined; ... 6 more ...; maxQuantity?: string | ... 3 more ... | undefined; }'.
scripts/verify_allocation_engine_real.ts(88,13): error TS2353: Object literal may only specify known properties, and 'category' does not exist in type '{ currencyCode: string; journalNumber: string; source?: string | undefined; id?: string | undefined; autoReverse?: boolean | null | undefined; status?: "Draft" | "Processing" | "Posted" | undefined; ... 8 more ...; postedDate?: Date | ... 1 more ... | undefined; }'.
scripts/verify_allocation_engine_real.ts(103,13): error TS2353: Object literal may only specify known properties, and 'category' does not exist in type '{ currencyCode: string; journalNumber: string; source?: string | undefined; id?: string | undefined; autoReverse?: boolean | null | undefined; status?: "Draft" | "Processing" | "Posted" | undefined; ... 8 more ...; postedDate?: Date | ... 1 more ... | undefined; }'.
scripts/verify_allocation_engine_real.ts(140,68): error TS2769: No overload matches this call.
  Overload 1 of 3, '(left: PgColumn<{ name: "journal_id"; tableName: "gl_journal_lines_v2"; dataType: "string"; columnType: "PgVarchar"; data: string; driverParam: string; notNull: true; hasDefault: false; isPrimaryKey: false; ... 5 more ...; generated: undefined; }, {}, { ...; }>, right: string | SQLWrapper): SQL<...>', gave the following error.
    Argument of type 'string | undefined' is not assignable to parameter of type 'string | SQLWrapper'.
      Type 'undefined' is not assignable to type 'string | SQLWrapper'.
  Overload 2 of 3, '(left: Aliased<string | undefined>, right: string | SQLWrapper | undefined): SQL<unknown>', gave the following error.
    Argument of type 'PgColumn<{ name: "journal_id"; tableName: "gl_journal_lines_v2"; dataType: "string"; columnType: "PgVarchar"; data: string; driverParam: string; notNull: true; hasDefault: false; isPrimaryKey: false; ... 5 more ...; generated: undefined; }, {}, { ...; }>' is not assignable to parameter of type 'Aliased<string | undefined>'.
      Type 'PgColumn<{ name: "journal_id"; tableName: "gl_journal_lines_v2"; dataType: "string"; columnType: "PgVarchar"; data: string; driverParam: string; notNull: true; hasDefault: false; isPrimaryKey: false; ... 5 more ...; generated: undefined; }, {}, { ...; }>' is missing the following properties from type 'Aliased<string | undefined>': sql, fieldAlias
  Overload 3 of 3, '(left: never, right: unknown): SQL<unknown>', gave the following error.
    Argument of type 'PgColumn<{ name: "journal_id"; tableName: "gl_journal_lines_v2"; dataType: "string"; columnType: "PgVarchar"; data: string; driverParam: string; notNull: true; hasDefault: false; isPrimaryKey: false; ... 5 more ...; generated: undefined; }, {}, { ...; }>' is not assignable to parameter of type 'never'.
scripts/verify_allocations.ts(2,20): error TS2307: Cannot find module '../db' or its corresponding type declarations.
scripts/verify_allocations.ts(48,29): error TS7006: Parameter 'h' implicitly has an 'any' type.
scripts/verify_allocations.ts(49,29): error TS7006: Parameter 'h' implicitly has an 'any' type.
scripts/verify_aor_coverage.ts(17,42): error TS2769: No overload matches this call.
  Overload 1 of 2, '(value: { name: string | SQL<unknown> | Placeholder<string, any>; tenantId: string | SQL<unknown> | Placeholder<string, any>; classificationCode: string | SQL<...> | Placeholder<...>; ... 9 more ...; legalAddressId?: string | ... 3 more ... | undefined; }): PgInsertBase<...>', gave the following error.
    Argument of type '{ id: string; tenantId: string; name: string; classificationCode: string; status: string; }[]' is not assignable to parameter of type '{ name: string | SQL<unknown> | Placeholder<string, any>; tenantId: string | SQL<unknown> | Placeholder<string, any>; classificationCode: string | SQL<...> | Placeholder<...>; ... 9 more ...; legalAddressId?: string | ... 3 more ... | undefined; }'.
      Type '{ id: string; tenantId: string; name: string; classificationCode: string; status: string; }[]' is missing the following properties from type '{ name: string | SQL<unknown> | Placeholder<string, any>; tenantId: string | SQL<unknown> | Placeholder<string, any>; classificationCode: string | SQL<...> | Placeholder<...>; ... 9 more ...; legalAddressId?: string | ... 3 more ... | undefined; }': name, tenantId, classificationCode
  Overload 2 of 2, '(values: { name: string | SQL<unknown> | Placeholder<string, any>; tenantId: string | SQL<unknown> | Placeholder<string, any>; classificationCode: string | SQL<...> | Placeholder<...>; ... 9 more ...; legalAddressId?: string | ... 3 more ... | undefined; }[]): PgInsertBase<...>', gave the following error.
    Object literal may only specify known properties, and 'status' does not exist in type '{ name: string | SQL<unknown> | Placeholder<string, any>; tenantId: string | SQL<unknown> | Placeholder<string, any>; classificationCode: string | SQL<...> | Placeholder<...>; ... 9 more ...; legalAddressId?: string | ... 3 more ... | undefined; }'.
scripts/verify_aor_coverage.ts(54,32): error TS2769: No overload matches this call.
  Overload 1 of 2, '(value: { tenantId: string | SQL<unknown> | Placeholder<string, any>; personId: string | SQL<unknown> | Placeholder<string, any>; scopeType: string | SQL<unknown> | Placeholder<...>; ... 4 more ...; responsibilityType?: string | ... 3 more ... | undefined; }): PgInsertBase<...>', gave the following error.
    Object literal may only specify known properties, and 'name' does not exist in type '{ tenantId: string | SQL<unknown> | Placeholder<string, any>; personId: string | SQL<unknown> | Placeholder<string, any>; scopeType: string | SQL<unknown> | Placeholder<...>; ... 4 more ...; responsibilityType?: string | ... 3 more ... | undefined; }'.
  Overload 2 of 2, '(values: { tenantId: string | SQL<unknown> | Placeholder<string, any>; personId: string | SQL<unknown> | Placeholder<string, any>; scopeType: string | SQL<unknown> | Placeholder<...>; ... 4 more ...; responsibilityType?: string | ... 3 more ... | undefined; }[]): PgInsertBase<...>', gave the following error.
    Object literal may only specify known properties, and 'id' does not exist in type '{ tenantId: string | SQL<unknown> | Placeholder<string, any>; personId: string | SQL<unknown> | Placeholder<string, any>; scopeType: string | SQL<unknown> | Placeholder<...>; ... 4 more ...; responsibilityType?: string | ... 3 more ... | undefined; }[]'.
scripts/verify_aor_privacy.ts(16,57): error TS2769: No overload matches this call.
  Overload 1 of 2, '(value: { name: string | SQL<unknown> | Placeholder<string, any>; tenantId: string | SQL<unknown> | Placeholder<string, any>; classificationCode: string | SQL<...> | Placeholder<...>; ... 9 more ...; legalAddressId?: string | ... 3 more ... | undefined; }): PgInsertBase<...>', gave the following error.
    Object literal may only specify known properties, and 'type' does not exist in type '{ name: string | SQL<unknown> | Placeholder<string, any>; tenantId: string | SQL<unknown> | Placeholder<string, any>; classificationCode: string | SQL<...> | Placeholder<...>; ... 9 more ...; legalAddressId?: string | ... 3 more ... | undefined; }'.
  Overload 2 of 2, '(values: { name: string | SQL<unknown> | Placeholder<string, any>; tenantId: string | SQL<unknown> | Placeholder<string, any>; classificationCode: string | SQL<...> | Placeholder<...>; ... 9 more ...; legalAddressId?: string | ... 3 more ... | undefined; }[]): PgInsertBase<...>', gave the following error.
    Object literal may only specify known properties, and 'tenantId' does not exist in type '{ name: string | SQL<unknown> | Placeholder<string, any>; tenantId: string | SQL<unknown> | Placeholder<string, any>; classificationCode: string | SQL<...> | Placeholder<...>; ... 9 more ...; legalAddressId?: string | ... 3 more ... | undefined; }[]'.
scripts/verify_aor_privacy.ts(23,55): error TS2769: No overload matches this call.
  Overload 1 of 2, '(value: { name: string | SQL<unknown> | Placeholder<string, any>; tenantId: string | SQL<unknown> | Placeholder<string, any>; classificationCode: string | SQL<...> | Placeholder<...>; ... 9 more ...; legalAddressId?: string | ... 3 more ... | undefined; }): PgInsertBase<...>', gave the following error.
    Object literal may only specify known properties, and 'type' does not exist in type '{ name: string | SQL<unknown> | Placeholder<string, any>; tenantId: string | SQL<unknown> | Placeholder<string, any>; classificationCode: string | SQL<...> | Placeholder<...>; ... 9 more ...; legalAddressId?: string | ... 3 more ... | undefined; }'.
  Overload 2 of 2, '(values: { name: string | SQL<unknown> | Placeholder<string, any>; tenantId: string | SQL<unknown> | Placeholder<string, any>; classificationCode: string | SQL<...> | Placeholder<...>; ... 9 more ...; legalAddressId?: string | ... 3 more ... | undefined; }[]): PgInsertBase<...>', gave the following error.
    Object literal may only specify known properties, and 'tenantId' does not exist in type '{ name: string | SQL<unknown> | Placeholder<string, any>; tenantId: string | SQL<unknown> | Placeholder<string, any>; classificationCode: string | SQL<...> | Placeholder<...>; ... 9 more ...; legalAddressId?: string | ... 3 more ... | undefined; }[]'.
scripts/verify_aor_privacy.ts(30,52): error TS2769: No overload matches this call.
  Overload 1 of 2, '(value: { code: string | SQL<unknown> | Placeholder<string, any>; name: string | SQL<unknown> | Placeholder<string, any>; tenantId: string | SQL<unknown> | Placeholder<...>; ... 10 more ...; addressLine2?: string | ... 3 more ... | undefined; }): PgInsertBase<...>', gave the following error.
    Object literal may only specify known properties, and 'locationCode' does not exist in type '{ code: string | SQL<unknown> | Placeholder<string, any>; name: string | SQL<unknown> | Placeholder<string, any>; tenantId: string | SQL<unknown> | Placeholder<string, any>; ... 10 more ...; addressLine2?: string | ... 3 more ... | undefined; }'.
  Overload 2 of 2, '(values: { code: string | SQL<unknown> | Placeholder<string, any>; name: string | SQL<unknown> | Placeholder<string, any>; tenantId: string | SQL<unknown> | Placeholder<...>; ... 10 more ...; addressLine2?: string | ... 3 more ... | undefined; }[]): PgInsertBase<...>', gave the following error.
    Object literal may only specify known properties, and 'tenantId' does not exist in type '{ code: string | SQL<unknown> | Placeholder<string, any>; name: string | SQL<unknown> | Placeholder<string, any>; tenantId: string | SQL<unknown> | Placeholder<string, any>; ... 10 more ...; addressLine2?: string | ... 3 more ... | undefined; }[]'.
scripts/verify_aor_privacy.ts(101,50): error TS18048: 'pOk' is possibly 'undefined'.
scripts/verify_aor_privacy.ts(102,58): error TS18048: 'pOk' is possibly 'undefined'.
scripts/verify_aor_privacy.ts(104,13): error TS18048: 'pOk' is possibly 'undefined'.
scripts/verify_aor_privacy.ts(104,49): error TS18048: 'pOk' is possibly 'undefined'.
scripts/verify_aor_privacy.ts(114,52): error TS18048: 'pNo' is possibly 'undefined'.
scripts/verify_aor_privacy.ts(115,60): error TS18048: 'pNo' is possibly 'undefined'.
scripts/verify_aor_privacy.ts(117,13): error TS18048: 'pNo' is possibly 'undefined'.
scripts/verify_aor_privacy.ts(117,49): error TS18048: 'pNo' is possibly 'undefined'.
scripts/verify_aor_privacy.ts(117,49): error TS18047: 'pNo.nationalId' is possibly 'null'.
scripts/verify_aor_security.ts(72,56): error TS2769: No overload matches this call.
  Overload 1 of 2, '(value: { name: string | SQL<unknown> | Placeholder<string, any>; tenantId: string | SQL<unknown> | Placeholder<string, any>; classificationCode: string | SQL<...> | Placeholder<...>; ... 9 more ...; legalAddressId?: string | ... 3 more ... | undefined; }): PgInsertBase<...>', gave the following error.
    Object literal may only specify known properties, and 'status' does not exist in type '{ name: string | SQL<unknown> | Placeholder<string, any>; tenantId: string | SQL<unknown> | Placeholder<string, any>; classificationCode: string | SQL<...> | Placeholder<...>; ... 9 more ...; legalAddressId?: string | ... 3 more ... | undefined; }'.
  Overload 2 of 2, '(values: { name: string | SQL<unknown> | Placeholder<string, any>; tenantId: string | SQL<unknown> | Placeholder<string, any>; classificationCode: string | SQL<...> | Placeholder<...>; ... 9 more ...; legalAddressId?: string | ... 3 more ... | undefined; }[]): PgInsertBase<...>', gave the following error.
    Object literal may only specify known properties, and 'tenantId' does not exist in type '{ name: string | SQL<unknown> | Placeholder<string, any>; tenantId: string | SQL<unknown> | Placeholder<string, any>; classificationCode: string | SQL<...> | Placeholder<...>; ... 9 more ...; legalAddressId?: string | ... 3 more ... | undefined; }[]'.
scripts/verify_ap_accounting.ts(25,13): error TS2488: Type '{ address: string | null; id: string; name: string; country: string | null; createdAt: Date | null; updatedAt: Date | null; supplierNumber: string | null; taxOrganizationType: string | null; ... 10 more ...; parentSupplierId: string | null; }' must have a '[Symbol.iterator]()' method that returns an iterator.
scripts/verify_ap_accounting.ts(29,17): error TS2322: Type 'number' is not assignable to type 'string'.
scripts/verify_ap_accounting.ts(54,66): error TS2345: Argument of type 'string' is not assignable to parameter of type 'number'.
scripts/verify_ap_accounting.ts(95,48): error TS2345: Argument of type 'string' is not assignable to parameter of type 'number'.
scripts/verify_ap_accounting.ts(98,45): error TS2345: Argument of type 'string' is not assignable to parameter of type 'number'.
scripts/verify_ap_foundation.ts(52,62): error TS2345: Argument of type '{ header: { invoiceId: string; invoiceNumber: string; supplierId: string; invoiceDate: Date; invoiceAmount: string; invoiceCurrencyCode: string; paymentCurrencyCode: string; description: string; }; lines: { ...; }[]; }' is not assignable to parameter of type '{ header: { supplierId: string; invoiceNumber: string; invoiceDate: Date; invoiceAmount: string; id?: string | undefined; description?: string | null | undefined; createdAt?: Date | null | undefined; ... 21 more ...; prepayAmountRemaining?: string | ... 1 more ... | undefined; }; lines: { ...; }[]; }'.
  Types of property 'lines' are incompatible.
    Type '{ lineNumber: number; lineType: string; amount: string; description: string; }[]' is not assignable to type '{ invoiceId: string; lineNumber: number; amount: string; id?: string | undefined; description?: string | null | undefined; createdAt?: Date | null | undefined; lineType?: string | undefined; ... 11 more ...; costComponentId?: string | ... 1 more ... | undefined; }[]'.
      Property 'invoiceId' is missing in type '{ lineNumber: number; lineType: string; amount: string; description: string; }' but required in type '{ invoiceId: string; lineNumber: number; amount: string; id?: string | undefined; description?: string | null | undefined; createdAt?: Date | null | undefined; lineType?: string | undefined; ... 11 more ...; costComponentId?: string | ... 1 more ... | undefined; }'.
scripts/verify_ap_parity.ts(59,62): error TS2345: Argument of type 'string' is not assignable to parameter of type 'number'.
scripts/verify_ap_parity.ts(97,41): error TS2345: Argument of type 'string' is not assignable to parameter of type 'number'.
scripts/verify_ap_parity.ts(115,56): error TS2345: Argument of type 'string' is not assignable to parameter of type 'number'.
scripts/verify_ap_payment_sla.ts(19,53): error TS2769: No overload matches this call.
  Overload 1 of 2, '(value: { name: string | SQL<unknown> | Placeholder<string, any>; address?: string | SQL<unknown> | Placeholder<string, any> | null | undefined; id?: string | SQL<...> | Placeholder<...> | undefined; ... 15 more ...; parentSupplierId?: string | ... 3 more ... | undefined; }): PgInsertBase<...>', gave the following error.
    Object literal may only specify known properties, and 'taxPayerId' does not exist in type '{ name: string | SQL<unknown> | Placeholder<string, any>; address?: string | SQL<unknown> | Placeholder<string, any> | null | undefined; id?: string | SQL<...> | Placeholder<...> | undefined; ... 15 more ...; parentSupplierId?: string | ... 3 more ... | undefined; }'.
  Overload 2 of 2, '(values: { name: string | SQL<unknown> | Placeholder<string, any>; address?: string | SQL<unknown> | Placeholder<string, any> | null | undefined; id?: string | SQL<...> | Placeholder<...> | undefined; ... 15 more ...; parentSupplierId?: string | ... 3 more ... | undefined; }[]): PgInsertBase<...>', gave the following error.
    Object literal may only specify known properties, and 'name' does not exist in type '{ name: string | SQL<unknown> | Placeholder<string, any>; address?: string | SQL<unknown> | Placeholder<string, any> | null | undefined; id?: string | SQL<...> | Placeholder<...> | undefined; ... 15 more ...; parentSupplierId?: string | ... 3 more ... | undefined; }[]'.
scripts/verify_ap_payment_sla.ts(48,35): error TS2345: Argument of type 'string' is not assignable to parameter of type 'number'.
scripts/verify_ap_payment_sla.ts(80,38): error TS2345: Argument of type 'string' is not assignable to parameter of type 'number'.
scripts/verify_ap_payment_sla.ts(83,53): error TS2345: Argument of type 'string' is not assignable to parameter of type 'number'.
scripts/verify_ap_reporting.ts(32,17): error TS2741: Property 'invoiceId' is missing in type '{ lineNumber: number; lineType: string; amount: string; description: string; }' but required in type '{ invoiceId: string; lineNumber: number; amount: string; id?: string | undefined; description?: string | null | undefined; createdAt?: Date | null | undefined; lineType?: string | undefined; ... 11 more ...; costComponentId?: string | ... 1 more ... | undefined; }'.
scripts/verify_ap_sla_integration.ts(34,55): error TS2345: Argument of type '{ header: { invoiceNumber: string; supplierId: number; invoiceDate: Date; invoiceAmount: string; invoiceCurrencyCode: string; invoiceType: string; paymentTermsId: number; supplierSiteId: number; }; lines: { ...; }[]; }' is not assignable to parameter of type '{ header: { supplierId: string; invoiceNumber: string; invoiceDate: Date; invoiceAmount: string; id?: string | undefined; description?: string | null | undefined; createdAt?: Date | null | undefined; ... 21 more ...; prepayAmountRemaining?: string | ... 1 more ... | undefined; }; lines: { ...; }[]; }'.
  The types of 'header.supplierId' are incompatible between these types.
    Type 'number' is not assignable to type 'string'.
scripts/verify_ap_sla_integration.ts(39,61): error TS2345: Argument of type 'string' is not assignable to parameter of type 'number'.
scripts/verify_ap_validation.ts(32,17): error TS2741: Property 'invoiceId' is missing in type '{ lineNumber: number; lineType: string; amount: string; description: string; }' but required in type '{ invoiceId: string; lineNumber: number; amount: string; id?: string | undefined; description?: string | null | undefined; createdAt?: Date | null | undefined; lineType?: string | undefined; ... 11 more ...; costComponentId?: string | ... 1 more ... | undefined; }'.
scripts/verify_ap_validation.ts(36,54): error TS2345: Argument of type 'string' is not assignable to parameter of type 'number'.
scripts/verify_ap_validation.ts(54,17): error TS2741: Property 'invoiceId' is missing in type '{ lineNumber: number; lineType: string; amount: string; description: string; }' but required in type '{ invoiceId: string; lineNumber: number; amount: string; id?: string | undefined; description?: string | null | undefined; createdAt?: Date | null | undefined; lineType?: string | undefined; ... 11 more ...; costComponentId?: string | ... 1 more ... | undefined; }'.
scripts/verify_ap_validation.ts(58,54): error TS2345: Argument of type 'string' is not assignable to parameter of type 'number'.
scripts/verify_approval_workflow.ts(18,38): error TS2769: No overload matches this call.
  Overload 1 of 2, '(value: { name: string | SQL<unknown> | Placeholder<string, any>; ledgerId: string | SQL<unknown> | Placeholder<string, any>; enabled?: boolean | SQL<unknown> | Placeholder<...> | null | undefined; ... 9 more ...; ruleName?: string | ... 3 more ... | undefined; }): PgInsertBase<...>', gave the following error.
    Argument of type '{ ruleName: string; ledgerId: string; minAmount: string; approverRole: string; enabled: true; }' is not assignable to parameter of type '{ name: string | SQL<unknown> | Placeholder<string, any>; ledgerId: string | SQL<unknown> | Placeholder<string, any>; enabled?: boolean | SQL<unknown> | Placeholder<...> | null | undefined; ... 9 more ...; ruleName?: string | ... 3 more ... | undefined; }'.
      Property 'name' is missing in type '{ ruleName: string; ledgerId: string; minAmount: string; approverRole: string; enabled: true; }' but required in type '{ name: string | SQL<unknown> | Placeholder<string, any>; ledgerId: string | SQL<unknown> | Placeholder<string, any>; enabled?: boolean | SQL<unknown> | Placeholder<...> | null | undefined; ... 9 more ...; ruleName?: string | ... 3 more ... | undefined; }'.
  Overload 2 of 2, '(values: { name: string | SQL<unknown> | Placeholder<string, any>; ledgerId: string | SQL<unknown> | Placeholder<string, any>; enabled?: boolean | SQL<unknown> | Placeholder<...> | null | undefined; ... 9 more ...; ruleName?: string | ... 3 more ... | undefined; }[]): PgInsertBase<...>', gave the following error.
    Object literal may only specify known properties, and 'ruleName' does not exist in type '{ name: string | SQL<unknown> | Placeholder<string, any>; ledgerId: string | SQL<unknown> | Placeholder<string, any>; enabled?: boolean | SQL<unknown> | Placeholder<...> | null | undefined; ... 9 more ...; ruleName?: string | ... 3 more ... | undefined; }[]'.
scripts/verify_approval_workflow.ts(97,9): error TS18048: 'finalJournal' is possibly 'undefined'.
scripts/verify_approval_workflow.ts(97,97): error TS18048: 'finalJournal' is possibly 'undefined'.
scripts/verify_ar_adjustments.ts(5,28): error TS2307: Cannot find module '../server/services/SlaService' or its corresponding type declarations.
scripts/verify_ar_automation.ts(54,9): error TS18047: 'updatedAcc.creditScore' is possibly 'null'.
scripts/verify_ar_automation.ts(61,52): error TS2769: No overload matches this call.
  Overload 1 of 2, '(value: { name: string | SQL<unknown> | Placeholder<string, any>; id?: string | SQL<unknown> | Placeholder<string, any> | undefined; description?: string | SQL<...> | Placeholder<...> | null | undefined; createdAt?: Date | ... 3 more ... | undefined; enabledFlag?: boolean | ... 3 more ... | undefined; durationPeriods?: number | ... 3 more ... | undefined; recognitionMethod?: string | ... 3 more ... | undefined; }): PgInsertBase<...>', gave the following error.
    Object literal may only specify known properties, and 'type' does not exist in type '{ name: string | SQL<unknown> | Placeholder<string, any>; id?: string | SQL<unknown> | Placeholder<string, any> | undefined; description?: string | SQL<unknown> | Placeholder<...> | null | undefined; createdAt?: Date | ... 3 more ... | undefined; enabledFlag?: boolean | ... 3 more ... | undefined; durationPeriods?: ...'.
  Overload 2 of 2, '(values: { name: string | SQL<unknown> | Placeholder<string, any>; id?: string | SQL<unknown> | Placeholder<string, any> | undefined; description?: string | SQL<...> | Placeholder<...> | null | undefined; createdAt?: Date | ... 3 more ... | undefined; enabledFlag?: boolean | ... 3 more ... | undefined; durationPeriods?: number | ... 3 more ... | undefined; recognitionMethod?: string | ... 3 more ... | undefined; }[]): PgInsertBase<...>', gave the following error.
    Object literal may only specify known properties, and 'name' does not exist in type '{ name: string | SQL<unknown> | Placeholder<string, any>; id?: string | SQL<unknown> | Placeholder<string, any> | undefined; description?: string | SQL<unknown> | Placeholder<...> | null | undefined; createdAt?: Date | ... 3 more ... | undefined; enabledFlag?: boolean | ... 3 more ... | undefined; durationPeriods?: ...'.
scripts/verify_ar_parity_final.ts(6,19): error TS2307: Cannot find module 'axios' or its corresponding type declarations.
scripts/verify_ar_performance.ts(14,60): error TS2769: No overload matches this call.
  Overload 1 of 2, '(value: { name: string | SQL<unknown> | Placeholder<string, any>; subject: string | SQL<unknown> | Placeholder<string, any>; id?: string | SQL<unknown> | Placeholder<string, any> | undefined; ... 4 more ...; severity?: string | ... 3 more ... | undefined; }): PgInsertBase<...>', gave the following error.
    Object literal may only specify known properties, and 'letterTemplate' does not exist in type '{ name: string | SQL<unknown> | Placeholder<string, any>; subject: string | SQL<unknown> | Placeholder<string, any>; id?: string | SQL<unknown> | Placeholder<string, any> | undefined; ... 4 more ...; severity?: string | ... 3 more ... | undefined; }'.
  Overload 2 of 2, '(values: { name: string | SQL<unknown> | Placeholder<string, any>; subject: string | SQL<unknown> | Placeholder<string, any>; id?: string | SQL<unknown> | Placeholder<string, any> | undefined; ... 4 more ...; severity?: string | ... 3 more ... | undefined; }[]): PgInsertBase<...>', gave the following error.
    Object literal may only specify known properties, and 'name' does not exist in type '{ name: string | SQL<unknown> | Placeholder<string, any>; subject: string | SQL<unknown> | Placeholder<string, any>; id?: string | SQL<unknown> | Placeholder<string, any> | undefined; ... 4 more ...; severity?: string | ... 3 more ... | undefined; }[]'.
scripts/verify_ar_sla.ts(13,49): error TS2769: No overload matches this call.
  Overload 1 of 2, '(value: { id: string | SQL<unknown> | Placeholder<string, any>; name: string | SQL<unknown> | Placeholder<string, any>; applicationId: string | SQL<unknown> | Placeholder<...>; description?: string | ... 3 more ... | undefined; enabledFlag?: boolean | ... 3 more ... | undefined; }): PgInsertBase<...>', gave the following error.
    Argument of type '{ id: string; name: string; description: string; subledger: string; applicationId: string; }[]' is not assignable to parameter of type '{ id: string | SQL<unknown> | Placeholder<string, any>; name: string | SQL<unknown> | Placeholder<string, any>; applicationId: string | SQL<unknown> | Placeholder<...>; description?: string | ... 3 more ... | undefined; enabledFlag?: boolean | ... 3 more ... | undefined; }'.
      Type '{ id: string; name: string; description: string; subledger: string; applicationId: string; }[]' is missing the following properties from type '{ id: string | SQL<unknown> | Placeholder<string, any>; name: string | SQL<unknown> | Placeholder<string, any>; applicationId: string | SQL<unknown> | Placeholder<...>; description?: string | ... 3 more ... | undefined; enabledFlag?: boolean | ... 3 more ... | undefined; }': id, name, applicationId
scripts/verify_ar_sla_integration.ts(98,78): error TS2345: Argument of type 'string' is not assignable to parameter of type 'number'.
scripts/verify_asset_health_step3.ts(50,49): error TS2307: Cannot find module '../server/services/AssetHealthService' or its corresponding type declarations.
scripts/verify_audit_log_v7.ts(32,60): error TS2769: No overload matches this call.
  Overload 1 of 2, '(value: { tenantId: string | SQL<unknown> | Placeholder<string, any>; personId: string | SQL<unknown> | Placeholder<string, any>; legalEmployerId: string | SQL<...> | Placeholder<...>; ... 8 more ...; terminationDate?: string | ... 3 more ... | undefined; }): PgInsertBase<...>', gave the following error.
    Type 'Date' is not assignable to type 'string | SQL<unknown> | Placeholder<string, any>'.
  Overload 2 of 2, '(values: { tenantId: string | SQL<unknown> | Placeholder<string, any>; personId: string | SQL<unknown> | Placeholder<string, any>; legalEmployerId: string | SQL<...> | Placeholder<...>; ... 8 more ...; terminationDate?: string | ... 3 more ... | undefined; }[]): PgInsertBase<...>', gave the following error.
    Object literal may only specify known properties, and 'tenantId' does not exist in type '{ tenantId: string | SQL<unknown> | Placeholder<string, any>; personId: string | SQL<unknown> | Placeholder<string, any>; legalEmployerId: string | SQL<...> | Placeholder<...>; ... 8 more ...; terminationDate?: string | ... 3 more ... | undefined; }[]'.
scripts/verify_audit_log_v7.ts(36,40): error TS2769: No overload matches this call.
  Overload 1 of 2, '(value: { tenantId: string | SQL<unknown> | Placeholder<string, any>; effectiveStartDate: string | SQL<unknown> | Placeholder<string, any>; personId: string | SQL<...> | Placeholder<...>; ... 17 more ...; primaryAssignmentFlag?: boolean | ... 3 more ... | undefined; }): PgInsertBase<...>', gave the following error.
    Type 'Date' is not assignable to type 'string | SQL<unknown> | Placeholder<string, any>'.
  Overload 2 of 2, '(values: { tenantId: string | SQL<unknown> | Placeholder<string, any>; effectiveStartDate: string | SQL<unknown> | Placeholder<string, any>; personId: string | SQL<...> | Placeholder<...>; ... 17 more ...; primaryAssignmentFlag?: boolean | ... 3 more ... | undefined; }[]): PgInsertBase<...>', gave the following error.
    Object literal may only specify known properties, and 'tenantId' does not exist in type '{ tenantId: string | SQL<unknown> | Placeholder<string, any>; effectiveStartDate: string | SQL<unknown> | Placeholder<string, any>; personId: string | SQL<...> | Placeholder<...>; ... 17 more ...; primaryAssignmentFlag?: boolean | ... 3 more ... | undefined; }[]'.
scripts/verify_auto_invoice_batch.ts(18,54): error TS2769: No overload matches this call.
  Overload 1 of 2, '(value: { name: string | SQL<unknown> | Placeholder<string, any>; address?: string | SQL<unknown> | Placeholder<string, any> | null | undefined; id?: string | SQL<...> | Placeholder<...> | undefined; ... 5 more ...; parentCustomerId?: string | ... 3 more ... | undefined; }): PgInsertBase<...>', gave the following error.
    Object literal may only specify known properties, and 'accountNumber' does not exist in type '{ name: string | SQL<unknown> | Placeholder<string, any>; address?: string | SQL<unknown> | Placeholder<string, any> | null | undefined; id?: string | SQL<...> | Placeholder<...> | undefined; ... 5 more ...; parentCustomerId?: string | ... 3 more ... | undefined; }'.
  Overload 2 of 2, '(values: { name: string | SQL<unknown> | Placeholder<string, any>; address?: string | SQL<unknown> | Placeholder<string, any> | null | undefined; id?: string | SQL<...> | Placeholder<...> | undefined; ... 5 more ...; parentCustomerId?: string | ... 3 more ... | undefined; }[]): PgInsertBase<...>', gave the following error.
    Object literal may only specify known properties, and 'name' does not exist in type '{ name: string | SQL<unknown> | Placeholder<string, any>; address?: string | SQL<unknown> | Placeholder<string, any> | null | undefined; id?: string | SQL<...> | Placeholder<...> | undefined; ... 5 more ...; parentCustomerId?: string | ... 3 more ... | undefined; }[]'.
scripts/verify_auto_invoice_batch.ts(19,54): error TS2769: No overload matches this call.
  Overload 1 of 2, '(value: { name: string | SQL<unknown> | Placeholder<string, any>; address?: string | SQL<unknown> | Placeholder<string, any> | null | undefined; id?: string | SQL<...> | Placeholder<...> | undefined; ... 5 more ...; parentCustomerId?: string | ... 3 more ... | undefined; }): PgInsertBase<...>', gave the following error.
    Object literal may only specify known properties, and 'accountNumber' does not exist in type '{ name: string | SQL<unknown> | Placeholder<string, any>; address?: string | SQL<unknown> | Placeholder<string, any> | null | undefined; id?: string | SQL<...> | Placeholder<...> | undefined; ... 5 more ...; parentCustomerId?: string | ... 3 more ... | undefined; }'.
  Overload 2 of 2, '(values: { name: string | SQL<unknown> | Placeholder<string, any>; address?: string | SQL<unknown> | Placeholder<string, any> | null | undefined; id?: string | SQL<...> | Placeholder<...> | undefined; ... 5 more ...; parentCustomerId?: string | ... 3 more ... | undefined; }[]): PgInsertBase<...>', gave the following error.
    Object literal may only specify known properties, and 'name' does not exist in type '{ name: string | SQL<unknown> | Placeholder<string, any>; address?: string | SQL<unknown> | Placeholder<string, any> | null | undefined; id?: string | SQL<...> | Placeholder<...> | undefined; ... 5 more ...; parentCustomerId?: string | ... 3 more ... | undefined; }[]'.
scripts/verify_auto_invoice_batch.ts(64,67): error TS2769: No overload matches this call.
  Overload 1 of 3, '(column: Aliased<string>, values: SQLWrapper | (string | Placeholder<string, any>)[]): SQL<unknown>', gave the following error.
    Argument of type 'PgColumn<{ name: "id"; tableName: "ar_invoices"; dataType: "string"; columnType: "PgVarchar"; data: string; driverParam: string; notNull: true; hasDefault: true; isPrimaryKey: true; isAutoincrement: false; ... 4 more ...; generated: undefined; }, {}, { ...; }>' is not assignable to parameter of type 'Aliased<string>'.
      Type 'PgColumn<{ name: "id"; tableName: "ar_invoices"; dataType: "string"; columnType: "PgVarchar"; data: string; driverParam: string; notNull: true; hasDefault: true; isPrimaryKey: true; isAutoincrement: false; ... 4 more ...; generated: undefined; }, {}, { ...; }>' is missing the following properties from type 'Aliased<string>': sql, fieldAlias
  Overload 2 of 3, '(column: PgColumn<{ name: "id"; tableName: "ar_invoices"; dataType: "string"; columnType: "PgVarchar"; data: string; driverParam: string; notNull: true; hasDefault: true; isPrimaryKey: true; isAutoincrement: false; ... 4 more ...; generated: undefined; }, {}, { ...; }>, values: SQLWrapper | (string | Placeholder<...>)[]): SQL<...>', gave the following error.
    Argument of type 'string[] | undefined' is not assignable to parameter of type 'SQLWrapper | (string | Placeholder<string, any>)[]'.
      Type 'undefined' is not assignable to type 'SQLWrapper | (string | Placeholder<string, any>)[]'.
  Overload 3 of 3, '(column: never, values: unknown[] | SQLWrapper): SQL<unknown>', gave the following error.
    Argument of type 'PgColumn<{ name: "id"; tableName: "ar_invoices"; dataType: "string"; columnType: "PgVarchar"; data: string; driverParam: string; notNull: true; hasDefault: true; isPrimaryKey: true; isAutoincrement: false; ... 4 more ...; generated: undefined; }, {}, { ...; }>' is not assignable to parameter of type 'never'.
scripts/verify_auto_invoice_batch.ts(65,68): error TS2769: No overload matches this call.
  Overload 1 of 3, '(column: Aliased<string>, values: SQLWrapper | (string | Placeholder<string, any>)[]): SQL<unknown>', gave the following error.
    Argument of type 'PgColumn<{ name: "invoice_id"; tableName: "ar_invoice_lines"; dataType: "string"; columnType: "PgVarchar"; data: string; driverParam: string; notNull: true; hasDefault: false; isPrimaryKey: false; ... 5 more ...; generated: undefined; }, {}, { ...; }>' is not assignable to parameter of type 'Aliased<string>'.
      Type 'PgColumn<{ name: "invoice_id"; tableName: "ar_invoice_lines"; dataType: "string"; columnType: "PgVarchar"; data: string; driverParam: string; notNull: true; hasDefault: false; isPrimaryKey: false; ... 5 more ...; generated: undefined; }, {}, { ...; }>' is missing the following properties from type 'Aliased<string>': sql, fieldAlias
  Overload 2 of 3, '(column: PgColumn<{ name: "invoice_id"; tableName: "ar_invoice_lines"; dataType: "string"; columnType: "PgVarchar"; data: string; driverParam: string; notNull: true; hasDefault: false; isPrimaryKey: false; ... 5 more ...; generated: undefined; }, {}, { ...; }>, values: SQLWrapper | (string | Placeholder<...>)[]): SQL<...>', gave the following error.
    Argument of type 'string[] | undefined' is not assignable to parameter of type 'SQLWrapper | (string | Placeholder<string, any>)[]'.
      Type 'undefined' is not assignable to type 'SQLWrapper | (string | Placeholder<string, any>)[]'.
  Overload 3 of 3, '(column: never, values: unknown[] | SQLWrapper): SQL<unknown>', gave the following error.
    Argument of type 'PgColumn<{ name: "invoice_id"; tableName: "ar_invoice_lines"; dataType: "string"; columnType: "PgVarchar"; data: string; driverParam: string; notNull: true; hasDefault: false; isPrimaryKey: false; ... 5 more ...; generated: undefined; }, {}, { ...; }>' is not assignable to parameter of type 'never'.
scripts/verify_benefits_tier1.ts(21,43): error TS2339: Property 'createProgram' does not exist on type 'typeof BenefitsService'.
scripts/verify_benefits_tier1.ts(27,47): error TS2339: Property 'createPlan' does not exist on type 'typeof BenefitsService'.
scripts/verify_benefits_tier1.ts(32,48): error TS2339: Property 'createOption' does not exist on type 'typeof BenefitsService'.
scripts/verify_benefits_tier1.ts(37,46): error TS2339: Property 'configurePlanOption' does not exist on type 'typeof BenefitsService'.
scripts/verify_benefits_tier1.ts(52,44): error TS2339: Property 'getOpenEnrollmentPrograms' does not exist on type 'typeof BenefitsService'.
scripts/verify_benefits_tier1.ts(60,50): error TS2339: Property 'getAvailablePlans' does not exist on type 'typeof BenefitsService'.
scripts/verify_benefits_tier1.ts(68,46): error TS2339: Property 'submitEnrollment' does not exist on type 'typeof BenefitsService'.
scripts/verify_billing_profiles.ts(16,55): error TS2769: No overload matches this call.
  Overload 1 of 2, '(value: { name: string | SQL<unknown> | Placeholder<string, any>; address?: string | SQL<unknown> | Placeholder<string, any> | null | undefined; id?: string | SQL<...> | Placeholder<...> | undefined; ... 5 more ...; parentCustomerId?: string | ... 3 more ... | undefined; }): PgInsertBase<...>', gave the following error.
    Object literal may only specify known properties, and 'accountNumber' does not exist in type '{ name: string | SQL<unknown> | Placeholder<string, any>; address?: string | SQL<unknown> | Placeholder<string, any> | null | undefined; id?: string | SQL<...> | Placeholder<...> | undefined; ... 5 more ...; parentCustomerId?: string | ... 3 more ... | undefined; }'.
  Overload 2 of 2, '(values: { name: string | SQL<unknown> | Placeholder<string, any>; address?: string | SQL<unknown> | Placeholder<string, any> | null | undefined; id?: string | SQL<...> | Placeholder<...> | undefined; ... 5 more ...; parentCustomerId?: string | ... 3 more ... | undefined; }[]): PgInsertBase<...>', gave the following error.
    Object literal may only specify known properties, and 'name' does not exist in type '{ name: string | SQL<unknown> | Placeholder<string, any>; address?: string | SQL<unknown> | Placeholder<string, any> | null | undefined; id?: string | SQL<...> | Placeholder<...> | undefined; ... 5 more ...; parentCustomerId?: string | ... 3 more ... | undefined; }[]'.
scripts/verify_budgetary_control.ts(57,13): error TS2353: Object literal may only specify known properties, and 'ruleName' does not exist in type '{ name: string; ledgerId: string; enabled?: boolean | null | undefined; id?: string | undefined; createdAt?: Date | null | undefined; controlLevel?: string | null | undefined; controlFilters?: Json | undefined; }'.
scripts/verify_budgetary_control.ts(66,59): error TS2345: Argument of type '{ journalNumber: string; ledgerId: string; periodId: string; description: string; status: "Draft"; }' is not assignable to parameter of type '{ currencyCode: string; journalNumber: string; source?: string | undefined; id?: string | undefined; autoReverse?: boolean | null | undefined; status?: "Draft" | "Processing" | "Posted" | undefined; ... 8 more ...; postedDate?: Date | ... 1 more ... | undefined; }'.
  Property 'currencyCode' is missing in type '{ journalNumber: string; ledgerId: string; periodId: string; description: string; status: "Draft"; }' but required in type '{ currencyCode: string; journalNumber: string; source?: string | undefined; id?: string | undefined; autoReverse?: boolean | null | undefined; status?: "Draft" | "Processing" | "Posted" | undefined; ... 8 more ...; postedDate?: Date | ... 1 more ... | undefined; }'.
scripts/verify_budgetary_control.ts(104,59): error TS2345: Argument of type '{ journalNumber: string; ledgerId: string; periodId: string; description: string; status: "Draft"; }' is not assignable to parameter of type '{ currencyCode: string; journalNumber: string; source?: string | undefined; id?: string | undefined; autoReverse?: boolean | null | undefined; status?: "Draft" | "Processing" | "Posted" | undefined; ... 8 more ...; postedDate?: Date | ... 1 more ... | undefined; }'.
  Property 'currencyCode' is missing in type '{ journalNumber: string; ledgerId: string; periodId: string; description: string; status: "Draft"; }' but required in type '{ currencyCode: string; journalNumber: string; source?: string | undefined; id?: string | undefined; autoReverse?: boolean | null | undefined; status?: "Draft" | "Processing" | "Posted" | undefined; ... 8 more ...; postedDate?: Date | ... 1 more ... | undefined; }'.
scripts/verify_compliance_engine_v2.ts(33,59): error TS2769: No overload matches this call.
  Overload 1 of 2, '(value: { name: string | SQL<unknown> | Placeholder<string, any>; tenantId: string | SQL<unknown> | Placeholder<string, any>; classificationCode: string | SQL<...> | Placeholder<...>; ... 9 more ...; legalAddressId?: string | ... 3 more ... | undefined; }): PgInsertBase<...>', gave the following error.
    Object literal may only specify known properties, and 'status' does not exist in type '{ name: string | SQL<unknown> | Placeholder<string, any>; tenantId: string | SQL<unknown> | Placeholder<string, any>; classificationCode: string | SQL<...> | Placeholder<...>; ... 9 more ...; legalAddressId?: string | ... 3 more ... | undefined; }'.
  Overload 2 of 2, '(values: { name: string | SQL<unknown> | Placeholder<string, any>; tenantId: string | SQL<unknown> | Placeholder<string, any>; classificationCode: string | SQL<...> | Placeholder<...>; ... 9 more ...; legalAddressId?: string | ... 3 more ... | undefined; }[]): PgInsertBase<...>', gave the following error.
    Object literal may only specify known properties, and 'tenantId' does not exist in type '{ name: string | SQL<unknown> | Placeholder<string, any>; tenantId: string | SQL<unknown> | Placeholder<string, any>; classificationCode: string | SQL<...> | Placeholder<...>; ... 9 more ...; legalAddressId?: string | ... 3 more ... | undefined; }[]'.
scripts/verify_compliance_engine_v2.ts(37,59): error TS2769: No overload matches this call.
  Overload 1 of 2, '(value: { name: string | SQL<unknown> | Placeholder<string, any>; tenantId: string | SQL<unknown> | Placeholder<string, any>; classificationCode: string | SQL<...> | Placeholder<...>; ... 9 more ...; legalAddressId?: string | ... 3 more ... | undefined; }): PgInsertBase<...>', gave the following error.
    Object literal may only specify known properties, and 'status' does not exist in type '{ name: string | SQL<unknown> | Placeholder<string, any>; tenantId: string | SQL<unknown> | Placeholder<string, any>; classificationCode: string | SQL<...> | Placeholder<...>; ... 9 more ...; legalAddressId?: string | ... 3 more ... | undefined; }'.
  Overload 2 of 2, '(values: { name: string | SQL<unknown> | Placeholder<string, any>; tenantId: string | SQL<unknown> | Placeholder<string, any>; classificationCode: string | SQL<...> | Placeholder<...>; ... 9 more ...; legalAddressId?: string | ... 3 more ... | undefined; }[]): PgInsertBase<...>', gave the following error.
    Object literal may only specify known properties, and 'tenantId' does not exist in type '{ name: string | SQL<unknown> | Placeholder<string, any>; tenantId: string | SQL<unknown> | Placeholder<string, any>; classificationCode: string | SQL<...> | Placeholder<...>; ... 9 more ...; legalAddressId?: string | ... 3 more ... | undefined; }[]'.
scripts/verify_compliance_engine_v2.ts(41,57): error TS2769: No overload matches this call.
  Overload 1 of 2, '(value: { name: string | SQL<unknown> | Placeholder<string, any>; tenantId: string | SQL<unknown> | Placeholder<string, any>; classificationCode: string | SQL<...> | Placeholder<...>; ... 9 more ...; legalAddressId?: string | ... 3 more ... | undefined; }): PgInsertBase<...>', gave the following error.
    Object literal may only specify known properties, and 'status' does not exist in type '{ name: string | SQL<unknown> | Placeholder<string, any>; tenantId: string | SQL<unknown> | Placeholder<string, any>; classificationCode: string | SQL<...> | Placeholder<...>; ... 9 more ...; legalAddressId?: string | ... 3 more ... | undefined; }'.
  Overload 2 of 2, '(values: { name: string | SQL<unknown> | Placeholder<string, any>; tenantId: string | SQL<unknown> | Placeholder<string, any>; classificationCode: string | SQL<...> | Placeholder<...>; ... 9 more ...; legalAddressId?: string | ... 3 more ... | undefined; }[]): PgInsertBase<...>', gave the following error.
    Object literal may only specify known properties, and 'tenantId' does not exist in type '{ name: string | SQL<unknown> | Placeholder<string, any>; tenantId: string | SQL<unknown> | Placeholder<string, any>; classificationCode: string | SQL<...> | Placeholder<...>; ... 9 more ...; legalAddressId?: string | ... 3 more ... | undefined; }[]'.
scripts/verify_compliance_engine_v2.ts(103,69): error TS2769: No overload matches this call.
  Overload 1 of 2, '(value: { tenantId: string | SQL<unknown> | Placeholder<string, any>; personId: string | SQL<unknown> | Placeholder<string, any>; legalEmployerId: string | SQL<...> | Placeholder<...>; ... 8 more ...; terminationDate?: string | ... 3 more ... | undefined; }): PgInsertBase<...>', gave the following error.
    Type 'Date' is not assignable to type 'string | SQL<unknown> | Placeholder<string, any>'.
  Overload 2 of 2, '(values: { tenantId: string | SQL<unknown> | Placeholder<string, any>; personId: string | SQL<unknown> | Placeholder<string, any>; legalEmployerId: string | SQL<...> | Placeholder<...>; ... 8 more ...; terminationDate?: string | ... 3 more ... | undefined; }[]): PgInsertBase<...>', gave the following error.
    Object literal may only specify known properties, and 'tenantId' does not exist in type '{ tenantId: string | SQL<unknown> | Placeholder<string, any>; personId: string | SQL<unknown> | Placeholder<string, any>; legalEmployerId: string | SQL<...> | Placeholder<...>; ... 8 more ...; terminationDate?: string | ... 3 more ... | undefined; }[]'.
scripts/verify_compliance_engine_v2.ts(107,40): error TS2769: No overload matches this call.
  Overload 1 of 2, '(value: { tenantId: string | SQL<unknown> | Placeholder<string, any>; effectiveStartDate: string | SQL<unknown> | Placeholder<string, any>; personId: string | SQL<...> | Placeholder<...>; ... 17 more ...; primaryAssignmentFlag?: boolean | ... 3 more ... | undefined; }): PgInsertBase<...>', gave the following error.
    Type 'Date' is not assignable to type 'string | SQL<unknown> | Placeholder<string, any>'.
  Overload 2 of 2, '(values: { tenantId: string | SQL<unknown> | Placeholder<string, any>; effectiveStartDate: string | SQL<unknown> | Placeholder<string, any>; personId: string | SQL<...> | Placeholder<...>; ... 17 more ...; primaryAssignmentFlag?: boolean | ... 3 more ... | undefined; }[]): PgInsertBase<...>', gave the following error.
    Object literal may only specify known properties, and 'tenantId' does not exist in type '{ tenantId: string | SQL<unknown> | Placeholder<string, any>; effectiveStartDate: string | SQL<unknown> | Placeholder<string, any>; personId: string | SQL<...> | Placeholder<...>; ... 17 more ...; primaryAssignmentFlag?: boolean | ... 3 more ... | undefined; }[]'.
scripts/verify_compliance_engine_v2.ts(122,28): error TS2339: Property 'length' does not exist on type '{ data: { id: string; ruleName: string | null; entityType: string | null; entityId: string | null; status: string | null; severity: string; description: string | null; createdAt: Date | null; remediationActions: unknown; }[]; total: number; page: number; limit: number; }'.
scripts/verify_compliance_engine_v2.ts(123,102): error TS2339: Property 'length' does not exist on type '{ data: { id: string; ruleName: string | null; entityType: string | null; entityId: string | null; status: string | null; severity: string; description: string | null; createdAt: Date | null; remediationActions: unknown; }[]; total: number; page: number; limit: number; }'.
scripts/verify_compliance_engine_v2.ts(134,28): error TS2339: Property 'length' does not exist on type '{ data: { id: string; ruleName: string | null; entityType: string | null; entityId: string | null; status: string | null; severity: string; description: string | null; createdAt: Date | null; remediationActions: unknown; }[]; total: number; page: number; limit: number; }'.
scripts/verify_compliance_velocity.ts(34,53): error TS2769: No overload matches this call.
  Overload 1 of 2, '(value: { tenantId: string | SQL<unknown> | Placeholder<string, any>; severity: string | SQL<unknown> | Placeholder<string, any>; id?: string | SQL<unknown> | Placeholder<...> | undefined; ... 8 more ...; resolutionNotes?: string | ... 3 more ... | undefined; }): PgInsertBase<...>', gave the following error.
    Object literal may only specify known properties, and 'entityType' does not exist in type '{ tenantId: string | SQL<unknown> | Placeholder<string, any>; severity: string | SQL<unknown> | Placeholder<string, any>; id?: string | SQL<unknown> | Placeholder<...> | undefined; ... 8 more ...; resolutionNotes?: string | ... 3 more ... | undefined; }'.
  Overload 2 of 2, '(values: { tenantId: string | SQL<unknown> | Placeholder<string, any>; severity: string | SQL<unknown> | Placeholder<string, any>; id?: string | SQL<unknown> | Placeholder<...> | undefined; ... 8 more ...; resolutionNotes?: string | ... 3 more ... | undefined; }[]): PgInsertBase<...>', gave the following error.
    Object literal may only specify known properties, and 'tenantId' does not exist in type '{ tenantId: string | SQL<unknown> | Placeholder<string, any>; severity: string | SQL<unknown> | Placeholder<string, any>; id?: string | SQL<unknown> | Placeholder<...> | undefined; ... 8 more ...; resolutionNotes?: string | ... 3 more ... | undefined; }[]'.
scripts/verify_construction_billing.ts(58,39): error TS2339: Property 'lines' does not exist on type '{ id: string; contractId: string; applicationNumber: number; periodStart: Date; periodEnd: Date; status: string | null; isLocked: boolean | null; totalCompleted: string | null; ... 9 more ...; createdAt: Date | null; }'.
scripts/verify_construction_billing.ts(65,32): error TS2339: Property 'lines' does not exist on type '{ id: string; contractId: string; applicationNumber: number; periodStart: Date; periodEnd: Date; status: string | null; isLocked: boolean | null; totalCompleted: string | null; ... 9 more ...; createdAt: Date | null; }'.
scripts/verify_construction_billing.ts(65,43): error TS7006: Parameter 'l' implicitly has an 'any' type.
scripts/verify_construction_core.ts(3,7): error TS2451: Cannot redeclare block-scoped variable 'BASE_URL'.
scripts/verify_construction_l15.ts(1,7): error TS2451: Cannot redeclare block-scoped variable 'BASE_URL'.
scripts/verify_contracts.ts(16,48): error TS2339: Property 'createContract' does not exist on type 'typeof ContractService'.
scripts/verify_contracts.ts(28,49): error TS2339: Property 'updateContract' does not exist on type 'typeof ContractService'.
scripts/verify_contracts.ts(32,48): error TS2339: Property 'getExpiringContracts' does not exist on type 'typeof ContractService'.
scripts/verify_contracts.ts(33,37): error TS7006: Parameter 'c' implicitly has an 'any' type.
scripts/verify_corrective_flow.ts(3,36): error TS2307: Cannot find module '../server/services/MaintenanceService' or its corresponding type declarations.
scripts/verify_corrective_flow.ts(16,49): error TS2769: No overload matches this call.
  Overload 1 of 2, '(value: { description: string | SQL<unknown> | Placeholder<string, any>; categoryId: string | SQL<unknown> | Placeholder<string, any>; assetNumber: string | SQL<...> | Placeholder<...>; ... 10 more ...; lastVerifiedAt?: Date | ... 3 more ... | undefined; }): PgInsertBase<...>', gave the following error.
    Argument of type '{ assetNumber: string; description: string; status: string; }' is not assignable to parameter of type '{ description: string | SQL<unknown> | Placeholder<string, any>; categoryId: string | SQL<unknown> | Placeholder<string, any>; assetNumber: string | SQL<...> | Placeholder<...>; ... 10 more ...; lastVerifiedAt?: Date | ... 3 more ... | undefined; }'.
      Property 'categoryId' is missing in type '{ assetNumber: string; description: string; status: string; }' but required in type '{ description: string | SQL<unknown> | Placeholder<string, any>; categoryId: string | SQL<unknown> | Placeholder<string, any>; assetNumber: string | SQL<...> | Placeholder<...>; ... 10 more ...; lastVerifiedAt?: Date | ... 3 more ... | undefined; }'.
  Overload 2 of 2, '(values: { description: string | SQL<unknown> | Placeholder<string, any>; categoryId: string | SQL<unknown> | Placeholder<string, any>; assetNumber: string | SQL<...> | Placeholder<...>; ... 10 more ...; lastVerifiedAt?: Date | ... 3 more ... | undefined; }[]): PgInsertBase<...>', gave the following error.
    Object literal may only specify known properties, and 'assetNumber' does not exist in type '{ description: string | SQL<unknown> | Placeholder<string, any>; categoryId: string | SQL<unknown> | Placeholder<string, any>; assetNumber: string | SQL<...> | Placeholder<...>; ... 10 more ...; lastVerifiedAt?: Date | ... 3 more ... | undefined; }[]'.
scripts/verify_cost_ai.ts(3,31): error TS2307: Cannot find module '@nestjs/typeorm' or its corresponding type declarations.
scripts/verify_cost_ai.ts(5,28): error TS2307: Cannot find module 'typeorm' or its corresponding type declarations.
scripts/verify_costing_drizzle.ts(137,13): error TS18046: 'e' is of type 'unknown'.
scripts/verify_costing_flow.ts(5,36): error TS2307: Cannot find module '../server/services/MaintenanceService' or its corresponding type declarations.
scripts/verify_costing_flow.ts(6,43): error TS2307: Cannot find module '../server/services/MaintenanceCostingService' or its corresponding type declarations.
scripts/verify_costing_flow.ts(59,33): error TS7006: Parameter 'c' implicitly has an 'any' type.
scripts/verify_cpq_flow.ts(18,53): error TS2769: No overload matches this call.
  Overload 1 of 2, '(value: { name: string | SQL<unknown> | Placeholder<string, any>; id?: string | SQL<unknown> | Placeholder<string, any> | undefined; description?: string | SQL<...> | Placeholder<...> | null | undefined; isActive?: number | ... 3 more ... | undefined; createdAt?: Date | ... 3 more ... | undefined; productCode?: string | ... 3 more ... | undefined; }): PgInsertBase<...>', gave the following error.
    Object literal may only specify known properties, and 'unitPrice' does not exist in type '{ name: string | SQL<unknown> | Placeholder<string, any>; id?: string | SQL<unknown> | Placeholder<string, any> | undefined; description?: string | SQL<unknown> | Placeholder<...> | null | undefined; isActive?: number | ... 3 more ... | undefined; createdAt?: Date | ... 3 more ... | undefined; productCode?: string |...'.
  Overload 2 of 2, '(values: { name: string | SQL<unknown> | Placeholder<string, any>; id?: string | SQL<unknown> | Placeholder<string, any> | undefined; description?: string | SQL<...> | Placeholder<...> | null | undefined; isActive?: number | ... 3 more ... | undefined; createdAt?: Date | ... 3 more ... | undefined; productCode?: string | ... 3 more ... | undefined; }[]): PgInsertBase<...>', gave the following error.
    Object literal may only specify known properties, and 'name' does not exist in type '{ name: string | SQL<unknown> | Placeholder<string, any>; id?: string | SQL<unknown> | Placeholder<string, any> | undefined; description?: string | SQL<unknown> | Placeholder<...> | null | undefined; isActive?: number | ... 3 more ... | undefined; createdAt?: Date | ... 3 more ... | undefined; productCode?: string |...'.
scripts/verify_credit_memos.ts(30,21): error TS2741: Property 'invoiceId' is missing in type '{ lineNumber: number; lineType: string; amount: string; description: string; }' but required in type '{ invoiceId: string; lineNumber: number; amount: string; id?: string | undefined; description?: string | null | undefined; createdAt?: Date | null | undefined; lineType?: string | undefined; ... 11 more ...; costComponentId?: string | ... 1 more ... | undefined; }'.
scripts/verify_credit_memos.ts(53,21): error TS2741: Property 'invoiceId' is missing in type '{ lineNumber: number; lineType: string; amount: string; description: string; }' but required in type '{ invoiceId: string; lineNumber: number; amount: string; id?: string | undefined; description?: string | null | undefined; createdAt?: Date | null | undefined; lineType?: string | undefined; ... 11 more ...; costComponentId?: string | ... 1 more ... | undefined; }'.
scripts/verify_credit_memos.ts(58,41): error TS2345: Argument of type 'string' is not assignable to parameter of type 'number'.
scripts/verify_cross_ledger.ts(84,88): error TS2339: Property 'journalName' does not exist on type '{ id: string; ledgerId: string; transactionSource: string | null; eventClassId: string | null; eventTypeId: string | null; entityId: string; entityTable: string; eventDate: Date; ... 7 more ...; createdAt: Date | null; }'.
scripts/verify_cvr.ts(15,101): error TS2339: Property 'ruleName' does not exist on type 'PgTableWithColumns<{ name: "gl_cross_validation_rules_v2"; schema: undefined; columns: { id: PgColumn<{ name: "id"; tableName: "gl_cross_validation_rules_v2"; dataType: "string"; columnType: "PgVarchar"; data: string; ... 9 more ...; generated: undefined; }, {}, { ...; }>; ... 10 more ...; createdAt: PgColumn<...>; ...'.
scripts/verify_cvr.ts(63,101): error TS2339: Property 'ruleName' does not exist on type 'PgTableWithColumns<{ name: "gl_cross_validation_rules_v2"; schema: undefined; columns: { id: PgColumn<{ name: "id"; tableName: "gl_cross_validation_rules_v2"; dataType: "string"; columnType: "PgVarchar"; data: string; ... 9 more ...; generated: undefined; }, {}, { ...; }>; ... 10 more ...; createdAt: PgColumn<...>; ...'.
scripts/verify_cvr_approvals.ts(43,49): error TS2769: No overload matches this call.
  Overload 1 of 2, '(value: { name: string | SQL<unknown> | Placeholder<string, any>; ledgerId: string | SQL<unknown> | Placeholder<string, any>; id?: string | SQL<unknown> | Placeholder<string, any> | undefined; ... 8 more ...; errorAction?: string | ... 3 more ... | undefined; }): PgInsertBase<...>', gave the following error.
    Object literal may only specify known properties, and 'ruleName' does not exist in type '{ name: string | SQL<unknown> | Placeholder<string, any>; ledgerId: string | SQL<unknown> | Placeholder<string, any>; id?: string | SQL<unknown> | Placeholder<string, any> | undefined; ... 8 more ...; errorAction?: string | ... 3 more ... | undefined; }'.
  Overload 2 of 2, '(values: { name: string | SQL<unknown> | Placeholder<string, any>; ledgerId: string | SQL<unknown> | Placeholder<string, any>; id?: string | SQL<unknown> | Placeholder<string, any> | undefined; ... 8 more ...; errorAction?: string | ... 3 more ... | undefined; }[]): PgInsertBase<...>', gave the following error.
    Object literal may only specify known properties, and 'ledgerId' does not exist in type '{ name: string | SQL<unknown> | Placeholder<string, any>; ledgerId: string | SQL<unknown> | Placeholder<string, any>; id?: string | SQL<unknown> | Placeholder<string, any> | undefined; ... 8 more ...; errorAction?: string | ... 3 more ... | undefined; }[]'.
scripts/verify_cvr_approvals.ts(58,58): error TS2345: Argument of type '{ journalNumber: string; ledgerId: string; periodId: string; description: string; status: "Draft"; approvalStatus: "Not Required"; }' is not assignable to parameter of type '{ currencyCode: string; journalNumber: string; source?: string | undefined; id?: string | undefined; autoReverse?: boolean | null | undefined; status?: "Draft" | "Processing" | "Posted" | undefined; ... 8 more ...; postedDate?: Date | ... 1 more ... | undefined; }'.
  Property 'currencyCode' is missing in type '{ journalNumber: string; ledgerId: string; periodId: string; description: string; status: "Draft"; approvalStatus: "Not Required"; }' but required in type '{ currencyCode: string; journalNumber: string; source?: string | undefined; id?: string | undefined; autoReverse?: boolean | null | undefined; status?: "Draft" | "Processing" | "Posted" | undefined; ... 8 more ...; postedDate?: Date | ... 1 more ... | undefined; }'.
scripts/verify_cvr_approvals.ts(107,63): error TS2345: Argument of type '{ journalNumber: string; ledgerId: string; periodId: string; description: string; status: "Draft"; approvalStatus: "Required"; }' is not assignable to parameter of type '{ currencyCode: string; journalNumber: string; source?: string | undefined; id?: string | undefined; autoReverse?: boolean | null | undefined; status?: "Draft" | "Processing" | "Posted" | undefined; ... 8 more ...; postedDate?: Date | ... 1 more ... | undefined; }'.
  Property 'currencyCode' is missing in type '{ journalNumber: string; ledgerId: string; periodId: string; description: string; status: "Draft"; approvalStatus: "Required"; }' but required in type '{ currencyCode: string; journalNumber: string; source?: string | undefined; id?: string | undefined; autoReverse?: boolean | null | undefined; status?: "Draft" | "Processing" | "Posted" | undefined; ... 8 more ...; postedDate?: Date | ... 1 more ... | undefined; }'.
scripts/verify_deep_integrations.ts(23,36): error TS2769: No overload matches this call.
  Overload 1 of 2, '(value: { itemNumber: string | SQL<unknown> | Placeholder<string, any>; id?: string | SQL<unknown> | Placeholder<string, any> | undefined; description?: string | SQL<...> | Placeholder<...> | null | undefined; ... 5 more ...; maxQuantity?: string | ... 3 more ... | undefined; }): PgInsertBase<...>', gave the following error.
    Object literal may only specify known properties, and 'itemName' does not exist in type '{ itemNumber: string | SQL<unknown> | Placeholder<string, any>; id?: string | SQL<unknown> | Placeholder<string, any> | undefined; description?: string | SQL<...> | Placeholder<...> | null | undefined; ... 5 more ...; maxQuantity?: string | ... 3 more ... | undefined; }'.
  Overload 2 of 2, '(values: { itemNumber: string | SQL<unknown> | Placeholder<string, any>; id?: string | SQL<unknown> | Placeholder<string, any> | undefined; description?: string | SQL<...> | Placeholder<...> | null | undefined; ... 5 more ...; maxQuantity?: string | ... 3 more ... | undefined; }[]): PgInsertBase<...>', gave the following error.
    Object literal may only specify known properties, and 'id' does not exist in type '{ itemNumber: string | SQL<unknown> | Placeholder<string, any>; id?: string | SQL<unknown> | Placeholder<string, any> | undefined; description?: string | SQL<...> | Placeholder<...> | null | undefined; ... 5 more ...; maxQuantity?: string | ... 3 more ... | undefined; }[]'.
scripts/verify_drizzle.ts(12,41): error TS2339: Property 'useFactory' does not exist on type 'Provider'.
  Property 'useFactory' does not exist on type 'Type<any>'.
scripts/verify_enterprise_billing.ts(117,23): error TS18048: 'batchResult.invoiceIds' is possibly 'undefined'.
scripts/verify_epm_foundation.ts(4,31): error TS2307: Cannot find module '@nestjs/typeorm' or its corresponding type declarations.
scripts/verify_epm_phase2.ts(4,10): error TS2724: '"../backend/src/modules/epm/gl-integration.service"' has no exported member named 'GLIntegrationService'. Did you mean 'EpmGLIntegrationService'?
scripts/verify_epm_phase2.ts(6,28): error TS2307: Cannot find module 'typeorm' or its corresponding type declarations.
scripts/verify_epm_phase2.ts(7,27): error TS2307: Cannot find module '../backend/src/modules/finance/entities/gl-balance.entity' or its corresponding type declarations.
scripts/verify_epm_phase2.ts(8,26): error TS2307: Cannot find module '../backend/src/modules/epm/entities/plan-unit.entity' or its corresponding type declarations.
scripts/verify_epm_phase2.ts(9,30): error TS2307: Cannot find module '../backend/src/modules/epm/entities/plan-scenario.entity' or its corresponding type declarations.
scripts/verify_epm_phase2.ts(10,29): error TS2307: Cannot find module '../backend/src/modules/epm/entities/plan-version.entity' or its corresponding type declarations.
scripts/verify_epm_phase2.ts(68,78): error TS2561: Object literal may only specify known properties, but 'accountId' does not exist in type 'Partial<{ currency: string | null; id: string; region: string | null; status: string | null; createdAt: Date | null; updatedAt: Date | null; entityId: string | null; amount: string | null; ... 6 more ...; project: string | null; }>'. Did you mean to write 'account'?
scripts/verify_epm_phase2_draft.ts(4,10): error TS2724: '"../backend/src/modules/epm/gl-integration.service"' has no exported member named 'GLIntegrationService'. Did you mean 'EpmGLIntegrationService'?
scripts/verify_epm_phase2_draft.ts(11,28): error TS2307: Cannot find module 'typeorm' or its corresponding type declarations.
scripts/verify_epm_phase2_draft.ts(12,27): error TS2307: Cannot find module '../backend/src/modules/finance/entities/gl-balance.entity' or its corresponding type declarations.
scripts/verify_epm_phase2_draft.ts(13,26): error TS2307: Cannot find module '../backend/src/modules/epm/entities/plan-unit.entity' or its corresponding type declarations.
scripts/verify_epm_phase2_draft.ts(14,30): error TS2307: Cannot find module '../backend/src/modules/epm/entities/plan-scenario.entity' or its corresponding type declarations.
scripts/verify_epm_phase2_draft.ts(15,29): error TS2307: Cannot find module '../backend/src/modules/epm/entities/plan-version.entity' or its corresponding type declarations.
scripts/verify_epm_phase3.ts(4,31): error TS2307: Cannot find module '@nestjs/typeorm' or its corresponding type declarations.
scripts/verify_epm_phase3.ts(9,30): error TS2307: Cannot find module '../backend/src/modules/epm/entities/plan-position.entity' or its corresponding type declarations.
scripts/verify_epm_phase3.ts(10,27): error TS2307: Cannot find module '../backend/src/modules/epm/entities/plan-asset.entity' or its corresponding type declarations.
scripts/verify_epm_phase4.ts(4,31): error TS2307: Cannot find module '@nestjs/typeorm' or its corresponding type declarations.
scripts/verify_epm_phase4.ts(9,26): error TS2307: Cannot find module '../backend/src/modules/epm/entities/plan-unit.entity' or its corresponding type declarations.
scripts/verify_epm_phase4.ts(10,26): error TS2307: Cannot find module '../backend/src/modules/epm/entities/epm-audit.entity' or its corresponding type declarations.
scripts/verify_event_creation.ts(17,42): error TS2769: No overload matches this call.
  Overload 1 of 2, '(value: { customerId: string | SQL<unknown> | Placeholder<string, any>; currency?: string | SQL<unknown> | Placeholder<string, any> | null | undefined; id?: string | ... 2 more ... | undefined; ... 7 more ...; emailInvoices?: boolean | ... 3 more ... | undefined; }): PgInsertBase<...>', gave the following error.
    Object literal may only specify known properties, and 'customerName' does not exist in type '{ customerId: string | SQL<unknown> | Placeholder<string, any>; currency?: string | SQL<unknown> | Placeholder<string, any> | null | undefined; id?: string | SQL<...> | Placeholder<...> | undefined; ... 7 more ...; emailInvoices?: boolean | ... 3 more ... | undefined; }'.
  Overload 2 of 2, '(values: { customerId: string | SQL<unknown> | Placeholder<string, any>; currency?: string | SQL<unknown> | Placeholder<string, any> | null | undefined; id?: string | ... 2 more ... | undefined; ... 7 more ...; emailInvoices?: boolean | ... 3 more ... | undefined; }[]): PgInsertBase<...>', gave the following error.
    Object literal may only specify known properties, and 'id' does not exist in type '{ customerId: string | SQL<unknown> | Placeholder<string, any>; currency?: string | SQL<unknown> | Placeholder<string, any> | null | undefined; id?: string | SQL<...> | Placeholder<...> | undefined; ... 7 more ...; emailInvoices?: boolean | ... 3 more ... | undefined; }[]'.
scripts/verify_expense_full_flow.ts(32,64): error TS2551: Property 'valid' does not exist on type '{ isValid: boolean; violations: string[]; confidenceScore: number; }'. Did you mean 'isValid'?
scripts/verify_fa_lifecycle.ts(53,73): error TS2339: Property 'originalCost' does not exist on type '{ id: string; status: string | null; description: string; createdAt: Date | null; parentId: string | null; serialNumber: string | null; categoryId: string; assetNumber: string; ... 5 more ...; lastVerifiedAt: Date | null; }'.
scripts/verify_fa_lifecycle.ts(60,21): error TS2339: Property 'length' does not exist on type '{ success: boolean; status: string; message: string; }'.
scripts/verify_fa_lifecycle.ts(61,25): error TS7053: Element implicitly has an 'any' type because expression of type '0' can't be used to index type '{ success: boolean; status: string; message: string; }'.
  Property '0' does not exist on type '{ success: boolean; status: string; message: string; }'.
scripts/verify_fa_lifecycle.ts(75,85): error TS2339: Property 'assetId' does not exist on type 'PgTableWithColumns<{ name: "fa_transactions"; schema: undefined; columns: { id: PgColumn<{ name: "id"; tableName: "fa_transactions"; dataType: "string"; columnType: "PgVarchar"; data: string; driverParam: string; notNull: true; ... 7 more ...; generated: undefined; }, {}, { ...; }>; ... 8 more ...; createdAt: PgColu...'.
scripts/verify_fa_phase3.ts(64,13): error TS2353: Object literal may only specify known properties, and 'periodName' does not exist in type '{ bookId: string; retirementDate: Date; proceeds: number; removalCost: number; }'.
scripts/verify_fa_phase5.ts(32,101): error TS2769: No overload matches this call.
  Overload 1 of 3, '(left: PgColumn<{ name: "book_id"; tableName: "fa_asset_books"; dataType: "string"; columnType: "PgVarchar"; data: string; driverParam: string; notNull: true; hasDefault: false; isPrimaryKey: false; isAutoincrement: false; ... 4 more ...; generated: undefined; }, {}, { ...; }>, right: string | SQLWrapper): SQL<...>', gave the following error.
    Argument of type 'string | null' is not assignable to parameter of type 'string | SQLWrapper'.
      Type 'null' is not assignable to type 'string | SQLWrapper'.
  Overload 2 of 3, '(left: Aliased<string | null>, right: string | SQLWrapper | null): SQL<unknown>', gave the following error.
    Argument of type 'PgColumn<{ name: "book_id"; tableName: "fa_asset_books"; dataType: "string"; columnType: "PgVarchar"; data: string; driverParam: string; notNull: true; hasDefault: false; isPrimaryKey: false; isAutoincrement: false; ... 4 more ...; generated: undefined; }, {}, { ...; }>' is not assignable to parameter of type 'Aliased<string | null>'.
      Type 'PgColumn<{ name: "book_id"; tableName: "fa_asset_books"; dataType: "string"; columnType: "PgVarchar"; data: string; driverParam: string; notNull: true; hasDefault: false; isPrimaryKey: false; isAutoincrement: false; ... 4 more ...; generated: undefined; }, {}, { ...; }>' is missing the following properties from type 'Aliased<string | null>': sql, fieldAlias
  Overload 3 of 3, '(left: never, right: unknown): SQL<unknown>', gave the following error.
    Argument of type 'PgColumn<{ name: "book_id"; tableName: "fa_asset_books"; dataType: "string"; columnType: "PgVarchar"; data: string; driverParam: string; notNull: true; hasDefault: false; isPrimaryKey: false; isAutoincrement: false; ... 4 more ...; generated: undefined; }, {}, { ...; }>' is not assignable to parameter of type 'never'.
scripts/verify_fa_phase5.ts(55,9): error TS2322: Type 'string | null' is not assignable to type 'string'.
  Type 'null' is not assignable to type 'string'.
scripts/verify_fa_phase6.ts(66,56): error TS2345: Argument of type 'string | null' is not assignable to parameter of type 'string'.
  Type 'null' is not assignable to type 'string'.
scripts/verify_fa_retirement.ts(49,13): error TS2769: No overload matches this call.
  Overload 1 of 2, '(value: { amount: string | SQL<unknown> | Placeholder<string, any>; periodName: string | SQL<unknown> | Placeholder<string, any>; assetBookId: string | SQL<...> | Placeholder<...>; ... 5 more ...; isPostedToGl?: boolean | ... 3 more ... | undefined; }): PgInsertBase<...>', gave the following error.
    Object literal may only specify known properties, and 'assetId' does not exist in type '{ amount: string | SQL<unknown> | Placeholder<string, any>; periodName: string | SQL<unknown> | Placeholder<string, any>; assetBookId: string | SQL<unknown> | Placeholder<...>; ... 5 more ...; isPostedToGl?: boolean | ... 3 more ... | undefined; }'.
  Overload 2 of 2, '(values: { amount: string | SQL<unknown> | Placeholder<string, any>; periodName: string | SQL<unknown> | Placeholder<string, any>; assetBookId: string | SQL<...> | Placeholder<...>; ... 5 more ...; isPostedToGl?: boolean | ... 3 more ... | undefined; }[]): PgInsertBase<...>', gave the following error.
    Object literal may only specify known properties, and 'assetId' does not exist in type '{ amount: string | SQL<unknown> | Placeholder<string, any>; periodName: string | SQL<unknown> | Placeholder<string, any>; assetBookId: string | SQL<unknown> | Placeholder<...>; ... 5 more ...; isPostedToGl?: boolean | ... 3 more ... | undefined; }[]'.
scripts/verify_fa_retirement.ts(60,66): error TS2345: Argument of type '{ retirementDate: Date; proceeds: number; removalCost: number; }' is not assignable to parameter of type '{ bookId: string; retirementDate: Date; proceeds: number; removalCost: number; }'.
  Property 'bookId' is missing in type '{ retirementDate: Date; proceeds: number; removalCost: number; }' but required in type '{ bookId: string; retirementDate: Date; proceeds: number; removalCost: number; }'.
scripts/verify_final_cleanup.ts(37,84): error TS18046: 'e' is of type 'unknown'.
scripts/verify_fsg_formulas.ts(60,64): error TS2345: Argument of type '{ name: string; description: string; ledgerId: string; }' is not assignable to parameter of type '{ name: string; rowSetId: string; columnSetId: string; enabled?: boolean | null | undefined; id?: string | undefined; description?: string | null | undefined; createdAt?: Date | null | undefined; ledgerId?: string | ... 1 more ... | undefined; }'.
  Type '{ name: string; description: string; ledgerId: string; }' is missing the following properties from type '{ name: string; rowSetId: string; columnSetId: string; enabled?: boolean | null | undefined; id?: string | undefined; description?: string | null | undefined; createdAt?: Date | null | undefined; ledgerId?: string | ... 1 more ... | undefined; }': rowSetId, columnSetId
scripts/verify_fsg_formulas.ts(68,13): error TS2353: Object literal may only specify known properties, and 'reportId' does not exist in type '{ description: string; rowSetId: string; rowNumber: number; id?: string | undefined; createdAt?: Date | null | undefined; rowType?: string | undefined; accountFilterMin?: string | null | undefined; ... 4 more ...; inverseSign?: boolean | ... 1 more ... | undefined; }'.
scripts/verify_fsg_formulas.ts(78,13): error TS2353: Object literal may only specify known properties, and 'reportId' does not exist in type '{ description: string; rowSetId: string; rowNumber: number; id?: string | undefined; createdAt?: Date | null | undefined; rowType?: string | undefined; accountFilterMin?: string | null | undefined; ... 4 more ...; inverseSign?: boolean | ... 1 more ... | undefined; }'.
scripts/verify_fsg_formulas.ts(88,13): error TS2353: Object literal may only specify known properties, and 'reportId' does not exist in type '{ description: string; rowSetId: string; rowNumber: number; id?: string | undefined; createdAt?: Date | null | undefined; rowType?: string | undefined; accountFilterMin?: string | null | undefined; ... 4 more ...; inverseSign?: boolean | ... 1 more ... | undefined; }'.
scripts/verify_fsg_formulas.ts(97,13): error TS2353: Object literal may only specify known properties, and 'reportId' does not exist in type '{ columnSetId: string; columnNumber: number; columnHeader: string; id?: string | undefined; createdAt?: Date | null | undefined; amountType?: string | null | undefined; currencyType?: string | ... 1 more ... | undefined; periodOffset?: number | ... 1 more ... | undefined; }'.
scripts/verify_gl_master_data.ts(25,49): error TS2769: No overload matches this call.
  Overload 1 of 2, '(value: { name: string | SQL<unknown> | Placeholder<string, any>; ledgerId: string | SQL<unknown> | Placeholder<string, any>; id?: string | SQL<unknown> | Placeholder<string, any> | undefined; ... 8 more ...; errorAction?: string | ... 3 more ... | undefined; }): PgInsertBase<...>', gave the following error.
    Object literal may only specify known properties, and 'ruleName' does not exist in type '{ name: string | SQL<unknown> | Placeholder<string, any>; ledgerId: string | SQL<unknown> | Placeholder<string, any>; id?: string | SQL<unknown> | Placeholder<string, any> | undefined; ... 8 more ...; errorAction?: string | ... 3 more ... | undefined; }'.
  Overload 2 of 2, '(values: { name: string | SQL<unknown> | Placeholder<string, any>; ledgerId: string | SQL<unknown> | Placeholder<string, any>; id?: string | SQL<unknown> | Placeholder<string, any> | undefined; ... 8 more ...; errorAction?: string | ... 3 more ... | undefined; }[]): PgInsertBase<...>', gave the following error.
    Object literal may only specify known properties, and 'ledgerId' does not exist in type '{ name: string | SQL<unknown> | Placeholder<string, any>; ledgerId: string | SQL<unknown> | Placeholder<string, any>; id?: string | SQL<unknown> | Placeholder<string, any> | undefined; ... 8 more ...; errorAction?: string | ... 3 more ... | undefined; }[]'.
scripts/verify_gl_reporting.ts(31,19): error TS2551: Property 'createFsgRow' does not exist on type 'DatabaseStorage'. Did you mean 'createFsgRowSet'?
scripts/verify_gl_reporting.ts(41,19): error TS2551: Property 'createFsgRow' does not exist on type 'DatabaseStorage'. Did you mean 'createFsgRowSet'?
scripts/verify_gl_reporting.ts(52,19): error TS2551: Property 'createFsgColumn' does not exist on type 'DatabaseStorage'. Did you mean 'createFsgColumnSet'?
scripts/verify_gl_reporting.ts(61,19): error TS2551: Property 'createFsgColumn' does not exist on type 'DatabaseStorage'. Did you mean 'createFsgColumnSet'?
scripts/verify_gl_security.ts(40,49): error TS2769: No overload matches this call.
  Overload 1 of 2, '(value: { name: string | SQL<unknown> | Placeholder<string, any>; ledgerId: string | SQL<unknown> | Placeholder<string, any>; id?: string | SQL<unknown> | Placeholder<string, any> | undefined; ... 8 more ...; errorAction?: string | ... 3 more ... | undefined; }): PgInsertBase<...>', gave the following error.
    Object literal may only specify known properties, and 'ruleName' does not exist in type '{ name: string | SQL<unknown> | Placeholder<string, any>; ledgerId: string | SQL<unknown> | Placeholder<string, any>; id?: string | SQL<unknown> | Placeholder<string, any> | undefined; ... 8 more ...; errorAction?: string | ... 3 more ... | undefined; }'.
  Overload 2 of 2, '(values: { name: string | SQL<unknown> | Placeholder<string, any>; ledgerId: string | SQL<unknown> | Placeholder<string, any>; id?: string | SQL<unknown> | Placeholder<string, any> | undefined; ... 8 more ...; errorAction?: string | ... 3 more ... | undefined; }[]): PgInsertBase<...>', gave the following error.
    Object literal may only specify known properties, and 'id' does not exist in type '{ name: string | SQL<unknown> | Placeholder<string, any>; ledgerId: string | SQL<unknown> | Placeholder<string, any>; id?: string | SQL<unknown> | Placeholder<string, any> | undefined; ... 8 more ...; errorAction?: string | ... 3 more ... | undefined; }[]'.
scripts/verify_gl_security.ts(116,44): error TS2345: Argument of type '{ id: `${string}-${string}-${string}-${string}-${string}`; ledgerId: string; periodId: string; journalNumber: string; source: string; status: "Draft"; approvalStatus: "Not Required"; }' is not assignable to parameter of type '{ currencyCode: string; journalNumber: string; source?: string | undefined; id?: string | undefined; autoReverse?: boolean | null | undefined; status?: "Draft" | "Processing" | "Posted" | undefined; ... 8 more ...; postedDate?: Date | ... 1 more ... | undefined; }'.
  Property 'currencyCode' is missing in type '{ id: `${string}-${string}-${string}-${string}-${string}`; ledgerId: string; periodId: string; journalNumber: string; source: string; status: "Draft"; approvalStatus: "Not Required"; }' but required in type '{ currencyCode: string; journalNumber: string; source?: string | undefined; id?: string | undefined; autoReverse?: boolean | null | undefined; status?: "Draft" | "Processing" | "Posted" | undefined; ... 8 more ...; postedDate?: Date | ... 1 more ... | undefined; }'.
scripts/verify_gl_security.ts(135,44): error TS2345: Argument of type '{ id: `${string}-${string}-${string}-${string}-${string}`; ledgerId: string; periodId: string; journalNumber: string; description: string; source: string; status: "Draft"; approvalStatus: "Not Required"; }' is not assignable to parameter of type '{ currencyCode: string; journalNumber: string; source?: string | undefined; id?: string | undefined; autoReverse?: boolean | null | undefined; status?: "Draft" | "Processing" | "Posted" | undefined; ... 8 more ...; postedDate?: Date | ... 1 more ... | undefined; }'.
  Property 'currencyCode' is missing in type '{ id: `${string}-${string}-${string}-${string}-${string}`; ledgerId: string; periodId: string; journalNumber: string; description: string; source: string; status: "Draft"; approvalStatus: "Not Required"; }' but required in type '{ currencyCode: string; journalNumber: string; source?: string | undefined; id?: string | undefined; autoReverse?: boolean | null | undefined; status?: "Draft" | "Processing" | "Posted" | undefined; ... 8 more ...; postedDate?: Date | ... 1 more ... | undefined; }'.
scripts/verify_hcm_integration_tier1.ts(75,59): error TS2769: No overload matches this call.
  Overload 1 of 2, '(value: { code: string | SQL<unknown> | Placeholder<string, any>; name: string | SQL<unknown> | Placeholder<string, any>; tenantId: string | SQL<unknown> | Placeholder<...>; ... 6 more ...; annualizationFactor?: string | ... 3 more ... | undefined; }): PgInsertBase<...>', gave the following error.
    Object literal may only specify known properties, and 'period' does not exist in type '{ code: string | SQL<unknown> | Placeholder<string, any>; name: string | SQL<unknown> | Placeholder<string, any>; tenantId: string | SQL<unknown> | Placeholder<string, any>; ... 6 more ...; annualizationFactor?: string | ... 3 more ... | undefined; }'.
  Overload 2 of 2, '(values: { code: string | SQL<unknown> | Placeholder<string, any>; name: string | SQL<unknown> | Placeholder<string, any>; tenantId: string | SQL<unknown> | Placeholder<...>; ... 6 more ...; annualizationFactor?: string | ... 3 more ... | undefined; }[]): PgInsertBase<...>', gave the following error.
    Object literal may only specify known properties, and 'tenantId' does not exist in type '{ code: string | SQL<unknown> | Placeholder<string, any>; name: string | SQL<unknown> | Placeholder<string, any>; tenantId: string | SQL<unknown> | Placeholder<string, any>; ... 6 more ...; annualizationFactor?: string | ... 3 more ... | undefined; }[]'.
scripts/verify_hcm_integration_tier1.ts(79,57): error TS2769: No overload matches this call.
  Overload 1 of 2, '(value: { currency: string | SQL<unknown> | Placeholder<string, any>; tenantId: string | SQL<unknown> | Placeholder<string, any>; amount: string | SQL<unknown> | Placeholder<...>; ... 9 more ...; nextReviewDate?: string | ... 3 more ... | undefined; }): PgInsertBase<...>', gave the following error.
    Object literal may only specify known properties, and 'isActive' does not exist in type '{ currency: string | SQL<unknown> | Placeholder<string, any>; tenantId: string | SQL<unknown> | Placeholder<string, any>; amount: string | SQL<unknown> | Placeholder<...>; ... 9 more ...; nextReviewDate?: string | ... 3 more ... | undefined; }'.
  Overload 2 of 2, '(values: { currency: string | SQL<unknown> | Placeholder<string, any>; tenantId: string | SQL<unknown> | Placeholder<string, any>; amount: string | SQL<unknown> | Placeholder<...>; ... 9 more ...; nextReviewDate?: string | ... 3 more ... | undefined; }[]): PgInsertBase<...>', gave the following error.
    Object literal may only specify known properties, and 'tenantId' does not exist in type '{ currency: string | SQL<unknown> | Placeholder<string, any>; tenantId: string | SQL<unknown> | Placeholder<string, any>; amount: string | SQL<unknown> | Placeholder<...>; ... 9 more ...; nextReviewDate?: string | ... 3 more ... | undefined; }[]'.
scripts/verify_hcm_integration_tier1.ts(97,37): error TS2769: No overload matches this call.
  Overload 1 of 2, '(value: { date: string | SQL<unknown> | Placeholder<string, any>; tenantId: string | SQL<unknown> | Placeholder<string, any>; durationMinutes: number | SQL<...> | Placeholder<...>; ... 8 more ...; timeType?: string | ... 3 more ... | undefined; }): PgInsertBase<...>', gave the following error.
    Object literal may only specify known properties, and 'status' does not exist in type '{ date: string | SQL<unknown> | Placeholder<string, any>; tenantId: string | SQL<unknown> | Placeholder<string, any>; durationMinutes: number | SQL<unknown> | Placeholder<...>; ... 8 more ...; timeType?: string | ... 3 more ... | undefined; }'.
  Overload 2 of 2, '(values: { date: string | SQL<unknown> | Placeholder<string, any>; tenantId: string | SQL<unknown> | Placeholder<string, any>; durationMinutes: number | SQL<...> | Placeholder<...>; ... 8 more ...; timeType?: string | ... 3 more ... | undefined; }[]): PgInsertBase<...>', gave the following error.
    Object literal may only specify known properties, and 'tenantId' does not exist in type '{ date: string | SQL<unknown> | Placeholder<string, any>; tenantId: string | SQL<unknown> | Placeholder<string, any>; durationMinutes: number | SQL<unknown> | Placeholder<...>; ... 8 more ...; timeType?: string | ... 3 more ... | undefined; }[]'.
scripts/verify_hcm_integration_tier1.ts(107,54): error TS2769: No overload matches this call.
  Overload 1 of 2, '(value: { name: string | SQL<unknown> | Placeholder<string, any>; tenantId: string | SQL<unknown> | Placeholder<string, any>; frequency: string | SQL<unknown> | Placeholder<...>; id?: string | ... 2 more ... | undefined; status?: string | ... 3 more ... | undefined; createdAt?: Date | ... 3 more ... | undefined; legislativeDataGroupId?: string | ... 3 more ... | undefined; }): PgInsertBase<...>', gave the following error.
    Object literal may only specify known properties, and 'code' does not exist in type '{ name: string | SQL<unknown> | Placeholder<string, any>; tenantId: string | SQL<unknown> | Placeholder<string, any>; frequency: string | SQL<unknown> | Placeholder<...>; id?: string | ... 2 more ... | undefined; status?: string | ... 3 more ... | undefined; createdAt?: Date | ... 3 more ... | undefined; legislative...'.
  Overload 2 of 2, '(values: { name: string | SQL<unknown> | Placeholder<string, any>; tenantId: string | SQL<unknown> | Placeholder<string, any>; frequency: string | SQL<unknown> | Placeholder<...>; id?: string | ... 2 more ... | undefined; status?: string | ... 3 more ... | undefined; createdAt?: Date | ... 3 more ... | undefined; legislativeDataGroupId?: string | ... 3 more ... | undefined; }[]): PgInsertBase<...>', gave the following error.
    Object literal may only specify known properties, and 'tenantId' does not exist in type '{ name: string | SQL<unknown> | Placeholder<string, any>; tenantId: string | SQL<unknown> | Placeholder<string, any>; frequency: string | SQL<unknown> | Placeholder<...>; id?: string | ... 2 more ... | undefined; status?: string | ... 3 more ... | undefined; createdAt?: Date | ... 3 more ... | undefined; legislative...'.
scripts/verify_hcm_integration_tier1.ts(111,51): error TS2769: No overload matches this call.
  Overload 1 of 2, '(value: { tenantId: string | SQL<unknown> | Placeholder<string, any>; paymentDate: string | SQL<unknown> | Placeholder<string, any>; periodName: string | SQL<...> | Placeholder<...>; ... 8 more ...; totalNet?: string | ... 3 more ... | undefined; }): PgInsertBase<...>', gave the following error.
    Object literal may only specify known properties, and 'runType' does not exist in type '{ tenantId: string | SQL<unknown> | Placeholder<string, any>; paymentDate: string | SQL<unknown> | Placeholder<string, any>; periodName: string | SQL<unknown> | Placeholder<...>; ... 8 more ...; totalNet?: string | ... 3 more ... | undefined; }'.
  Overload 2 of 2, '(values: { tenantId: string | SQL<unknown> | Placeholder<string, any>; paymentDate: string | SQL<unknown> | Placeholder<string, any>; periodName: string | SQL<...> | Placeholder<...>; ... 8 more ...; totalNet?: string | ... 3 more ... | undefined; }[]): PgInsertBase<...>', gave the following error.
    Object literal may only specify known properties, and 'tenantId' does not exist in type '{ tenantId: string | SQL<unknown> | Placeholder<string, any>; paymentDate: string | SQL<unknown> | Placeholder<string, any>; periodName: string | SQL<unknown> | Placeholder<...>; ... 8 more ...; totalNet?: string | ... 3 more ... | undefined; }[]'.
scripts/verify_hcm_integration_tier1.ts(131,50): error TS2769: No overload matches this call.
  Overload 1 of 2, '(value: { tenantId: string | SQL<unknown> | Placeholder<string, any>; amount: string | SQL<unknown> | Placeholder<string, any>; assignmentId: string | SQL<unknown> | Placeholder<...>; ... 5 more ...; ytdAmount?: string | ... 3 more ... | undefined; }): PgInsertBase<...>', gave the following error.
    Argument of type '{ tenantId: string; payrollRunId: string; assignmentId: string; elementId: string; elementName: string; classification: string; amount: string; }[]' is not assignable to parameter of type '{ tenantId: string | SQL<unknown> | Placeholder<string, any>; amount: string | SQL<unknown> | Placeholder<string, any>; assignmentId: string | SQL<unknown> | Placeholder<...>; ... 5 more ...; ytdAmount?: string | ... 3 more ... | undefined; }'.
      Type '{ tenantId: string; payrollRunId: string; assignmentId: string; elementId: string; elementName: string; classification: string; amount: string; }[]' is missing the following properties from type '{ tenantId: string | SQL<unknown> | Placeholder<string, any>; amount: string | SQL<unknown> | Placeholder<string, any>; assignmentId: string | SQL<unknown> | Placeholder<...>; ... 5 more ...; ytdAmount?: string | ... 3 more ... | undefined; }': tenantId, amount, assignmentId, payrollRunId, elementId
scripts/verify_hr_migration.ts(78,13): error TS18046: 'e' is of type 'unknown'.
scripts/verify_intercompany.ts(39,17): error TS2561: Object literal may only specify known properties, but 'periodNum' does not exist in type '{ periodName: string; startDate: Date; endDate: Date; fiscalYear: number; id?: string | undefined; status?: "Open" | "Closed" | "Future-Entry" | undefined; ledgerId?: string | undefined; }'. Did you mean to write 'periodName'?
scripts/verify_intercompany.ts(56,17): error TS2353: Object literal may only specify known properties, and 'enabled' does not exist in type '{ code: string; ledgerId: string; id?: string | undefined; enabledFlag?: boolean | null | undefined; accountType?: string | null | undefined; startDateActive?: Date | null | undefined; ... 11 more ...; summaryFlag?: boolean | ... 1 more ... | undefined; }'.
scripts/verify_intercompany.ts(77,13): error TS1117: An object literal cannot have multiple properties with the same name.
scripts/verify_intercompany.ts(86,17): error TS2353: Object literal may only specify known properties, and 'name' does not exist in type '{ currencyCode: string; journalNumber: string; source?: string | undefined; id?: string | undefined; autoReverse?: boolean | null | undefined; status?: "Draft" | "Processing" | "Posted" | undefined; ... 8 more ...; postedDate?: Date | ... 1 more ... | undefined; }'.
scripts/verify_inventory_sla.ts(13,37): error TS2769: No overload matches this call.
  Overload 1 of 2, '(value: { orgId: string | SQL<unknown> | Placeholder<string, any>; customerId: string | SQL<unknown> | Placeholder<string, any>; orderNumber: string | SQL<unknown> | Placeholder<...>; ... 13 more ...; shippingMethod?: string | ... 3 more ... | undefined; }): PgInsertBase<...>', gave the following error.
    Object literal may only specify known properties, and 'currencyCode' does not exist in type '{ orgId: string | SQL<unknown> | Placeholder<string, any>; customerId: string | SQL<unknown> | Placeholder<string, any>; orderNumber: string | SQL<unknown> | Placeholder<...>; ... 13 more ...; shippingMethod?: string | ... 3 more ... | undefined; }'.
  Overload 2 of 2, '(values: { orgId: string | SQL<unknown> | Placeholder<string, any>; customerId: string | SQL<unknown> | Placeholder<string, any>; orderNumber: string | SQL<unknown> | Placeholder<...>; ... 13 more ...; shippingMethod?: string | ... 3 more ... | undefined; }[]): PgInsertBase<...>', gave the following error.
    Object literal may only specify known properties, and 'id' does not exist in type '{ orgId: string | SQL<unknown> | Placeholder<string, any>; customerId: string | SQL<unknown> | Placeholder<string, any>; orderNumber: string | SQL<unknown> | Placeholder<...>; ... 13 more ...; shippingMethod?: string | ... 3 more ... | undefined; }[]'.
scripts/verify_inventory_sla.ts(26,35): error TS2769: No overload matches this call.
  Overload 1 of 2, '(value: { orgId: string | SQL<unknown> | Placeholder<string, any>; lineNumber: number | SQL<unknown> | Placeholder<string, any>; itemId: string | SQL<unknown> | Placeholder<...>; ... 12 more ...; extendedAmount?: string | ... 3 more ... | undefined; }): PgInsertBase<...>', gave the following error.
    Object literal may only specify known properties, and 'amount' does not exist in type '{ orgId: string | SQL<unknown> | Placeholder<string, any>; lineNumber: number | SQL<unknown> | Placeholder<string, any>; itemId: string | SQL<unknown> | Placeholder<...>; ... 12 more ...; extendedAmount?: string | ... 3 more ... | undefined; }'.
  Overload 2 of 2, '(values: { orgId: string | SQL<unknown> | Placeholder<string, any>; lineNumber: number | SQL<unknown> | Placeholder<string, any>; itemId: string | SQL<unknown> | Placeholder<...>; ... 12 more ...; extendedAmount?: string | ... 3 more ... | undefined; }[]): PgInsertBase<...>', gave the following error.
    Object literal may only specify known properties, and 'id' does not exist in type '{ orgId: string | SQL<unknown> | Placeholder<string, any>; lineNumber: number | SQL<unknown> | Placeholder<string, any>; itemId: string | SQL<unknown> | Placeholder<...>; ... 12 more ...; extendedAmount?: string | ... 3 more ... | undefined; }[]'.
scripts/verify_invoice_lifecycle.ts(11,9): error TS2769: No overload matches this call.
  Overload 2 of 2, '(values: { supplierId: string | SQL<unknown> | Placeholder<string, any>; invoiceNumber: string | SQL<unknown> | Placeholder<string, any>; invoiceDate: Date | SQL<...> | Placeholder<...>; ... 25 more ...; prepayAmountRemaining?: string | ... 3 more ... | undefined; }[]): PgInsertBase<...>', gave the following error.
    Object literal may only specify known properties, and 'supplierId' does not exist in type '{ supplierId: string | SQL<unknown> | Placeholder<string, any>; invoiceNumber: string | SQL<unknown> | Placeholder<string, any>; invoiceDate: Date | SQL<...> | Placeholder<...>; ... 25 more ...; prepayAmountRemaining?: string | ... 3 more ... | undefined; }[]'.
scripts/verify_invoice_lifecycle.ts(20,37): error TS2769: No overload matches this call.
  Overload 1 of 2, '(value: { invoiceId: string | SQL<unknown> | Placeholder<string, any>; lineNumber: number | SQL<unknown> | Placeholder<string, any>; amount: string | SQL<unknown> | Placeholder<...>; ... 15 more ...; costComponentId?: string | ... 3 more ... | undefined; }): PgInsertBase<...>', gave the following error.
    Type 'number' is not assignable to type 'string | SQL<unknown> | Placeholder<string, any>'.
  Overload 2 of 2, '(values: { invoiceId: string | SQL<unknown> | Placeholder<string, any>; lineNumber: number | SQL<unknown> | Placeholder<string, any>; amount: string | SQL<unknown> | Placeholder<...>; ... 15 more ...; costComponentId?: string | ... 3 more ... | undefined; }[]): PgInsertBase<...>', gave the following error.
    Object literal may only specify known properties, and 'invoiceId' does not exist in type '{ invoiceId: string | SQL<unknown> | Placeholder<string, any>; lineNumber: number | SQL<unknown> | Placeholder<string, any>; amount: string | SQL<unknown> | Placeholder<...>; ... 15 more ...; costComponentId?: string | ... 3 more ... | undefined; }[]'.
scripts/verify_invoice_validation.ts(20,51): error TS2345: Argument of type '{ invoiceNumber: string; supplierId: number; invoiceAmount: string; invoiceDate: Date; invoiceCurrencyCode: string; description: string; }' is not assignable to parameter of type '{ header: { supplierId: string; invoiceNumber: string; invoiceDate: Date; invoiceAmount: string; id?: string | undefined; description?: string | null | undefined; createdAt?: Date | null | undefined; ... 21 more ...; prepayAmountRemaining?: string | ... 1 more ... | undefined; }; lines: { ...; }[]; }'.
  Type '{ invoiceNumber: string; supplierId: number; invoiceAmount: string; invoiceDate: Date; invoiceCurrencyCode: string; description: string; }' is missing the following properties from type '{ header: { supplierId: string; invoiceNumber: string; invoiceDate: Date; invoiceAmount: string; id?: string | undefined; description?: string | null | undefined; createdAt?: Date | null | undefined; ... 21 more ...; prepayAmountRemaining?: string | ... 1 more ... | undefined; }; lines: { ...; }[]; }': header, lines
scripts/verify_invoice_validation.ts(33,52): error TS2345: Argument of type 'string' is not assignable to parameter of type 'number'.
scripts/verify_invoice_validation.ts(51,53): error TS2345: Argument of type 'string' is not assignable to parameter of type 'number'.
scripts/verify_isupplier.ts(2,10): error TS2300: Duplicate identifier 'db'.
scripts/verify_isupplier.ts(3,10): error TS2300: Duplicate identifier 'db'.
scripts/verify_isupplier.ts(35,50): error TS2769: No overload matches this call.
  Overload 1 of 2, '(value: { orderNumber: string | SQL<unknown> | Placeholder<string, any>; id?: string | SQL<unknown> | Placeholder<string, any> | undefined; status?: string | SQL<...> | Placeholder<...> | null | undefined; ... 5 more ...; complianceReason?: string | ... 3 more ... | undefined; }): PgInsertBase<...>', gave the following error.
    Object literal may only specify known properties, and 'orderDate' does not exist in type '{ orderNumber: string | SQL<unknown> | Placeholder<string, any>; id?: string | SQL<unknown> | Placeholder<string, any> | undefined; status?: string | SQL<...> | Placeholder<...> | null | undefined; ... 5 more ...; complianceReason?: string | ... 3 more ... | undefined; }'.
  Overload 2 of 2, '(values: { orderNumber: string | SQL<unknown> | Placeholder<string, any>; id?: string | SQL<unknown> | Placeholder<string, any> | undefined; status?: string | SQL<...> | Placeholder<...> | null | undefined; ... 5 more ...; complianceReason?: string | ... 3 more ... | undefined; }[]): PgInsertBase<...>', gave the following error.
    Object literal may only specify known properties, and 'orderNumber' does not exist in type '{ orderNumber: string | SQL<unknown> | Placeholder<string, any>; id?: string | SQL<unknown> | Placeholder<string, any> | undefined; status?: string | SQL<...> | Placeholder<...> | null | undefined; ... 5 more ...; complianceReason?: string | ... 3 more ... | undefined; }[]'.
scripts/verify_isupplier.ts(61,9): error TS2769: No overload matches this call.
  Overload 1 of 2, '(input: string | URL | Request, init?: RequestInit | undefined): Promise<Response>', gave the following error.
    Type '{ "x-portal-token": string | null; }' is not assignable to type 'HeadersInit | undefined'.
      Types of property '"x-portal-token"' are incompatible.
        Type 'string | null' is not assignable to type 'string | undefined'.
          Type 'null' is not assignable to type 'string | undefined'.
  Overload 2 of 2, '(input: URL | RequestInfo, init?: RequestInit | undefined): Promise<Response>', gave the following error.
    Type '{ "x-portal-token": string | null; }' is not assignable to type 'HeadersInit | undefined'.
      Types of property '"x-portal-token"' are incompatible.
        Type 'string | null' is not assignable to type 'string | undefined'.
          Type 'null' is not assignable to type 'string | undefined'.
scripts/verify_isupplier.ts(76,9): error TS2769: No overload matches this call.
  Overload 1 of 2, '(input: string | URL | Request, init?: RequestInit | undefined): Promise<Response>', gave the following error.
    Type '{ "x-portal-token": string | null; }' is not assignable to type 'HeadersInit | undefined'.
      Types of property '"x-portal-token"' are incompatible.
        Type 'string | null' is not assignable to type 'string | undefined'.
          Type 'null' is not assignable to type 'string | undefined'.
  Overload 2 of 2, '(input: URL | RequestInfo, init?: RequestInit | undefined): Promise<Response>', gave the following error.
    Type '{ "x-portal-token": string | null; }' is not assignable to type 'HeadersInit | undefined'.
      Types of property '"x-portal-token"' are incompatible.
        Type 'string | null' is not assignable to type 'string | undefined'.
          Type 'null' is not assignable to type 'string | undefined'.
scripts/verify_isupplier.ts(93,9): error TS2769: No overload matches this call.
  Overload 1 of 2, '(input: string | URL | Request, init?: RequestInit | undefined): Promise<Response>', gave the following error.
    Type '{ "Content-Type": string; "x-portal-token": string | null; }' is not assignable to type 'HeadersInit | undefined'.
      Types of property '"x-portal-token"' are incompatible.
        Type 'string | null' is not assignable to type 'string | undefined'.
          Type 'null' is not assignable to type 'string | undefined'.
  Overload 2 of 2, '(input: URL | RequestInfo, init?: RequestInit | undefined): Promise<Response>', gave the following error.
    Type '{ "Content-Type": string; "x-portal-token": string | null; }' is not assignable to type 'HeadersInit | undefined'.
      Types of property '"x-portal-token"' are incompatible.
        Type 'string | null' is not assignable to type 'string | undefined'.
          Type 'null' is not assignable to type 'string | undefined'.
scripts/verify_isupplier.ts(125,9): error TS2769: No overload matches this call.
  Overload 1 of 2, '(input: string | URL | Request, init?: RequestInit | undefined): Promise<Response>', gave the following error.
    Type '{ "Content-Type": string; "x-portal-token": string | null; }' is not assignable to type 'HeadersInit | undefined'.
      Types of property '"x-portal-token"' are incompatible.
        Type 'string | null' is not assignable to type 'string | undefined'.
          Type 'null' is not assignable to type 'string | undefined'.
  Overload 2 of 2, '(input: URL | RequestInfo, init?: RequestInit | undefined): Promise<Response>', gave the following error.
    Type '{ "Content-Type": string; "x-portal-token": string | null; }' is not assignable to type 'HeadersInit | undefined'.
      Types of property '"x-portal-token"' are incompatible.
        Type 'string | null' is not assignable to type 'string | undefined'.
          Type 'null' is not assignable to type 'string | undefined'.
scripts/verify_isupplier.ts(150,9): error TS2769: No overload matches this call.
  Overload 1 of 2, '(input: string | URL | Request, init?: RequestInit | undefined): Promise<Response>', gave the following error.
    Type '{ "x-portal-token": string | null; }' is not assignable to type 'HeadersInit | undefined'.
      Types of property '"x-portal-token"' are incompatible.
        Type 'string | null' is not assignable to type 'string | undefined'.
          Type 'null' is not assignable to type 'string | undefined'.
  Overload 2 of 2, '(input: URL | RequestInfo, init?: RequestInit | undefined): Promise<Response>', gave the following error.
    Type '{ "x-portal-token": string | null; }' is not assignable to type 'HeadersInit | undefined'.
      Types of property '"x-portal-token"' are incompatible.
        Type 'string | null' is not assignable to type 'string | undefined'.
          Type 'null' is not assignable to type 'string | undefined'.
scripts/verify_journals.ts(14,38): error TS2769: No overload matches this call.
  Overload 1 of 2, '(value: { name: string | SQL<unknown> | Placeholder<string, any>; ledgerId: string | SQL<unknown> | Placeholder<string, any>; enabled?: boolean | SQL<unknown> | Placeholder<...> | null | undefined; ... 9 more ...; ruleName?: string | ... 3 more ... | undefined; }): PgInsertBase<...>', gave the following error.
    Argument of type '{ ruleName: string; ledgerId: string; minAmount: string; approverRole: string; approverUserId: string; priority: number; enabled: true; }' is not assignable to parameter of type '{ name: string | SQL<unknown> | Placeholder<string, any>; ledgerId: string | SQL<unknown> | Placeholder<string, any>; enabled?: boolean | SQL<unknown> | Placeholder<...> | null | undefined; ... 9 more ...; ruleName?: string | ... 3 more ... | undefined; }'.
      Property 'name' is missing in type '{ ruleName: string; ledgerId: string; minAmount: string; approverRole: string; approverUserId: string; priority: number; enabled: true; }' but required in type '{ name: string | SQL<unknown> | Placeholder<string, any>; ledgerId: string | SQL<unknown> | Placeholder<string, any>; enabled?: boolean | SQL<unknown> | Placeholder<...> | null | undefined; ... 9 more ...; ruleName?: string | ... 3 more ... | undefined; }'.
  Overload 2 of 2, '(values: { name: string | SQL<unknown> | Placeholder<string, any>; ledgerId: string | SQL<unknown> | Placeholder<string, any>; enabled?: boolean | SQL<unknown> | Placeholder<...> | null | undefined; ... 9 more ...; ruleName?: string | ... 3 more ... | undefined; }[]): PgInsertBase<...>', gave the following error.
    Object literal may only specify known properties, and 'ruleName' does not exist in type '{ name: string | SQL<unknown> | Placeholder<string, any>; ledgerId: string | SQL<unknown> | Placeholder<string, any>; enabled?: boolean | SQL<unknown> | Placeholder<...> | null | undefined; ... 9 more ...; ruleName?: string | ... 3 more ... | undefined; }[]'.
scripts/verify_journals.ts(35,38): error TS2322: Type 'number' is not assignable to type 'string'.
scripts/verify_journals.ts(35,58): error TS2322: Type 'number' is not assignable to type 'string'.
scripts/verify_journals.ts(36,38): error TS2322: Type 'number' is not assignable to type 'string'.
scripts/verify_journals.ts(36,55): error TS2322: Type 'number' is not assignable to type 'string'.
scripts/verify_labor_intelligence.ts(63,41): error TS2769: No overload matches this call.
  Overload 1 of 2, '(value: { date: string | SQL<unknown> | Placeholder<string, any>; tenantId: string | SQL<unknown> | Placeholder<string, any>; durationMinutes: number | SQL<...> | Placeholder<...>; ... 8 more ...; timeType?: string | ... 3 more ... | undefined; }): PgInsertBase<...>', gave the following error.
    Object literal may only specify known properties, and 'status' does not exist in type '{ date: string | SQL<unknown> | Placeholder<string, any>; tenantId: string | SQL<unknown> | Placeholder<string, any>; durationMinutes: number | SQL<unknown> | Placeholder<...>; ... 8 more ...; timeType?: string | ... 3 more ... | undefined; }'.
  Overload 2 of 2, '(values: { date: string | SQL<unknown> | Placeholder<string, any>; tenantId: string | SQL<unknown> | Placeholder<string, any>; durationMinutes: number | SQL<...> | Placeholder<...>; ... 8 more ...; timeType?: string | ... 3 more ... | undefined; }[]): PgInsertBase<...>', gave the following error.
    Object literal may only specify known properties, and 'tenantId' does not exist in type '{ date: string | SQL<unknown> | Placeholder<string, any>; tenantId: string | SQL<unknown> | Placeholder<string, any>; durationMinutes: number | SQL<unknown> | Placeholder<...>; ... 8 more ...; timeType?: string | ... 3 more ... | undefined; }[]'.
scripts/verify_lcm.ts(3,31): error TS2307: Cannot find module '@nestjs/typeorm' or its corresponding type declarations.
scripts/verify_lcm.ts(5,28): error TS2307: Cannot find module 'typeorm' or its corresponding type declarations.
scripts/verify_lcm_financial_hardening.ts(18,50): error TS2769: No overload matches this call.
  Overload 1 of 2, '(value: { id: string | SQL<unknown> | Placeholder<string, any>; name: string | SQL<unknown> | Placeholder<string, any>; applicationId: string | SQL<unknown> | Placeholder<...>; description?: string | ... 3 more ... | undefined; enabledFlag?: boolean | ... 3 more ... | undefined; }): PgInsertBase<...>', gave the following error.
    Object literal may only specify known properties, and 'module' does not exist in type '{ id: string | SQL<unknown> | Placeholder<string, any>; name: string | SQL<unknown> | Placeholder<string, any>; applicationId: string | SQL<unknown> | Placeholder<...>; description?: string | ... 3 more ... | undefined; enabledFlag?: boolean | ... 3 more ... | undefined; }'.
  Overload 2 of 2, '(values: { id: string | SQL<unknown> | Placeholder<string, any>; name: string | SQL<unknown> | Placeholder<string, any>; applicationId: string | SQL<unknown> | Placeholder<...>; description?: string | ... 3 more ... | undefined; enabledFlag?: boolean | ... 3 more ... | undefined; }[]): PgInsertBase<...>', gave the following error.
    Object literal may only specify known properties, and 'id' does not exist in type '{ id: string | SQL<unknown> | Placeholder<string, any>; name: string | SQL<unknown> | Placeholder<string, any>; applicationId: string | SQL<unknown> | Placeholder<...>; description?: string | ... 3 more ... | undefined; enabledFlag?: boolean | ... 3 more ... | undefined; }[]'.
scripts/verify_maintenance_accounting.ts(3,43): error TS2307: Cannot find module '../server/services/MaintenanceCostingService' or its corresponding type declarations.
scripts/verify_maintenance_accounting.ts(26,67): error TS2339: Property 'unitCost' does not exist on type '{ id: string; description: string | null; createdAt: Date | null; itemNumber: string; primaryUomCode: string | null; organizationId: string | null; quantityOnHand: string | null; minQuantity: string | null; maxQuantity: string | null; }'.
scripts/verify_maintenance_accounting.ts(34,24): error TS2339: Property 'unitCost' does not exist on type '{ id: string; description: string | null; createdAt: Date | null; itemNumber: string; primaryUomCode: string | null; organizationId: string | null; quantityOnHand: string | null; minQuantity: string | null; maxQuantity: string | null; }'.
scripts/verify_maintenance_foundation.ts(2,36): error TS2307: Cannot find module '../server/services/MaintenanceService' or its corresponding type declarations.
scripts/verify_maintenance_foundation.ts(102,33): error TS7006: Parameter 'w' implicitly has an 'any' type.
scripts/verify_maintenance_full_audit.ts(4,36): error TS2307: Cannot find module '../server/services/MaintenanceService' or its corresponding type declarations.
scripts/verify_maintenance_full_audit.ts(5,43): error TS2307: Cannot find module '../server/services/MaintenanceCostingService' or its corresponding type declarations.
scripts/verify_maintenance_full_audit.ts(8,43): error TS2307: Cannot find module '../server/services/MaintenanceQualityService' or its corresponding type declarations.
scripts/verify_maintenance_phase13.ts(13,13): error TS2571: Object is of type 'unknown'.
scripts/verify_maintenance_phase13.ts(20,13): error TS18047: 'checkInv.rowCount' is possibly 'null'.
scripts/verify_maintenance_phase13.ts(30,9): error TS2774: This condition will always return true since this function is always defined. Did you mean to call it instead?
scripts/verify_maintenance_phase13.ts(37,9): error TS2774: This condition will always return true since this function is always defined. Did you mean to call it instead?
scripts/verify_maintenance_phase14.ts(4,43): error TS2307: Cannot find module '../server/services/MaintenanceQualityService' or its corresponding type declarations.
scripts/verify_maintenance_phase15.ts(2,36): error TS2307: Cannot find module '../server/services/MaintenanceService' or its corresponding type declarations.
scripts/verify_manager_learning.ts(37,52): error TS2769: No overload matches this call.
  Overload 1 of 2, '(value: { name: string | SQL<unknown> | Placeholder<string, any>; tenantId: string | SQL<unknown> | Placeholder<string, any>; classificationCode: string | SQL<...> | Placeholder<...>; ... 9 more ...; legalAddressId?: string | ... 3 more ... | undefined; }): PgInsertBase<...>', gave the following error.
    Object literal may only specify known properties, and 'status' does not exist in type '{ name: string | SQL<unknown> | Placeholder<string, any>; tenantId: string | SQL<unknown> | Placeholder<string, any>; classificationCode: string | SQL<...> | Placeholder<...>; ... 9 more ...; legalAddressId?: string | ... 3 more ... | undefined; }'.
  Overload 2 of 2, '(values: { name: string | SQL<unknown> | Placeholder<string, any>; tenantId: string | SQL<unknown> | Placeholder<string, any>; classificationCode: string | SQL<...> | Placeholder<...>; ... 9 more ...; legalAddressId?: string | ... 3 more ... | undefined; }[]): PgInsertBase<...>', gave the following error.
    Object literal may only specify known properties, and 'tenantId' does not exist in type '{ name: string | SQL<unknown> | Placeholder<string, any>; tenantId: string | SQL<unknown> | Placeholder<string, any>; classificationCode: string | SQL<...> | Placeholder<...>; ... 9 more ...; legalAddressId?: string | ... 3 more ... | undefined; }[]'.
scripts/verify_manual_journal.ts(12,38): error TS2769: No overload matches this call.
  Overload 1 of 2, '(value: { id: string | SQL<unknown> | Placeholder<string, any>; name: string | SQL<unknown> | Placeholder<string, any>; applicationId: string | SQL<unknown> | Placeholder<...>; description?: string | ... 3 more ... | undefined; enabledFlag?: boolean | ... 3 more ... | undefined; }): PgInsertBase<...>', gave the following error.
    Object literal may only specify known properties, and 'entityTable' does not exist in type '{ id: string | SQL<unknown> | Placeholder<string, any>; name: string | SQL<unknown> | Placeholder<string, any>; applicationId: string | SQL<unknown> | Placeholder<...>; description?: string | ... 3 more ... | undefined; enabledFlag?: boolean | ... 3 more ... | undefined; }'.
  Overload 2 of 2, '(values: { id: string | SQL<unknown> | Placeholder<string, any>; name: string | SQL<unknown> | Placeholder<string, any>; applicationId: string | SQL<unknown> | Placeholder<...>; description?: string | ... 3 more ... | undefined; enabledFlag?: boolean | ... 3 more ... | undefined; }[]): PgInsertBase<...>', gave the following error.
    Object literal may only specify known properties, and 'id' does not exist in type '{ id: string | SQL<unknown> | Placeholder<string, any>; name: string | SQL<unknown> | Placeholder<string, any>; applicationId: string | SQL<unknown> | Placeholder<...>; description?: string | ... 3 more ... | undefined; enabledFlag?: boolean | ... 3 more ... | undefined; }[]'.
scripts/verify_manual_journal.ts(28,49): error TS2769: No overload matches this call.
  Overload 1 of 2, '(value: { name: string | SQL<unknown> | Placeholder<string, any>; id?: string | SQL<unknown> | Placeholder<string, any> | undefined; description?: string | SQL<...> | Placeholder<...> | null | undefined; ... 5 more ...; ledgerCategory?: string | ... 3 more ... | undefined; }): PgInsertBase<...>', gave the following error.
    Object literal may only specify known properties, and 'chartOfAccountsId' does not exist in type '{ name: string | SQL<unknown> | Placeholder<string, any>; id?: string | SQL<unknown> | Placeholder<string, any> | undefined; description?: string | SQL<unknown> | Placeholder<...> | null | undefined; ... 5 more ...; ledgerCategory?: string | ... 3 more ... | undefined; }'.
  Overload 2 of 2, '(values: { name: string | SQL<unknown> | Placeholder<string, any>; id?: string | SQL<unknown> | Placeholder<string, any> | undefined; description?: string | SQL<...> | Placeholder<...> | null | undefined; ... 5 more ...; ledgerCategory?: string | ... 3 more ... | undefined; }[]): PgInsertBase<...>', gave the following error.
    Object literal may only specify known properties, and 'id' does not exist in type '{ name: string | SQL<unknown> | Placeholder<string, any>; id?: string | SQL<unknown> | Placeholder<string, any> | undefined; description?: string | SQL<unknown> | Placeholder<...> | null | undefined; ... 5 more ...; ledgerCategory?: string | ... 3 more ... | undefined; }[]'.
scripts/verify_manufacturing_costing.ts(1,45): error TS2307: Cannot find module '../server/services/ManufacturingCostingService' or its corresponding type declarations.
scripts/verify_manufacturing_costing.ts(2,38): error TS2307: Cannot find module '../server/services/ManufacturingService' or its corresponding type declarations.
scripts/verify_manufacturing_costing.ts(28,13): error TS2769: No overload matches this call.
  Overload 1 of 2, '(value: { itemNumber: string | SQL<unknown> | Placeholder<string, any>; id?: string | SQL<unknown> | Placeholder<string, any> | undefined; description?: string | SQL<...> | Placeholder<...> | null | undefined; ... 5 more ...; maxQuantity?: string | ... 3 more ... | undefined; }): PgInsertBase<...>', gave the following error.
    Object literal may only specify known properties, and 'itemCode' does not exist in type '{ itemNumber: string | SQL<unknown> | Placeholder<string, any>; id?: string | SQL<unknown> | Placeholder<string, any> | undefined; description?: string | SQL<...> | Placeholder<...> | null | undefined; ... 5 more ...; maxQuantity?: string | ... 3 more ... | undefined; }'.
  Overload 2 of 2, '(values: { itemNumber: string | SQL<unknown> | Placeholder<string, any>; id?: string | SQL<unknown> | Placeholder<string, any> | undefined; description?: string | SQL<...> | Placeholder<...> | null | undefined; ... 5 more ...; maxQuantity?: string | ... 3 more ... | undefined; }[]): PgInsertBase<...>', gave the following error.
    Object literal may only specify known properties, and 'itemCode' does not exist in type '{ itemNumber: string | SQL<unknown> | Placeholder<string, any>; id?: string | SQL<unknown> | Placeholder<string, any> | undefined; description?: string | SQL<...> | Placeholder<...> | null | undefined; ... 5 more ...; maxQuantity?: string | ... 3 more ... | undefined; }[]'.
scripts/verify_manufacturing_costing.ts(45,13): error TS2769: No overload matches this call.
  Overload 1 of 2, '(value: { itemNumber: string | SQL<unknown> | Placeholder<string, any>; id?: string | SQL<unknown> | Placeholder<string, any> | undefined; description?: string | SQL<...> | Placeholder<...> | null | undefined; ... 5 more ...; maxQuantity?: string | ... 3 more ... | undefined; }): PgInsertBase<...>', gave the following error.
    Object literal may only specify known properties, and 'itemCode' does not exist in type '{ itemNumber: string | SQL<unknown> | Placeholder<string, any>; id?: string | SQL<unknown> | Placeholder<string, any> | undefined; description?: string | SQL<...> | Placeholder<...> | null | undefined; ... 5 more ...; maxQuantity?: string | ... 3 more ... | undefined; }'.
  Overload 2 of 2, '(values: { itemNumber: string | SQL<unknown> | Placeholder<string, any>; id?: string | SQL<unknown> | Placeholder<string, any> | undefined; description?: string | SQL<...> | Placeholder<...> | null | undefined; ... 5 more ...; maxQuantity?: string | ... 3 more ... | undefined; }[]): PgInsertBase<...>', gave the following error.
    Object literal may only specify known properties, and 'itemCode' does not exist in type '{ itemNumber: string | SQL<unknown> | Placeholder<string, any>; id?: string | SQL<unknown> | Placeholder<string, any> | undefined; description?: string | SQL<...> | Placeholder<...> | null | undefined; ... 5 more ...; maxQuantity?: string | ... 3 more ... | undefined; }[]'.
scripts/verify_manufacturing_costing.ts(79,59): error TS2769: No overload matches this call.
  Overload 1 of 2, '(value: { orderNumber: string | SQL<unknown> | Placeholder<string, any>; id?: string | SQL<unknown> | Placeholder<string, any> | undefined; status?: string | SQL<...> | Placeholder<...> | null | undefined; ... 7 more ...; scheduledDate?: Date | ... 3 more ... | undefined; }): PgInsertBase<...>', gave the following error.
    Type 'string' is not assignable to type 'number | SQL<unknown> | Placeholder<string, any> | null | undefined'.
  Overload 2 of 2, '(values: { orderNumber: string | SQL<unknown> | Placeholder<string, any>; id?: string | SQL<unknown> | Placeholder<string, any> | undefined; status?: string | SQL<...> | Placeholder<...> | null | undefined; ... 7 more ...; scheduledDate?: Date | ... 3 more ... | undefined; }[]): PgInsertBase<...>', gave the following error.
    Object literal may only specify known properties, and 'orderNumber' does not exist in type '{ orderNumber: string | SQL<unknown> | Placeholder<string, any>; id?: string | SQL<unknown> | Placeholder<string, any> | undefined; status?: string | SQL<...> | Placeholder<...> | null | undefined; ... 7 more ...; scheduledDate?: Date | ... 3 more ... | undefined; }[]'.
scripts/verify_manufacturing_process.ts(1,45): error TS2307: Cannot find module '../server/services/ManufacturingProcessService' or its corresponding type declarations.
scripts/verify_material_flow.ts(3,36): error TS2307: Cannot find module '../server/services/MaintenanceService' or its corresponding type declarations.
scripts/verify_material_flow.ts(13,33): error TS2339: Property 'itemName' does not exist on type 'PgTableWithColumns<{ name: "inv_items"; schema: undefined; columns: { id: PgColumn<{ name: "id"; tableName: "inv_items"; dataType: "string"; columnType: "PgVarchar"; data: string; driverParam: string; notNull: true; hasDefault: true; ... 6 more ...; generated: undefined; }, {}, { ...; }>; ... 7 more ...; createdAt: ...'.
scripts/verify_material_flow.ts(19,17): error TS2769: No overload matches this call.
  Overload 1 of 2, '(value: { itemNumber: string | SQL<unknown> | Placeholder<string, any>; id?: string | SQL<unknown> | Placeholder<string, any> | undefined; description?: string | SQL<...> | Placeholder<...> | null | undefined; ... 5 more ...; maxQuantity?: string | ... 3 more ... | undefined; }): PgInsertBase<...>', gave the following error.
    Object literal may only specify known properties, and 'itemName' does not exist in type '{ itemNumber: string | SQL<unknown> | Placeholder<string, any>; id?: string | SQL<unknown> | Placeholder<string, any> | undefined; description?: string | SQL<...> | Placeholder<...> | null | undefined; ... 5 more ...; maxQuantity?: string | ... 3 more ... | undefined; }'.
  Overload 2 of 2, '(values: { itemNumber: string | SQL<unknown> | Placeholder<string, any>; id?: string | SQL<unknown> | Placeholder<string, any> | undefined; description?: string | SQL<...> | Placeholder<...> | null | undefined; ... 5 more ...; maxQuantity?: string | ... 3 more ... | undefined; }[]): PgInsertBase<...>', gave the following error.
    Object literal may only specify known properties, and 'itemName' does not exist in type '{ itemNumber: string | SQL<unknown> | Placeholder<string, any>; id?: string | SQL<unknown> | Placeholder<string, any> | undefined; description?: string | SQL<...> | Placeholder<...> | null | undefined; ... 5 more ...; maxQuantity?: string | ... 3 more ... | undefined; }[]'.
scripts/verify_material_flow.ts(25,43): error TS2339: Property 'itemName' does not exist on type '{ id: string; description: string | null; createdAt: Date | null; itemNumber: string; primaryUomCode: string | null; organizationId: string | null; quantityOnHand: string | null; minQuantity: string | null; maxQuantity: string | null; }'.
scripts/verify_material_flow.ts(25,66): error TS2339: Property 'quantity' does not exist on type '{ id: string; description: string | null; createdAt: Date | null; itemNumber: string; primaryUomCode: string | null; organizationId: string | null; quantityOnHand: string | null; minQuantity: string | null; maxQuantity: string | null; }'.
scripts/verify_material_flow.ts(26,33): error TS2339: Property 'quantity' does not exist on type '{ id: string; description: string | null; createdAt: Date | null; itemNumber: string; primaryUomCode: string | null; organizationId: string | null; quantityOnHand: string | null; minQuantity: string | null; maxQuantity: string | null; }'.
scripts/verify_material_flow.ts(59,26): error TS2339: Property 'quantity' does not exist on type '{ id: string; description: string | null; createdAt: Date | null; itemNumber: string; primaryUomCode: string | null; organizationId: string | null; quantityOnHand: string | null; minQuantity: string | null; maxQuantity: string | null; }'.
scripts/verify_material_flow.ts(60,114): error TS2339: Property 'quantity' does not exist on type '{ id: string; description: string | null; createdAt: Date | null; itemNumber: string; primaryUomCode: string | null; organizationId: string | null; quantityOnHand: string | null; minQuantity: string | null; maxQuantity: string | null; }'.
scripts/verify_material_flow.ts(62,78): error TS2339: Property 'quantity' does not exist on type '{ id: string; description: string | null; createdAt: Date | null; itemNumber: string; primaryUomCode: string | null; organizationId: string | null; quantityOnHand: string | null; minQuantity: string | null; maxQuantity: string | null; }'.
scripts/verify_multi_ledger.ts(84,48): error TS2769: No overload matches this call.
  Overload 1 of 2, '(value: { code: string | SQL<unknown> | Placeholder<string, any>; name: string | SQL<unknown> | Placeholder<string, any>; sourceType: string | SQL<unknown> | Placeholder<...>; ... 6 more ...; sourceAttribute?: string | ... 3 more ... | undefined; }): PgInsertBase<...>', gave the following error.
    Argument of type '{ code: string; name: string; ruleType: string; sourceType: string; constantValue: string; description: string; }[]' is not assignable to parameter of type '{ code: string | SQL<unknown> | Placeholder<string, any>; name: string | SQL<unknown> | Placeholder<string, any>; sourceType: string | SQL<unknown> | Placeholder<...>; ... 6 more ...; sourceAttribute?: string | ... 3 more ... | undefined; }'.
      Type '{ code: string; name: string; ruleType: string; sourceType: string; constantValue: string; description: string; }[]' is missing the following properties from type '{ code: string | SQL<unknown> | Placeholder<string, any>; name: string | SQL<unknown> | Placeholder<string, any>; sourceType: string | SQL<unknown> | Placeholder<...>; ... 6 more ...; sourceAttribute?: string | ... 3 more ... | undefined; }': code, name, sourceType, ruleType
scripts/verify_multi_ledger.ts(92,38): error TS2769: No overload matches this call.
  Overload 1 of 2, '(value: { id: string | SQL<unknown> | Placeholder<string, any>; name: string | SQL<unknown> | Placeholder<string, any>; applicationId: string | SQL<unknown> | Placeholder<...>; description?: string | ... 3 more ... | undefined; enabledFlag?: boolean | ... 3 more ... | undefined; }): PgInsertBase<...>', gave the following error.
    Object literal may only specify known properties, and 'entityTable' does not exist in type '{ id: string | SQL<unknown> | Placeholder<string, any>; name: string | SQL<unknown> | Placeholder<string, any>; applicationId: string | SQL<unknown> | Placeholder<...>; description?: string | ... 3 more ... | undefined; enabledFlag?: boolean | ... 3 more ... | undefined; }'.
  Overload 2 of 2, '(values: { id: string | SQL<unknown> | Placeholder<string, any>; name: string | SQL<unknown> | Placeholder<string, any>; applicationId: string | SQL<unknown> | Placeholder<...>; description?: string | ... 3 more ... | undefined; enabledFlag?: boolean | ... 3 more ... | undefined; }[]): PgInsertBase<...>', gave the following error.
    Object literal may only specify known properties, and 'id' does not exist in type '{ id: string | SQL<unknown> | Placeholder<string, any>; name: string | SQL<unknown> | Placeholder<string, any>; applicationId: string | SQL<unknown> | Placeholder<...>; description?: string | ... 3 more ... | undefined; enabledFlag?: boolean | ... 3 more ... | undefined; }[]'.
scripts/verify_multi_ledger.ts(96,49): error TS2769: No overload matches this call.
  Overload 1 of 2, '(value: { code: string | SQL<unknown> | Placeholder<string, any>; name: string | SQL<unknown> | Placeholder<string, any>; side: string | SQL<unknown> | Placeholder<string, any>; ... 10 more ...; descriptionRule?: string | ... 3 more ... | undefined; }): PgInsertBase<...>', gave the following error.
    Argument of type '{ code: string; eventClassId: string; name: string; side: string; accountingClass: string; amountSource: string; descriptionRule: string; ledgerId: null; }[]' is not assignable to parameter of type '{ code: string | SQL<unknown> | Placeholder<string, any>; name: string | SQL<unknown> | Placeholder<string, any>; side: string | SQL<unknown> | Placeholder<string, any>; ... 10 more ...; descriptionRule?: string | ... 3 more ... | undefined; }'.
      Type '{ code: string; eventClassId: string; name: string; side: string; accountingClass: string; amountSource: string; descriptionRule: string; ledgerId: null; }[]' is missing the following properties from type '{ code: string | SQL<unknown> | Placeholder<string, any>; name: string | SQL<unknown> | Placeholder<string, any>; side: string | SQL<unknown> | Placeholder<string, any>; ... 10 more ...; descriptionRule?: string | ... 3 more ... | undefined; }': code, name, side, eventClassId, accountingClass
scripts/verify_onboarding_flow.ts(73,9): error TS18048: 'updatedHire' is possibly 'undefined'.
scripts/verify_onboarding_flow.ts(74,9): error TS18048: 'updatedHire' is possibly 'undefined'.
scripts/verify_onboarding_flow.ts(74,84): error TS18048: 'updatedHire' is possibly 'undefined'.
scripts/verify_operations.ts(2,36): error TS2307: Cannot find module '../server/services/MaintenanceService' or its corresponding type declarations.
scripts/verify_oracle_security.ts(32,53): error TS2769: No overload matches this call.
  Overload 1 of 2, '(value: { userId: string | SQL<unknown> | Placeholder<string, any>; dataAccessSetId: string | SQL<unknown> | Placeholder<string, any>; id?: string | SQL<unknown> | Placeholder<...> | undefined; assignedBy?: string | ... 3 more ... | undefined; assignedAt?: Date | ... 3 more ... | undefined; }): PgInsertBase<...>', gave the following error.
    Object literal may only specify known properties, and 'isActive' does not exist in type '{ userId: string | SQL<unknown> | Placeholder<string, any>; dataAccessSetId: string | SQL<unknown> | Placeholder<string, any>; id?: string | SQL<unknown> | Placeholder<...> | undefined; assignedBy?: string | ... 3 more ... | undefined; assignedAt?: Date | ... 3 more ... | undefined; }'.
  Overload 2 of 2, '(values: { userId: string | SQL<unknown> | Placeholder<string, any>; dataAccessSetId: string | SQL<unknown> | Placeholder<string, any>; id?: string | SQL<unknown> | Placeholder<...> | undefined; assignedBy?: string | ... 3 more ... | undefined; assignedAt?: Date | ... 3 more ... | undefined; }[]): PgInsertBase<...>', gave the following error.
    Object literal may only specify known properties, and 'userId' does not exist in type '{ userId: string | SQL<unknown> | Placeholder<string, any>; dataAccessSetId: string | SQL<unknown> | Placeholder<string, any>; id?: string | SQL<unknown> | Placeholder<...> | undefined; assignedBy?: string | ... 3 more ... | undefined; assignedAt?: Date | ... 3 more ... | undefined; }[]'.
scripts/verify_order_management.ts(112,41): error TS18048: 'closedOrder' is possibly 'undefined'.
scripts/verify_order_management.ts(114,13): error TS18048: 'closedOrder' is possibly 'undefined'.
scripts/verify_order_management_final.ts(110,44): error TS2339: Property 'rmaNumber' does not exist on type '{ id: string; status: "DRAFT" | "SHIPPED" | "BOOKED" | "AWAITING_FULFILLMENT" | "INVOICED" | "CLOSED" | "CANCELLED" | "HOLD" | null; updatedAt: Date | null; orgId: string; paymentTerms: string | null; ... 11 more ...; shippingMethod: string | null; }'.
scripts/verify_overhaul_capitalization.ts(74,49): error TS2307: Cannot find module '../server/services/MaintenanceService' or its corresponding type declarations.
scripts/verify_parity_final.ts(57,48): error TS2769: No overload matches this call.
  Overload 1 of 2, '(value: { coaStructureId: string | SQL<unknown> | Placeholder<string, any>; segmentName: string | SQL<unknown> | Placeholder<string, any>; segmentNumber: number | ... 1 more ... | Placeholder<...>; ... 6 more ...; displayWidth?: number | ... 3 more ... | undefined; }): PgInsertBase<...>', gave the following error.
    Argument of type '{ coaStructureId: string; segmentNumber: number; segmentName: string; segmentType: string; columnName: string; valueSetId: string; prompt: string; }[]' is not assignable to parameter of type '{ coaStructureId: string | SQL<unknown> | Placeholder<string, any>; segmentName: string | SQL<unknown> | Placeholder<string, any>; segmentNumber: number | SQL<...> | Placeholder<...>; ... 6 more ...; displayWidth?: number | ... 3 more ... | undefined; }'.
      Type '{ coaStructureId: string; segmentNumber: number; segmentName: string; segmentType: string; columnName: string; valueSetId: string; prompt: string; }[]' is missing the following properties from type '{ coaStructureId: string | SQL<unknown> | Placeholder<string, any>; segmentName: string | SQL<unknown> | Placeholder<string, any>; segmentNumber: number | SQL<...> | Placeholder<...>; ... 6 more ...; displayWidth?: number | ... 3 more ... | undefined; }': coaStructureId, segmentName, segmentNumber, columnName, and 2 more.
scripts/verify_parity_final.ts(110,60): error TS2345: Argument of type 'string' is not assignable to parameter of type 'number'.
scripts/verify_parity_final.ts(202,60): error TS2345: Argument of type 'string' is not assignable to parameter of type 'number'.
scripts/verify_parity_step1.ts(4,41): error TS2307: Cannot find module '../server/services/MaintenanceMeterService' or its corresponding type declarations.
scripts/verify_parity_step1.ts(5,43): error TS2307: Cannot find module '../server/services/MaintenanceLibraryService' or its corresponding type declarations.
scripts/verify_parity_step1.ts(6,36): error TS2307: Cannot find module '../server/services/MaintenanceService' or its corresponding type declarations.
scripts/verify_parity_step2.ts(3,41): error TS2307: Cannot find module '../server/services/MaintenanceMeterService' or its corresponding type declarations.
scripts/verify_parity_step2.ts(4,43): error TS2307: Cannot find module '../server/services/MaintenanceLibraryService' or its corresponding type declarations.
scripts/verify_parity_step2.ts(5,36): error TS2307: Cannot find module '../server/services/MaintenanceService' or its corresponding type declarations.
scripts/verify_payment_batch.ts(30,21): error TS2741: Property 'invoiceId' is missing in type '{ lineNumber: number; amount: string; description: string; }' but required in type '{ invoiceId: string; lineNumber: number; amount: string; id?: string | undefined; description?: string | null | undefined; createdAt?: Date | null | undefined; lineType?: string | undefined; ... 11 more ...; costComponentId?: string | ... 1 more ... | undefined; }'.
scripts/verify_payment_batch.ts(38,25): error TS2345: Argument of type 'string' is not assignable to parameter of type 'number'.
scripts/verify_payment_batch.ts(53,61): error TS2345: Argument of type 'string' is not assignable to parameter of type 'number'.
scripts/verify_payment_batch.ts(65,56): error TS2345: Argument of type 'string' is not assignable to parameter of type 'number'.
scripts/verify_period_close.ts(5,36): error TS2307: Cannot find module '../server/modules/sla/period-close.service' or its corresponding type declarations.
scripts/verify_period_reconciliation.ts(3,31): error TS2307: Cannot find module '@nestjs/typeorm' or its corresponding type declarations.
scripts/verify_period_reconciliation.ts(5,28): error TS2307: Cannot find module 'typeorm' or its corresponding type declarations.
scripts/verify_period_sweep.ts(7,32): error TS2307: Cannot find module '../server/services/RevenueService' or its corresponding type declarations.
scripts/verify_period_sweep.ts(8,30): error TS7016: Could not find a declaration file for module 'uuid'. '/Users/mbjunaid/My Projects/nexusai-erp-2/node_modules/uuid/dist/esm-browser/index.js' implicitly has an 'any' type.
  Try `npm i --save-dev @types/uuid` if it exists or add a new declaration (.d.ts) file containing `declare module 'uuid';`
scripts/verify_phase16_anomaly.ts(44,13): error TS2739: Type '{ itemId: string; quantity: number; unitPrice: number; amount: number; }' is missing the following properties from type '{ lineNumber: number; amount: number; poHeaderId: string; unitPrice: number; quantity: number; id?: string | undefined; description?: string | null | undefined; createdAt?: Date | null | undefined; projectId?: string | undefined; taskId?: string | undefined; itemId?: string | ... 1 more ... | undefined; quantityRece...': lineNumber, poHeaderId
scripts/verify_phase42.ts(97,41): error TS2345: Argument of type 'string' is not assignable to parameter of type 'number'.
scripts/verify_phase42.ts(109,42): error TS2345: Argument of type 'string' is not assignable to parameter of type 'number'.
scripts/verify_phase42.ts(112,59): error TS2345: Argument of type 'string' is not assignable to parameter of type 'number'.
scripts/verify_phase42.ts(124,60): error TS2345: Argument of type 'string' is not assignable to parameter of type 'number'.
scripts/verify_phase6_consumption.ts(7,36): error TS2307: Cannot find module '../server/modules/scm/ProcurementService' or its corresponding type declarations.
scripts/verify_phase6_consumption.ts(79,55): error TS2339: Property 'currentSpend' does not exist on type '{ terms: { id: string; contractId: string; clauseId: string; amendedText: string | null; createdAt: Date | null; }[]; id: string; supplierId: string; contractNumber: string; title: string; ... 8 more ...; createdAt: Date | null; }'.
scripts/verify_phase6_consumption.ts(82,29): error TS2339: Property 'currentSpend' does not exist on type '{ terms: { id: string; contractId: string; clauseId: string; amendedText: string | null; createdAt: Date | null; }[]; id: string; supplierId: string; contractNumber: string; title: string; ... 8 more ...; createdAt: Date | null; }'.
scripts/verify_phase6_consumption.ts(83,86): error TS2339: Property 'currentSpend' does not exist on type '{ terms: { id: string; contractId: string; clauseId: string; amendedText: string | null; createdAt: Date | null; }[]; id: string; supplierId: string; contractNumber: string; title: string; ... 8 more ...; createdAt: Date | null; }'.
scripts/verify_phase7_step2.ts(90,13): error TS2353: Object literal may only specify known properties, and 'siteName' does not exist in type '{ partyId: string; locationId: string; id?: string | undefined; status?: string | null | undefined; createdAt?: Date | null | undefined; updatedAt?: Date | null | undefined; partySiteName?: string | ... 1 more ... | undefined; partySiteNumber?: string | ... 1 more ... | undefined; identifyingAddressFlag?: boolean | ...'.
scripts/verify_phase7_step3.ts(68,13): error TS2561: Object literal may only specify known properties, but 'last_name' does not exist in type '{ name: string; lastName: string; title?: string | null | undefined; id?: string | undefined; status?: string | null | undefined; email?: string | null | undefined; description?: string | null | undefined; ... 24 more ...; convertedOpportunityId?: string | ... 1 more ... | undefined; }'. Did you mean to write 'lastName'?
scripts/verify_phase8_final.ts(26,66): error TS2769: No overload matches this call.
  Overload 1 of 2, '(value: { name: string | SQL<unknown> | Placeholder<string, any>; tenantId: string | SQL<unknown> | Placeholder<string, any>; classificationCode: string | SQL<...> | Placeholder<...>; ... 9 more ...; legalAddressId?: string | ... 3 more ... | undefined; }): PgInsertBase<...>', gave the following error.
    Object literal may only specify known properties, and 'status' does not exist in type '{ name: string | SQL<unknown> | Placeholder<string, any>; tenantId: string | SQL<unknown> | Placeholder<string, any>; classificationCode: string | SQL<...> | Placeholder<...>; ... 9 more ...; legalAddressId?: string | ... 3 more ... | undefined; }'.
  Overload 2 of 2, '(values: { name: string | SQL<unknown> | Placeholder<string, any>; tenantId: string | SQL<unknown> | Placeholder<string, any>; classificationCode: string | SQL<...> | Placeholder<...>; ... 9 more ...; legalAddressId?: string | ... 3 more ... | undefined; }[]): PgInsertBase<...>', gave the following error.
    Object literal may only specify known properties, and 'tenantId' does not exist in type '{ name: string | SQL<unknown> | Placeholder<string, any>; tenantId: string | SQL<unknown> | Placeholder<string, any>; classificationCode: string | SQL<...> | Placeholder<...>; ... 9 more ...; legalAddressId?: string | ... 3 more ... | undefined; }[]'.
scripts/verify_phase9_ai.ts(30,15): error TS7034: Variable 'createdSuppliers' implicitly has type 'any[]' in some locations where its type cannot be determined.
scripts/verify_phase9_ai.ts(68,77): error TS7005: Variable 'createdSuppliers' implicitly has an 'any[]' type.
scripts/verify_phase9_ai.ts(69,72): error TS7005: Variable 'createdSuppliers' implicitly has an 'any[]' type.
scripts/verify_phase9_hierarchy.ts(11,13): error TS2345: Argument of type '{ partyName: string; partyNumber: string; status: string; }' is not assignable to parameter of type '{ partyNumber: string; partyName: string; partyType: string; id?: string | undefined; status?: string | null | undefined; url?: string | null | undefined; email?: string | null | undefined; ... 5 more ...; dunsNumber?: string | ... 1 more ... | undefined; }'.
  Property 'partyType' is missing in type '{ partyName: string; partyNumber: string; status: string; }' but required in type '{ partyNumber: string; partyName: string; partyType: string; id?: string | undefined; status?: string | null | undefined; url?: string | null | undefined; email?: string | null | undefined; ... 5 more ...; dunsNumber?: string | ... 1 more ... | undefined; }'.
scripts/verify_phase9_hierarchy.ts(19,13): error TS2345: Argument of type '{ partyName: string; partyNumber: string; status: string; }' is not assignable to parameter of type '{ partyNumber: string; partyName: string; partyType: string; id?: string | undefined; status?: string | null | undefined; url?: string | null | undefined; email?: string | null | undefined; ... 5 more ...; dunsNumber?: string | ... 1 more ... | undefined; }'.
  Property 'partyType' is missing in type '{ partyName: string; partyNumber: string; status: string; }' but required in type '{ partyNumber: string; partyName: string; partyType: string; id?: string | undefined; status?: string | null | undefined; url?: string | null | undefined; email?: string | null | undefined; ... 5 more ...; dunsNumber?: string | ... 1 more ... | undefined; }'.
scripts/verify_phase_1.ts(22,51): error TS2769: No overload matches this call.
  Overload 1 of 2, '(value: { firstName: string | SQL<unknown> | Placeholder<string, any>; lastName: string | SQL<unknown> | Placeholder<string, any>; tenantId: string | SQL<unknown> | Placeholder<...>; ... 13 more ...; updatedBy?: string | ... 3 more ... | undefined; }): PgInsertBase<...>', gave the following error.
    Argument of type '{ tenantId: string; userId: string; firstName: string; lastName: string; email: string; }' is not assignable to parameter of type '{ firstName: string | SQL<unknown> | Placeholder<string, any>; lastName: string | SQL<unknown> | Placeholder<string, any>; tenantId: string | SQL<unknown> | Placeholder<...>; ... 13 more ...; updatedBy?: string | ... 3 more ... | undefined; }'.
      Property 'personNumber' is missing in type '{ tenantId: string; userId: string; firstName: string; lastName: string; email: string; }' but required in type '{ firstName: string | SQL<unknown> | Placeholder<string, any>; lastName: string | SQL<unknown> | Placeholder<string, any>; tenantId: string | SQL<unknown> | Placeholder<...>; ... 13 more ...; updatedBy?: string | ... 3 more ... | undefined; }'.
  Overload 2 of 2, '(values: { firstName: string | SQL<unknown> | Placeholder<string, any>; lastName: string | SQL<unknown> | Placeholder<string, any>; tenantId: string | SQL<unknown> | Placeholder<...>; ... 13 more ...; updatedBy?: string | ... 3 more ... | undefined; }[]): PgInsertBase<...>', gave the following error.
    Object literal may only specify known properties, and 'tenantId' does not exist in type '{ firstName: string | SQL<unknown> | Placeholder<string, any>; lastName: string | SQL<unknown> | Placeholder<string, any>; tenantId: string | SQL<unknown> | Placeholder<...>; ... 13 more ...; updatedBy?: string | ... 3 more ... | undefined; }[]'.
scripts/verify_phase_1.ts(35,13): error TS2488: Type '{ id: string; name: string; status: string | null; tenantId: string; createdAt: Date | null; startDate: string; endDate: string; }' must have a '[Symbol.iterator]()' method that returns an iterator.
scripts/verify_phase_2.ts(22,52): error TS2769: No overload matches this call.
  Overload 1 of 2, '(value: { firstName: string | SQL<unknown> | Placeholder<string, any>; lastName: string | SQL<unknown> | Placeholder<string, any>; tenantId: string | SQL<unknown> | Placeholder<...>; ... 13 more ...; updatedBy?: string | ... 3 more ... | undefined; }): PgInsertBase<...>', gave the following error.
    Argument of type '{ tenantId: string; userId: string; firstName: string; lastName: string; email: string; }' is not assignable to parameter of type '{ firstName: string | SQL<unknown> | Placeholder<string, any>; lastName: string | SQL<unknown> | Placeholder<string, any>; tenantId: string | SQL<unknown> | Placeholder<...>; ... 13 more ...; updatedBy?: string | ... 3 more ... | undefined; }'.
      Property 'personNumber' is missing in type '{ tenantId: string; userId: string; firstName: string; lastName: string; email: string; }' but required in type '{ firstName: string | SQL<unknown> | Placeholder<string, any>; lastName: string | SQL<unknown> | Placeholder<string, any>; tenantId: string | SQL<unknown> | Placeholder<...>; ... 13 more ...; updatedBy?: string | ... 3 more ... | undefined; }'.
  Overload 2 of 2, '(values: { firstName: string | SQL<unknown> | Placeholder<string, any>; lastName: string | SQL<unknown> | Placeholder<string, any>; tenantId: string | SQL<unknown> | Placeholder<...>; ... 13 more ...; updatedBy?: string | ... 3 more ... | undefined; }[]): PgInsertBase<...>', gave the following error.
    Object literal may only specify known properties, and 'tenantId' does not exist in type '{ firstName: string | SQL<unknown> | Placeholder<string, any>; lastName: string | SQL<unknown> | Placeholder<string, any>; tenantId: string | SQL<unknown> | Placeholder<...>; ... 13 more ...; updatedBy?: string | ... 3 more ... | undefined; }[]'.
scripts/verify_phase_2.ts(35,51): error TS2769: No overload matches this call.
  Overload 1 of 2, '(value: { firstName: string | SQL<unknown> | Placeholder<string, any>; lastName: string | SQL<unknown> | Placeholder<string, any>; tenantId: string | SQL<unknown> | Placeholder<...>; ... 13 more ...; updatedBy?: string | ... 3 more ... | undefined; }): PgInsertBase<...>', gave the following error.
    Argument of type '{ tenantId: string; userId: string; firstName: string; lastName: string; email: string; }' is not assignable to parameter of type '{ firstName: string | SQL<unknown> | Placeholder<string, any>; lastName: string | SQL<unknown> | Placeholder<string, any>; tenantId: string | SQL<unknown> | Placeholder<...>; ... 13 more ...; updatedBy?: string | ... 3 more ... | undefined; }'.
      Property 'personNumber' is missing in type '{ tenantId: string; userId: string; firstName: string; lastName: string; email: string; }' but required in type '{ firstName: string | SQL<unknown> | Placeholder<string, any>; lastName: string | SQL<unknown> | Placeholder<string, any>; tenantId: string | SQL<unknown> | Placeholder<...>; ... 13 more ...; updatedBy?: string | ... 3 more ... | undefined; }'.
  Overload 2 of 2, '(values: { firstName: string | SQL<unknown> | Placeholder<string, any>; lastName: string | SQL<unknown> | Placeholder<string, any>; tenantId: string | SQL<unknown> | Placeholder<...>; ... 13 more ...; updatedBy?: string | ... 3 more ... | undefined; }[]): PgInsertBase<...>', gave the following error.
    Object literal may only specify known properties, and 'tenantId' does not exist in type '{ firstName: string | SQL<unknown> | Placeholder<string, any>; lastName: string | SQL<unknown> | Placeholder<string, any>; tenantId: string | SQL<unknown> | Placeholder<...>; ... 13 more ...; updatedBy?: string | ... 3 more ... | undefined; }[]'.
scripts/verify_phase_2.ts(48,44): error TS2769: No overload matches this call.
  Overload 1 of 2, '(value: { tenantId: string | SQL<unknown> | Placeholder<string, any>; effectiveStartDate: string | SQL<unknown> | Placeholder<string, any>; personId: string | SQL<...> | Placeholder<...>; ... 17 more ...; primaryAssignmentFlag?: boolean | ... 3 more ... | undefined; }): PgInsertBase<...>', gave the following error.
    Object literal may only specify known properties, and 'primaryFlag' does not exist in type '{ tenantId: string | SQL<unknown> | Placeholder<string, any>; effectiveStartDate: string | SQL<unknown> | Placeholder<string, any>; personId: string | SQL<...> | Placeholder<...>; ... 17 more ...; primaryAssignmentFlag?: boolean | ... 3 more ... | undefined; }'.
  Overload 2 of 2, '(values: { tenantId: string | SQL<unknown> | Placeholder<string, any>; effectiveStartDate: string | SQL<unknown> | Placeholder<string, any>; personId: string | SQL<...> | Placeholder<...>; ... 17 more ...; primaryAssignmentFlag?: boolean | ... 3 more ... | undefined; }[]): PgInsertBase<...>', gave the following error.
    Object literal may only specify known properties, and 'tenantId' does not exist in type '{ tenantId: string | SQL<unknown> | Placeholder<string, any>; effectiveStartDate: string | SQL<unknown> | Placeholder<string, any>; personId: string | SQL<...> | Placeholder<...>; ... 17 more ...; primaryAssignmentFlag?: boolean | ... 3 more ... | undefined; }[]'.
scripts/verify_phase_4.ts(41,33): error TS2571: Object is of type 'unknown'.
scripts/verify_phase_4.ts(42,34): error TS2571: Object is of type 'unknown'.
scripts/verify_pii_security.ts(18,49): error TS2769: No overload matches this call.
  Overload 1 of 2, '(value: { name: string | SQL<unknown> | Placeholder<string, any>; tenantId: string | SQL<unknown> | Placeholder<string, any>; classificationCode: string | SQL<...> | Placeholder<...>; ... 9 more ...; legalAddressId?: string | ... 3 more ... | undefined; }): PgInsertBase<...>', gave the following error.
    Argument of type '{ id: string; tenantId: string; name: string; classificationCode: string; status: string; }[]' is not assignable to parameter of type '{ name: string | SQL<unknown> | Placeholder<string, any>; tenantId: string | SQL<unknown> | Placeholder<string, any>; classificationCode: string | SQL<...> | Placeholder<...>; ... 9 more ...; legalAddressId?: string | ... 3 more ... | undefined; }'.
      Type '{ id: string; tenantId: string; name: string; classificationCode: string; status: string; }[]' is missing the following properties from type '{ name: string | SQL<unknown> | Placeholder<string, any>; tenantId: string | SQL<unknown> | Placeholder<string, any>; classificationCode: string | SQL<...> | Placeholder<...>; ... 9 more ...; legalAddressId?: string | ... 3 more ... | undefined; }': name, tenantId, classificationCode
scripts/verify_pii_security.ts(31,32): error TS2769: No overload matches this call.
  Overload 1 of 2, '(value: { tenantId: string | SQL<unknown> | Placeholder<string, any>; personId: string | SQL<unknown> | Placeholder<string, any>; scopeType: string | SQL<unknown> | Placeholder<...>; ... 4 more ...; responsibilityType?: string | ... 3 more ... | undefined; }): PgInsertBase<...>', gave the following error.
    Object literal may only specify known properties, and 'name' does not exist in type '{ tenantId: string | SQL<unknown> | Placeholder<string, any>; personId: string | SQL<unknown> | Placeholder<string, any>; scopeType: string | SQL<unknown> | Placeholder<...>; ... 4 more ...; responsibilityType?: string | ... 3 more ... | undefined; }'.
  Overload 2 of 2, '(values: { tenantId: string | SQL<unknown> | Placeholder<string, any>; personId: string | SQL<unknown> | Placeholder<string, any>; scopeType: string | SQL<unknown> | Placeholder<...>; ... 4 more ...; responsibilityType?: string | ... 3 more ... | undefined; }[]): PgInsertBase<...>', gave the following error.
    Object literal may only specify known properties, and 'id' does not exist in type '{ tenantId: string | SQL<unknown> | Placeholder<string, any>; personId: string | SQL<unknown> | Placeholder<string, any>; scopeType: string | SQL<unknown> | Placeholder<...>; ... 4 more ...; responsibilityType?: string | ... 3 more ... | undefined; }[]'.
scripts/verify_planning_flow.ts(5,44): error TS2307: Cannot find module '../server/services/MaintenancePlanningService' or its corresponding type declarations.
scripts/verify_planning_flow.ts(6,36): error TS2307: Cannot find module '../server/services/MaintenanceService' or its corresponding type declarations.
scripts/verify_planning_flow.ts(17,35): error TS7006: Parameter 'w' implicitly has an 'any' type.
scripts/verify_planning_flow.ts(61,54): error TS7006: Parameter 'op' implicitly has an 'any' type.
scripts/verify_pm_logic.ts(2,36): error TS2307: Cannot find module '../server/services/MaintenanceService' or its corresponding type declarations.
scripts/verify_pm_logic.ts(18,62): error TS2769: No overload matches this call.
  Overload 1 of 2, '(value: { code: string | SQL<unknown> | Placeholder<string, any>; name: string | SQL<unknown> | Placeholder<string, any>; type?: string | SQL<unknown> | Placeholder<string, any> | null | undefined; ... 5 more ...; updatedAt?: Date | ... 3 more ... | undefined; }): PgInsertBase<...>', gave the following error.
    Argument of type '{ name: string; description: string; type: string; status: string; }' is not assignable to parameter of type '{ code: string | SQL<unknown> | Placeholder<string, any>; name: string | SQL<unknown> | Placeholder<string, any>; type?: string | SQL<unknown> | Placeholder<string, any> | null | undefined; ... 5 more ...; updatedAt?: Date | ... 3 more ... | undefined; }'.
      Property 'code' is missing in type '{ name: string; description: string; type: string; status: string; }' but required in type '{ code: string | SQL<unknown> | Placeholder<string, any>; name: string | SQL<unknown> | Placeholder<string, any>; type?: string | SQL<unknown> | Placeholder<string, any> | null | undefined; ... 5 more ...; updatedAt?: Date | ... 3 more ... | undefined; }'.
  Overload 2 of 2, '(values: { code: string | SQL<unknown> | Placeholder<string, any>; name: string | SQL<unknown> | Placeholder<string, any>; type?: string | SQL<unknown> | Placeholder<string, any> | null | undefined; ... 5 more ...; updatedAt?: Date | ... 3 more ... | undefined; }[]): PgInsertBase<...>', gave the following error.
    Object literal may only specify known properties, and 'name' does not exist in type '{ code: string | SQL<unknown> | Placeholder<string, any>; name: string | SQL<unknown> | Placeholder<string, any>; type?: string | SQL<unknown> | Placeholder<string, any> | null | undefined; ... 5 more ...; updatedAt?: Date | ... 3 more ... | undefined; }[]'.
scripts/verify_posting_persistence.ts(7,34): error TS2307: Cannot find module '../metadata' or its corresponding type declarations.
scripts/verify_posting_rules.ts(45,13): error TS2820: Type '"Unposted"' is not assignable to type '"Draft" | "Processing" | "Posted" | undefined'. Did you mean '"Posted"'?
scripts/verify_posting_rules.ts(61,13): error TS2820: Type '"Unposted"' is not assignable to type '"Draft" | "Processing" | "Posted" | undefined'. Did you mean '"Posted"'?
scripts/verify_ppm_ap_integration.ts(2,28): error TS2307: Cannot find module '../server/services/PpmService' or its corresponding type declarations.
scripts/verify_ppm_ap_integration.ts(69,41): error TS2345: Argument of type 'string' is not assignable to parameter of type 'number'.
scripts/verify_ppm_assets.ts(3,28): error TS2307: Cannot find module '../server/services/PpmService' or its corresponding type declarations.
scripts/verify_ppm_billing.ts(4,35): error TS2307: Cannot find module '../server/services/PpmBillingService' or its corresponding type declarations.
scripts/verify_ppm_billing.ts(39,38): error TS2769: No overload matches this call.
  Overload 1 of 2, '(value: { projectId: string | SQL<unknown> | Placeholder<string, any>; ruleType: string | SQL<unknown> | Placeholder<string, any>; id?: string | SQL<unknown> | Placeholder<...> | undefined; ... 4 more ...; markupPercentage?: string | ... 3 more ... | undefined; }): PgInsertBase<...>', gave the following error.
    Object literal may only specify known properties, and 'ruleName' does not exist in type '{ projectId: string | SQL<unknown> | Placeholder<string, any>; ruleType: string | SQL<unknown> | Placeholder<string, any>; id?: string | SQL<unknown> | Placeholder<...> | undefined; ... 4 more ...; markupPercentage?: string | ... 3 more ... | undefined; }'.
  Overload 2 of 2, '(values: { projectId: string | SQL<unknown> | Placeholder<string, any>; ruleType: string | SQL<unknown> | Placeholder<string, any>; id?: string | SQL<unknown> | Placeholder<...> | undefined; ... 4 more ...; markupPercentage?: string | ... 3 more ... | undefined; }[]): PgInsertBase<...>', gave the following error.
    Object literal may only specify known properties, and 'projectId' does not exist in type '{ projectId: string | SQL<unknown> | Placeholder<string, any>; ruleType: string | SQL<unknown> | Placeholder<string, any>; id?: string | SQL<unknown> | Placeholder<...> | undefined; ... 4 more ...; markupPercentage?: string | ... 3 more ... | undefined; }[]'.
scripts/verify_ppm_billing.ts(58,9): error TS2769: No overload matches this call.
  Overload 1 of 2, '(value: { quantity: string | SQL<unknown> | Placeholder<string, any>; taskId: string | SQL<unknown> | Placeholder<string, any>; transactionSource: string | SQL<...> | Placeholder<...>; ... 11 more ...; capitalizationStatus?: string | ... 3 more ... | undefined; }): PgInsertBase<...>', gave the following error.
    Object literal may only specify known properties, and 'projectId' does not exist in type '{ quantity: string | SQL<unknown> | Placeholder<string, any>; taskId: string | SQL<unknown> | Placeholder<string, any>; transactionSource: string | SQL<...> | Placeholder<...>; ... 11 more ...; capitalizationStatus?: string | ... 3 more ... | undefined; }'.
  Overload 2 of 2, '(values: { quantity: string | SQL<unknown> | Placeholder<string, any>; taskId: string | SQL<unknown> | Placeholder<string, any>; transactionSource: string | SQL<...> | Placeholder<...>; ... 11 more ...; capitalizationStatus?: string | ... 3 more ... | undefined; }[]): PgInsertBase<...>', gave the following error.
    Object literal may only specify known properties, and 'projectId' does not exist in type '{ quantity: string | SQL<unknown> | Placeholder<string, any>; taskId: string | SQL<unknown> | Placeholder<string, any>; transactionSource: string | SQL<...> | Placeholder<...>; ... 11 more ...; capitalizationStatus?: string | ... 3 more ... | undefined; }[]'.
scripts/verify_ppm_burdening.ts(2,28): error TS2307: Cannot find module '../server/services/PpmService' or its corresponding type declarations.
scripts/verify_ppm_capitalization.ts(2,28): error TS2307: Cannot find module '../server/services/PpmService' or its corresponding type declarations.
scripts/verify_ppm_configuration.ts(6,28): error TS2307: Cannot find module '../server/services/PpmService' or its corresponding type declarations.
scripts/verify_ppm_core.ts(3,28): error TS2307: Cannot find module '../server/services/PpmService' or its corresponding type declarations.
scripts/verify_ppm_core.ts(74,41): error TS7006: Parameter 'i' implicitly has an 'any' type.
scripts/verify_ppm_cross_charge.ts(7,28): error TS2307: Cannot find module '../server/services/PpmService' or its corresponding type declarations.
scripts/verify_ppm_intelligence.ts(7,28): error TS2307: Cannot find module '../server/services/PpmService' or its corresponding type declarations.
scripts/verify_ppm_inventory.ts(7,28): error TS2307: Cannot find module '../server/services/PpmService' or its corresponding type declarations.
scripts/verify_ppm_inventory.ts(39,13): error TS2769: No overload matches this call.
  Overload 1 of 2, '(value: { itemNumber: string | SQL<unknown> | Placeholder<string, any>; id?: string | SQL<unknown> | Placeholder<string, any> | undefined; description?: string | SQL<...> | Placeholder<...> | null | undefined; ... 5 more ...; maxQuantity?: string | ... 3 more ... | undefined; }): PgInsertBase<...>', gave the following error.
    Object literal may only specify known properties, and 'itemName' does not exist in type '{ itemNumber: string | SQL<unknown> | Placeholder<string, any>; id?: string | SQL<unknown> | Placeholder<string, any> | undefined; description?: string | SQL<...> | Placeholder<...> | null | undefined; ... 5 more ...; maxQuantity?: string | ... 3 more ... | undefined; }'.
  Overload 2 of 2, '(values: { itemNumber: string | SQL<unknown> | Placeholder<string, any>; id?: string | SQL<unknown> | Placeholder<string, any> | undefined; description?: string | SQL<...> | Placeholder<...> | null | undefined; ... 5 more ...; maxQuantity?: string | ... 3 more ... | undefined; }[]): PgInsertBase<...>', gave the following error.
    Object literal may only specify known properties, and 'itemName' does not exist in type '{ itemNumber: string | SQL<unknown> | Placeholder<string, any>; id?: string | SQL<unknown> | Placeholder<string, any> | undefined; description?: string | SQL<...> | Placeholder<...> | null | undefined; ... 5 more ...; maxQuantity?: string | ... 3 more ... | undefined; }[]'.
scripts/verify_ppm_inventory.ts(44,46): error TS2339: Property 'itemName' does not exist on type '{ id: string; description: string | null; createdAt: Date | null; itemNumber: string; primaryUomCode: string | null; organizationId: string | null; quantityOnHand: string | null; minQuantity: string | null; maxQuantity: string | null; }'.
scripts/verify_ppm_inventory.ts(48,62): error TS2769: No overload matches this call.
  Overload 1 of 2, '(value: { quantity: string | SQL<unknown> | Placeholder<string, any>; transactionType: string | SQL<unknown> | Placeholder<string, any>; itemId: string | SQL<...> | Placeholder<...>; ... 8 more ...; reference?: string | ... 3 more ... | undefined; }): PgInsertBase<...>', gave the following error.
    Type 'number' is not assignable to type 'string | SQL<unknown> | Placeholder<string, any>'.
  Overload 2 of 2, '(values: { quantity: string | SQL<unknown> | Placeholder<string, any>; transactionType: string | SQL<unknown> | Placeholder<string, any>; itemId: string | SQL<...> | Placeholder<...>; ... 8 more ...; reference?: string | ... 3 more ... | undefined; }[]): PgInsertBase<...>', gave the following error.
    Object literal may only specify known properties, and 'inventoryId' does not exist in type '{ quantity: string | SQL<unknown> | Placeholder<string, any>; transactionType: string | SQL<unknown> | Placeholder<string, any>; itemId: string | SQL<unknown> | Placeholder<...>; ... 8 more ...; reference?: string | ... 3 more ... | undefined; }[]'.
scripts/verify_ppm_inventory.ts(57,107): error TS2339: Property 'cost' does not exist on type '{ id: string; createdAt: Date | null; quantity: string; uom: string | null; transactionType: string; transactionDate: Date | null; itemId: string; subinventoryId: string | null; locatorId: string | null; sourceDocumentType: string | null; sourceDocumentId: string | null; reference: string | null; }'.
scripts/verify_ppm_inventory.ts(66,49): error TS7006: Parameter 'i' implicitly has an 'any' type.
scripts/verify_ppm_labor.ts(7,28): error TS2307: Cannot find module '../server/services/PpmService' or its corresponding type declarations.
scripts/verify_ppm_labor.ts(68,49): error TS7006: Parameter 'i' implicitly has an 'any' type.
scripts/verify_ppm_performance.ts(1,28): error TS2307: Cannot find module '../server/services/PpmService' or its corresponding type declarations.
scripts/verify_ppm_planning.ts(4,36): error TS2307: Cannot find module '../server/services/PpmPlanningService' or its corresponding type declarations.
scripts/verify_ppm_planning.ts(74,9): error TS2769: No overload matches this call.
  Overload 1 of 2, '(value: { quantity: string | SQL<unknown> | Placeholder<string, any>; taskId: string | SQL<unknown> | Placeholder<string, any>; transactionSource: string | SQL<...> | Placeholder<...>; ... 11 more ...; capitalizationStatus?: string | ... 3 more ... | undefined; }): PgInsertBase<...>', gave the following error.
    Object literal may only specify known properties, and 'projectId' does not exist in type '{ quantity: string | SQL<unknown> | Placeholder<string, any>; taskId: string | SQL<unknown> | Placeholder<string, any>; transactionSource: string | SQL<...> | Placeholder<...>; ... 11 more ...; capitalizationStatus?: string | ... 3 more ... | undefined; }'.
  Overload 2 of 2, '(values: { quantity: string | SQL<unknown> | Placeholder<string, any>; taskId: string | SQL<unknown> | Placeholder<string, any>; transactionSource: string | SQL<...> | Placeholder<...>; ... 11 more ...; capitalizationStatus?: string | ... 3 more ... | undefined; }[]): PgInsertBase<...>', gave the following error.
    Object literal may only specify known properties, and 'projectId' does not exist in type '{ quantity: string | SQL<unknown> | Placeholder<string, any>; taskId: string | SQL<unknown> | Placeholder<string, any>; transactionSource: string | SQL<...> | Placeholder<...>; ... 11 more ...; capitalizationStatus?: string | ... 3 more ... | undefined; }[]'.
scripts/verify_ppm_subledger.ts(2,28): error TS2307: Cannot find module '../server/services/PpmService' or its corresponding type declarations.
scripts/verify_prepayments.ts(29,21): error TS2741: Property 'invoiceId' is missing in type '{ lineNumber: number; lineType: string; amount: string; description: string; }' but required in type '{ invoiceId: string; lineNumber: number; amount: string; id?: string | undefined; description?: string | null | undefined; createdAt?: Date | null | undefined; lineType?: string | undefined; ... 11 more ...; costComponentId?: string | ... 1 more ... | undefined; }'.
scripts/verify_prepayments.ts(53,21): error TS2741: Property 'invoiceId' is missing in type '{ lineNumber: number; lineType: string; amount: string; description: string; }' but required in type '{ invoiceId: string; lineNumber: number; amount: string; id?: string | undefined; description?: string | null | undefined; createdAt?: Date | null | undefined; lineType?: string | undefined; ... 11 more ...; costComponentId?: string | ... 1 more ... | undefined; }'.
scripts/verify_prepayments.ts(58,68): error TS2345: Argument of type 'string' is not assignable to parameter of type 'number'.
scripts/verify_prepayments.ts(64,41): error TS2345: Argument of type 'string' is not assignable to parameter of type 'number'.
scripts/verify_prepayments.ts(78,41): error TS2345: Argument of type 'string' is not assignable to parameter of type 'number'.
scripts/verify_procurement_drizzle.ts(21,63): error TS2339: Property 'apInvoices' does not exist on type 'typeof import("/Users/mbjunaid/My Projects/nexusai-erp-2/shared/schema/scm")'.
scripts/verify_procurement_drizzle.ts(75,79): error TS2769: No overload matches this call.
  Overload 1 of 2, '(value: { lineNumber: number | SQL<unknown> | Placeholder<string, any>; amount: string | SQL<unknown> | Placeholder<string, any>; poHeaderId: string | SQL<unknown> | Placeholder<...>; ... 8 more ...; quantityReceived?: string | ... 3 more ... | undefined; }): PgInsertBase<...>', gave the following error.
    Type 'string | null' is not assignable to type 'string | SQL<unknown> | Placeholder<string, any>'.
      Type 'null' is not assignable to type 'string | SQL<unknown> | Placeholder<string, any>'.
  Overload 2 of 2, '(values: { lineNumber: number | SQL<unknown> | Placeholder<string, any>; amount: string | SQL<unknown> | Placeholder<string, any>; poHeaderId: string | SQL<unknown> | Placeholder<...>; ... 8 more ...; quantityReceived?: string | ... 3 more ... | undefined; }[]): PgInsertBase<...>', gave the following error.
    Object literal may only specify known properties, and 'poHeaderId' does not exist in type '{ lineNumber: number | SQL<unknown> | Placeholder<string, any>; amount: string | SQL<unknown> | Placeholder<string, any>; poHeaderId: string | SQL<unknown> | Placeholder<...>; ... 8 more ...; quantityReceived?: string | ... 3 more ... | undefined; }[]'.
scripts/verify_procurement_drizzle.ts(98,41): error TS2551: Property 'itemDescription' does not exist on type '{ id: string; description: string | null; createdAt: Date | null; lineNumber: number; amount: string; poHeaderId: string; unitPrice: string; quantity: string; projectId: string | null; taskId: string | null; itemId: string | null; quantityReceived: string | null; }'. Did you mean 'description'?
scripts/verify_procurement_drizzle.ts(103,72): error TS2769: No overload matches this call.
  Overload 1 of 2, '(value: { supplierId: string | SQL<unknown> | Placeholder<string, any>; invoiceNumber: string | SQL<unknown> | Placeholder<string, any>; invoiceDate: Date | SQL<...> | Placeholder<...>; ... 25 more ...; prepayAmountRemaining?: string | ... 3 more ... | undefined; }): PgInsertBase<...>', gave the following error.
    Object literal may only specify known properties, and 'siteId' does not exist in type '{ supplierId: string | SQL<unknown> | Placeholder<string, any>; invoiceNumber: string | SQL<unknown> | Placeholder<string, any>; invoiceDate: Date | SQL<...> | Placeholder<...>; ... 25 more ...; prepayAmountRemaining?: string | ... 3 more ... | undefined; }'.
  Overload 2 of 2, '(values: { supplierId: string | SQL<unknown> | Placeholder<string, any>; invoiceNumber: string | SQL<unknown> | Placeholder<string, any>; invoiceDate: Date | SQL<...> | Placeholder<...>; ... 25 more ...; prepayAmountRemaining?: string | ... 3 more ... | undefined; }[]): PgInsertBase<...>', gave the following error.
    Object literal may only specify known properties, and 'invoiceNumber' does not exist in type '{ supplierId: string | SQL<unknown> | Placeholder<string, any>; invoiceNumber: string | SQL<unknown> | Placeholder<string, any>; invoiceDate: Date | SQL<...> | Placeholder<...>; ... 25 more ...; prepayAmountRemaining?: string | ... 3 more ... | undefined; }[]'.
scripts/verify_procurement_drizzle.ts(124,24): error TS2353: Object literal may only specify known properties, and 'status' does not exist in type '{ supplierId?: string | SQL<unknown> | PgColumn<ColumnBaseConfig<ColumnDataType, string>, {}, {}> | undefined; invoiceNumber?: string | SQL<...> | PgColumn<...> | undefined; ... 26 more ...; prepayAmountRemaining?: string | ... 3 more ... | undefined; }'.
scripts/verify_procurement_drizzle.ts(131,13): error TS18046: 'e' is of type 'unknown'.
scripts/verify_procurement_step2.ts(14,13): error TS2769: No overload matches this call.
  Overload 1 of 2, '(value: { itemNumber: string | SQL<unknown> | Placeholder<string, any>; id?: string | SQL<unknown> | Placeholder<string, any> | undefined; description?: string | SQL<...> | Placeholder<...> | null | undefined; ... 5 more ...; maxQuantity?: string | ... 3 more ... | undefined; }): PgInsertBase<...>', gave the following error.
    Object literal may only specify known properties, and 'itemName' does not exist in type '{ itemNumber: string | SQL<unknown> | Placeholder<string, any>; id?: string | SQL<unknown> | Placeholder<string, any> | undefined; description?: string | SQL<...> | Placeholder<...> | null | undefined; ... 5 more ...; maxQuantity?: string | ... 3 more ... | undefined; }'.
  Overload 2 of 2, '(values: { itemNumber: string | SQL<unknown> | Placeholder<string, any>; id?: string | SQL<unknown> | Placeholder<string, any> | undefined; description?: string | SQL<...> | Placeholder<...> | null | undefined; ... 5 more ...; maxQuantity?: string | ... 3 more ... | undefined; }[]): PgInsertBase<...>', gave the following error.
    Object literal may only specify known properties, and 'itemName' does not exist in type '{ itemNumber: string | SQL<unknown> | Placeholder<string, any>; id?: string | SQL<unknown> | Placeholder<string, any> | undefined; description?: string | SQL<...> | Placeholder<...> | null | undefined; ... 5 more ...; maxQuantity?: string | ... 3 more ... | undefined; }[]'.
scripts/verify_procurement_step2.ts(39,52): error TS2307: Cannot find module '../server/services/MaintenanceSCMService' or its corresponding type declarations.
scripts/verify_project_integration.ts(5,28): error TS2307: Cannot find module '../server/services/PpmService' or its corresponding type declarations.
scripts/verify_quality_flow.ts(5,36): error TS2307: Cannot find module '../server/services/MaintenanceService' or its corresponding type declarations.
scripts/verify_quality_flow.ts(6,43): error TS2307: Cannot find module '../server/services/MaintenanceQualityService' or its corresponding type declarations.
scripts/verify_resource_flow.ts(3,36): error TS2307: Cannot find module '../server/services/MaintenanceService' or its corresponding type declarations.
scripts/verify_revaluation.ts(37,17): error TS2561: Object literal may only specify known properties, but 'periodNum' does not exist in type '{ periodName: string; startDate: Date; endDate: Date; fiscalYear: number; id?: string | undefined; status?: "Open" | "Closed" | "Future-Entry" | undefined; ledgerId?: string | undefined; }'. Did you mean to write 'periodName'?
scripts/verify_revaluation.ts(59,17): error TS2353: Object literal may only specify known properties, and 'enabled' does not exist in type '{ code: string; ledgerId: string; id?: string | undefined; enabledFlag?: boolean | null | undefined; accountType?: string | null | undefined; startDateActive?: Date | null | undefined; ... 11 more ...; summaryFlag?: boolean | ... 1 more ... | undefined; }'.
scripts/verify_revaluation.ts(80,17): error TS2353: Object literal may only specify known properties, and 'name' does not exist in type '{ currencyCode: string; journalNumber: string; source?: string | undefined; id?: string | undefined; autoReverse?: boolean | null | undefined; status?: "Draft" | "Processing" | "Posted" | undefined; ... 8 more ...; postedDate?: Date | ... 1 more ... | undefined; }'.
scripts/verify_revaluation.ts(246,17): error TS2561: Object literal may only specify known properties, but 'periodNum' does not exist in type '{ periodName: string; startDate: Date; endDate: Date; fiscalYear: number; id?: string | undefined; status?: "Open" | "Closed" | "Future-Entry" | undefined; ledgerId?: string | undefined; }'. Did you mean to write 'periodName'?
scripts/verify_revaluation.ts(263,17): error TS2353: Object literal may only specify known properties, and 'enabled' does not exist in type '{ code: string; ledgerId: string; id?: string | undefined; enabledFlag?: boolean | null | undefined; accountType?: string | null | undefined; startDateActive?: Date | null | undefined; ... 11 more ...; summaryFlag?: boolean | ... 1 more ... | undefined; }'.
scripts/verify_revaluation.ts(288,17): error TS2353: Object literal may only specify known properties, and 'name' does not exist in type '{ currencyCode: string; journalNumber: string; source?: string | undefined; id?: string | undefined; autoReverse?: boolean | null | undefined; status?: "Draft" | "Processing" | "Posted" | undefined; ... 8 more ...; postedDate?: Date | ... 1 more ... | undefined; }'.
scripts/verify_revenue_intelligence.ts(4,32): error TS2307: Cannot find module '../server/services/RevenueService' or its corresponding type declarations.
scripts/verify_revenue_intelligence.ts(5,43): error TS2307: Cannot find module '../server/services/RevenueForecastingService' or its corresponding type declarations.
scripts/verify_revenue_intelligence.ts(8,30): error TS7016: Could not find a declaration file for module 'uuid'. '/Users/mbjunaid/My Projects/nexusai-erp-2/node_modules/uuid/dist/esm-browser/index.js' implicitly has an 'any' type.
  Try `npm i --save-dev @types/uuid` if it exists or add a new declaration (.d.ts) file containing `declare module 'uuid';`
scripts/verify_revenue_intelligence.ts(95,36): error TS7006: Parameter 'r' implicitly has an 'any' type.
scripts/verify_revenue_intelligence.ts(97,37): error TS7006: Parameter 'r' implicitly has an 'any' type.
scripts/verify_revenue_intelligence.ts(97,98): error TS7006: Parameter 'r' implicitly has an 'any' type.
scripts/verify_revenue_phase_d.ts(6,32): error TS2307: Cannot find module '../server/services/RevenueService' or its corresponding type declarations.
scripts/verify_revenue_phase_d.ts(7,30): error TS7016: Could not find a declaration file for module 'uuid'. '/Users/mbjunaid/My Projects/nexusai-erp-2/node_modules/uuid/dist/esm-browser/index.js' implicitly has an 'any' type.
  Try `npm i --save-dev @types/uuid` if it exists or add a new declaration (.d.ts) file containing `declare module 'uuid';`
scripts/verify_revenue_recognition.ts(3,28): error TS2307: Cannot find module '../server/services/SlaService' or its corresponding type declarations.
scripts/verify_risk_scoring.ts(41,53): error TS2769: No overload matches this call.
  Overload 1 of 2, '(value: { tenantId: string | SQL<unknown> | Placeholder<string, any>; personId: string | SQL<unknown> | Placeholder<string, any>; legalEmployerId: string | SQL<...> | Placeholder<...>; ... 8 more ...; terminationDate?: string | ... 3 more ... | undefined; }): PgInsertBase<...>', gave the following error.
    Argument of type '{ tenantId: string; personId: string; dateStart: string; workerType: string; primaryFlag: boolean; }[]' is not assignable to parameter of type '{ tenantId: string | SQL<unknown> | Placeholder<string, any>; personId: string | SQL<unknown> | Placeholder<string, any>; legalEmployerId: string | SQL<...> | Placeholder<...>; ... 8 more ...; terminationDate?: string | ... 3 more ... | undefined; }'.
      Type '{ tenantId: string; personId: string; dateStart: string; workerType: string; primaryFlag: boolean; }[]' is missing the following properties from type '{ tenantId: string | SQL<unknown> | Placeholder<string, any>; personId: string | SQL<unknown> | Placeholder<string, any>; legalEmployerId: string | SQL<...> | Placeholder<...>; ... 8 more ...; terminationDate?: string | ... 3 more ... | undefined; }': tenantId, personId, legalEmployerId, dateStart
scripts/verify_risk_workflow.ts(61,49): error TS2769: No overload matches this call.
  Overload 1 of 2, '(value: { tenantId: string | SQL<unknown> | Placeholder<string, any>; severity: string | SQL<unknown> | Placeholder<string, any>; id?: string | SQL<unknown> | Placeholder<...> | undefined; ... 8 more ...; resolutionNotes?: string | ... 3 more ... | undefined; }): PgInsertBase<...>', gave the following error.
    Object literal may only specify known properties, and 'entityType' does not exist in type '{ tenantId: string | SQL<unknown> | Placeholder<string, any>; severity: string | SQL<unknown> | Placeholder<string, any>; id?: string | SQL<unknown> | Placeholder<...> | undefined; ... 8 more ...; resolutionNotes?: string | ... 3 more ... | undefined; }'.
  Overload 2 of 2, '(values: { tenantId: string | SQL<unknown> | Placeholder<string, any>; severity: string | SQL<unknown> | Placeholder<string, any>; id?: string | SQL<unknown> | Placeholder<...> | undefined; ... 8 more ...; resolutionNotes?: string | ... 3 more ... | undefined; }[]): PgInsertBase<...>', gave the following error.
    Object literal may only specify known properties, and 'id' does not exist in type '{ tenantId: string | SQL<unknown> | Placeholder<string, any>; severity: string | SQL<unknown> | Placeholder<string, any>; id?: string | SQL<unknown> | Placeholder<...> | undefined; ... 8 more ...; resolutionNotes?: string | ... 3 more ... | undefined; }[]'.
scripts/verify_rules_engine.ts(39,52): error TS2769: No overload matches this call.
  Overload 1 of 2, '(value: { code: string | SQL<unknown> | Placeholder<string, any>; name: string | SQL<unknown> | Placeholder<string, any>; tenantId: string | SQL<unknown> | Placeholder<...>; ... 4 more ...; createdAt?: Date | ... 3 more ... | undefined; }): PgInsertBase<...>', gave the following error.
    Object literal may only specify known properties, and 'days' does not exist in type '{ code: string | SQL<unknown> | Placeholder<string, any>; name: string | SQL<unknown> | Placeholder<string, any>; tenantId: string | SQL<unknown> | Placeholder<string, any>; ... 4 more ...; createdAt?: Date | ... 3 more ... | undefined; }'.
  Overload 2 of 2, '(values: { code: string | SQL<unknown> | Placeholder<string, any>; name: string | SQL<unknown> | Placeholder<string, any>; tenantId: string | SQL<unknown> | Placeholder<...>; ... 4 more ...; createdAt?: Date | ... 3 more ... | undefined; }[]): PgInsertBase<...>', gave the following error.
    Object literal may only specify known properties, and 'tenantId' does not exist in type '{ code: string | SQL<unknown> | Placeholder<string, any>; name: string | SQL<unknown> | Placeholder<string, any>; tenantId: string | SQL<unknown> | Placeholder<string, any>; ... 4 more ...; createdAt?: Date | ... 3 more ... | undefined; }[]'.
scripts/verify_scalability.ts(18,35): error TS2339: Property 'createContract' does not exist on type 'typeof ContractService'.
scripts/verify_scalability.ts(28,41): error TS2339: Property 'getAllContracts' does not exist on type 'typeof ContractService'.
scripts/verify_scalability.ts(34,41): error TS2339: Property 'getAllContracts' does not exist on type 'typeof ContractService'.
scripts/verify_schedule_flow.ts(35,66): error TS2345: Argument of type '{ code: string; name: string; startTime: string; endTime: string; color: string; }' is not assignable to parameter of type '{ code: string; name: string; tenantId: string; startTime: string; endTime: string; id?: string | undefined; color?: string | null | undefined; createdAt?: Date | null | undefined; }'.
  Property 'tenantId' is missing in type '{ code: string; name: string; startTime: string; endTime: string; color: string; }' but required in type '{ code: string; name: string; tenantId: string; startTime: string; endTime: string; id?: string | undefined; color?: string | null | undefined; createdAt?: Date | null | undefined; }'.
scripts/verify_security.ts(30,9): error TS2345: Argument of type '{ ledgerId: string; description: string; currencyCode: string; periodId: string; status: "Draft"; approvalStatus: "Required"; createdBy: string; }' is not assignable to parameter of type '{ currencyCode: string; journalNumber: string; source?: string | undefined; id?: string | undefined; autoReverse?: boolean | null | undefined; status?: "Draft" | "Processing" | "Posted" | undefined; ... 8 more ...; postedDate?: Date | ... 1 more ... | undefined; }'.
  Property 'journalNumber' is missing in type '{ ledgerId: string; description: string; currencyCode: string; periodId: string; status: "Draft"; approvalStatus: "Required"; createdBy: string; }' but required in type '{ currencyCode: string; journalNumber: string; source?: string | undefined; id?: string | undefined; autoReverse?: boolean | null | undefined; status?: "Draft" | "Processing" | "Posted" | undefined; ... 8 more ...; postedDate?: Date | ... 1 more ... | undefined; }'.
scripts/verify_sla_draft.ts(2,38): error TS2307: Cannot find module '../server/services/SlaService' or its corresponding type declarations.
scripts/verify_sla_reporting.ts(22,36): error TS2769: No overload matches this call.
  Overload 1 of 2, '(value: { periodName: string | SQL<unknown> | Placeholder<string, any>; startDate: Date | SQL<unknown> | Placeholder<string, any>; endDate: Date | SQL<...> | Placeholder<...>; fiscalYear: number | ... 1 more ... | Placeholder<...>; id?: string | ... 2 more ... | undefined; status?: string | ... 3 more ... | undefined; ledgerId?: string | ... 2 more ... | undefined; }): PgInsertBase<...>', gave the following error.
    Object literal may only specify known properties, and 'quarter' does not exist in type '{ periodName: string | SQL<unknown> | Placeholder<string, any>; startDate: Date | SQL<unknown> | Placeholder<string, any>; endDate: Date | SQL<...> | Placeholder<...>; fiscalYear: number | ... 1 more ... | Placeholder<...>; id?: string | ... 2 more ... | undefined; status?: string | ... 3 more ... | undefined; ledge...'.
  Overload 2 of 2, '(values: { periodName: string | SQL<unknown> | Placeholder<string, any>; startDate: Date | SQL<unknown> | Placeholder<string, any>; endDate: Date | SQL<...> | Placeholder<...>; fiscalYear: number | ... 1 more ... | Placeholder<...>; id?: string | ... 2 more ... | undefined; status?: string | ... 3 more ... | undefined; ledgerId?: string | ... 2 more ... | undefined; }[]): PgInsertBase<...>', gave the following error.
    Object literal may only specify known properties, and 'periodName' does not exist in type '{ periodName: string | SQL<unknown> | Placeholder<string, any>; startDate: Date | SQL<unknown> | Placeholder<string, any>; endDate: Date | SQL<...> | Placeholder<...>; fiscalYear: number | ... 1 more ... | Placeholder<...>; id?: string | ... 2 more ... | undefined; status?: string | ... 3 more ... | undefined; ledge...'.
scripts/verify_smart_close.ts(6,30): error TS7016: Could not find a declaration file for module 'uuid'. '/Users/mbjunaid/My Projects/nexusai-erp-2/node_modules/uuid/dist/esm-browser/index.js' implicitly has an 'any' type.
  Try `npm i --save-dev @types/uuid` if it exists or add a new declaration (.d.ts) file containing `declare module 'uuid';`
scripts/verify_smart_close.ts(36,49): error TS2769: No overload matches this call.
  Overload 1 of 2, '(value: { periodName: string | SQL<unknown> | Placeholder<string, any>; startDate: Date | SQL<unknown> | Placeholder<string, any>; endDate: Date | SQL<...> | Placeholder<...>; fiscalYear: number | ... 1 more ... | Placeholder<...>; id?: string | ... 2 more ... | undefined; status?: string | ... 3 more ... | undefined; ledgerId?: string | ... 2 more ... | undefined; }): PgInsertBase<...>', gave the following error.
    Type 'string' is not assignable to type 'number | SQL<unknown> | Placeholder<string, any>'.
  Overload 2 of 2, '(values: { periodName: string | SQL<unknown> | Placeholder<string, any>; startDate: Date | SQL<unknown> | Placeholder<string, any>; endDate: Date | SQL<...> | Placeholder<...>; fiscalYear: number | ... 1 more ... | Placeholder<...>; id?: string | ... 2 more ... | undefined; status?: string | ... 3 more ... | undefined; ledgerId?: string | ... 2 more ... | undefined; }[]): PgInsertBase<...>', gave the following error.
    Object literal may only specify known properties, and 'periodName' does not exist in type '{ periodName: string | SQL<unknown> | Placeholder<string, any>; startDate: Date | SQL<unknown> | Placeholder<string, any>; endDate: Date | SQL<...> | Placeholder<...>; fiscalYear: number | ... 1 more ... | Placeholder<...>; id?: string | ... 2 more ... | undefined; status?: string | ... 3 more ... | undefined; ledge...'.
scripts/verify_smart_close.ts(60,40): error TS2769: No overload matches this call.
  Overload 1 of 2, '(value: { entityId: string | SQL<unknown> | Placeholder<string, any>; glDate: Date | SQL<unknown> | Placeholder<string, any>; currencyCode: string | SQL<...> | Placeholder<...>; ... 12 more ...; glJournalId?: string | ... 3 more ... | undefined; }): PgInsertBase<...>', gave the following error.
    Object literal may only specify known properties, and 'eventId' does not exist in type '{ entityId: string | SQL<unknown> | Placeholder<string, any>; glDate: Date | SQL<unknown> | Placeholder<string, any>; currencyCode: string | SQL<...> | Placeholder<...>; ... 12 more ...; glJournalId?: string | ... 3 more ... | undefined; }'.
  Overload 2 of 2, '(values: { entityId: string | SQL<unknown> | Placeholder<string, any>; glDate: Date | SQL<unknown> | Placeholder<string, any>; currencyCode: string | SQL<...> | Placeholder<...>; ... 12 more ...; glJournalId?: string | ... 3 more ... | undefined; }[]): PgInsertBase<...>', gave the following error.
    Object literal may only specify known properties, and 'ledgerId' does not exist in type '{ entityId: string | SQL<unknown> | Placeholder<string, any>; glDate: Date | SQL<unknown> | Placeholder<string, any>; currencyCode: string | SQL<...> | Placeholder<...>; ... 12 more ...; glJournalId?: string | ... 3 more ... | undefined; }[]'.
scripts/verify_smart_close.ts(86,32): error TS2769: No overload matches this call.
  Overload 1 of 2, '(value: { periodName: string | SQL<unknown> | Placeholder<string, any>; startDate: Date | SQL<unknown> | Placeholder<string, any>; endDate: Date | SQL<...> | Placeholder<...>; fiscalYear: number | ... 1 more ... | Placeholder<...>; id?: string | ... 2 more ... | undefined; status?: string | ... 3 more ... | undefined; ledgerId?: string | ... 2 more ... | undefined; }): PgInsertBase<...>', gave the following error.
    Type 'string' is not assignable to type 'number | SQL<unknown> | Placeholder<string, any>'.
  Overload 2 of 2, '(values: { periodName: string | SQL<unknown> | Placeholder<string, any>; startDate: Date | SQL<unknown> | Placeholder<string, any>; endDate: Date | SQL<...> | Placeholder<...>; fiscalYear: number | ... 1 more ... | Placeholder<...>; id?: string | ... 2 more ... | undefined; status?: string | ... 3 more ... | undefined; ledgerId?: string | ... 2 more ... | undefined; }[]): PgInsertBase<...>', gave the following error.
    Object literal may only specify known properties, and 'periodName' does not exist in type '{ periodName: string | SQL<unknown> | Placeholder<string, any>; startDate: Date | SQL<unknown> | Placeholder<string, any>; endDate: Date | SQL<...> | Placeholder<...>; fiscalYear: number | ... 1 more ... | Placeholder<...>; id?: string | ... 2 more ... | undefined; status?: string | ... 3 more ... | undefined; ledge...'.
scripts/verify_standard_costing.ts(3,31): error TS2307: Cannot find module '@nestjs/typeorm' or its corresponding type declarations.
scripts/verify_standard_costing.ts(5,28): error TS2307: Cannot find module 'typeorm' or its corresponding type declarations.
scripts/verify_subscriptions.ts(6,30): error TS7016: Could not find a declaration file for module 'uuid'. '/Users/mbjunaid/My Projects/nexusai-erp-2/node_modules/uuid/dist/esm-browser/index.js' implicitly has an 'any' type.
  Try `npm i --save-dev @types/uuid` if it exists or add a new declaration (.d.ts) file containing `declare module 'uuid';`
scripts/verify_subscriptions.ts(48,61): error TS18048: 'amendedSub' is possibly 'undefined'.
scripts/verify_supplier_name_display.ts(5,19): error TS2307: Cannot find module 'axios' or its corresponding type declarations.
scripts/verify_supplier_phase2.ts(54,60): error TS2339: Property 'length' does not exist on type '{ score: number; risks: string[]; recommendations: string[]; }'.
scripts/verify_supplier_phase2.ts(69,56): error TS2339: Property 'validatePOCompliance' does not exist on type 'ContractService'.
scripts/verify_talent_level15.ts(100,13): error TS18048: 'updatedGoal' is possibly 'undefined'.
scripts/verify_talent_level15.ts(101,49): error TS18048: 'updatedGoal' is possibly 'undefined'.
scripts/verify_treasury_phase3.ts(24,57): error TS2769: No overload matches this call.
  Overload 1 of 2, '(value: { name: string | SQL<unknown> | Placeholder<string, any>; address?: string | SQL<unknown> | Placeholder<string, any> | null | undefined; id?: string | SQL<...> | Placeholder<...> | undefined; ... 15 more ...; parentSupplierId?: string | ... 3 more ... | undefined; }): PgInsertBase<...>', gave the following error.
    Object literal may only specify known properties, and 'employeeCount' does not exist in type '{ name: string | SQL<unknown> | Placeholder<string, any>; address?: string | SQL<unknown> | Placeholder<string, any> | null | undefined; id?: string | SQL<...> | Placeholder<...> | undefined; ... 15 more ...; parentSupplierId?: string | ... 3 more ... | undefined; }'.
  Overload 2 of 2, '(values: { name: string | SQL<unknown> | Placeholder<string, any>; address?: string | SQL<unknown> | Placeholder<string, any> | null | undefined; id?: string | SQL<...> | Placeholder<...> | undefined; ... 15 more ...; parentSupplierId?: string | ... 3 more ... | undefined; }[]): PgInsertBase<...>', gave the following error.
    Object literal may only specify known properties, and 'name' does not exist in type '{ name: string | SQL<unknown> | Placeholder<string, any>; address?: string | SQL<unknown> | Placeholder<string, any> | null | undefined; id?: string | SQL<...> | Placeholder<...> | undefined; ... 15 more ...; parentSupplierId?: string | ... 3 more ... | undefined; }[]'.
scripts/verify_treasury_phase3.ts(30,57): error TS2769: No overload matches this call.
  Overload 1 of 2, '(value: { supplierId: string | SQL<unknown> | Placeholder<string, any>; address?: string | SQL<unknown> | Placeholder<string, any> | null | undefined; id?: string | SQL<...> | Placeholder<...> | undefined; ... 12 more ...; bankAccountNumber?: string | ... 3 more ... | undefined; }): PgInsertBase<...>', gave the following error.
    Object literal may only specify known properties, and 'addressLine1' does not exist in type '{ supplierId: string | SQL<unknown> | Placeholder<string, any>; address?: string | SQL<unknown> | Placeholder<string, any> | null | undefined; id?: string | SQL<...> | Placeholder<...> | undefined; ... 12 more ...; bankAccountNumber?: string | ... 3 more ... | undefined; }'.
  Overload 2 of 2, '(values: { supplierId: string | SQL<unknown> | Placeholder<string, any>; address?: string | SQL<unknown> | Placeholder<string, any> | null | undefined; id?: string | SQL<...> | Placeholder<...> | undefined; ... 12 more ...; bankAccountNumber?: string | ... 3 more ... | undefined; }[]): PgInsertBase<...>', gave the following error.
    Object literal may only specify known properties, and 'supplierId' does not exist in type '{ supplierId: string | SQL<unknown> | Placeholder<string, any>; address?: string | SQL<unknown> | Placeholder<string, any> | null | undefined; id?: string | SQL<...> | Placeholder<...> | undefined; ... 12 more ...; bankAccountNumber?: string | ... 3 more ... | undefined; }[]'.
scripts/verify_treasury_phase3.ts(38,53): error TS2769: No overload matches this call.
  Overload 1 of 2, '(value: { supplierId: string | SQL<unknown> | Placeholder<string, any>; invoiceNumber: string | SQL<unknown> | Placeholder<string, any>; invoiceDate: Date | SQL<...> | Placeholder<...>; ... 25 more ...; prepayAmountRemaining?: string | ... 3 more ... | undefined; }): PgInsertBase<...>', gave the following error.
    Object literal may only specify known properties, and 'currency' does not exist in type '{ supplierId: string | SQL<unknown> | Placeholder<string, any>; invoiceNumber: string | SQL<unknown> | Placeholder<string, any>; invoiceDate: Date | SQL<...> | Placeholder<...>; ... 25 more ...; prepayAmountRemaining?: string | ... 3 more ... | undefined; }'.
  Overload 2 of 2, '(values: { supplierId: string | SQL<unknown> | Placeholder<string, any>; invoiceNumber: string | SQL<unknown> | Placeholder<string, any>; invoiceDate: Date | SQL<...> | Placeholder<...>; ... 25 more ...; prepayAmountRemaining?: string | ... 3 more ... | undefined; }[]): PgInsertBase<...>', gave the following error.
    Object literal may only specify known properties, and 'invoiceNumber' does not exist in type '{ supplierId: string | SQL<unknown> | Placeholder<string, any>; invoiceNumber: string | SQL<unknown> | Placeholder<string, any>; invoiceDate: Date | SQL<...> | Placeholder<...>; ... 25 more ...; prepayAmountRemaining?: string | ... 3 more ... | undefined; }[]'.
scripts/verify_treasury_phase3.ts(144,44): error TS2769: No overload matches this call.
  Overload 1 of 2, '(value: { supplierId: string | SQL<unknown> | Placeholder<string, any>; amount: string | SQL<unknown> | Placeholder<string, any>; paymentMethodCode: string | SQL<...> | Placeholder<...>; ... 7 more ...; batchId?: string | ... 3 more ... | undefined; }): PgInsertBase<...>', gave the following error.
    Argument of type '{ batchId: number; amount: string; currencyCode: string; paymentDate: Date; paymentMethodCode: string; paymentStatus: string; supplierId: string; }[]' is not assignable to parameter of type '{ supplierId: string | SQL<unknown> | Placeholder<string, any>; amount: string | SQL<unknown> | Placeholder<string, any>; paymentMethodCode: string | SQL<...> | Placeholder<...>; ... 7 more ...; batchId?: string | ... 3 more ... | undefined; }'.
      Type '{ batchId: number; amount: string; currencyCode: string; paymentDate: Date; paymentMethodCode: string; paymentStatus: string; supplierId: string; }[]' is missing the following properties from type '{ supplierId: string | SQL<unknown> | Placeholder<string, any>; amount: string | SQL<unknown> | Placeholder<string, any>; paymentMethodCode: string | SQL<...> | Placeholder<...>; ... 7 more ...; batchId?: string | ... 3 more ... | undefined; }': supplierId, amount, paymentMethodCode, paymentDate, currencyCode
  Overload 2 of 2, '(values: { supplierId: string | SQL<unknown> | Placeholder<string, any>; amount: string | SQL<unknown> | Placeholder<string, any>; paymentMethodCode: string | SQL<...> | Placeholder<...>; ... 7 more ...; batchId?: string | ... 3 more ... | undefined; }[]): PgInsertBase<...>', gave the following error.
    Argument of type '{ batchId: number; amount: string; currencyCode: string; paymentDate: Date; paymentMethodCode: string; paymentStatus: string; supplierId: string; }[]' is not assignable to parameter of type '{ supplierId: string | SQL<unknown> | Placeholder<string, any>; amount: string | SQL<unknown> | Placeholder<string, any>; paymentMethodCode: string | SQL<...> | Placeholder<...>; ... 7 more ...; batchId?: string | ... 3 more ... | undefined; }[]'.
      Type '{ batchId: number; amount: string; currencyCode: string; paymentDate: Date; paymentMethodCode: string; paymentStatus: string; supplierId: string; }' is not assignable to type '{ supplierId: string | SQL<unknown> | Placeholder<string, any>; amount: string | SQL<unknown> | Placeholder<string, any>; paymentMethodCode: string | SQL<...> | Placeholder<...>; ... 7 more ...; batchId?: string | ... 3 more ... | undefined; }'.
        Types of property 'batchId' are incompatible.
          Type 'number' is not assignable to type 'string | SQL<unknown> | Placeholder<string, any> | null | undefined'.
scripts/verify_treasury_phase3.ts(148,13): error TS2769: No overload matches this call.
  Overload 1 of 2, '(value: { supplierId: string | SQL<unknown> | Placeholder<string, any>; amount: string | SQL<unknown> | Placeholder<string, any>; paymentMethodCode: string | SQL<...> | Placeholder<...>; ... 7 more ...; batchId?: string | ... 3 more ... | undefined; }): PgInsertBase<...>', gave the following error.
    Type 'number' is not assignable to type 'string | SQL<unknown> | Placeholder<string, any> | null | undefined'.
  Overload 2 of 2, '(values: { supplierId: string | SQL<unknown> | Placeholder<string, any>; amount: string | SQL<unknown> | Placeholder<string, any>; paymentMethodCode: string | SQL<...> | Placeholder<...>; ... 7 more ...; batchId?: string | ... 3 more ... | undefined; }[]): PgInsertBase<...>', gave the following error.
    Object literal may only specify known properties, and 'batchId' does not exist in type '{ supplierId: string | SQL<unknown> | Placeholder<string, any>; amount: string | SQL<unknown> | Placeholder<string, any>; paymentMethodCode: string | SQL<...> | Placeholder<...>; ... 7 more ...; batchId?: string | ... 3 more ... | undefined; }[]'.
scripts/verify_treasury_phase4.ts(32,61): error TS2769: No overload matches this call.
  Overload 1 of 2, '(value: { name: string | SQL<unknown> | Placeholder<string, any>; address?: string | SQL<unknown> | Placeholder<string, any> | null | undefined; id?: string | SQL<...> | Placeholder<...> | undefined; ... 15 more ...; parentSupplierId?: string | ... 3 more ... | undefined; }): PgInsertBase<...>', gave the following error.
    Object literal may only specify known properties, and 'status' does not exist in type '{ name: string | SQL<unknown> | Placeholder<string, any>; address?: string | SQL<unknown> | Placeholder<string, any> | null | undefined; id?: string | SQL<...> | Placeholder<...> | undefined; ... 15 more ...; parentSupplierId?: string | ... 3 more ... | undefined; }'.
  Overload 2 of 2, '(values: { name: string | SQL<unknown> | Placeholder<string, any>; address?: string | SQL<unknown> | Placeholder<string, any> | null | undefined; id?: string | SQL<...> | Placeholder<...> | undefined; ... 15 more ...; parentSupplierId?: string | ... 3 more ... | undefined; }[]): PgInsertBase<...>', gave the following error.
    Object literal may only specify known properties, and 'name' does not exist in type '{ name: string | SQL<unknown> | Placeholder<string, any>; address?: string | SQL<unknown> | Placeholder<string, any> | null | undefined; id?: string | SQL<...> | Placeholder<...> | undefined; ... 15 more ...; parentSupplierId?: string | ... 3 more ... | undefined; }[]'.
scripts/verify_treasury_phase4.ts(48,52): error TS2769: No overload matches this call.
  Overload 1 of 2, '(value: { supplierId: string | SQL<unknown> | Placeholder<string, any>; invoiceNumber: string | SQL<unknown> | Placeholder<string, any>; invoiceDate: Date | SQL<...> | Placeholder<...>; ... 25 more ...; prepayAmountRemaining?: string | ... 3 more ... | undefined; }): PgInsertBase<...>', gave the following error.
    Object literal may only specify known properties, and 'status' does not exist in type '{ supplierId: string | SQL<unknown> | Placeholder<string, any>; invoiceNumber: string | SQL<unknown> | Placeholder<string, any>; invoiceDate: Date | SQL<...> | Placeholder<...>; ... 25 more ...; prepayAmountRemaining?: string | ... 3 more ... | undefined; }'.
  Overload 2 of 2, '(values: { supplierId: string | SQL<unknown> | Placeholder<string, any>; invoiceNumber: string | SQL<unknown> | Placeholder<string, any>; invoiceDate: Date | SQL<...> | Placeholder<...>; ... 25 more ...; prepayAmountRemaining?: string | ... 3 more ... | undefined; }[]): PgInsertBase<...>', gave the following error.
    Object literal may only specify known properties, and 'invoiceNumber' does not exist in type '{ supplierId: string | SQL<unknown> | Placeholder<string, any>; invoiceNumber: string | SQL<unknown> | Placeholder<string, any>; invoiceDate: Date | SQL<...> | Placeholder<...>; ... 25 more ...; prepayAmountRemaining?: string | ... 3 more ... | undefined; }[]'.
scripts/verify_treasury_phase4.ts(60,52): error TS2769: No overload matches this call.
  Overload 1 of 2, '(value: { supplierId: string | SQL<unknown> | Placeholder<string, any>; invoiceNumber: string | SQL<unknown> | Placeholder<string, any>; invoiceDate: Date | SQL<...> | Placeholder<...>; ... 25 more ...; prepayAmountRemaining?: string | ... 3 more ... | undefined; }): PgInsertBase<...>', gave the following error.
    Object literal may only specify known properties, and 'status' does not exist in type '{ supplierId: string | SQL<unknown> | Placeholder<string, any>; invoiceNumber: string | SQL<unknown> | Placeholder<string, any>; invoiceDate: Date | SQL<...> | Placeholder<...>; ... 25 more ...; prepayAmountRemaining?: string | ... 3 more ... | undefined; }'.
  Overload 2 of 2, '(values: { supplierId: string | SQL<unknown> | Placeholder<string, any>; invoiceNumber: string | SQL<unknown> | Placeholder<string, any>; invoiceDate: Date | SQL<...> | Placeholder<...>; ... 25 more ...; prepayAmountRemaining?: string | ... 3 more ... | undefined; }[]): PgInsertBase<...>', gave the following error.
    Object literal may only specify known properties, and 'invoiceNumber' does not exist in type '{ supplierId: string | SQL<unknown> | Placeholder<string, any>; invoiceNumber: string | SQL<unknown> | Placeholder<string, any>; invoiceDate: Date | SQL<...> | Placeholder<...>; ... 25 more ...; prepayAmountRemaining?: string | ... 3 more ... | undefined; }[]'.
scripts/verify_void_logic.ts(53,37): error TS2345: Argument of type 'string' is not assignable to parameter of type 'number'.
scripts/verify_wip_costing.ts(3,31): error TS2307: Cannot find module '@nestjs/typeorm' or its corresponding type declarations.
scripts/verify_wip_costing.ts(5,28): error TS2307: Cannot find module 'typeorm' or its corresponding type declarations.
scripts/verify_wms_flow.ts(4,28): error TS2307: Cannot find module '../server/services/WmsService' or its corresponding type declarations.
scripts/verify_wms_flow.ts(13,53): error TS2769: No overload matches this call.
  Overload 1 of 2, '(value: { orgId: string | SQL<unknown> | Placeholder<string, any>; customerId: string | SQL<unknown> | Placeholder<string, any>; orderNumber: string | SQL<unknown> | Placeholder<...>; ... 13 more ...; shippingMethod?: string | ... 3 more ... | undefined; }): PgInsertBase<...>', gave the following error.
    Object literal may only specify known properties, and 'currency' does not exist in type '{ orgId: string | SQL<unknown> | Placeholder<string, any>; customerId: string | SQL<unknown> | Placeholder<string, any>; orderNumber: string | SQL<unknown> | Placeholder<...>; ... 13 more ...; shippingMethod?: string | ... 3 more ... | undefined; }'.
  Overload 2 of 2, '(values: { orgId: string | SQL<unknown> | Placeholder<string, any>; customerId: string | SQL<unknown> | Placeholder<string, any>; orderNumber: string | SQL<unknown> | Placeholder<...>; ... 13 more ...; shippingMethod?: string | ... 3 more ... | undefined; }[]): PgInsertBase<...>', gave the following error.
    Object literal may only specify known properties, and 'orderNumber' does not exist in type '{ orgId: string | SQL<unknown> | Placeholder<string, any>; customerId: string | SQL<unknown> | Placeholder<string, any>; orderNumber: string | SQL<unknown> | Placeholder<...>; ... 13 more ...; shippingMethod?: string | ... 3 more ... | undefined; }[]'.
scripts/verify_wms_flow.ts(23,50): error TS2769: No overload matches this call.
  Overload 1 of 2, '(value: { orgId: string | SQL<unknown> | Placeholder<string, any>; lineNumber: number | SQL<unknown> | Placeholder<string, any>; itemId: string | SQL<unknown> | Placeholder<...>; ... 12 more ...; extendedAmount?: string | ... 3 more ... | undefined; }): PgInsertBase<...>', gave the following error.
    Object literal may only specify known properties, and 'amount' does not exist in type '{ orgId: string | SQL<unknown> | Placeholder<string, any>; lineNumber: number | SQL<unknown> | Placeholder<string, any>; itemId: string | SQL<unknown> | Placeholder<...>; ... 12 more ...; extendedAmount?: string | ... 3 more ... | undefined; }'.
  Overload 2 of 2, '(values: { orgId: string | SQL<unknown> | Placeholder<string, any>; lineNumber: number | SQL<unknown> | Placeholder<string, any>; itemId: string | SQL<unknown> | Placeholder<...>; ... 12 more ...; extendedAmount?: string | ... 3 more ... | undefined; }[]): PgInsertBase<...>', gave the following error.
    Object literal may only specify known properties, and 'headerId' does not exist in type '{ orgId: string | SQL<unknown> | Placeholder<string, any>; lineNumber: number | SQL<unknown> | Placeholder<string, any>; itemId: string | SQL<unknown> | Placeholder<...>; ... 12 more ...; extendedAmount?: string | ... 3 more ... | undefined; }[]'.
scripts/verify_wms_foundation.ts(2,20): error TS2307: Cannot find module '../db' or its corresponding type declarations.
scripts/verify_wms_foundation.ts(47,19): error TS2339: Property 'find' does not exist on type '{ data: { id: string; taskNumber: string | null; warehouseId: string; taskType: string; status: string | null; sourceDocType: string | null; sourceDocId: string | null; sourceLineId: string | null; ... 11 more ...; createdAt: Date | null; }[]; total: number; page: number; limit: number; totalPages: number; }'.
scripts/verify_wms_foundation.ts(47,24): error TS7006: Parameter 't' implicitly has an 'any' type.
scripts/verify_wms_foundation.ts(62,100): error TS2339: Property 'referenceNumber' does not exist on type 'PgTableWithColumns<{ name: "inv_material_transactions"; schema: undefined; columns: { id: PgColumn<{ name: "id"; tableName: "inv_material_transactions"; dataType: "string"; columnType: "PgVarchar"; data: string; driverParam: string; ... 8 more ...; generated: undefined; }, {}, { ...; }>; ... 10 more ...; createdAt: ...'.
scripts/verify_workflow.ts(60,39): error TS2304: Cannot find name 'sql'.
scripts/verify_workflow_escalation.ts(14,50): error TS2769: No overload matches this call.
  Overload 1 of 2, '(value: { firstName: string | SQL<unknown> | Placeholder<string, any>; lastName: string | SQL<unknown> | Placeholder<string, any>; tenantId: string | SQL<unknown> | Placeholder<...>; ... 13 more ...; updatedBy?: string | ... 3 more ... | undefined; }): PgInsertBase<...>', gave the following error.
    Argument of type '{ firstName: string; lastName: string; email: string; tenantId: string; }' is not assignable to parameter of type '{ firstName: string | SQL<unknown> | Placeholder<string, any>; lastName: string | SQL<unknown> | Placeholder<string, any>; tenantId: string | SQL<unknown> | Placeholder<...>; ... 13 more ...; updatedBy?: string | ... 3 more ... | undefined; }'.
      Property 'personNumber' is missing in type '{ firstName: string; lastName: string; email: string; tenantId: string; }' but required in type '{ firstName: string | SQL<unknown> | Placeholder<string, any>; lastName: string | SQL<unknown> | Placeholder<string, any>; tenantId: string | SQL<unknown> | Placeholder<...>; ... 13 more ...; updatedBy?: string | ... 3 more ... | undefined; }'.
  Overload 2 of 2, '(values: { firstName: string | SQL<unknown> | Placeholder<string, any>; lastName: string | SQL<unknown> | Placeholder<string, any>; tenantId: string | SQL<unknown> | Placeholder<...>; ... 13 more ...; updatedBy?: string | ... 3 more ... | undefined; }[]): PgInsertBase<...>', gave the following error.
    Object literal may only specify known properties, and 'firstName' does not exist in type '{ firstName: string | SQL<unknown> | Placeholder<string, any>; lastName: string | SQL<unknown> | Placeholder<string, any>; tenantId: string | SQL<unknown> | Placeholder<...>; ... 13 more ...; updatedBy?: string | ... 3 more ... | undefined; }[]'.
scripts/verify_workflow_escalation.ts(21,50): error TS2769: No overload matches this call.
  Overload 1 of 2, '(value: { firstName: string | SQL<unknown> | Placeholder<string, any>; lastName: string | SQL<unknown> | Placeholder<string, any>; tenantId: string | SQL<unknown> | Placeholder<...>; ... 13 more ...; updatedBy?: string | ... 3 more ... | undefined; }): PgInsertBase<...>', gave the following error.
    Argument of type '{ firstName: string; lastName: string; email: string; tenantId: string; }' is not assignable to parameter of type '{ firstName: string | SQL<unknown> | Placeholder<string, any>; lastName: string | SQL<unknown> | Placeholder<string, any>; tenantId: string | SQL<unknown> | Placeholder<...>; ... 13 more ...; updatedBy?: string | ... 3 more ... | undefined; }'.
      Property 'personNumber' is missing in type '{ firstName: string; lastName: string; email: string; tenantId: string; }' but required in type '{ firstName: string | SQL<unknown> | Placeholder<string, any>; lastName: string | SQL<unknown> | Placeholder<string, any>; tenantId: string | SQL<unknown> | Placeholder<...>; ... 13 more ...; updatedBy?: string | ... 3 more ... | undefined; }'.
  Overload 2 of 2, '(values: { firstName: string | SQL<unknown> | Placeholder<string, any>; lastName: string | SQL<unknown> | Placeholder<string, any>; tenantId: string | SQL<unknown> | Placeholder<...>; ... 13 more ...; updatedBy?: string | ... 3 more ... | undefined; }[]): PgInsertBase<...>', gave the following error.
    Object literal may only specify known properties, and 'firstName' does not exist in type '{ firstName: string | SQL<unknown> | Placeholder<string, any>; lastName: string | SQL<unknown> | Placeholder<string, any>; tenantId: string | SQL<unknown> | Placeholder<...>; ... 13 more ...; updatedBy?: string | ... 3 more ... | undefined; }[]'.
scripts/verify_workflow_escalation.ts(28,50): error TS2769: No overload matches this call.
  Overload 1 of 2, '(value: { firstName: string | SQL<unknown> | Placeholder<string, any>; lastName: string | SQL<unknown> | Placeholder<string, any>; tenantId: string | SQL<unknown> | Placeholder<...>; ... 13 more ...; updatedBy?: string | ... 3 more ... | undefined; }): PgInsertBase<...>', gave the following error.
    Argument of type '{ firstName: string; lastName: string; email: string; tenantId: string; }' is not assignable to parameter of type '{ firstName: string | SQL<unknown> | Placeholder<string, any>; lastName: string | SQL<unknown> | Placeholder<string, any>; tenantId: string | SQL<unknown> | Placeholder<...>; ... 13 more ...; updatedBy?: string | ... 3 more ... | undefined; }'.
      Property 'personNumber' is missing in type '{ firstName: string; lastName: string; email: string; tenantId: string; }' but required in type '{ firstName: string | SQL<unknown> | Placeholder<string, any>; lastName: string | SQL<unknown> | Placeholder<string, any>; tenantId: string | SQL<unknown> | Placeholder<...>; ... 13 more ...; updatedBy?: string | ... 3 more ... | undefined; }'.
  Overload 2 of 2, '(values: { firstName: string | SQL<unknown> | Placeholder<string, any>; lastName: string | SQL<unknown> | Placeholder<string, any>; tenantId: string | SQL<unknown> | Placeholder<...>; ... 13 more ...; updatedBy?: string | ... 3 more ... | undefined; }[]): PgInsertBase<...>', gave the following error.
    Object literal may only specify known properties, and 'firstName' does not exist in type '{ firstName: string | SQL<unknown> | Placeholder<string, any>; lastName: string | SQL<unknown> | Placeholder<string, any>; tenantId: string | SQL<unknown> | Placeholder<...>; ... 13 more ...; updatedBy?: string | ... 3 more ... | undefined; }[]'.
scripts/verify_workflow_escalation.ts(35,40): error TS2769: No overload matches this call.
  Overload 1 of 2, '(value: { tenantId: string | SQL<unknown> | Placeholder<string, any>; effectiveStartDate: string | SQL<unknown> | Placeholder<string, any>; personId: string | SQL<...> | Placeholder<...>; ... 17 more ...; primaryAssignmentFlag?: boolean | ... 3 more ... | undefined; }): PgInsertBase<...>', gave the following error.
    Argument of type '{ personId: string; managerId: string; tenantId: string; jobId: string; }' is not assignable to parameter of type '{ tenantId: string | SQL<unknown> | Placeholder<string, any>; effectiveStartDate: string | SQL<unknown> | Placeholder<string, any>; personId: string | SQL<...> | Placeholder<...>; ... 17 more ...; primaryAssignmentFlag?: boolean | ... 3 more ... | undefined; }'.
      Type '{ personId: string; managerId: string; tenantId: string; jobId: string; }' is missing the following properties from type '{ tenantId: string | SQL<unknown> | Placeholder<string, any>; effectiveStartDate: string | SQL<unknown> | Placeholder<string, any>; personId: string | SQL<...> | Placeholder<...>; ... 17 more ...; primaryAssignmentFlag?: boolean | ... 3 more ... | undefined; }': effectiveStartDate, workRelationshipId, assignmentNumber
  Overload 2 of 2, '(values: { tenantId: string | SQL<unknown> | Placeholder<string, any>; effectiveStartDate: string | SQL<unknown> | Placeholder<string, any>; personId: string | SQL<...> | Placeholder<...>; ... 17 more ...; primaryAssignmentFlag?: boolean | ... 3 more ... | undefined; }[]): PgInsertBase<...>', gave the following error.
    Object literal may only specify known properties, and 'personId' does not exist in type '{ tenantId: string | SQL<unknown> | Placeholder<string, any>; effectiveStartDate: string | SQL<unknown> | Placeholder<string, any>; personId: string | SQL<...> | Placeholder<...>; ... 17 more ...; primaryAssignmentFlag?: boolean | ... 3 more ... | undefined; }[]'.
scripts/verify_workflow_escalation.ts(42,40): error TS2769: No overload matches this call.
  Overload 1 of 2, '(value: { tenantId: string | SQL<unknown> | Placeholder<string, any>; effectiveStartDate: string | SQL<unknown> | Placeholder<string, any>; personId: string | SQL<...> | Placeholder<...>; ... 17 more ...; primaryAssignmentFlag?: boolean | ... 3 more ... | undefined; }): PgInsertBase<...>', gave the following error.
    Argument of type '{ personId: string; managerId: string; tenantId: string; jobId: string; }' is not assignable to parameter of type '{ tenantId: string | SQL<unknown> | Placeholder<string, any>; effectiveStartDate: string | SQL<unknown> | Placeholder<string, any>; personId: string | SQL<...> | Placeholder<...>; ... 17 more ...; primaryAssignmentFlag?: boolean | ... 3 more ... | undefined; }'.
      Type '{ personId: string; managerId: string; tenantId: string; jobId: string; }' is missing the following properties from type '{ tenantId: string | SQL<unknown> | Placeholder<string, any>; effectiveStartDate: string | SQL<unknown> | Placeholder<string, any>; personId: string | SQL<...> | Placeholder<...>; ... 17 more ...; primaryAssignmentFlag?: boolean | ... 3 more ... | undefined; }': effectiveStartDate, workRelationshipId, assignmentNumber
  Overload 2 of 2, '(values: { tenantId: string | SQL<unknown> | Placeholder<string, any>; effectiveStartDate: string | SQL<unknown> | Placeholder<string, any>; personId: string | SQL<...> | Placeholder<...>; ... 17 more ...; primaryAssignmentFlag?: boolean | ... 3 more ... | undefined; }[]): PgInsertBase<...>', gave the following error.
    Object literal may only specify known properties, and 'personId' does not exist in type '{ tenantId: string | SQL<unknown> | Placeholder<string, any>; effectiveStartDate: string | SQL<unknown> | Placeholder<string, any>; personId: string | SQL<...> | Placeholder<...>; ... 17 more ...; primaryAssignmentFlag?: boolean | ... 3 more ... | undefined; }[]'.
scripts/verify_workforce_rewards_tier1.ts(42,57): error TS2769: No overload matches this call.
  Overload 1 of 2, '(value: { tenantId: string | SQL<unknown> | Placeholder<string, any>; effectiveStartDate: string | SQL<unknown> | Placeholder<string, any>; personId: string | SQL<...> | Placeholder<...>; ... 17 more ...; primaryAssignmentFlag?: boolean | ... 3 more ... | undefined; }): PgInsertBase<...>', gave the following error.
    Object literal may only specify known properties, but 'assignmentName' does not exist in type '{ tenantId: string | SQL<unknown> | Placeholder<string, any>; effectiveStartDate: string | SQL<unknown> | Placeholder<string, any>; personId: string | SQL<...> | Placeholder<...>; ... 17 more ...; primaryAssignmentFlag?: boolean | ... 3 more ... | undefined; }'. Did you mean to write 'assignmentNumber'?
  Overload 2 of 2, '(values: { tenantId: string | SQL<unknown> | Placeholder<string, any>; effectiveStartDate: string | SQL<unknown> | Placeholder<string, any>; personId: string | SQL<...> | Placeholder<...>; ... 17 more ...; primaryAssignmentFlag?: boolean | ... 3 more ... | undefined; }[]): PgInsertBase<...>', gave the following error.
    Object literal may only specify known properties, and 'tenantId' does not exist in type '{ tenantId: string | SQL<unknown> | Placeholder<string, any>; effectiveStartDate: string | SQL<unknown> | Placeholder<string, any>; personId: string | SQL<...> | Placeholder<...>; ... 17 more ...; primaryAssignmentFlag?: boolean | ... 3 more ... | undefined; }[]'.
scripts/verify_workforce_rewards_tier1.ts(59,54): error TS2769: No overload matches this call.
  Overload 1 of 2, '(value: { name: string | SQL<unknown> | Placeholder<string, any>; tenantId: string | SQL<unknown> | Placeholder<string, any>; frequency: string | SQL<unknown> | Placeholder<...>; id?: string | ... 2 more ... | undefined; status?: string | ... 3 more ... | undefined; createdAt?: Date | ... 3 more ... | undefined; legislativeDataGroupId?: string | ... 3 more ... | undefined; }): PgInsertBase<...>', gave the following error.
    Object literal may only specify known properties, and 'code' does not exist in type '{ name: string | SQL<unknown> | Placeholder<string, any>; tenantId: string | SQL<unknown> | Placeholder<string, any>; frequency: string | SQL<unknown> | Placeholder<...>; id?: string | ... 2 more ... | undefined; status?: string | ... 3 more ... | undefined; createdAt?: Date | ... 3 more ... | undefined; legislative...'.
  Overload 2 of 2, '(values: { name: string | SQL<unknown> | Placeholder<string, any>; tenantId: string | SQL<unknown> | Placeholder<string, any>; frequency: string | SQL<unknown> | Placeholder<...>; id?: string | ... 2 more ... | undefined; status?: string | ... 3 more ... | undefined; createdAt?: Date | ... 3 more ... | undefined; legislativeDataGroupId?: string | ... 3 more ... | undefined; }[]): PgInsertBase<...>', gave the following error.
    Object literal may only specify known properties, and 'tenantId' does not exist in type '{ name: string | SQL<unknown> | Placeholder<string, any>; tenantId: string | SQL<unknown> | Placeholder<string, any>; frequency: string | SQL<unknown> | Placeholder<...>; id?: string | ... 2 more ... | undefined; status?: string | ... 3 more ... | undefined; createdAt?: Date | ... 3 more ... | undefined; legislative...'.
scripts/verify_workforce_rewards_tier1.ts(67,57): error TS2769: No overload matches this call.
  Overload 1 of 2, '(value: { tenantId: string | SQL<unknown> | Placeholder<string, any>; paymentDate: string | SQL<unknown> | Placeholder<string, any>; periodName: string | SQL<...> | Placeholder<...>; ... 8 more ...; totalNet?: string | ... 3 more ... | undefined; }): PgInsertBase<...>', gave the following error.
    Object literal may only specify known properties, and 'runType' does not exist in type '{ tenantId: string | SQL<unknown> | Placeholder<string, any>; paymentDate: string | SQL<unknown> | Placeholder<string, any>; periodName: string | SQL<unknown> | Placeholder<...>; ... 8 more ...; totalNet?: string | ... 3 more ... | undefined; }'.
  Overload 2 of 2, '(values: { tenantId: string | SQL<unknown> | Placeholder<string, any>; paymentDate: string | SQL<unknown> | Placeholder<string, any>; periodName: string | SQL<...> | Placeholder<...>; ... 8 more ...; totalNet?: string | ... 3 more ... | undefined; }[]): PgInsertBase<...>', gave the following error.
    Object literal may only specify known properties, and 'tenantId' does not exist in type '{ tenantId: string | SQL<unknown> | Placeholder<string, any>; paymentDate: string | SQL<unknown> | Placeholder<string, any>; periodName: string | SQL<unknown> | Placeholder<...>; ... 8 more ...; totalNet?: string | ... 3 more ... | undefined; }[]'.
scripts/verify_workforce_rewards_tier1.ts(79,59): error TS2769: No overload matches this call.
  Overload 1 of 2, '(value: { code: string | SQL<unknown> | Placeholder<string, any>; name: string | SQL<unknown> | Placeholder<string, any>; tenantId: string | SQL<unknown> | Placeholder<...>; ... 6 more ...; annualizationFactor?: string | ... 3 more ... | undefined; }): PgInsertBase<...>', gave the following error.
    Object literal may only specify known properties, and 'period' does not exist in type '{ code: string | SQL<unknown> | Placeholder<string, any>; name: string | SQL<unknown> | Placeholder<string, any>; tenantId: string | SQL<unknown> | Placeholder<string, any>; ... 6 more ...; annualizationFactor?: string | ... 3 more ... | undefined; }'.
  Overload 2 of 2, '(values: { code: string | SQL<unknown> | Placeholder<string, any>; name: string | SQL<unknown> | Placeholder<string, any>; tenantId: string | SQL<unknown> | Placeholder<...>; ... 6 more ...; annualizationFactor?: string | ... 3 more ... | undefined; }[]): PgInsertBase<...>', gave the following error.
    Object literal may only specify known properties, and 'tenantId' does not exist in type '{ code: string | SQL<unknown> | Placeholder<string, any>; name: string | SQL<unknown> | Placeholder<string, any>; tenantId: string | SQL<unknown> | Placeholder<string, any>; ... 6 more ...; annualizationFactor?: string | ... 3 more ... | undefined; }[]'.
scripts/verify_workforce_rewards_tier1.ts(127,43): error TS2769: No overload matches this call.
  Overload 1 of 2, '(value: { tenantId: string | SQL<unknown> | Placeholder<string, any>; amount: string | SQL<unknown> | Placeholder<string, any>; assignmentId: string | SQL<unknown> | Placeholder<...>; ... 5 more ...; ytdAmount?: string | ... 3 more ... | undefined; }): PgInsertBase<...>', gave the following error.
    Object literal may only specify known properties, and 'classification' does not exist in type '{ tenantId: string | SQL<unknown> | Placeholder<string, any>; amount: string | SQL<unknown> | Placeholder<string, any>; assignmentId: string | SQL<unknown> | Placeholder<...>; ... 5 more ...; ytdAmount?: string | ... 3 more ... | undefined; }'.
  Overload 2 of 2, '(values: { tenantId: string | SQL<unknown> | Placeholder<string, any>; amount: string | SQL<unknown> | Placeholder<string, any>; assignmentId: string | SQL<unknown> | Placeholder<...>; ... 5 more ...; ytdAmount?: string | ... 3 more ... | undefined; }[]): PgInsertBase<...>', gave the following error.
    Object literal may only specify known properties, and 'tenantId' does not exist in type '{ tenantId: string | SQL<unknown> | Placeholder<string, any>; amount: string | SQL<unknown> | Placeholder<string, any>; assignmentId: string | SQL<unknown> | Placeholder<...>; ... 5 more ...; ytdAmount?: string | ... 3 more ... | undefined; }[]'.
scripts/verify_workforce_rewards_tier1.ts(138,58): error TS2769: No overload matches this call.
  Overload 1 of 2, '(value: { tenantId: string | SQL<unknown> | Placeholder<string, any>; paymentDate: string | SQL<unknown> | Placeholder<string, any>; periodName: string | SQL<...> | Placeholder<...>; ... 8 more ...; totalNet?: string | ... 3 more ... | undefined; }): PgInsertBase<...>', gave the following error.
    Object literal may only specify known properties, and 'runType' does not exist in type '{ tenantId: string | SQL<unknown> | Placeholder<string, any>; paymentDate: string | SQL<unknown> | Placeholder<string, any>; periodName: string | SQL<unknown> | Placeholder<...>; ... 8 more ...; totalNet?: string | ... 3 more ... | undefined; }'.
  Overload 2 of 2, '(values: { tenantId: string | SQL<unknown> | Placeholder<string, any>; paymentDate: string | SQL<unknown> | Placeholder<string, any>; periodName: string | SQL<...> | Placeholder<...>; ... 8 more ...; totalNet?: string | ... 3 more ... | undefined; }[]): PgInsertBase<...>', gave the following error.
    Object literal may only specify known properties, and 'tenantId' does not exist in type '{ tenantId: string | SQL<unknown> | Placeholder<string, any>; paymentDate: string | SQL<unknown> | Placeholder<string, any>; periodName: string | SQL<unknown> | Placeholder<...>; ... 8 more ...; totalNet?: string | ... 3 more ... | undefined; }[]'.
scripts/verify_workforce_rewards_tier1.ts(149,43): error TS2769: No overload matches this call.
  Overload 1 of 2, '(value: { tenantId: string | SQL<unknown> | Placeholder<string, any>; amount: string | SQL<unknown> | Placeholder<string, any>; assignmentId: string | SQL<unknown> | Placeholder<...>; ... 5 more ...; ytdAmount?: string | ... 3 more ... | undefined; }): PgInsertBase<...>', gave the following error.
    Object literal may only specify known properties, and 'classification' does not exist in type '{ tenantId: string | SQL<unknown> | Placeholder<string, any>; amount: string | SQL<unknown> | Placeholder<string, any>; assignmentId: string | SQL<unknown> | Placeholder<...>; ... 5 more ...; ytdAmount?: string | ... 3 more ... | undefined; }'.
  Overload 2 of 2, '(values: { tenantId: string | SQL<unknown> | Placeholder<string, any>; amount: string | SQL<unknown> | Placeholder<string, any>; assignmentId: string | SQL<unknown> | Placeholder<...>; ... 5 more ...; ytdAmount?: string | ... 3 more ... | undefined; }[]): PgInsertBase<...>', gave the following error.
    Object literal may only specify known properties, and 'tenantId' does not exist in type '{ tenantId: string | SQL<unknown> | Placeholder<string, any>; amount: string | SQL<unknown> | Placeholder<string, any>; assignmentId: string | SQL<unknown> | Placeholder<...>; ... 5 more ...; ytdAmount?: string | ... 3 more ... | undefined; }[]'.
server/middleware/audit.ts(11,13): error TS2687: All declarations of 'role' must have identical modifiers.
server/middleware/rls.ts(10,13): error TS2687: All declarations of 'role' must have identical modifiers.
server/middleware/rls.ts(10,13): error TS2717: Subsequent property declarations must have the same type.  Property 'role' must be of type 'string | undefined', but here has type 'string'.
server/middleware/tenant.ts(7,11): error TS2430: Interface 'AuthenticatedRequest' incorrectly extends interface 'Request<ParamsDictionary, any, any, ParsedQs, Record<string, any>>'.
  Types of property 'user' are incompatible.
    Type '{ id: string; tenantId?: string | undefined; } | undefined' is not assignable to type 'User | undefined'.
      Property 'permissions' is missing in type '{ id: string; tenantId?: string | undefined; }' but required in type 'User'.
server/modules/billing/BillingService.ts(83,19): error TS7034: Variable 'invoicesToInsert' implicitly has type 'any[]' in some locations where its type cannot be determined.
server/modules/billing/BillingService.ts(109,72): error TS7005: Variable 'invoicesToInsert' implicitly has an 'any[]' type.
server/modules/billing/BillingService.ts(142,57): error TS2345: Argument of type 'string' is not assignable to parameter of type 'number'.
server/modules/billing/BillingService.ts(144,41): error TS2345: Argument of type 'string' is not assignable to parameter of type 'number'.
server/modules/billing/BillingService.ts(235,88): error TS2339: Property 'detectedAt' does not exist on type 'PgTableWithColumns<{ name: "billing_anomalies"; schema: undefined; columns: { id: PgColumn<{ name: "id"; tableName: "billing_anomalies"; dataType: "string"; columnType: "PgVarchar"; data: string; driverParam: string; ... 8 more ...; generated: undefined; }, {}, { ...; }>; ... 7 more ...; createdAt: PgColumn<...>; };...'.
server/modules/billing/BillingService.ts(401,93): error TS2339: Property 'startedAt' does not exist on type 'PgTableWithColumns<{ name: "billing_batches"; schema: undefined; columns: { id: PgColumn<{ name: "id"; tableName: "billing_batches"; dataType: "string"; columnType: "PgVarchar"; data: string; driverParam: string; notNull: true; ... 7 more ...; generated: undefined; }, {}, { ...; }>; ... 7 more ...; createdAt: PgColu...'.
server/modules/crm/accounts-routes.ts(67,63): error TS2769: No overload matches this call.
  Overload 1 of 2, '(value: { name: string | SQL<unknown> | Placeholder<string, any>; type?: string | SQL<unknown> | Placeholder<string, any> | null | undefined; id?: string | SQL<...> | Placeholder<...> | undefined; ... 26 more ...; territoryId?: string | ... 3 more ... | undefined; }): PgInsertBase<...>', gave the following error.
    Argument of type '{ name: string; type?: string | null | undefined; id?: string | undefined; status?: string | null | undefined; description?: string | null | undefined; createdAt?: Date | null | undefined; ... 23 more ...; territoryId?: string | ... 1 more ... | undefined; }' is not assignable to parameter of type '{ name: string | SQL<unknown> | Placeholder<string, any>; type?: string | SQL<unknown> | Placeholder<string, any> | null | undefined; id?: string | SQL<unknown> | Placeholder<...> | undefined; ... 26 more ...; territoryId?: string | ... 3 more ... | undefined; }'.
      Types of property 'annualRevenue' are incompatible.
        Type 'number | null | undefined' is not assignable to type 'string | SQL<unknown> | Placeholder<string, any> | null | undefined'.
          Type 'number' is not assignable to type 'string | SQL<unknown> | Placeholder<string, any> | null | undefined'.
  Overload 2 of 2, '(values: { name: string | SQL<unknown> | Placeholder<string, any>; type?: string | SQL<unknown> | Placeholder<string, any> | null | undefined; id?: string | SQL<...> | Placeholder<...> | undefined; ... 26 more ...; territoryId?: string | ... 3 more ... | undefined; }[]): PgInsertBase<...>', gave the following error.
    Argument of type '{ name: string; type?: string | null | undefined; id?: string | undefined; status?: string | null | undefined; description?: string | null | undefined; createdAt?: Date | null | undefined; ... 23 more ...; territoryId?: string | ... 1 more ... | undefined; }' is not assignable to parameter of type '{ name: string | SQL<unknown> | Placeholder<string, any>; type?: string | SQL<unknown> | Placeholder<string, any> | null | undefined; id?: string | SQL<unknown> | Placeholder<...> | undefined; ... 26 more ...; territoryId?: string | ... 3 more ... | undefined; }[]'.
      Type '{ name: string; type?: string | null | undefined; id?: string | undefined; status?: string | null | undefined; description?: string | null | undefined; createdAt?: Date | null | undefined; ... 23 more ...; territoryId?: string | ... 1 more ... | undefined; }' is missing the following properties from type '{ name: string | SQL<unknown> | Placeholder<string, any>; type?: string | SQL<unknown> | Placeholder<string, any> | null | undefined; id?: string | SQL<unknown> | Placeholder<...> | undefined; ... 26 more ...; territoryId?: string | ... 3 more ... | undefined; }[]': length, pop, push, concat, and 29 more.
server/modules/crm/campaigns-routes.ts(24,61): error TS2769: No overload matches this call.
  Overload 1 of 2, '(value: { name: string | SQL<unknown> | Placeholder<string, any>; type?: string | SQL<unknown> | Placeholder<string, any> | null | undefined; id?: string | SQL<...> | Placeholder<...> | undefined; ... 10 more ...; actualCost?: string | ... 3 more ... | undefined; }): PgInsertBase<...>', gave the following error.
    Argument of type '{ name: string; type?: string | null | undefined; id?: string | undefined; status?: string | null | undefined; description?: string | null | undefined; isActive?: number | null | undefined; ... 7 more ...; actualCost?: number | ... 1 more ... | undefined; }' is not assignable to parameter of type '{ name: string | SQL<unknown> | Placeholder<string, any>; type?: string | SQL<unknown> | Placeholder<string, any> | null | undefined; id?: string | SQL<unknown> | Placeholder<...> | undefined; ... 10 more ...; actualCost?: string | ... 3 more ... | undefined; }'.
      Types of property 'expectedRevenue' are incompatible.
        Type 'number | null | undefined' is not assignable to type 'string | SQL<unknown> | Placeholder<string, any> | null | undefined'.
          Type 'number' is not assignable to type 'string | SQL<unknown> | Placeholder<string, any> | null | undefined'.
  Overload 2 of 2, '(values: { name: string | SQL<unknown> | Placeholder<string, any>; type?: string | SQL<unknown> | Placeholder<string, any> | null | undefined; id?: string | SQL<...> | Placeholder<...> | undefined; ... 10 more ...; actualCost?: string | ... 3 more ... | undefined; }[]): PgInsertBase<...>', gave the following error.
    Argument of type '{ name: string; type?: string | null | undefined; id?: string | undefined; status?: string | null | undefined; description?: string | null | undefined; isActive?: number | null | undefined; ... 7 more ...; actualCost?: number | ... 1 more ... | undefined; }' is not assignable to parameter of type '{ name: string | SQL<unknown> | Placeholder<string, any>; type?: string | SQL<unknown> | Placeholder<string, any> | null | undefined; id?: string | SQL<unknown> | Placeholder<...> | undefined; ... 10 more ...; actualCost?: string | ... 3 more ... | undefined; }[]'.
      Type '{ name: string; type?: string | null | undefined; id?: string | undefined; status?: string | null | undefined; description?: string | null | undefined; isActive?: number | null | undefined; ... 7 more ...; actualCost?: number | ... 1 more ... | undefined; }' is missing the following properties from type '{ name: string | SQL<unknown> | Placeholder<string, any>; type?: string | SQL<unknown> | Placeholder<string, any> | null | undefined; id?: string | SQL<unknown> | Placeholder<...> | undefined; ... 10 more ...; actualCost?: string | ... 3 more ... | undefined; }[]': length, pop, push, concat, and 29 more.
server/modules/crm/commissions-routes.ts(24,67): error TS2769: No overload matches this call.
  Overload 1 of 2, '(value: { name: string | SQL<unknown> | Placeholder<string, any>; rate: string | SQL<unknown> | Placeholder<string, any>; type?: string | SQL<unknown> | Placeholder<string, any> | undefined; ... 5 more ...; customFormula?: string | ... 3 more ... | undefined; }): PgInsertBase<...>', gave the following error.
    Argument of type '{ name: string; rate: string | number; type?: string | undefined; id?: string | undefined; description?: string | null | undefined; isActive?: boolean | null | undefined; createdAt?: Date | null | undefined; quotaThreshold?: string | ... 1 more ... | undefined; customFormula?: string | ... 1 more ... | undefined; }' is not assignable to parameter of type '{ name: string | SQL<unknown> | Placeholder<string, any>; rate: string | SQL<unknown> | Placeholder<string, any>; type?: string | SQL<unknown> | Placeholder<string, any> | undefined; ... 5 more ...; customFormula?: string | ... 3 more ... | undefined; }'.
      Types of property 'rate' are incompatible.
        Type 'string | number' is not assignable to type 'string | SQL<unknown> | Placeholder<string, any>'.
          Type 'number' is not assignable to type 'string | SQL<unknown> | Placeholder<string, any>'.
  Overload 2 of 2, '(values: { name: string | SQL<unknown> | Placeholder<string, any>; rate: string | SQL<unknown> | Placeholder<string, any>; type?: string | SQL<unknown> | Placeholder<string, any> | undefined; ... 5 more ...; customFormula?: string | ... 3 more ... | undefined; }[]): PgInsertBase<...>', gave the following error.
    Argument of type '{ name: string; rate: string | number; type?: string | undefined; id?: string | undefined; description?: string | null | undefined; isActive?: boolean | null | undefined; createdAt?: Date | null | undefined; quotaThreshold?: string | ... 1 more ... | undefined; customFormula?: string | ... 1 more ... | undefined; }' is not assignable to parameter of type '{ name: string | SQL<unknown> | Placeholder<string, any>; rate: string | SQL<unknown> | Placeholder<string, any>; type?: string | SQL<unknown> | Placeholder<string, any> | undefined; ... 5 more ...; customFormula?: string | ... 3 more ... | undefined; }[]'.
      Type '{ name: string; rate: string | number; type?: string | undefined; id?: string | undefined; description?: string | null | undefined; isActive?: boolean | null | undefined; createdAt?: Date | null | undefined; quotaThreshold?: string | ... 1 more ... | undefined; customFormula?: string | ... 1 more ... | undefined; }' is missing the following properties from type '{ name: string | SQL<unknown> | Placeholder<string, any>; rate: string | SQL<unknown> | Placeholder<string, any>; type?: string | SQL<unknown> | Placeholder<string, any> | undefined; ... 5 more ...; customFormula?: string | ... 3 more ... | undefined; }[]': length, pop, push, concat, and 29 more.
server/modules/crm/contracts-routes.ts(26,46): error TS2339: Property 'getAllContracts' does not exist on type 'typeof ContractService'.
server/modules/crm/contracts-routes.ts(36,46): error TS2339: Property 'getExpiringContracts' does not exist on type 'typeof ContractService'.
server/modules/crm/contracts-routes.ts(47,46): error TS2339: Property 'createContract' does not exist on type 'typeof ContractService'.
server/modules/crm/contracts-routes.ts(57,46): error TS2339: Property 'getContract' does not exist on type 'typeof ContractService'.
server/modules/crm/contracts-routes.ts(68,46): error TS2339: Property 'updateContract' does not exist on type 'typeof ContractService'.
server/modules/crm/quotas-routes.ts(46,24): error TS2322: Type 'number' is not assignable to type 'string | SQL<unknown> | PgColumn<ColumnBaseConfig<ColumnDataType, string>, {}, {}> | undefined'.
server/modules/crm/quotas-routes.ts(52,64): error TS2769: No overload matches this call.
  Overload 1 of 2, '(value: { userId: string | SQL<unknown> | Placeholder<string, any>; periodName: string | SQL<unknown> | Placeholder<string, any>; id?: string | SQL<unknown> | Placeholder<...> | undefined; ... 4 more ...; targetType?: string | ... 3 more ... | undefined; }): PgInsertBase<...>', gave the following error.
    Argument of type '{ userId: string; periodName: string; quotaAmount: number; id?: string | undefined; createdAt?: Date | null | undefined; updatedAt?: Date | null | undefined; currencyCode?: string | ... 1 more ... | undefined; targetType?: string | ... 1 more ... | undefined; }' is not assignable to parameter of type '{ userId: string | SQL<unknown> | Placeholder<string, any>; periodName: string | SQL<unknown> | Placeholder<string, any>; id?: string | SQL<unknown> | Placeholder<...> | undefined; ... 4 more ...; targetType?: string | ... 3 more ... | undefined; }'.
      Types of property 'quotaAmount' are incompatible.
        Type 'number' is not assignable to type 'string | SQL<unknown> | Placeholder<string, any> | undefined'.
  Overload 2 of 2, '(values: { userId: string | SQL<unknown> | Placeholder<string, any>; periodName: string | SQL<unknown> | Placeholder<string, any>; id?: string | SQL<unknown> | Placeholder<...> | undefined; ... 4 more ...; targetType?: string | ... 3 more ... | undefined; }[]): PgInsertBase<...>', gave the following error.
    Argument of type '{ userId: string; periodName: string; quotaAmount: number; id?: string | undefined; createdAt?: Date | null | undefined; updatedAt?: Date | null | undefined; currencyCode?: string | ... 1 more ... | undefined; targetType?: string | ... 1 more ... | undefined; }' is not assignable to parameter of type '{ userId: string | SQL<unknown> | Placeholder<string, any>; periodName: string | SQL<unknown> | Placeholder<string, any>; id?: string | SQL<unknown> | Placeholder<...> | undefined; ... 4 more ...; targetType?: string | ... 3 more ... | undefined; }[]'.
      Type '{ userId: string; periodName: string; quotaAmount: number; id?: string | undefined; createdAt?: Date | null | undefined; updatedAt?: Date | null | undefined; currencyCode?: string | ... 1 more ... | undefined; targetType?: string | ... 1 more ... | undefined; }' is missing the following properties from type '{ userId: string | SQL<unknown> | Placeholder<string, any>; periodName: string | SQL<unknown> | Placeholder<string, any>; id?: string | SQL<unknown> | Placeholder<...> | undefined; ... 4 more ...; targetType?: string | ... 3 more ... | undefined; }[]': length, pop, push, concat, and 29 more.
server/modules/finance/consolidation.service.ts(48,21): error TS2322: Type 'string | null' is not assignable to type 'string | undefined'.
  Type 'null' is not assignable to type 'string | undefined'.
server/modules/finance/CostingService.ts(23,42): error TS2769: No overload matches this call.
  Overload 1 of 2, '(value: { orgId: string | SQL<unknown> | Placeholder<string, any>; quantity: string | SQL<unknown> | Placeholder<string, any>; transactionType: string | SQL<...> | Placeholder<...>; ... 5 more ...; totalCost?: string | ... 3 more ... | undefined; }): PgInsertBase<...>', gave the following error.
    Object literal may only specify known properties, and 'sourceType' does not exist in type '{ orgId: string | SQL<unknown> | Placeholder<string, any>; quantity: string | SQL<unknown> | Placeholder<string, any>; transactionType: string | SQL<unknown> | Placeholder<...>; ... 5 more ...; totalCost?: string | ... 3 more ... | undefined; }'.
  Overload 2 of 2, '(values: { orgId: string | SQL<unknown> | Placeholder<string, any>; quantity: string | SQL<unknown> | Placeholder<string, any>; transactionType: string | SQL<...> | Placeholder<...>; ... 5 more ...; totalCost?: string | ... 3 more ... | undefined; }[]): PgInsertBase<...>', gave the following error.
    Object literal may only specify known properties, and 'transactionType' does not exist in type '{ orgId: string | SQL<unknown> | Placeholder<string, any>; quantity: string | SQL<unknown> | Placeholder<string, any>; transactionType: string | SQL<unknown> | Placeholder<...>; ... 5 more ...; totalCost?: string | ... 3 more ... | undefined; }[]'.
server/modules/finance/finance.service.ts(28,46): error TS2345: Argument of type '{ accountName: string; accountCode: string; accountType: string; id?: string | undefined; isActive?: boolean | null | undefined; createdAt?: Date | null | undefined; parentAccountId?: string | ... 1 more ... | undefined; }' is not assignable to parameter of type '{ accountName: string; accountCode: string; accountType: "Revenue" | "Asset" | "Liability" | "Equity" | "Expense"; id?: string | undefined; isActive?: boolean | undefined; createdAt?: Date | ... 1 more ... | undefined; parentAccountId?: string | ... 1 more ... | undefined; }'.
  Types of property 'accountType' are incompatible.
    Type 'string' is not assignable to type '"Revenue" | "Asset" | "Liability" | "Equity" | "Expense"'.
server/modules/finance/finance.service.ts(137,13): error TS2353: Object literal may only specify known properties, and 'category' does not exist in type '{ currencyCode: string; journalNumber: string; source?: string | undefined; id?: string | undefined; autoReverse?: boolean | null | undefined; status?: "Draft" | "Processing" | "Posted" | undefined; ... 8 more ...; postedDate?: Date | ... 1 more ... | undefined; }'.
server/modules/finance/finance.service.ts(187,46): error TS2307: Cannot find module '../../../services/period-close/CloseEngine' or its corresponding type declarations.
server/modules/finance/finance.service.ts(306,65): error TS2345: Argument of type '{ method: string; reconciledDate: Date; }' is not assignable to parameter of type '{ method: string; userId: string; id?: string | undefined; batchId?: string | null | undefined; reconciledDate?: Date | null | undefined; }'.
  Property 'userId' is missing in type '{ method: string; reconciledDate: Date; }' but required in type '{ method: string; userId: string; id?: string | undefined; batchId?: string | null | undefined; reconciledDate?: Date | null | undefined; }'.
server/modules/finance/routes.ts(263,43): error TS2551: Property 'deleteGlAutoPostRule' does not exist on type 'DatabaseStorage'. Did you mean 'createGlAutoPostRule'?
server/modules/finance/routes.ts(274,40): error TS2551: Property 'listGlDataAccessSets' does not exist on type 'DatabaseStorage'. Did you mean 'listDataAccessSets'?
server/modules/finance/routes.ts(287,39): error TS2551: Property 'createGlDataAccessSet' does not exist on type 'DatabaseStorage'. Did you mean 'createDataAccessSet'?
server/modules/finance/routes.ts(319,64): error TS2307: Cannot find module '../../services/RevenueRecognitionService' or its corresponding type declarations.
server/modules/finance/routes.ts(338,64): error TS2307: Cannot find module '../../services/RevenueRecognitionService' or its corresponding type declarations.
server/modules/finance/routes.ts(423,24): error TS2304: Cannot find name 'and'.
server/modules/finance/routes.ts(424,26): error TS2304: Cannot find name 'desc'.
server/modules/finance/routes.ts(523,76): error TS2345: Argument of type '{ accountId: any; enteredDebit: number; enteredCredit: number; description: any; }[]' is not assignable to parameter of type 'Omit<{ accountId: string; journalId: string; id?: string | undefined; description?: string | undefined; currencyCode?: string | undefined; enteredDebit?: string | undefined; enteredCredit?: string | undefined; ... 4 more ...; credit?: string | undefined; }, "journalId">[]'.
  Type '{ accountId: any; enteredDebit: number; enteredCredit: number; description: any; }' is not assignable to type 'Omit<{ accountId: string; journalId: string; id?: string | undefined; description?: string | undefined; currencyCode?: string | undefined; enteredDebit?: string | undefined; enteredCredit?: string | undefined; ... 4 more ...; credit?: string | undefined; }, "journalId">'.
    Types of property 'enteredDebit' are incompatible.
      Type 'number' is not assignable to type 'string'.
server/modules/finance/routes.ts(567,47): error TS2339: Property 'getAuditLogs' does not exist on type 'FinanceService'.
server/modules/finance/routes.ts(577,49): error TS2339: Property 'getPendingApprovals' does not exist on type 'FinanceService'.
server/modules/finance/routes.ts(637,61): error TS2554: Expected 0 arguments, but got 1.
server/modules/hr/services/AnonymizationService.ts(20,17): error TS2353: Object literal may only specify known properties, and 'homePhone' does not exist in type '{ firstName?: string | SQL<unknown> | PgColumn<ColumnBaseConfig<ColumnDataType, string>, {}, {}> | undefined; lastName?: string | SQL<...> | PgColumn<...> | undefined; ... 14 more ...; updatedBy?: string | ... 3 more ... | undefined; }'.
server/modules/hr/services/AorService.ts(28,26): error TS2345: Argument of type '{ coverageCount: SQL<number>; _: { readonly brand: "Table"; readonly config: { name: "hr_aor"; schema: undefined; columns: { id: PgColumn<{ name: "id"; tableName: "hr_aor"; dataType: "string"; columnType: "PgVarchar"; ... 10 more ...; generated: undefined; }, {}, { ...; }>; ... 6 more ...; createdAt: PgColumn<...>; ...' is not assignable to parameter of type 'SelectedFields'.
  Property '_' is incompatible with index signature.
    Type '{ readonly brand: "Table"; readonly config: { name: "hr_aor"; schema: undefined; columns: { id: PgColumn<{ name: "id"; tableName: "hr_aor"; dataType: "string"; columnType: "PgVarchar"; data: string; driverParam: string; ... 8 more ...; generated: undefined; }, {}, { ...; }>; ... 6 more ...; createdAt: PgColumn<...>;...' is not assignable to type 'SQL<unknown> | Aliased<unknown> | PgColumn<ColumnBaseConfig<ColumnDataType, string>, {}, {}> | PgTable<TableConfig> | SelectedFieldsFlat<...>'.
      Type '{ readonly brand: "Table"; readonly config: { name: "hr_aor"; schema: undefined; columns: { id: PgColumn<{ name: "id"; tableName: "hr_aor"; dataType: "string"; columnType: "PgVarchar"; data: string; driverParam: string; ... 8 more ...; generated: undefined; }, {}, { ...; }>; ... 6 more ...; createdAt: PgColumn<...>;...' is not assignable to type 'SelectedFieldsFlat<PgColumn<ColumnBaseConfig<ColumnDataType, string>, {}, {}>>'.
        Property 'brand' is incompatible with index signature.
          Type 'string' is not assignable to type 'SQL<unknown> | Aliased<unknown> | PgColumn<ColumnBaseConfig<ColumnDataType, string>, {}, {}>'.
server/modules/hr/services/ComplianceService.ts(59,55): error TS2304: Cannot find name 'sql'.
server/modules/intercompany/allocations.service.ts(63,27): error TS2769: No overload matches this call.
  Overload 1 of 3, '(left: Column<ColumnBaseConfig<ColumnDataType, string>, object, object>, right: unknown): SQL<unknown>', gave the following error.
    Argument of type '(() => SQL<unknown>) | (() => boolean) | { readonly brand: "Table"; readonly config: { name: "gl_code_combinations_v2"; schema: undefined; columns: { id: PgColumn<{ name: "id"; tableName: "gl_code_combinations_v2"; ... 12 more ...; generated: undefined; }, {}, { ...; }>; ... 16 more ...; summaryFlag: PgColumn<...>; ...' is not assignable to parameter of type 'Column<ColumnBaseConfig<ColumnDataType, string>, object, object>'.
      Type 'undefined' is not assignable to type 'Column<ColumnBaseConfig<ColumnDataType, string>, object, object>'.
  Overload 2 of 3, '(left: Aliased<string>, right: string | SQLWrapper): SQL<unknown>', gave the following error.
    Argument of type '(() => SQL<unknown>) | (() => boolean) | { readonly brand: "Table"; readonly config: { name: "gl_code_combinations_v2"; schema: undefined; columns: { id: PgColumn<{ name: "id"; tableName: "gl_code_combinations_v2"; ... 12 more ...; generated: undefined; }, {}, { ...; }>; ... 16 more ...; summaryFlag: PgColumn<...>; ...' is not assignable to parameter of type 'Aliased<string>'.
      Type 'undefined' is not assignable to type 'Aliased<string>'.
  Overload 3 of 3, '(left: SQLWrapper, right: unknown): SQL<unknown>', gave the following error.
    Argument of type '(() => SQL<unknown>) | (() => boolean) | { readonly brand: "Table"; readonly config: { name: "gl_code_combinations_v2"; schema: undefined; columns: { id: PgColumn<{ name: "id"; tableName: "gl_code_combinations_v2"; ... 12 more ...; generated: undefined; }, {}, { ...; }>; ... 16 more ...; summaryFlag: PgColumn<...>; ...' is not assignable to parameter of type 'SQLWrapper'.
      Type 'undefined' is not assignable to type 'SQLWrapper'.
server/modules/intercompany/allocations.service.ts(130,49): error TS2345: Argument of type 'string | null' is not assignable to parameter of type 'string'.
  Type 'null' is not assignable to type 'string'.
server/modules/intercompany/allocations.service.ts(131,33): error TS2345: Argument of type 'string | null' is not assignable to parameter of type 'string'.
  Type 'null' is not assignable to type 'string'.
server/modules/intercompany/allocations.service.ts(178,13): error TS2353: Object literal may only specify known properties, and 'category' does not exist in type '{ currencyCode: string; journalNumber: string; source?: string | undefined; id?: string | undefined; autoReverse?: boolean | null | undefined; status?: "Draft" | "Processing" | "Posted" | undefined; ... 8 more ...; postedDate?: Date | ... 1 more ... | undefined; }'.
server/modules/intercompany/intercompany.invoice.service.ts(7,27): error TS2307: Cannot find module '../shared/schema/intercompany' or its corresponding type declarations.
server/modules/intercompany/intercompany.service.ts(188,70): error TS2769: No overload matches this call.
  Overload 1 of 3, '(left: PgColumn<{ name: "id"; tableName: "ic_orgs"; dataType: "string"; columnType: "PgText"; data: string; driverParam: string; notNull: true; hasDefault: false; isPrimaryKey: true; isAutoincrement: false; ... 4 more ...; generated: undefined; }, {}, {}>, right: string | SQLWrapper): SQL<...>', gave the following error.
    Argument of type 'string | null' is not assignable to parameter of type 'string | SQLWrapper'.
      Type 'null' is not assignable to type 'string | SQLWrapper'.
  Overload 2 of 3, '(left: Aliased<string | null>, right: string | SQLWrapper | null): SQL<unknown>', gave the following error.
    Argument of type 'PgColumn<{ name: "id"; tableName: "ic_orgs"; dataType: "string"; columnType: "PgText"; data: string; driverParam: string; notNull: true; hasDefault: false; isPrimaryKey: true; isAutoincrement: false; ... 4 more ...; generated: undefined; }, {}, {}>' is not assignable to parameter of type 'Aliased<string | null>'.
      Type 'PgColumn<{ name: "id"; tableName: "ic_orgs"; dataType: "string"; columnType: "PgText"; data: string; driverParam: string; notNull: true; hasDefault: false; isPrimaryKey: true; isAutoincrement: false; ... 4 more ...; generated: undefined; }, {}, {}>' is missing the following properties from type 'Aliased<string | null>': sql, fieldAlias
  Overload 3 of 3, '(left: never, right: unknown): SQL<unknown>', gave the following error.
    Argument of type 'PgColumn<{ name: "id"; tableName: "ic_orgs"; dataType: "string"; columnType: "PgText"; data: string; driverParam: string; notNull: true; hasDefault: false; isPrimaryKey: true; isAutoincrement: false; ... 4 more ...; generated: undefined; }, {}, {}>' is not assignable to parameter of type 'never'.
server/modules/intercompany/intercompany.service.ts(189,70): error TS2769: No overload matches this call.
  Overload 1 of 3, '(left: PgColumn<{ name: "id"; tableName: "ic_orgs"; dataType: "string"; columnType: "PgText"; data: string; driverParam: string; notNull: true; hasDefault: false; isPrimaryKey: true; isAutoincrement: false; ... 4 more ...; generated: undefined; }, {}, {}>, right: string | SQLWrapper): SQL<...>', gave the following error.
    Argument of type 'string | null' is not assignable to parameter of type 'string | SQLWrapper'.
      Type 'null' is not assignable to type 'string | SQLWrapper'.
  Overload 2 of 3, '(left: Aliased<string | null>, right: string | SQLWrapper | null): SQL<unknown>', gave the following error.
    Argument of type 'PgColumn<{ name: "id"; tableName: "ic_orgs"; dataType: "string"; columnType: "PgText"; data: string; driverParam: string; notNull: true; hasDefault: false; isPrimaryKey: true; isAutoincrement: false; ... 4 more ...; generated: undefined; }, {}, {}>' is not assignable to parameter of type 'Aliased<string | null>'.
      Type 'PgColumn<{ name: "id"; tableName: "ic_orgs"; dataType: "string"; columnType: "PgText"; data: string; driverParam: string; notNull: true; hasDefault: false; isPrimaryKey: true; isAutoincrement: false; ... 4 more ...; generated: undefined; }, {}, {}>' is missing the following properties from type 'Aliased<string | null>': sql, fieldAlias
  Overload 3 of 3, '(left: never, right: unknown): SQL<unknown>', gave the following error.
    Argument of type 'PgColumn<{ name: "id"; tableName: "ic_orgs"; dataType: "string"; columnType: "PgText"; data: string; driverParam: string; notNull: true; hasDefault: false; isPrimaryKey: true; isAutoincrement: false; ... 4 more ...; generated: undefined; }, {}, {}>' is not assignable to parameter of type 'never'.
server/modules/inventory/wms-shipping.service.ts(16,17): error TS7034: Variable 'linesToShip' implicitly has type 'any[]' in some locations where its type cannot be determined.
server/modules/inventory/wms-shipping.service.ts(34,30): error TS7005: Variable 'linesToShip' implicitly has an 'any[]' type.
server/modules/inventory/wms-shipping.service.ts(47,32): error TS7005: Variable 'linesToShip' implicitly has an 'any[]' type.
server/modules/inventory/wms-wave.service.ts(3,30): error TS2300: Duplicate identifier 'omOrderLines'.
server/modules/inventory/wms-wave.service.ts(3,30): error TS2305: Module '"@shared/schema/scm"' has no exported member 'omOrderLines'.
server/modules/inventory/wms-wave.service.ts(3,44): error TS2300: Duplicate identifier 'omOrderHeaders'.
server/modules/inventory/wms-wave.service.ts(3,44): error TS2305: Module '"@shared/schema/scm"' has no exported member 'omOrderHeaders'.
server/modules/inventory/wms-wave.service.ts(17,10): error TS2300: Duplicate identifier 'omOrderLines'.
server/modules/inventory/wms-wave.service.ts(17,24): error TS2300: Duplicate identifier 'omOrderHeaders'.
server/modules/lcm/lcm-accounting.service.ts(83,50): error TS2769: No overload matches this call.
  Overload 1 of 2, '(value: { lineNumber: number | SQL<unknown> | Placeholder<string, any>; currencyCode: string | SQL<unknown> | Placeholder<string, any>; headerId: string | SQL<...> | Placeholder<...>; ... 7 more ...; accountedCr?: string | ... 3 more ... | undefined; }): PgInsertBase<...>', gave the following error.
    Object literal may only specify known properties, and 'accountId' does not exist in type '{ lineNumber: number | SQL<unknown> | Placeholder<string, any>; currencyCode: string | SQL<unknown> | Placeholder<string, any>; headerId: string | SQL<...> | Placeholder<...>; ... 7 more ...; accountedCr?: string | ... 3 more ... | undefined; }'.
  Overload 2 of 2, '(values: { lineNumber: number | SQL<unknown> | Placeholder<string, any>; currencyCode: string | SQL<unknown> | Placeholder<string, any>; headerId: string | SQL<...> | Placeholder<...>; ... 7 more ...; accountedCr?: string | ... 3 more ... | undefined; }[]): PgInsertBase<...>', gave the following error.
    Object literal may only specify known properties, and 'headerId' does not exist in type '{ lineNumber: number | SQL<unknown> | Placeholder<string, any>; currencyCode: string | SQL<unknown> | Placeholder<string, any>; headerId: string | SQL<...> | Placeholder<...>; ... 7 more ...; accountedCr?: string | ... 3 more ... | undefined; }[]'.
server/modules/lcm/lcm-accounting.service.ts(128,58): error TS2769: No overload matches this call.
  Overload 1 of 2, '(value: { lineNumber: number | SQL<unknown> | Placeholder<string, any>; currencyCode: string | SQL<unknown> | Placeholder<string, any>; headerId: string | SQL<...> | Placeholder<...>; ... 7 more ...; accountedCr?: string | ... 3 more ... | undefined; }): PgInsertBase<...>', gave the following error.
    Object literal may only specify known properties, and 'accountId' does not exist in type '{ lineNumber: number | SQL<unknown> | Placeholder<string, any>; currencyCode: string | SQL<unknown> | Placeholder<string, any>; headerId: string | SQL<...> | Placeholder<...>; ... 7 more ...; accountedCr?: string | ... 3 more ... | undefined; }'.
  Overload 2 of 2, '(values: { lineNumber: number | SQL<unknown> | Placeholder<string, any>; currencyCode: string | SQL<unknown> | Placeholder<string, any>; headerId: string | SQL<...> | Placeholder<...>; ... 7 more ...; accountedCr?: string | ... 3 more ... | undefined; }[]): PgInsertBase<...>', gave the following error.
    Object literal may only specify known properties, and 'headerId' does not exist in type '{ lineNumber: number | SQL<unknown> | Placeholder<string, any>; currencyCode: string | SQL<unknown> | Placeholder<string, any>; headerId: string | SQL<...> | Placeholder<...>; ... 7 more ...; accountedCr?: string | ... 3 more ... | undefined; }[]'.
server/modules/lcm/lcm-accounting.service.ts(149,58): error TS2769: No overload matches this call.
  Overload 1 of 2, '(value: { lineNumber: number | SQL<unknown> | Placeholder<string, any>; currencyCode: string | SQL<unknown> | Placeholder<string, any>; headerId: string | SQL<...> | Placeholder<...>; ... 7 more ...; accountedCr?: string | ... 3 more ... | undefined; }): PgInsertBase<...>', gave the following error.
    Object literal may only specify known properties, and 'accountId' does not exist in type '{ lineNumber: number | SQL<unknown> | Placeholder<string, any>; currencyCode: string | SQL<unknown> | Placeholder<string, any>; headerId: string | SQL<...> | Placeholder<...>; ... 7 more ...; accountedCr?: string | ... 3 more ... | undefined; }'.
  Overload 2 of 2, '(values: { lineNumber: number | SQL<unknown> | Placeholder<string, any>; currencyCode: string | SQL<unknown> | Placeholder<string, any>; headerId: string | SQL<...> | Placeholder<...>; ... 7 more ...; accountedCr?: string | ... 3 more ... | undefined; }[]): PgInsertBase<...>', gave the following error.
    Object literal may only specify known properties, and 'headerId' does not exist in type '{ lineNumber: number | SQL<unknown> | Placeholder<string, any>; currencyCode: string | SQL<unknown> | Placeholder<string, any>; headerId: string | SQL<...> | Placeholder<...>; ... 7 more ...; accountedCr?: string | ... 3 more ... | undefined; }[]'.
server/modules/lcm/lcm-accounting.service.ts(166,58): error TS2769: No overload matches this call.
  Overload 1 of 2, '(value: { lineNumber: number | SQL<unknown> | Placeholder<string, any>; currencyCode: string | SQL<unknown> | Placeholder<string, any>; headerId: string | SQL<...> | Placeholder<...>; ... 7 more ...; accountedCr?: string | ... 3 more ... | undefined; }): PgInsertBase<...>', gave the following error.
    Object literal may only specify known properties, and 'accountId' does not exist in type '{ lineNumber: number | SQL<unknown> | Placeholder<string, any>; currencyCode: string | SQL<unknown> | Placeholder<string, any>; headerId: string | SQL<...> | Placeholder<...>; ... 7 more ...; accountedCr?: string | ... 3 more ... | undefined; }'.
  Overload 2 of 2, '(values: { lineNumber: number | SQL<unknown> | Placeholder<string, any>; currencyCode: string | SQL<unknown> | Placeholder<string, any>; headerId: string | SQL<...> | Placeholder<...>; ... 7 more ...; accountedCr?: string | ... 3 more ... | undefined; }[]): PgInsertBase<...>', gave the following error.
    Object literal may only specify known properties, and 'headerId' does not exist in type '{ lineNumber: number | SQL<unknown> | Placeholder<string, any>; currencyCode: string | SQL<unknown> | Placeholder<string, any>; headerId: string | SQL<...> | Placeholder<...>; ... 7 more ...; accountedCr?: string | ... 3 more ... | undefined; }[]'.
server/modules/lcm/lcm-accounting.service.ts(176,58): error TS2769: No overload matches this call.
  Overload 1 of 2, '(value: { lineNumber: number | SQL<unknown> | Placeholder<string, any>; currencyCode: string | SQL<unknown> | Placeholder<string, any>; headerId: string | SQL<...> | Placeholder<...>; ... 7 more ...; accountedCr?: string | ... 3 more ... | undefined; }): PgInsertBase<...>', gave the following error.
    Object literal may only specify known properties, and 'accountId' does not exist in type '{ lineNumber: number | SQL<unknown> | Placeholder<string, any>; currencyCode: string | SQL<unknown> | Placeholder<string, any>; headerId: string | SQL<...> | Placeholder<...>; ... 7 more ...; accountedCr?: string | ... 3 more ... | undefined; }'.
  Overload 2 of 2, '(values: { lineNumber: number | SQL<unknown> | Placeholder<string, any>; currencyCode: string | SQL<unknown> | Placeholder<string, any>; headerId: string | SQL<...> | Placeholder<...>; ... 7 more ...; accountedCr?: string | ... 3 more ... | undefined; }[]): PgInsertBase<...>', gave the following error.
    Object literal may only specify known properties, and 'headerId' does not exist in type '{ lineNumber: number | SQL<unknown> | Placeholder<string, any>; currencyCode: string | SQL<unknown> | Placeholder<string, any>; headerId: string | SQL<...> | Placeholder<...>; ... 7 more ...; accountedCr?: string | ... 3 more ... | undefined; }[]'.
server/modules/lcm/lcm.service.ts(115,11): error TS2393: Duplicate function implementation.
server/modules/lcm/lcm.service.ts(136,11): error TS2393: Duplicate function implementation.
server/modules/lcm/lcm.service.ts(159,11): error TS2393: Duplicate function implementation.
server/modules/lcm/lcm.service.ts(181,11): error TS2393: Duplicate function implementation.
server/modules/lcm/lcm.service.ts(202,11): error TS2393: Duplicate function implementation.
server/modules/lcm/lcm.service.ts(225,11): error TS2393: Duplicate function implementation.
server/modules/maintenance/services/MaintenanceCostingService.ts(24,37): error TS2339: Property 'unitCost' does not exist on type '{ id: string; description: string | null; createdAt: Date | null; itemNumber: string; primaryUomCode: string | null; organizationId: string | null; quantityOnHand: string | null; minQuantity: string | null; maxQuantity: string | null; }'.
server/modules/maintenance/services/MaintenanceCostingService.ts(24,55): error TS2339: Property 'averageCost' does not exist on type '{ id: string; description: string | null; createdAt: Date | null; itemNumber: string; primaryUomCode: string | null; organizationId: string | null; quantityOnHand: string | null; minQuantity: string | null; maxQuantity: string | null; }'.
server/modules/maintenance/services/MaintenanceFinancialService.ts(45,21): error TS2353: Object literal may only specify known properties, and 'updatedAt' does not exist in type '{ method?: string | SQL<unknown> | PgColumn<ColumnBaseConfig<ColumnDataType, string>, {}, {}> | undefined; bookId?: string | SQL<unknown> | PgColumn<...> | undefined; ... 15 more ...; ccid?: string | ... 3 more ... | undefined; }'.
server/modules/maintenance/services/MaintenanceSCMService.ts(37,23): error TS18047: 'mat.plannedQuantity' is possibly 'null'.
server/modules/maintenance/services/MaintenanceService.ts(7,33): error TS2724: '"@shared/schema"' has no exported member named 'insertMaintOperationSchema'. Did you mean 'insertInteractionSchema'?
server/modules/maintenance/services/MaintenanceService.ts(53,89): error TS2339: Property 'assignedToUser' does not exist on type 'PgTableWithColumns<{ name: "maint_work_orders"; schema: undefined; columns: { id: PgColumn<{ name: "id"; tableName: "maint_work_orders"; dataType: "string"; columnType: "PgVarchar"; data: string; driverParam: string; ... 8 more ...; generated: undefined; }, {}, { ...; }>; ... 16 more ...; updatedAt: PgColumn<...>; }...'.
server/modules/maintenance/services/MaintenanceService.ts(54,81): error TS2339: Property 'assignedToUser' does not exist on type 'PgTableWithColumns<{ name: "maint_work_orders"; schema: undefined; columns: { id: PgColumn<{ name: "id"; tableName: "maint_work_orders"; dataType: "string"; columnType: "PgVarchar"; data: string; driverParam: string; ... 8 more ...; generated: undefined; }, {}, { ...; }>; ... 16 more ...; updatedAt: PgColumn<...>; }...'.
server/modules/maintenance/services/MaintenanceService.ts(137,55): error TS2769: No overload matches this call.
  Overload 1 of 2, '(value: { description: string | SQL<unknown> | Placeholder<string, any>; workOrderId: string | SQL<unknown> | Placeholder<string, any>; sequence: number | SQL<...> | Placeholder<...>; ... 9 more ...; completedByUserId?: string | ... 3 more ... | undefined; }): PgInsertBase<...>', gave the following error.
    Type 'string | null' is not assignable to type 'string | SQL<unknown> | Placeholder<string, any>'.
      Type 'null' is not assignable to type 'string | SQL<unknown> | Placeholder<string, any>'.
  Overload 2 of 2, '(values: { description: string | SQL<unknown> | Placeholder<string, any>; workOrderId: string | SQL<unknown> | Placeholder<string, any>; sequence: number | SQL<...> | Placeholder<...>; ... 9 more ...; completedByUserId?: string | ... 3 more ... | undefined; }[]): PgInsertBase<...>', gave the following error.
    Object literal may only specify known properties, and 'workOrderId' does not exist in type '{ description: string | SQL<unknown> | Placeholder<string, any>; workOrderId: string | SQL<unknown> | Placeholder<string, any>; sequence: number | SQL<...> | Placeholder<...>; ... 9 more ...; completedByUserId?: string | ... 3 more ... | undefined; }[]'.
server/modules/maintenance/services/MaintenanceService.ts(139,30): error TS2339: Property 'sequence' does not exist on type '{ id: string; workDefinitionId: string; sequenceNumber: number; name: string; description: string | null; longDescription: string | null; standardHours: string | null; requiredHeadCount: number | null; }'.
server/modules/maintenance/services/MaintenanceService.ts(455,13): error TS18047: 'mat.actualQuantity' is possibly 'null'.
server/modules/maintenance/services/MaintenanceService.ts(455,35): error TS18047: 'mat.plannedQuantity' is possibly 'null'.
server/modules/maintenance/services/MaintenanceService.ts(466,28): error TS2339: Property 'quantity' does not exist on type '{ id: string; description: string | null; createdAt: Date | null; itemNumber: string; primaryUomCode: string | null; organizationId: string | null; quantityOnHand: string | null; minQuantity: string | null; maxQuantity: string | null; }'.
server/modules/maintenance/services/MaintenanceService.ts(472,20): error TS2353: Object literal may only specify known properties, and 'quantity' does not exist in type '{ itemNumber?: string | SQL<unknown> | PgColumn<ColumnBaseConfig<ColumnDataType, string>, {}, {}> | undefined; id?: string | SQL<unknown> | PgColumn<...> | undefined; ... 6 more ...; maxQuantity?: string | ... 3 more ... | undefined; }'.
server/modules/maintenance/services/MaintenanceService.ts(472,36): error TS2339: Property 'quantity' does not exist on type '{ id: string; description: string | null; createdAt: Date | null; itemNumber: string; primaryUomCode: string | null; organizationId: string | null; quantityOnHand: string | null; minQuantity: string | null; maxQuantity: string | null; }'.
server/modules/manufacturing/manufacturing.controller.ts(9,337): error TS2724: '"@shared/schema"' has no exported member named 'insertOhRuleSchema'. Did you mean 'insertSodRuleSchema'?
server/modules/manufacturing/services/ManufacturingCostingService.ts(258,49): error TS2363: The right-hand side of an arithmetic operation must be of type 'any', 'number', 'bigint' or an enum type.
server/modules/manufacturing/services/ManufacturingPlanningService.ts(8,10): error TS2724: '"@shared/schema"' has no exported member named 'InsertMrpPlan'. Did you mean 'InsertPlan'?
server/modules/manufacturing/services/ManufacturingPlanningService.ts(8,30): error TS2724: '"@shared/schema"' has no exported member named 'InsertMrpRecommendation'. Did you mean 'insertMrpRecommendationSchema'?
server/modules/manufacturing/services/ManufacturingPlanningService.ts(9,10): error TS2724: '"@shared/schema"' has no exported member named 'InsertDemandForecast'. Did you mean 'insertDemandForecastSchema'?
server/modules/manufacturing/services/ManufacturingPlanningService.ts(88,79): error TS2339: Property 'quantity' does not exist on type '{ id: string; itemNumber: string; description: string | null; primaryUomCode: string | null; organizationId: string | null; quantityOnHand: string | null; minQuantity: string | null; maxQuantity: string | null; createdAt: Date | null; }'.
server/modules/manufacturing/services/ManufacturingProcessService.ts(10,66): error TS2304: Cannot find name 'eq'.
server/modules/manufacturing/services/ManufacturingProcessService.ts(14,20): error TS2304: Cannot find name 'eq'.
server/modules/manufacturing/services/ManufacturingProcessService.ts(46,64): error TS2304: Cannot find name 'eq'.
server/modules/manufacturing/services/ManufacturingProcessService.ts(76,76): error TS2304: Cannot find name 'eq'.
server/modules/manufacturing/services/ManufacturingProcessService.ts(90,24): error TS2304: Cannot find name 'eq'.
server/modules/manufacturing/services/ManufacturingProcessService.ts(98,76): error TS2304: Cannot find name 'eq'.
server/modules/manufacturing/services/ManufacturingProcessService.ts(110,20): error TS2304: Cannot find name 'eq'.
server/modules/manufacturing/services/ManufacturingProcessService.ts(128,78): error TS2304: Cannot find name 'eq'.
server/modules/manufacturing/services/ManufacturingProcessService.ts(136,82): error TS2304: Cannot find name 'inArray'.
server/modules/manufacturing/services/ManufacturingProcessService.ts(140,83): error TS2304: Cannot find name 'eq'.
server/modules/manufacturing/services/ManufacturingProcessService.ts(149,61): error TS2304: Cannot find name 'eq'.
server/modules/manufacturing/services/ManufacturingProcessService.ts(155,51): error TS2304: Cannot find name 'eq'.
server/modules/manufacturing/services/ManufacturingService.ts(132,61): error TS2339: Property 'itemName' does not exist on type 'PgTableWithColumns<{ name: "inv_items"; schema: undefined; columns: { id: PgColumn<{ name: "id"; tableName: "inv_items"; dataType: "string"; columnType: "PgVarchar"; data: string; driverParam: string; notNull: true; hasDefault: true; ... 6 more ...; generated: undefined; }, {}, { ...; }>; ... 7 more ...; createdAt: ...'.
server/modules/manufacturing/services/ManufacturingService.ts(136,40): error TS2339: Property 'priority' does not exist on type 'PgTableWithColumns<{ name: "production_orders"; schema: undefined; columns: { id: PgColumn<{ name: "id"; tableName: "production_orders"; dataType: "string"; columnType: "PgVarchar"; data: string; driverParam: string; ... 8 more ...; generated: undefined; }, {}, { ...; }>; ... 9 more ...; createdAt: PgColumn<...>; };...'.
server/modules/manufacturing/services/ManufacturingService.ts(137,44): error TS2339: Property 'workCenterId' does not exist on type 'PgTableWithColumns<{ name: "production_orders"; schema: undefined; columns: { id: PgColumn<{ name: "id"; tableName: "production_orders"; dataType: "string"; columnType: "PgVarchar"; data: string; driverParam: string; ... 8 more ...; generated: undefined; }, {}, { ...; }>; ... 9 more ...; createdAt: PgColumn<...>; };...'.
server/modules/manufacturing/services/ManufacturingService.ts(199,51): error TS2339: Property 'productionOrderId' does not exist on type 'PgTableWithColumns<{ name: "quality_inspections"; schema: undefined; columns: { id: PgColumn<{ name: "id"; tableName: "quality_inspections"; dataType: "string"; columnType: "PgVarchar"; data: string; driverParam: string; ... 8 more ...; generated: undefined; }, {}, { ...; }>; ... 6 more ...; createdAt: PgColumn<...>...'.
server/modules/manufacturing/services/ManufacturingService.ts(200,157): error TS2339: Property 'productionOrderId' does not exist on type 'PgTableWithColumns<{ name: "quality_inspections"; schema: undefined; columns: { id: PgColumn<{ name: "id"; tableName: "quality_inspections"; dataType: "string"; columnType: "PgVarchar"; data: string; driverParam: string; ... 8 more ...; generated: undefined; }, {}, { ...; }>; ... 6 more ...; createdAt: PgColumn<...>...'.
server/modules/manufacturing/services/ManufacturingService.ts(201,45): error TS2551: Property 'inspectorId' does not exist on type 'PgTableWithColumns<{ name: "quality_inspections"; schema: undefined; columns: { id: PgColumn<{ name: "id"; tableName: "quality_inspections"; dataType: "string"; columnType: "PgVarchar"; data: string; driverParam: string; ... 8 more ...; generated: undefined; }, {}, { ...; }>; ... 6 more ...; createdAt: PgColumn<...>...'. Did you mean 'inspector'?
server/modules/order/BackToBackService.ts(4,38): error TS2307: Cannot find module '../../services/ManufacturingService' or its corresponding type declarations.
server/modules/order/BackToBackService.ts(34,38): error TS2339: Property 'lines' does not exist on type '{ id: string; status: "DRAFT" | "SHIPPED" | "BOOKED" | "AWAITING_FULFILLMENT" | "INVOICED" | "CLOSED" | "CANCELLED" | "HOLD" | null; updatedAt: Date | null; orgId: string; paymentTerms: string | null; ... 11 more ...; shippingMethod: string | null; }'.
server/modules/order/DropShipService.ts(31,35): error TS2339: Property 'lines' does not exist on type '{ id: string; status: "DRAFT" | "SHIPPED" | "BOOKED" | "AWAITING_FULFILLMENT" | "INVOICED" | "CLOSED" | "CANCELLED" | "HOLD" | null; updatedAt: Date | null; orgId: string; paymentTerms: string | null; ... 11 more ...; shippingMethod: string | null; }'.
server/modules/order/DropShipService.ts(46,21): error TS2322: Type 'string | null' is not assignable to type 'string | undefined'.
  Type 'null' is not assignable to type 'string | undefined'.
server/modules/order/FulfillmentOptimizer.ts(26,37): error TS2339: Property 'quantity' does not exist on type 'PgTableWithColumns<{ name: "inv_items"; schema: undefined; columns: { id: PgColumn<{ name: "id"; tableName: "inv_items"; dataType: "string"; columnType: "PgVarchar"; data: string; driverParam: string; notNull: true; hasDefault: true; ... 6 more ...; generated: undefined; }, {}, { ...; }>; ... 7 more ...; createdAt: ...'.
server/modules/order/FulfillmentOptimizer.ts(29,42): error TS2339: Property 'location' does not exist on type '{ id: string; itemNumber: string; description: string | null; primaryUomCode: string | null; organizationId: string | null; quantityOnHand: string | null; minQuantity: string | null; maxQuantity: string | null; createdAt: Date | null; }'.
server/modules/order/FulfillmentOptimizer.ts(31,56): error TS2339: Property 'location' does not exist on type '{ id: string; itemNumber: string; description: string | null; primaryUomCode: string | null; organizationId: string | null; quantityOnHand: string | null; minQuantity: string | null; maxQuantity: string | null; createdAt: Date | null; }'.
server/modules/order/FulfillmentOptimizer.ts(31,79): error TS2339: Property 'quantity' does not exist on type '{ id: string; itemNumber: string; description: string | null; primaryUomCode: string | null; organizationId: string | null; quantityOnHand: string | null; minQuantity: string | null; maxQuantity: string | null; createdAt: Date | null; }'.
server/modules/order/FulfillmentOptimizer.ts(33,51): error TS2339: Property 'location' does not exist on type '{ id: string; itemNumber: string; description: string | null; primaryUomCode: string | null; organizationId: string | null; quantityOnHand: string | null; minQuantity: string | null; maxQuantity: string | null; createdAt: Date | null; }'.
server/modules/order/FulfillmentOptimizer.ts(34,60): error TS2339: Property 'quantity' does not exist on type '{ id: string; itemNumber: string; description: string | null; primaryUomCode: string | null; organizationId: string | null; quantityOnHand: string | null; minQuantity: string | null; maxQuantity: string | null; createdAt: Date | null; }'.
server/modules/order/FulfillmentOptimizer.ts(34,98): error TS2339: Property 'location' does not exist on type '{ id: string; itemNumber: string; description: string | null; primaryUomCode: string | null; organizationId: string | null; quantityOnHand: string | null; minQuantity: string | null; maxQuantity: string | null; createdAt: Date | null; }'.
server/modules/order/order.controller.ts(73,49): error TS2339: Property 'shipOrder' does not exist on type 'FulfillmentService'.
server/modules/order/OrderManagementService.ts(104,38): error TS2769: No overload matches this call.
  Overload 1 of 2, '(value: { holdName: string | SQL<unknown> | Placeholder<string, any>; holdType: string | SQL<unknown> | Placeholder<string, any>; id?: string | SQL<unknown> | Placeholder<...> | undefined; ... 5 more ...; releasedBy?: string | ... 3 more ... | undefined; }): PgInsertBase<...>', gave the following error.
    Object literal may only specify known properties, and 'holdReason' does not exist in type '{ holdName: string | SQL<unknown> | Placeholder<string, any>; holdType: string | SQL<unknown> | Placeholder<string, any>; id?: string | SQL<unknown> | Placeholder<...> | undefined; ... 5 more ...; releasedBy?: string | ... 3 more ... | undefined; }'.
  Overload 2 of 2, '(values: { holdName: string | SQL<unknown> | Placeholder<string, any>; holdType: string | SQL<unknown> | Placeholder<string, any>; id?: string | SQL<unknown> | Placeholder<...> | undefined; ... 5 more ...; releasedBy?: string | ... 3 more ... | undefined; }[]): PgInsertBase<...>', gave the following error.
    Object literal may only specify known properties, and 'headerId' does not exist in type '{ holdName: string | SQL<unknown> | Placeholder<string, any>; holdType: string | SQL<unknown> | Placeholder<string, any>; id?: string | SQL<unknown> | Placeholder<...> | undefined; ... 5 more ...; releasedBy?: string | ... 3 more ... | undefined; }[]'.
server/modules/order/PriceListService.ts(42,50): error TS2769: No overload matches this call.
  Overload 1 of 2, '(value: { unitPrice: string | SQL<unknown> | Placeholder<string, any>; itemId: string | SQL<unknown> | Placeholder<string, any>; priceListId: string | SQL<unknown> | Placeholder<...>; id?: string | ... 2 more ... | undefined; isActive?: boolean | ... 3 more ... | undefined; }): PgInsertBase<...>', gave the following error.
    Type 'number' is not assignable to type 'string | SQL<unknown> | Placeholder<string, any>'.
  Overload 2 of 2, '(values: { unitPrice: string | SQL<unknown> | Placeholder<string, any>; itemId: string | SQL<unknown> | Placeholder<string, any>; priceListId: string | SQL<unknown> | Placeholder<...>; id?: string | ... 2 more ... | undefined; isActive?: boolean | ... 3 more ... | undefined; }[]): PgInsertBase<...>', gave the following error.
    Object literal may only specify known properties, and 'priceListId' does not exist in type '{ unitPrice: string | SQL<unknown> | Placeholder<string, any>; itemId: string | SQL<unknown> | Placeholder<string, any>; priceListId: string | SQL<unknown> | Placeholder<...>; id?: string | ... 2 more ... | undefined; isActive?: boolean | ... 3 more ... | undefined; }[]'.
server/modules/order/PricingService.ts(2,10): error TS2300: Duplicate identifier 'db'.
server/modules/order/PricingService.ts(3,10): error TS2300: Duplicate identifier 'db'.
server/modules/order/ReservationService.ts(35,17): error TS2322: Type '"AWAITING_SHIPPING"' is not assignable to type 'SQL<unknown> | PgColumn<ColumnBaseConfig<ColumnDataType, string>, {}, {}> | "SHIPPED" | "AWAITING_FULFILLMENT" | "INVOICED" | ... 5 more ... | undefined'.
server/modules/order/ReturnService.ts(21,65): error TS2769: No overload matches this call.
  Overload 1 of 2, '(value: { orgId: string | SQL<unknown> | Placeholder<string, any>; customerId: string | SQL<unknown> | Placeholder<string, any>; orderNumber: string | SQL<unknown> | Placeholder<...>; ... 13 more ...; shippingMethod?: string | ... 3 more ... | undefined; }): PgInsertBase<...>', gave the following error.
    Type '"AWAITING_RECEIPT"' is not assignable to type 'SQL<unknown> | "DRAFT" | "SHIPPED" | "BOOKED" | "AWAITING_FULFILLMENT" | "INVOICED" | "CLOSED" | "CANCELLED" | "HOLD" | Placeholder<string, any> | null | undefined'.
  Overload 2 of 2, '(values: { orgId: string | SQL<unknown> | Placeholder<string, any>; customerId: string | SQL<unknown> | Placeholder<string, any>; orderNumber: string | SQL<unknown> | Placeholder<...>; ... 13 more ...; shippingMethod?: string | ... 3 more ... | undefined; }[]): PgInsertBase<...>', gave the following error.
    Object literal may only specify known properties, and 'orderNumber' does not exist in type '{ orgId: string | SQL<unknown> | Placeholder<string, any>; customerId: string | SQL<unknown> | Placeholder<string, any>; orderNumber: string | SQL<unknown> | Placeholder<...>; ... 13 more ...; shippingMethod?: string | ... 3 more ... | undefined; }[]'.
server/modules/order/ReturnService.ts(42,47): error TS2769: No overload matches this call.
  Overload 1 of 2, '(value: { orgId: string | SQL<unknown> | Placeholder<string, any>; lineNumber: number | SQL<unknown> | Placeholder<string, any>; itemId: string | SQL<unknown> | Placeholder<...>; ... 12 more ...; extendedAmount?: string | ... 3 more ... | undefined; }): PgInsertBase<...>', gave the following error.
    Type '"AWAITING_RECEIPT"' is not assignable to type 'SQL<unknown> | "SHIPPED" | "AWAITING_FULFILLMENT" | "INVOICED" | "CLOSED" | "CANCELLED" | "PICKED" | "RETURNED" | Placeholder<string, any> | null | undefined'.
  Overload 2 of 2, '(values: { orgId: string | SQL<unknown> | Placeholder<string, any>; lineNumber: number | SQL<unknown> | Placeholder<string, any>; itemId: string | SQL<unknown> | Placeholder<...>; ... 12 more ...; extendedAmount?: string | ... 3 more ... | undefined; }[]): PgInsertBase<...>', gave the following error.
    Object literal may only specify known properties, and 'headerId' does not exist in type '{ orgId: string | SQL<unknown> | Placeholder<string, any>; lineNumber: number | SQL<unknown> | Placeholder<string, any>; itemId: string | SQL<unknown> | Placeholder<...>; ... 12 more ...; extendedAmount?: string | ... 3 more ... | undefined; }[]'.
server/modules/order/ReturnService.ts(68,20): error TS2322: Type '"RECEIVED"' is not assignable to type 'SQL<unknown> | PgColumn<ColumnBaseConfig<ColumnDataType, string>, {}, {}> | "DRAFT" | "SHIPPED" | "BOOKED" | "AWAITING_FULFILLMENT" | ... 5 more ... | undefined'.
server/modules/ppm/services/PpmBillingService.ts(13,10): error TS2300: Duplicate identifier 'eq'.
server/modules/ppm/services/PpmBillingService.ts(13,14): error TS2300: Duplicate identifier 'and'.
server/modules/ppm/services/PpmBillingService.ts(13,19): error TS2300: Duplicate identifier 'sql'.
server/modules/ppm/services/PpmBillingService.ts(13,24): error TS2300: Duplicate identifier 'inArray'.
server/modules/ppm/services/PpmBillingService.ts(13,33): error TS2300: Duplicate identifier 'desc'.
server/modules/ppm/services/PpmBillingService.ts(14,10): error TS2300: Duplicate identifier 'eq'.
server/modules/ppm/services/PpmBillingService.ts(14,14): error TS2300: Duplicate identifier 'and'.
server/modules/ppm/services/PpmBillingService.ts(14,19): error TS2300: Duplicate identifier 'sql'.
server/modules/ppm/services/PpmBillingService.ts(14,24): error TS2300: Duplicate identifier 'inArray'.
server/modules/ppm/services/PpmBillingService.ts(14,33): error TS2300: Duplicate identifier 'desc'.
server/modules/ppm/services/PpmBillingService.ts(89,25): error TS2322: Type 'Date | null' is not assignable to type 'Date'.
  Type 'null' is not assignable to type 'Date'.
server/modules/ppm/services/PpmBillingService.ts(90,25): error TS2322: Type 'Date | null' is not assignable to type 'Date'.
  Type 'null' is not assignable to type 'Date'.
server/modules/ppm/services/PpmBillingService.ts(91,25): error TS2322: Type 'string | null' is not assignable to type 'string'.
  Type 'null' is not assignable to type 'string'.
server/modules/ppm/services/PpmPlanningService.ts(53,17): error TS2769: No overload matches this call.
  Overload 1 of 3, '(left: PgColumn<{ name: "version_type"; tableName: "ppm_budget_versions"; dataType: "string"; columnType: "PgVarchar"; data: string; driverParam: string; notNull: false; hasDefault: true; isPrimaryKey: false; ... 5 more ...; generated: undefined; }, {}, { ...; }>, right: string | SQLWrapper): SQL<...>', gave the following error.
    Argument of type 'string | null' is not assignable to parameter of type 'string | SQLWrapper'.
      Type 'null' is not assignable to type 'string | SQLWrapper'.
  Overload 2 of 3, '(left: Aliased<string | null>, right: string | SQLWrapper | null): SQL<unknown>', gave the following error.
    Argument of type 'PgColumn<{ name: "version_type"; tableName: "ppm_budget_versions"; dataType: "string"; columnType: "PgVarchar"; data: string; driverParam: string; notNull: false; hasDefault: true; isPrimaryKey: false; ... 5 more ...; generated: undefined; }, {}, { ...; }>' is not assignable to parameter of type 'Aliased<string | null>'.
      Type 'PgColumn<{ name: "version_type"; tableName: "ppm_budget_versions"; dataType: "string"; columnType: "PgVarchar"; data: string; driverParam: string; notNull: false; hasDefault: true; isPrimaryKey: false; ... 5 more ...; generated: undefined; }, {}, { ...; }>' is missing the following properties from type 'Aliased<string | null>': sql, fieldAlias
  Overload 3 of 3, '(left: never, right: unknown): SQL<unknown>', gave the following error.
    Argument of type 'PgColumn<{ name: "version_type"; tableName: "ppm_budget_versions"; dataType: "string"; columnType: "PgVarchar"; data: string; driverParam: string; notNull: false; hasDefault: true; isPrimaryKey: false; ... 5 more ...; generated: undefined; }, {}, { ...; }>' is not assignable to parameter of type 'never'.
server/modules/ppm/services/PpmService.ts(14,23): error TS2724: '"@shared/schema"' has no exported member named 'TimeEntry'. Did you mean 'WfmTimeEntry'?
server/modules/ppm/services/PpmService.ts(164,49): error TS2339: Property 'projectId' does not exist on type 'PgTableWithColumns<{ name: "inv_material_transactions"; schema: undefined; columns: { id: PgColumn<{ name: "id"; tableName: "inv_material_transactions"; dataType: "string"; columnType: "PgVarchar"; data: string; driverParam: string; ... 8 more ...; generated: undefined; }, {}, { ...; }>; ... 10 more ...; createdAt: ...'.
server/modules/ppm/services/PpmService.ts(165,49): error TS2339: Property 'taskId' does not exist on type 'PgTableWithColumns<{ name: "inv_material_transactions"; schema: undefined; columns: { id: PgColumn<{ name: "id"; tableName: "inv_material_transactions"; dataType: "string"; columnType: "PgVarchar"; data: string; driverParam: string; ... 8 more ...; generated: undefined; }, {}, { ...; }>; ... 10 more ...; createdAt: ...'.
server/modules/ppm/services/PpmService.ts(192,34): error TS2339: Property 'cost' does not exist on type '{ id: string; itemId: string; transactionType: string; quantity: string; uom: string | null; subinventoryId: string | null; locatorId: string | null; transactionDate: Date | null; sourceDocumentType: string | null; sourceDocumentId: string | null; reference: string | null; createdAt: Date | null; }'.
server/modules/ppm/services/PpmService.ts(192,45): error TS2339: Property 'cost' does not exist on type '{ id: string; itemId: string; transactionType: string; quantity: string; uom: string | null; subinventoryId: string | null; locatorId: string | null; transactionDate: Date | null; sourceDocumentType: string | null; sourceDocumentId: string | null; reference: string | null; createdAt: Date | null; }'.
server/modules/ppm/services/PpmService.ts(196,29): error TS2339: Property 'taskId' does not exist on type '{ id: string; itemId: string; transactionType: string; quantity: string; uom: string | null; subinventoryId: string | null; locatorId: string | null; transactionDate: Date | null; sourceDocumentType: string | null; sourceDocumentId: string | null; reference: string | null; createdAt: Date | null; }'.
server/modules/ppm/services/PpmService.ts(378,17): error TS2783: 'transactionSource' is specified more than once, so this usage will be overwritten.
server/modules/ppm/services/PpmService.ts(501,11): error TS2393: Duplicate function implementation.
server/modules/ppm/services/PpmService.ts(881,11): error TS2393: Duplicate function implementation.
server/modules/ppm/services/PpmService.ts(886,13): error TS2740: Type 'Omit<PgSelectBase<"ppm_project_assets", { id: PgColumn<{ name: "id"; tableName: "ppm_project_assets"; dataType: "string"; columnType: "PgVarchar"; data: string; driverParam: string; notNull: true; hasDefault: true; ... 6 more ...; generated: undefined; }, {}, { ...; }>; ... 7 more ...; createdAt: PgColumn<...>; }, ....' is missing the following properties from type 'PgSelectBase<"ppm_project_assets", { id: PgColumn<{ name: "id"; tableName: "ppm_project_assets"; dataType: "string"; columnType: "PgVarchar"; data: string; driverParam: string; notNull: true; hasDefault: true; ... 6 more ...; generated: undefined; }, {}, { ...; }>; ... 7 more ...; createdAt: PgColumn<...>; }, ... 5 ...': config, joinsNotNullableMap, tableName, isPartialSelect, and 5 more.
server/modules/ppm/services/PpmService.ts(887,13): error TS2740: Type 'Omit<PgSelectBase<"ppm_project_assets", { count: SQL<number>; }, "partial", Record<"ppm_project_assets", "not-null">, false, "where", { count: number; }[], { count: DrizzleTypeError<"You cannot reference this field without assigning it an alias first - use `.as(<alias>)`">; }>, "where">' is missing the following properties from type 'PgSelectBase<"ppm_project_assets", { count: SQL<number>; }, "partial", Record<"ppm_project_assets", "not-null">, false, never, { count: number; }[], { count: DrizzleTypeError<"You cannot reference this field without assigning it an alias first - use `.as(<alias>)`">; }>': config, joinsNotNullableMap, tableName, isPartialSelect, and 5 more.
server/modules/ppm/services/PpmService.ts(908,35): error TS2304: Cannot find name 'glCodeCombinations'.
server/modules/ppm/services/PpmService.ts(909,35): error TS2304: Cannot find name 'glCodeCombinations'.
server/modules/ppm/services/PpmService.ts(940,13): error TS2741: Property 'where' is missing in type 'Omit<import("/Users/mbjunaid/My Projects/nexusai-erp-2/node_modules/drizzle-orm/pg-core/query-builders/select").PgSelectBase<"ppm_cost_distributions", { id: import("/Users/mbjunaid/My Projects/nexusai-erp-2/node_modules/drizzle-orm/pg-core/columns/common").PgColumn<{ name: "id"; tableName: "ppm_cost_distributions"; ...' but required in type 'Omit<import("/Users/mbjunaid/My Projects/nexusai-erp-2/node_modules/drizzle-orm/pg-core/query-builders/select").PgSelectBase<"ppm_cost_distributions", { id: import("/Users/mbjunaid/My Projects/nexusai-erp-2/node_modules/drizzle-orm/pg-core/columns/common").PgColumn<{ name: "id"; tableName: "ppm_cost_distributions"; ...'.
server/modules/ppm/services/PpmService.ts(942,13): error TS2741: Property 'where' is missing in type 'Omit<import("/Users/mbjunaid/My Projects/nexusai-erp-2/node_modules/drizzle-orm/pg-core/query-builders/select").PgSelectBase<"ppm_cost_distributions", { id: import("/Users/mbjunaid/My Projects/nexusai-erp-2/node_modules/drizzle-orm/pg-core/columns/common").PgColumn<{ name: "id"; tableName: "ppm_cost_distributions"; ...' but required in type 'Omit<import("/Users/mbjunaid/My Projects/nexusai-erp-2/node_modules/drizzle-orm/pg-core/query-builders/select").PgSelectBase<"ppm_cost_distributions", { id: import("/Users/mbjunaid/My Projects/nexusai-erp-2/node_modules/drizzle-orm/pg-core/columns/common").PgColumn<{ name: "id"; tableName: "ppm_cost_distributions"; ...'.
server/modules/ppm/services/PpmService.ts(1048,48): error TS2339: Property 'referenceNumber' does not exist on type 'PgTableWithColumns<{ name: "inv_material_transactions"; schema: undefined; columns: { id: PgColumn<{ name: "id"; tableName: "inv_material_transactions"; dataType: "string"; columnType: "PgVarchar"; data: string; driverParam: string; ... 8 more ...; generated: undefined; }, {}, { ...; }>; ... 10 more ...; createdAt: ...'.
server/modules/ppm/services/PpmService.ts(1049,94): error TS2339: Property 'cost' does not exist on type 'PgTableWithColumns<{ name: "inv_material_transactions"; schema: undefined; columns: { id: PgColumn<{ name: "id"; tableName: "inv_material_transactions"; dataType: "string"; columnType: "PgVarchar"; data: string; driverParam: string; ... 8 more ...; generated: undefined; }, {}, { ...; }>; ... 10 more ...; createdAt: ...'.
server/modules/ppm/services/PpmService.ts(1055,62): error TS2339: Property 'projectId' does not exist on type 'PgTableWithColumns<{ name: "inv_material_transactions"; schema: undefined; columns: { id: PgColumn<{ name: "id"; tableName: "inv_material_transactions"; dataType: "string"; columnType: "PgVarchar"; data: string; driverParam: string; ... 8 more ...; generated: undefined; }, {}, { ...; }>; ... 10 more ...; createdAt: ...'.
server/modules/ppm/services/PpmService.ts(1056,59): error TS2339: Property 'taskId' does not exist on type 'PgTableWithColumns<{ name: "inv_material_transactions"; schema: undefined; columns: { id: PgColumn<{ name: "id"; tableName: "inv_material_transactions"; dataType: "string"; columnType: "PgVarchar"; data: string; driverParam: string; ... 8 more ...; generated: undefined; }, {}, { ...; }>; ... 10 more ...; createdAt: ...'.
server/modules/revenue/revenue.controller.ts(65,47): error TS2345: Argument of type '{ customerName: PgColumn<{ name: "name"; tableName: "accounts"; dataType: "string"; columnType: "PgVarchar"; data: string; driverParam: string; notNull: true; hasDefault: false; isPrimaryKey: false; isAutoincrement: false; ... 4 more ...; generated: undefined; }, {}, { ...; }>; ... 20 more ...; enableRLS: () => Omit...' is not assignable to parameter of type 'SelectedFields'.
  Property '_' is incompatible with index signature.
    Type '{ readonly brand: "Table"; readonly config: { name: "revenue_contracts"; schema: undefined; columns: { id: PgColumn<{ name: "id"; tableName: "revenue_contracts"; dataType: "string"; columnType: "PgVarchar"; data: string; ... 9 more ...; generated: undefined; }, {}, { ...; }>; ... 12 more ...; createdAt: PgColumn<......' is not assignable to type 'SQL<unknown> | Aliased<unknown> | PgColumn<ColumnBaseConfig<ColumnDataType, string>, {}, {}> | PgTable<TableConfig> | SelectedFieldsFlat<...>'.
      Type '{ readonly brand: "Table"; readonly config: { name: "revenue_contracts"; schema: undefined; columns: { id: PgColumn<{ name: "id"; tableName: "revenue_contracts"; dataType: "string"; columnType: "PgVarchar"; data: string; ... 9 more ...; generated: undefined; }, {}, { ...; }>; ... 12 more ...; createdAt: PgColumn<......' is not assignable to type 'SelectedFieldsFlat<PgColumn<ColumnBaseConfig<ColumnDataType, string>, {}, {}>>'.
        Property 'brand' is incompatible with index signature.
          Type 'string' is not assignable to type 'SQL<unknown> | Aliased<unknown> | PgColumn<ColumnBaseConfig<ColumnDataType, string>, {}, {}>'.
server/modules/revenue/revenue.controller.ts(160,66): error TS2769: No overload matches this call.
  Overload 1 of 2, '(value: { sourceId: string | SQL<unknown> | Placeholder<string, any>; eventDate: Date | SQL<unknown> | Placeholder<string, any>; eventType: string | SQL<...> | Placeholder<...>; ... 12 more ...; processingStatus?: string | ... 3 more ... | undefined; }): PgInsertBase<...>', gave the following error.
    Object literal may only specify known properties, and 'customerId' does not exist in type '{ sourceId: string | SQL<unknown> | Placeholder<string, any>; eventDate: Date | SQL<unknown> | Placeholder<string, any>; eventType: string | SQL<...> | Placeholder<...>; ... 12 more ...; processingStatus?: string | ... 3 more ... | undefined; }'.
  Overload 2 of 2, '(values: { sourceId: string | SQL<unknown> | Placeholder<string, any>; eventDate: Date | SQL<unknown> | Placeholder<string, any>; eventType: string | SQL<...> | Placeholder<...>; ... 12 more ...; processingStatus?: string | ... 3 more ... | undefined; }[]): PgInsertBase<...>', gave the following error.
    Object literal may only specify known properties, and 'sourceSystem' does not exist in type '{ sourceId: string | SQL<unknown> | Placeholder<string, any>; eventDate: Date | SQL<unknown> | Placeholder<string, any>; eventType: string | SQL<...> | Placeholder<...>; ... 12 more ...; processingStatus?: string | ... 3 more ... | undefined; }[]'.
server/modules/revenue/revenue.controller.ts(194,43): error TS2339: Property 'customerId' does not exist on type '{ id: string; sourceSystem: string; sourceId: string; eventType: string; eventDate: Date; itemId: string | null; quantity: string | null; amount: string | null; currency: string | null; ... 6 more ...; createdAt: Date | null; }'.
server/modules/revenue/revenue.controller.ts(195,41): error TS2339: Property 'ledgerId' does not exist on type '{ id: string; sourceSystem: string; sourceId: string; eventType: string; eventDate: Date; itemId: string | null; quantity: string | null; amount: string | null; currency: string | null; ... 6 more ...; createdAt: Date | null; }'.
server/modules/revenue/revenue.controller.ts(199,25): error TS2322: Type 'string | null' is not assignable to type 'string | undefined'.
  Type 'null' is not assignable to type 'string | undefined'.
server/modules/revenue/revenue.controller.ts(200,25): error TS2322: Type 'string | null' is not assignable to type 'string | undefined'.
  Type 'null' is not assignable to type 'string | undefined'.
server/modules/revenue/revenue.controller.ts(201,25): error TS2322: Type 'string | null' is not assignable to type 'string | undefined'.
  Type 'null' is not assignable to type 'string | undefined'.
server/modules/revenue/revenue.controller.ts(259,43): error TS2345: Argument of type '{ itemName: PgColumn<{ name: "name"; tableName: "crm_products"; dataType: "string"; columnType: "PgVarchar"; data: string; driverParam: string; notNull: true; hasDefault: false; isPrimaryKey: false; isAutoincrement: false; ... 4 more ...; generated: undefined; }, {}, { ...; }>; ... 14 more ...; enableRLS: () => Omit...' is not assignable to parameter of type 'SelectedFields'.
  Property '_' is incompatible with index signature.
    Type '{ readonly brand: "Table"; readonly config: { name: "revenue_ssp_lines"; schema: undefined; columns: { id: PgColumn<{ name: "id"; tableName: "revenue_ssp_lines"; dataType: "string"; columnType: "PgVarchar"; data: string; ... 9 more ...; generated: undefined; }, {}, { ...; }>; ... 7 more ...; createdAt: PgColumn<...>...' is not assignable to type 'SQL<unknown> | Aliased<unknown> | PgColumn<ColumnBaseConfig<ColumnDataType, string>, {}, {}> | PgTable<TableConfig> | SelectedFieldsFlat<...>'.
      Type '{ readonly brand: "Table"; readonly config: { name: "revenue_ssp_lines"; schema: undefined; columns: { id: PgColumn<{ name: "id"; tableName: "revenue_ssp_lines"; dataType: "string"; columnType: "PgVarchar"; data: string; ... 9 more ...; generated: undefined; }, {}, { ...; }>; ... 7 more ...; createdAt: PgColumn<...>...' is not assignable to type 'SelectedFieldsFlat<PgColumn<ColumnBaseConfig<ColumnDataType, string>, {}, {}>>'.
        Property 'brand' is incompatible with index signature.
          Type 'string' is not assignable to type 'SQL<unknown> | Aliased<unknown> | PgColumn<ColumnBaseConfig<ColumnDataType, string>, {}, {}>'.
server/modules/revenue/revenue.controller.ts(424,34): error TS7034: Variable 'pobs' implicitly has type 'any[]' in some locations where its type cannot be determined.
server/modules/revenue/revenue.controller.ts(424,45): error TS7034: Variable 'recognitions' implicitly has type 'any[]' in some locations where its type cannot be determined.
server/modules/revenue/revenue.controller.ts(432,47): error TS7005: Variable 'pobs' implicitly has an 'any[]' type.
server/modules/revenue/revenue.controller.ts(432,53): error TS7005: Variable 'recognitions' implicitly has an 'any[]' type.
server/modules/revenue/services/RevenueAccountingService.ts(3,10): error TS2300: Duplicate identifier 'eq'.
server/modules/revenue/services/RevenueAccountingService.ts(3,14): error TS2300: Duplicate identifier 'and'.
server/modules/revenue/services/RevenueAccountingService.ts(3,19): error TS2300: Duplicate identifier 'lte'.
server/modules/revenue/services/RevenueAccountingService.ts(3,24): error TS2300: Duplicate identifier 'gte'.
server/modules/revenue/services/RevenueAccountingService.ts(4,10): error TS2300: Duplicate identifier 'eq'.
server/modules/revenue/services/RevenueAccountingService.ts(4,14): error TS2300: Duplicate identifier 'and'.
server/modules/revenue/services/RevenueAccountingService.ts(4,19): error TS2300: Duplicate identifier 'lte'.
server/modules/revenue/services/RevenueAccountingService.ts(4,24): error TS2300: Duplicate identifier 'gte'.
server/modules/revenue/services/RevenueAccountingService.ts(73,84): error TS2769: No overload matches this call.
  Overload 1 of 3, '(left: PgColumn<{ name: "id"; tableName: "sla_journal_headers"; dataType: "string"; columnType: "PgVarchar"; data: string; driverParam: string; notNull: true; hasDefault: true; isPrimaryKey: true; isAutoincrement: false; ... 4 more ...; generated: undefined; }, {}, { ...; }>, right: string | SQLWrapper): SQL<...>', gave the following error.
    Argument of type '{ id: string; status: string | null; description: string | null; createdAt: Date | null; entityId: string; glDate: Date; currencyCode: string; ledgerId: string; eventDate: Date; ... 6 more ...; glJournalId: string | null; } | null' is not assignable to parameter of type 'string | SQLWrapper'.
      Type 'null' is not assignable to type 'string | SQLWrapper'.
  Overload 2 of 3, '(left: Aliased<{ id: string; status: string | null; description: string | null; createdAt: Date | null; entityId: string; glDate: Date; currencyCode: string; ledgerId: string; eventDate: Date; ... 6 more ...; glJournalId: string | null; } | null>, right: SQLWrapper | ... 1 more ... | null): SQL<...>', gave the following error.
    Argument of type 'PgColumn<{ name: "id"; tableName: "sla_journal_headers"; dataType: "string"; columnType: "PgVarchar"; data: string; driverParam: string; notNull: true; hasDefault: true; isPrimaryKey: true; isAutoincrement: false; ... 4 more ...; generated: undefined; }, {}, { ...; }>' is not assignable to parameter of type 'Aliased<{ id: string; status: string | null; description: string | null; createdAt: Date | null; entityId: string; glDate: Date; currencyCode: string; ledgerId: string; eventDate: Date; ... 6 more ...; glJournalId: string | null; } | null>'.
      Type 'PgColumn<{ name: "id"; tableName: "sla_journal_headers"; dataType: "string"; columnType: "PgVarchar"; data: string; driverParam: string; notNull: true; hasDefault: true; isPrimaryKey: true; isAutoincrement: false; ... 4 more ...; generated: undefined; }, {}, { ...; }>' is missing the following properties from type 'Aliased<{ id: string; status: string | null; description: string | null; createdAt: Date | null; entityId: string; glDate: Date; currencyCode: string; ledgerId: string; eventDate: Date; ... 6 more ...; glJournalId: string | null; } | null>': sql, fieldAlias
  Overload 3 of 3, '(left: never, right: unknown): SQL<unknown>', gave the following error.
    Argument of type 'PgColumn<{ name: "id"; tableName: "sla_journal_headers"; dataType: "string"; columnType: "PgVarchar"; data: string; driverParam: string; notNull: true; hasDefault: true; isPrimaryKey: true; isAutoincrement: false; ... 4 more ...; generated: undefined; }, {}, { ...; }>' is not assignable to parameter of type 'never'.
server/modules/revenue/services/RevenueRecognitionService.ts(3,10): error TS2724: '"@shared/schema"' has no exported member named 'revenueSchedules'. Did you mean 'arRevenueSchedules'?
server/modules/revenue/services/RevenueRecognitionService.ts(3,28): error TS2724: '"@shared/schema"' has no exported member named 'revenueScheduleLines'. Did you mean 'arRevenueSchedules'?
server/modules/revenue/services/RevenueRecognitionService.ts(3,50): error TS2724: '"@shared/schema"' has no exported member named 'revenueRules'. Did you mean 'arRevenueRules'?
server/modules/revenue/services/RevenueRecognitionService.ts(22,37): error TS2551: Property 'revenueRules' does not exist on type '{ readonly sessions: RelationalQueryBuilder<ExtractTablesWithRelations<typeof import("/Users/mbjunaid/My Projects/nexusai-erp-2/shared/schema")>, { tsName: "sessions"; dbName: "sessions"; columns: { ...; }; relations: never; primaryKey: AnyColumn[]; }>; ... 610 more ...; readonly mdmChangeRequests: RelationalQueryBu...'. Did you mean 'arRevenueRules'?
server/modules/revenue/services/RevenueRecognitionService.ts(103,55): error TS2769: No overload matches this call.
  Overload 1 of 2, '(value: { journalNumber: string | SQL<unknown> | Placeholder<string, any>; source?: string | SQL<unknown> | Placeholder<string, any> | null | undefined; id?: string | ... 2 more ... | undefined; ... 11 more ...; postedDate?: Date | ... 3 more ... | undefined; }): PgInsertBase<...>', gave the following error.
    Object literal may only specify known properties, and 'category' does not exist in type '{ journalNumber: string | SQL<unknown> | Placeholder<string, any>; source?: string | SQL<unknown> | Placeholder<string, any> | null | undefined; id?: string | SQL<...> | Placeholder<...> | undefined; ... 11 more ...; postedDate?: Date | ... 3 more ... | undefined; }'.
  Overload 2 of 2, '(values: { journalNumber: string | SQL<unknown> | Placeholder<string, any>; source?: string | SQL<unknown> | Placeholder<string, any> | null | undefined; id?: string | ... 2 more ... | undefined; ... 11 more ...; postedDate?: Date | ... 3 more ... | undefined; }[]): PgInsertBase<...>', gave the following error.
    Object literal may only specify known properties, and 'journalNumber' does not exist in type '{ journalNumber: string | SQL<unknown> | Placeholder<string, any>; source?: string | SQL<unknown> | Placeholder<string, any> | null | undefined; id?: string | SQL<...> | Placeholder<...> | undefined; ... 11 more ...; postedDate?: Date | ... 3 more ... | undefined; }[]'.
server/modules/revenue/services/RevenueService.ts(9,30): error TS7016: Could not find a declaration file for module 'uuid'. '/Users/mbjunaid/My Projects/nexusai-erp-2/node_modules/uuid/dist/esm-browser/index.js' implicitly has an 'any' type.
  Try `npm i --save-dev @types/uuid` if it exists or add a new declaration (.d.ts) file containing `declare module 'uuid';`
server/modules/revenue/services/RevenueService.ts(572,25): error TS18048: 'period' is possibly 'undefined'.
server/modules/scm/procurementRoutes.ts(6,36): error TS2307: Cannot find module './ProcurementService' or its corresponding type declarations.
server/modules/scm/services/ProcurementService.ts(46,60): error TS2769: No overload matches this call.
  Overload 1 of 2, '(value: { lineNumber: number | SQL<unknown> | Placeholder<string, any>; amount: string | SQL<unknown> | Placeholder<string, any>; poHeaderId: string | SQL<unknown> | Placeholder<...>; ... 8 more ...; quantityReceived?: string | ... 3 more ... | undefined; }): PgInsertBase<...>', gave the following error.
    Argument of type '{ poHeaderId: string; lineNumber: number; amount: number; unitPrice: number; quantity: number; id?: string | undefined; description?: string | null | undefined; createdAt?: Date | null | undefined; projectId?: string | undefined; taskId?: string | undefined; itemId?: string | ... 1 more ... | undefined; quantityRece...' is not assignable to parameter of type '{ lineNumber: number | SQL<unknown> | Placeholder<string, any>; amount: string | SQL<unknown> | Placeholder<string, any>; poHeaderId: string | SQL<unknown> | Placeholder<...>; ... 8 more ...; quantityReceived?: string | ... 3 more ... | undefined; }'.
      Type '{ poHeaderId: string; lineNumber: number; amount: number; unitPrice: number; quantity: number; id?: string | undefined; description?: string | null | undefined; createdAt?: Date | null | undefined; projectId?: string | undefined; taskId?: string | undefined; itemId?: string | ... 1 more ... | undefined; quantityRece...' is missing the following properties from type '{ lineNumber: number | SQL<unknown> | Placeholder<string, any>; amount: string | SQL<unknown> | Placeholder<string, any>; poHeaderId: string | SQL<unknown> | Placeholder<...>; ... 8 more ...; quantityReceived?: string | ... 3 more ... | undefined; }': lineNumber, amount, poHeaderId, unitPrice, quantity
  Overload 2 of 2, '(values: { lineNumber: number | SQL<unknown> | Placeholder<string, any>; amount: string | SQL<unknown> | Placeholder<string, any>; poHeaderId: string | SQL<unknown> | Placeholder<...>; ... 8 more ...; quantityReceived?: string | ... 3 more ... | undefined; }[]): PgInsertBase<...>', gave the following error.
    Argument of type '{ poHeaderId: string; lineNumber: number; amount: number; unitPrice: number; quantity: number; id?: string | undefined; description?: string | null | undefined; createdAt?: Date | null | undefined; projectId?: string | undefined; taskId?: string | undefined; itemId?: string | ... 1 more ... | undefined; quantityRece...' is not assignable to parameter of type '{ lineNumber: number | SQL<unknown> | Placeholder<string, any>; amount: string | SQL<unknown> | Placeholder<string, any>; poHeaderId: string | SQL<unknown> | Placeholder<...>; ... 8 more ...; quantityReceived?: string | ... 3 more ... | undefined; }[]'.
      Type '{ poHeaderId: string; lineNumber: number; amount: number; unitPrice: number; quantity: number; id?: string | undefined; description?: string | null | undefined; createdAt?: Date | null | undefined; projectId?: string | undefined; taskId?: string | undefined; itemId?: string | ... 1 more ... | undefined; quantityRece...' is not assignable to type '{ lineNumber: number | SQL<unknown> | Placeholder<string, any>; amount: string | SQL<unknown> | Placeholder<string, any>; poHeaderId: string | SQL<unknown> | Placeholder<...>; ... 8 more ...; quantityReceived?: string | ... 3 more ... | undefined; }'.
        Types of property 'amount' are incompatible.
          Type 'number' is not assignable to type 'string | SQL<unknown> | Placeholder<string, any>'.
server/modules/scm/services/WmsService.ts(29,13): error TS2353: Object literal may only specify known properties, and 'details' does not exist in type '{ action: string; id?: string | undefined; createdAt?: Date | null | undefined; userId?: string | undefined; entityType?: string | undefined; entityId?: string | undefined; oldValue?: Record<...> | undefined; newValue?: Record<...> | undefined; ipAddress?: string | undefined; userAgent?: string | undefined; }'.
server/modules/scm/services/WmsService.ts(44,20): error TS2304: Cannot find name 'eq'.
server/modules/scm/services/WmsService.ts(51,20): error TS2304: Cannot find name 'inArray'.
server/modules/scm/services/WmsService.ts(58,24): error TS2304: Cannot find name 'eq'.
server/modules/scm/services/WmsService.ts(97,24): error TS2304: Cannot find name 'eq'.
server/modules/scm/services/WmsService.ts(105,63): error TS2304: Cannot find name 'eq'.
server/modules/scm/services/WmsService.ts(115,18): error TS2304: Cannot find name 'eq'.
server/modules/scm/services/WmsService.ts(134,13): error TS2353: Object literal may only specify known properties, and 'details' does not exist in type '{ action: string; id?: string | undefined; createdAt?: Date | null | undefined; userId?: string | undefined; entityType?: string | undefined; entityId?: string | undefined; oldValue?: Record<...> | undefined; newValue?: Record<...> | undefined; ipAddress?: string | undefined; userAgent?: string | undefined; }'.
server/modules/scm/services/WmsService.ts(141,20): error TS2304: Cannot find name 'eq'.
server/modules/scm/services/WmsService.ts(152,20): error TS2304: Cannot find name 'eq'.
server/modules/scm/services/WmsService.ts(161,20): error TS2304: Cannot find name 'and'.
server/modules/scm/services/WmsService.ts(162,17): error TS2304: Cannot find name 'eq'.
server/modules/scm/services/WmsService.ts(163,17): error TS2304: Cannot find name 'eq'.
server/modules/scm/wms-routes.ts(3,28): error TS2307: Cannot find module '../../services/WmsService' or its corresponding type declarations.
server/modules/sla/sla.controller.ts(107,19): error TS2488: Type 'any[] | QueryResult<never>' must have a '[Symbol.iterator]()' method that returns an iterator.
server/modules/sla/sla.service.ts(341,29): error TS2345: Argument of type 'string | null' is not assignable to parameter of type 'string'.
  Type 'null' is not assignable to type 'string'.
server/modules/sla/sla.service.ts(341,46): error TS2345: Argument of type 'string | null' is not assignable to parameter of type 'string'.
  Type 'null' is not assignable to type 'string'.
server/modules/sla/sla.service.ts(342,36): error TS2345: Argument of type 'string | null' is not assignable to parameter of type 'string'.
  Type 'null' is not assignable to type 'string'.
server/routes/ap.ts(357,66): error TS2345: Argument of type 'string' is not assignable to parameter of type 'number'.
server/routes/ar.ts(376,38): error TS2367: This comparison appears to be unintentional because the types 'string' and 'number' have no overlap.
server/routes/fixedAssets.ts(173,17): error TS2339: Property 'assets' does not exist on type 'typeof import("/Users/mbjunaid/My Projects/nexusai-erp-2/shared/schema")'.
server/routes/glRoutes.ts(77,7): error TS2353: Object literal may only specify known properties, and 'category' does not exist in type '{ currencyCode: string; journalNumber: string; source?: string | undefined; id?: string | undefined; autoReverse?: boolean | null | undefined; status?: "Draft" | "Processing" | "Posted" | undefined; ... 8 more ...; postedDate?: Date | ... 1 more ... | undefined; }'.
server/routes/glRoutes.ts(522,40): error TS2339: Property 'listBudgetControlRules' does not exist on type 'FinanceService'.
server/routes/glRoutes.ts(531,39): error TS2339: Property 'createBudgetControlRule' does not exist on type 'FinanceService'.
server/routes/glRoutes.ts(541,43): error TS2339: Property 'listBudgetBalances' does not exist on type 'FinanceService'.
server/routes/hr_reports.ts(35,45): error TS2339: Property 'reasonCode' does not exist on type 'PgTableWithColumns<{ name: "hr_work_relationships"; schema: undefined; columns: { id: PgColumn<{ name: "id"; tableName: "hr_work_relationships"; dataType: "string"; columnType: "PgVarchar"; data: string; driverParam: string; ... 8 more ...; generated: undefined; }, {}, { ...; }>; ... 10 more ...; updatedAt: PgColumn...'.
server/routes/hr_reports.ts(52,48): error TS2339: Property 'startDate' does not exist on type 'PgTableWithColumns<{ name: "hr_work_relationships"; schema: undefined; columns: { id: PgColumn<{ name: "id"; tableName: "hr_work_relationships"; dataType: "string"; columnType: "PgVarchar"; data: string; driverParam: string; ... 8 more ...; generated: undefined; }, {}, { ...; }>; ... 10 more ...; updatedAt: PgColumn...'.
server/routes/hr_reports.ts(59,57): error TS2339: Property 'startDate' does not exist on type 'PgTableWithColumns<{ name: "hr_work_relationships"; schema: undefined; columns: { id: PgColumn<{ name: "id"; tableName: "hr_work_relationships"; dataType: "string"; columnType: "PgVarchar"; data: string; driverParam: string; ... 8 more ...; generated: undefined; }, {}, { ...; }>; ... 10 more ...; updatedAt: PgColumn...'.
server/routes/hr_reports.ts(61,51): error TS2339: Property 'startDate' does not exist on type 'PgTableWithColumns<{ name: "hr_work_relationships"; schema: undefined; columns: { id: PgColumn<{ name: "id"; tableName: "hr_work_relationships"; dataType: "string"; columnType: "PgVarchar"; data: string; driverParam: string; ... 8 more ...; generated: undefined; }, {}, { ...; }>; ... 10 more ...; updatedAt: PgColumn...'.
server/routes/hr_reports.ts(70,17): error TS1117: An object literal cannot have multiple properties with the same name.
server/routes/hr_reports.ts(71,17): error TS1117: An object literal cannot have multiple properties with the same name.
server/routes/hr_self_service.ts(125,46): error TS2339: Property 'createRequest' does not exist on type 'ApprovalEngine'.
server/routes/hr_self_service.ts(158,46): error TS2339: Property 'createRequest' does not exist on type 'ApprovalEngine'.
server/routes/hr_self_service.ts(190,46): error TS2339: Property 'createRequest' does not exist on type 'ApprovalEngine'.
server/routes/hr_self_service.ts(219,46): error TS2339: Property 'createRequest' does not exist on type 'ApprovalEngine'.
server/routes/hr_self_service.ts(251,46): error TS2339: Property 'createRequest' does not exist on type 'ApprovalEngine'.
server/routes/supplierPortalExternal.ts(298,55): error TS2769: No overload matches this call.
  Overload 1 of 2, '(value: { supplierId: string | SQL<unknown> | Placeholder<string, any>; invoiceNumber: string | SQL<unknown> | Placeholder<string, any>; invoiceDate: Date | SQL<...> | Placeholder<...>; ... 25 more ...; prepayAmountRemaining?: string | ... 3 more ... | undefined; }): PgInsertBase<...>', gave the following error.
    Type 'number' is not assignable to type 'string | SQL<unknown> | Placeholder<string, any>'.
  Overload 2 of 2, '(values: { supplierId: string | SQL<unknown> | Placeholder<string, any>; invoiceNumber: string | SQL<unknown> | Placeholder<string, any>; invoiceDate: Date | SQL<...> | Placeholder<...>; ... 25 more ...; prepayAmountRemaining?: string | ... 3 more ... | undefined; }[]): PgInsertBase<...>', gave the following error.
    Object literal may only specify known properties, and 'invoiceNumber' does not exist in type '{ supplierId: string | SQL<unknown> | Placeholder<string, any>; invoiceNumber: string | SQL<unknown> | Placeholder<string, any>; invoiceDate: Date | SQL<...> | Placeholder<...>; ... 25 more ...; prepayAmountRemaining?: string | ... 3 more ... | undefined; }[]'.
server/routes/supplierPortalExternal.ts(304,37): error TS2339: Property 'currency' does not exist on type '{ id: string; orderNumber: string; supplierId: string | null; totalAmount: string | null; status: string | null; dueDate: Date | null; complianceStatus: string | null; complianceReason: string | null; createdAt: Date | null; }'.
server/routes/supplierPortalExternal.ts(305,37): error TS2339: Property 'currency' does not exist on type '{ id: string; orderNumber: string; supplierId: string | null; totalAmount: string | null; status: string | null; dueDate: Date | null; complianceStatus: string | null; complianceReason: string | null; createdAt: Date | null; }'.
server/scripts/verify_cash_enhancements.ts(30,9): error TS2322: Type 'number' is not assignable to type 'string'.
server/scripts/verify_cash_flow.ts(17,9): error TS2322: Type 'number' is not assignable to type 'string'.
server/scripts/verify_cash_flow.ts(80,9): error TS2322: Type 'number' is not assignable to type 'string'.
server/scripts/verify_cash_flow.ts(90,9): error TS2322: Type 'number' is not assignable to type 'string'.
server/scripts/verify_cash_flow.ts(101,9): error TS2322: Type 'number' is not assignable to type 'string'.
server/scripts/verify_fixed_assets.ts(3,10): error TS2305: Module '"../services/fixedAssets"' has no exported member 'fixedAssetsService'.
server/scripts/verify_fixed_assets.ts(4,10): error TS2724: '"@shared/schema"' has no exported member named 'InsertFaAddition'. Did you mean 'InsertFaMassAddition'?
server/scripts/verify_fixed_assets.ts(24,9): error TS2561: Object literal may only specify known properties, but 'bookTypeCode' does not exist in type 'Omit<{ description: string; ledgerId: string; bookCode: string; depreciationCalendar: string; id?: string | undefined; status?: string | null | undefined; createdAt?: Date | null | undefined; prorateCalendar?: string | ... 1 more ... | undefined; currentPeriodName?: string | ... 1 more ... | undefined; }, "assetId">'. Did you mean to write 'bookCode'?
server/scripts/verify_fixed_assets.ts(44,52): error TS2554: Expected 0 arguments, but got 1.
server/scripts/verify_fixed_assets.ts(45,47): error TS2551: Property 'bookTypeCode' does not exist on type '{ id: string; bookCode: string; description: string; ledgerId: string; depreciationCalendar: string; prorateCalendar: string | null; currentPeriodName: string | null; status: string | null; createdAt: Date | null; }'. Did you mean 'bookCode'?
server/scripts/verify_fixed_assets.ts(52,46): error TS2339: Property 'depreciationReserve' does not exist on type '{ id: string; bookCode: string; description: string; ledgerId: string; depreciationCalendar: string; prorateCalendar: string | null; currentPeriodName: string | null; status: string | null; createdAt: Date | null; }'.
server/services/agentic.ts(219,53): error TS2307: Cannot find module './PpmService' or its corresponding type declarations.
server/services/agentic.ts(243,91): error TS2304: Cannot find name 'eq'.
server/services/agentic.ts(265,71): error TS2307: Cannot find module './ManufacturingPlanningService' or its corresponding type declarations.
server/services/agentic.ts(271,41): error TS7006: Parameter 'r' implicitly has an 'any' type.
server/services/agentic.ts(276,44): error TS7006: Parameter 'p' implicitly has an 'any' type.
server/services/agentic.ts(277,192): error TS7006: Parameter 'p' implicitly has an 'any' type.
server/services/ai.ts(497,60): error TS2339: Property 'codeString' does not exist on type '{ code: string; id: string; enabledFlag: boolean | null; ledgerId: string; accountType: string | null; startDateActive: Date | null; endDateActive: Date | null; segment1: string | null; ... 9 more ...; summaryFlag: boolean | null; }'.
server/services/ai.ts(548,61): error TS2339: Property 'getCustomerBalance' does not exist on type 'ArService'.
server/services/ai.ts(553,46): error TS2339: Property 'creditHold' does not exist on type '{ address: string | null; id: string; name: string; status: string | null; createdAt: Date | null; taxId: string | null; contactEmail: string | null; customerType: string | null; parentCustomerId: string | null; }'.
server/services/ai.ts(585,111): error TS2339: Property 'assetsProcessed' does not exist on type '{ success: boolean; status: string; message: string; }'.
server/services/AIQueryService.ts(18,59): error TS2339: Property 'balance' does not exist on type '{ id: string; tenantId: string; personId: string; leaveType: string; balanceHours: string | null; lastAccrualDate: string | null; updatedAt: Date | null; }'.
server/services/AIQueryService.ts(18,72): error TS2339: Property 'balanceUnit' does not exist on type '{ id: string; tenantId: string; personId: string; leaveType: string; balanceHours: string | null; lastAccrualDate: string | null; updatedAt: Date | null; }'.
server/services/AIQueryService.ts(24,52): error TS2339: Property 'getTimePeriods' does not exist on type 'typeof TimeLaborService'.
server/services/AnomalyDetectionService.ts(5,30): error TS2305: Module '"drizzle-orm"' has no exported member 'stddev'.
server/services/ap.ts(50,55): error TS2345: Argument of type 'string' is not assignable to parameter of type 'number'.
server/services/ap.ts(104,101): error TS2769: No overload matches this call.
  Overload 1 of 3, '(left: PgColumn<{ name: "id"; tableName: "ap_invoices"; dataType: "string"; columnType: "PgVarchar"; data: string; driverParam: string; notNull: true; hasDefault: true; isPrimaryKey: true; isAutoincrement: false; ... 4 more ...; generated: undefined; }, {}, { ...; }>, right: string | SQLWrapper): SQL<...>', gave the following error.
    Argument of type 'number' is not assignable to parameter of type 'string | SQLWrapper'.
  Overload 2 of 3, '(left: Aliased<number>, right: number | SQLWrapper): SQL<unknown>', gave the following error.
    Argument of type 'PgColumn<{ name: "id"; tableName: "ap_invoices"; dataType: "string"; columnType: "PgVarchar"; data: string; driverParam: string; notNull: true; hasDefault: true; isPrimaryKey: true; isAutoincrement: false; ... 4 more ...; generated: undefined; }, {}, { ...; }>' is not assignable to parameter of type 'Aliased<number>'.
      Type 'PgColumn<{ name: "id"; tableName: "ap_invoices"; dataType: "string"; columnType: "PgVarchar"; data: string; driverParam: string; notNull: true; hasDefault: true; isPrimaryKey: true; isAutoincrement: false; ... 4 more ...; generated: undefined; }, {}, { ...; }>' is missing the following properties from type 'Aliased<number>': sql, fieldAlias
  Overload 3 of 3, '(left: never, right: unknown): SQL<unknown>', gave the following error.
    Argument of type 'PgColumn<{ name: "id"; tableName: "ap_invoices"; dataType: "string"; columnType: "PgVarchar"; data: string; driverParam: string; notNull: true; hasDefault: true; isPrimaryKey: true; isAutoincrement: false; ... 4 more ...; generated: undefined; }, {}, { ...; }>' is not assignable to parameter of type 'never'.
server/services/ap.ts(149,69): error TS2769: No overload matches this call.
  Overload 1 of 3, '(left: PgColumn<{ name: "distribution_set_id"; tableName: "ap_distribution_set_lines"; dataType: "string"; columnType: "PgVarchar"; data: string; driverParam: string; notNull: true; hasDefault: false; ... 6 more ...; generated: undefined; }, {}, { ...; }>, right: string | SQLWrapper): SQL<...>', gave the following error.
    Argument of type 'number' is not assignable to parameter of type 'string | SQLWrapper'.
  Overload 2 of 3, '(left: Aliased<number>, right: number | SQLWrapper): SQL<unknown>', gave the following error.
    Argument of type 'PgColumn<{ name: "distribution_set_id"; tableName: "ap_distribution_set_lines"; dataType: "string"; columnType: "PgVarchar"; data: string; driverParam: string; notNull: true; hasDefault: false; ... 6 more ...; generated: undefined; }, {}, { ...; }>' is not assignable to parameter of type 'Aliased<number>'.
      Type 'PgColumn<{ name: "distribution_set_id"; tableName: "ap_distribution_set_lines"; dataType: "string"; columnType: "PgVarchar"; data: string; driverParam: string; notNull: true; hasDefault: false; ... 6 more ...; generated: undefined; }, {}, { ...; }>' is missing the following properties from type 'Aliased<number>': sql, fieldAlias
  Overload 3 of 3, '(left: never, right: unknown): SQL<unknown>', gave the following error.
    Argument of type 'PgColumn<{ name: "distribution_set_id"; tableName: "ap_distribution_set_lines"; dataType: "string"; columnType: "PgVarchar"; data: string; driverParam: string; notNull: true; hasDefault: false; ... 6 more ...; generated: undefined; }, {}, { ...; }>' is not assignable to parameter of type 'never'.
server/services/ap.ts(153,62): error TS2769: No overload matches this call.
  Overload 1 of 3, '(left: PgColumn<{ name: "supplier_id"; tableName: "ap_supplier_sites"; dataType: "string"; columnType: "PgVarchar"; data: string; driverParam: string; notNull: true; hasDefault: false; isPrimaryKey: false; ... 5 more ...; generated: undefined; }, {}, { ...; }>, right: string | SQLWrapper): SQL<...>', gave the following error.
    Argument of type 'number' is not assignable to parameter of type 'string | SQLWrapper'.
  Overload 2 of 3, '(left: Aliased<number>, right: number | SQLWrapper): SQL<unknown>', gave the following error.
    Argument of type 'PgColumn<{ name: "supplier_id"; tableName: "ap_supplier_sites"; dataType: "string"; columnType: "PgVarchar"; data: string; driverParam: string; notNull: true; hasDefault: false; isPrimaryKey: false; ... 5 more ...; generated: undefined; }, {}, { ...; }>' is not assignable to parameter of type 'Aliased<number>'.
      Type 'PgColumn<{ name: "supplier_id"; tableName: "ap_supplier_sites"; dataType: "string"; columnType: "PgVarchar"; data: string; driverParam: string; notNull: true; hasDefault: false; isPrimaryKey: false; ... 5 more ...; generated: undefined; }, {}, { ...; }>' is missing the following properties from type 'Aliased<number>': sql, fieldAlias
  Overload 3 of 3, '(left: never, right: unknown): SQL<unknown>', gave the following error.
    Argument of type 'PgColumn<{ name: "supplier_id"; tableName: "ap_supplier_sites"; dataType: "string"; columnType: "PgVarchar"; data: string; driverParam: string; notNull: true; hasDefault: false; isPrimaryKey: false; ... 5 more ...; generated: undefined; }, {}, { ...; }>' is not assignable to parameter of type 'never'.
server/services/ap.ts(212,72): error TS2367: This comparison appears to be unintentional because the types 'string' and 'number' have no overlap.
server/services/ap.ts(231,68): error TS2769: No overload matches this call.
  Overload 1 of 3, '(left: PgColumn<{ name: "id"; tableName: "ap_invoices"; dataType: "string"; columnType: "PgVarchar"; data: string; driverParam: string; notNull: true; hasDefault: true; isPrimaryKey: true; isAutoincrement: false; ... 4 more ...; generated: undefined; }, {}, { ...; }>, right: string | SQLWrapper): SQL<...>', gave the following error.
    Argument of type 'number' is not assignable to parameter of type 'string | SQLWrapper'.
  Overload 2 of 3, '(left: Aliased<number>, right: number | SQLWrapper): SQL<unknown>', gave the following error.
    Argument of type 'PgColumn<{ name: "id"; tableName: "ap_invoices"; dataType: "string"; columnType: "PgVarchar"; data: string; driverParam: string; notNull: true; hasDefault: true; isPrimaryKey: true; isAutoincrement: false; ... 4 more ...; generated: undefined; }, {}, { ...; }>' is not assignable to parameter of type 'Aliased<number>'.
      Type 'PgColumn<{ name: "id"; tableName: "ap_invoices"; dataType: "string"; columnType: "PgVarchar"; data: string; driverParam: string; notNull: true; hasDefault: true; isPrimaryKey: true; isAutoincrement: false; ... 4 more ...; generated: undefined; }, {}, { ...; }>' is missing the following properties from type 'Aliased<number>': sql, fieldAlias
  Overload 3 of 3, '(left: never, right: unknown): SQL<unknown>', gave the following error.
    Argument of type 'PgColumn<{ name: "id"; tableName: "ap_invoices"; dataType: "string"; columnType: "PgVarchar"; data: string; driverParam: string; notNull: true; hasDefault: true; isPrimaryKey: true; isAutoincrement: false; ... 4 more ...; generated: undefined; }, {}, { ...; }>' is not assignable to parameter of type 'never'.
server/services/ap.ts(234,68): error TS2769: No overload matches this call.
  Overload 1 of 3, '(left: PgColumn<{ name: "invoice_id"; tableName: "ap_invoice_lines"; dataType: "string"; columnType: "PgVarchar"; data: string; driverParam: string; notNull: true; hasDefault: false; isPrimaryKey: false; ... 5 more ...; generated: undefined; }, {}, { ...; }>, right: string | SQLWrapper): SQL<...>', gave the following error.
    Argument of type 'number' is not assignable to parameter of type 'string | SQLWrapper'.
  Overload 2 of 3, '(left: Aliased<number>, right: number | SQLWrapper): SQL<unknown>', gave the following error.
    Argument of type 'PgColumn<{ name: "invoice_id"; tableName: "ap_invoice_lines"; dataType: "string"; columnType: "PgVarchar"; data: string; driverParam: string; notNull: true; hasDefault: false; isPrimaryKey: false; ... 5 more ...; generated: undefined; }, {}, { ...; }>' is not assignable to parameter of type 'Aliased<number>'.
      Type 'PgColumn<{ name: "invoice_id"; tableName: "ap_invoice_lines"; dataType: "string"; columnType: "PgVarchar"; data: string; driverParam: string; notNull: true; hasDefault: false; isPrimaryKey: false; ... 5 more ...; generated: undefined; }, {}, { ...; }>' is missing the following properties from type 'Aliased<number>': sql, fieldAlias
  Overload 3 of 3, '(left: never, right: unknown): SQL<unknown>', gave the following error.
    Argument of type 'PgColumn<{ name: "invoice_id"; tableName: "ap_invoice_lines"; dataType: "string"; columnType: "PgVarchar"; data: string; driverParam: string; notNull: true; hasDefault: false; isPrimaryKey: false; ... 5 more ...; generated: undefined; }, {}, { ...; }>' is not assignable to parameter of type 'never'.
server/services/ap.ts(239,13): error TS2769: No overload matches this call.
  Overload 1 of 3, '(left: PgColumn<{ name: "invoice_id"; tableName: "ap_holds"; dataType: "string"; columnType: "PgVarchar"; data: string; driverParam: string; notNull: true; hasDefault: false; isPrimaryKey: false; isAutoincrement: false; ... 4 more ...; generated: undefined; }, {}, { ...; }>, right: string | SQLWrapper): SQL<...>', gave the following error.
    Argument of type 'number' is not assignable to parameter of type 'string | SQLWrapper'.
  Overload 2 of 3, '(left: Aliased<number>, right: number | SQLWrapper): SQL<unknown>', gave the following error.
    Argument of type 'PgColumn<{ name: "invoice_id"; tableName: "ap_holds"; dataType: "string"; columnType: "PgVarchar"; data: string; driverParam: string; notNull: true; hasDefault: false; isPrimaryKey: false; isAutoincrement: false; ... 4 more ...; generated: undefined; }, {}, { ...; }>' is not assignable to parameter of type 'Aliased<number>'.
      Type 'PgColumn<{ name: "invoice_id"; tableName: "ap_holds"; dataType: "string"; columnType: "PgVarchar"; data: string; driverParam: string; notNull: true; hasDefault: false; isPrimaryKey: false; isAutoincrement: false; ... 4 more ...; generated: undefined; }, {}, { ...; }>' is missing the following properties from type 'Aliased<number>': sql, fieldAlias
  Overload 3 of 3, '(left: never, right: unknown): SQL<unknown>', gave the following error.
    Argument of type 'PgColumn<{ name: "invoice_id"; tableName: "ap_holds"; dataType: "string"; columnType: "PgVarchar"; data: string; driverParam: string; notNull: true; hasDefault: false; isPrimaryKey: false; isAutoincrement: false; ... 4 more ...; generated: undefined; }, {}, { ...; }>' is not assignable to parameter of type 'never'.
server/services/ap.ts(252,17): error TS2769: No overload matches this call.
  Overload 2 of 2, '(values: { invoice_id: string | SQL<unknown> | Placeholder<string, any>; hold_lookup_code: string | SQL<unknown> | Placeholder<string, any>; id?: string | SQL<...> | Placeholder<...> | undefined; ... 5 more ...; held_by?: string | ... 3 more ... | undefined; }[]): PgInsertBase<...>', gave the following error.
    Object literal may only specify known properties, and 'invoice_id' does not exist in type '{ invoice_id: string | SQL<unknown> | Placeholder<string, any>; hold_lookup_code: string | SQL<unknown> | Placeholder<string, any>; id?: string | SQL<unknown> | Placeholder<...> | undefined; ... 5 more ...; held_by?: string | ... 3 more ... | undefined; }[]'.
server/services/ap.ts(271,17): error TS2769: No overload matches this call.
  Overload 2 of 2, '(values: { invoice_id: string | SQL<unknown> | Placeholder<string, any>; hold_lookup_code: string | SQL<unknown> | Placeholder<string, any>; id?: string | SQL<...> | Placeholder<...> | undefined; ... 5 more ...; held_by?: string | ... 3 more ... | undefined; }[]): PgInsertBase<...>', gave the following error.
    Object literal may only specify known properties, and 'invoice_id' does not exist in type '{ invoice_id: string | SQL<unknown> | Placeholder<string, any>; hold_lookup_code: string | SQL<unknown> | Placeholder<string, any>; id?: string | SQL<unknown> | Placeholder<...> | undefined; ... 5 more ...; held_by?: string | ... 3 more ... | undefined; }[]'.
server/services/ap.ts(319,33): error TS2769: No overload matches this call.
  Overload 1 of 2, '(value: { invoiceId: string | SQL<unknown> | Placeholder<string, any>; amount: string | SQL<unknown> | Placeholder<string, any>; invoiceLineId: string | SQL<...> | Placeholder<...>; ... 7 more ...; reversalFlag?: boolean | ... 3 more ... | undefined; }): PgInsertBase<...>', gave the following error.
    Type 'number' is not assignable to type 'string | SQL<unknown> | Placeholder<string, any>'.
  Overload 2 of 2, '(values: { invoiceId: string | SQL<unknown> | Placeholder<string, any>; amount: string | SQL<unknown> | Placeholder<string, any>; invoiceLineId: string | SQL<...> | Placeholder<...>; ... 7 more ...; reversalFlag?: boolean | ... 3 more ... | undefined; }[]): PgInsertBase<...>', gave the following error.
    Object literal may only specify known properties, and 'invoiceId' does not exist in type '{ invoiceId: string | SQL<unknown> | Placeholder<string, any>; amount: string | SQL<unknown> | Placeholder<string, any>; invoiceLineId: string | SQL<unknown> | Placeholder<...>; ... 7 more ...; reversalFlag?: boolean | ... 3 more ... | undefined; }[]'.
server/services/ap.ts(350,20): error TS2769: No overload matches this call.
  Overload 1 of 3, '(left: PgColumn<{ name: "id"; tableName: "ap_invoices"; dataType: "string"; columnType: "PgVarchar"; data: string; driverParam: string; notNull: true; hasDefault: true; isPrimaryKey: true; isAutoincrement: false; ... 4 more ...; generated: undefined; }, {}, { ...; }>, right: string | SQLWrapper): SQL<...>', gave the following error.
    Argument of type 'number' is not assignable to parameter of type 'string | SQLWrapper'.
  Overload 2 of 3, '(left: Aliased<number>, right: number | SQLWrapper): SQL<unknown>', gave the following error.
    Argument of type 'PgColumn<{ name: "id"; tableName: "ap_invoices"; dataType: "string"; columnType: "PgVarchar"; data: string; driverParam: string; notNull: true; hasDefault: true; isPrimaryKey: true; isAutoincrement: false; ... 4 more ...; generated: undefined; }, {}, { ...; }>' is not assignable to parameter of type 'Aliased<number>'.
      Type 'PgColumn<{ name: "id"; tableName: "ap_invoices"; dataType: "string"; columnType: "PgVarchar"; data: string; driverParam: string; notNull: true; hasDefault: true; isPrimaryKey: true; isAutoincrement: false; ... 4 more ...; generated: undefined; }, {}, { ...; }>' is missing the following properties from type 'Aliased<number>': sql, fieldAlias
  Overload 3 of 3, '(left: never, right: unknown): SQL<unknown>', gave the following error.
    Argument of type 'PgColumn<{ name: "id"; tableName: "ap_invoices"; dataType: "string"; columnType: "PgVarchar"; data: string; driverParam: string; notNull: true; hasDefault: true; isPrimaryKey: true; isAutoincrement: false; ... 4 more ...; generated: undefined; }, {}, { ...; }>' is not assignable to parameter of type 'never'.
server/services/ap.ts(381,68): error TS2769: No overload matches this call.
  Overload 1 of 3, '(left: PgColumn<{ name: "id"; tableName: "ap_invoices"; dataType: "string"; columnType: "PgVarchar"; data: string; driverParam: string; notNull: true; hasDefault: true; isPrimaryKey: true; isAutoincrement: false; ... 4 more ...; generated: undefined; }, {}, { ...; }>, right: string | SQLWrapper): SQL<...>', gave the following error.
    Argument of type 'number' is not assignable to parameter of type 'string | SQLWrapper'.
  Overload 2 of 3, '(left: Aliased<number>, right: number | SQLWrapper): SQL<unknown>', gave the following error.
    Argument of type 'PgColumn<{ name: "id"; tableName: "ap_invoices"; dataType: "string"; columnType: "PgVarchar"; data: string; driverParam: string; notNull: true; hasDefault: true; isPrimaryKey: true; isAutoincrement: false; ... 4 more ...; generated: undefined; }, {}, { ...; }>' is not assignable to parameter of type 'Aliased<number>'.
      Type 'PgColumn<{ name: "id"; tableName: "ap_invoices"; dataType: "string"; columnType: "PgVarchar"; data: string; driverParam: string; notNull: true; hasDefault: true; isPrimaryKey: true; isAutoincrement: false; ... 4 more ...; generated: undefined; }, {}, { ...; }>' is missing the following properties from type 'Aliased<number>': sql, fieldAlias
  Overload 3 of 3, '(left: never, right: unknown): SQL<unknown>', gave the following error.
    Argument of type 'PgColumn<{ name: "id"; tableName: "ap_invoices"; dataType: "string"; columnType: "PgVarchar"; data: string; driverParam: string; notNull: true; hasDefault: true; isPrimaryKey: true; isAutoincrement: false; ... 4 more ...; generated: undefined; }, {}, { ...; }>' is not assignable to parameter of type 'never'.
server/services/ap.ts(408,13): error TS2769: No overload matches this call.
  Overload 1 of 3, '(left: PgColumn<{ name: "invoice_id"; tableName: "ap_invoice_lines"; dataType: "string"; columnType: "PgVarchar"; data: string; driverParam: string; notNull: true; hasDefault: false; isPrimaryKey: false; ... 5 more ...; generated: undefined; }, {}, { ...; }>, right: string | SQLWrapper): SQL<...>', gave the following error.
    Argument of type 'number' is not assignable to parameter of type 'string | SQLWrapper'.
  Overload 2 of 3, '(left: Aliased<number>, right: number | SQLWrapper): SQL<unknown>', gave the following error.
    Argument of type 'PgColumn<{ name: "invoice_id"; tableName: "ap_invoice_lines"; dataType: "string"; columnType: "PgVarchar"; data: string; driverParam: string; notNull: true; hasDefault: false; isPrimaryKey: false; ... 5 more ...; generated: undefined; }, {}, { ...; }>' is not assignable to parameter of type 'Aliased<number>'.
      Type 'PgColumn<{ name: "invoice_id"; tableName: "ap_invoice_lines"; dataType: "string"; columnType: "PgVarchar"; data: string; driverParam: string; notNull: true; hasDefault: false; isPrimaryKey: false; ... 5 more ...; generated: undefined; }, {}, { ...; }>' is missing the following properties from type 'Aliased<number>': sql, fieldAlias
  Overload 3 of 3, '(left: never, right: unknown): SQL<unknown>', gave the following error.
    Argument of type 'PgColumn<{ name: "invoice_id"; tableName: "ap_invoice_lines"; dataType: "string"; columnType: "PgVarchar"; data: string; driverParam: string; notNull: true; hasDefault: false; isPrimaryKey: false; ... 5 more ...; generated: undefined; }, {}, { ...; }>' is not assignable to parameter of type 'never'.
server/services/ap.ts(423,17): error TS2769: No overload matches this call.
  Overload 2 of 2, '(values: { invoice_id: string | SQL<unknown> | Placeholder<string, any>; hold_lookup_code: string | SQL<unknown> | Placeholder<string, any>; id?: string | SQL<...> | Placeholder<...> | undefined; ... 5 more ...; held_by?: string | ... 3 more ... | undefined; }[]): PgInsertBase<...>', gave the following error.
    Object literal may only specify known properties, and 'invoice_id' does not exist in type '{ invoice_id: string | SQL<unknown> | Placeholder<string, any>; hold_lookup_code: string | SQL<unknown> | Placeholder<string, any>; id?: string | SQL<unknown> | Placeholder<...> | undefined; ... 5 more ...; held_by?: string | ... 3 more ... | undefined; }[]'.
server/services/ap.ts(444,54): error TS2769: No overload matches this call.
  Overload 1 of 3, '(left: PgColumn<{ name: "invoice_id"; tableName: "ap_holds"; dataType: "string"; columnType: "PgVarchar"; data: string; driverParam: string; notNull: true; hasDefault: false; isPrimaryKey: false; isAutoincrement: false; ... 4 more ...; generated: undefined; }, {}, { ...; }>, right: string | SQLWrapper): SQL<...>', gave the following error.
    Argument of type 'number' is not assignable to parameter of type 'string | SQLWrapper'.
  Overload 2 of 3, '(left: Aliased<number>, right: number | SQLWrapper): SQL<unknown>', gave the following error.
    Argument of type 'PgColumn<{ name: "invoice_id"; tableName: "ap_holds"; dataType: "string"; columnType: "PgVarchar"; data: string; driverParam: string; notNull: true; hasDefault: false; isPrimaryKey: false; isAutoincrement: false; ... 4 more ...; generated: undefined; }, {}, { ...; }>' is not assignable to parameter of type 'Aliased<number>'.
      Type 'PgColumn<{ name: "invoice_id"; tableName: "ap_holds"; dataType: "string"; columnType: "PgVarchar"; data: string; driverParam: string; notNull: true; hasDefault: false; isPrimaryKey: false; isAutoincrement: false; ... 4 more ...; generated: undefined; }, {}, { ...; }>' is missing the following properties from type 'Aliased<number>': sql, fieldAlias
  Overload 3 of 3, '(left: never, right: unknown): SQL<unknown>', gave the following error.
    Argument of type 'PgColumn<{ name: "invoice_id"; tableName: "ap_holds"; dataType: "string"; columnType: "PgVarchar"; data: string; driverParam: string; notNull: true; hasDefault: false; isPrimaryKey: false; isAutoincrement: false; ... 4 more ...; generated: undefined; }, {}, { ...; }>' is not assignable to parameter of type 'never'.
server/services/ap.ts(450,20): error TS2769: No overload matches this call.
  Overload 1 of 3, '(left: PgColumn<{ name: "id"; tableName: "ap_holds"; dataType: "string"; columnType: "PgVarchar"; data: string; driverParam: string; notNull: true; hasDefault: true; isPrimaryKey: true; isAutoincrement: false; ... 4 more ...; generated: undefined; }, {}, { ...; }>, right: string | SQLWrapper): SQL<...>', gave the following error.
    Argument of type 'number' is not assignable to parameter of type 'string | SQLWrapper'.
  Overload 2 of 3, '(left: Aliased<number>, right: number | SQLWrapper): SQL<unknown>', gave the following error.
    Argument of type 'PgColumn<{ name: "id"; tableName: "ap_holds"; dataType: "string"; columnType: "PgVarchar"; data: string; driverParam: string; notNull: true; hasDefault: true; isPrimaryKey: true; isAutoincrement: false; ... 4 more ...; generated: undefined; }, {}, { ...; }>' is not assignable to parameter of type 'Aliased<number>'.
      Type 'PgColumn<{ name: "id"; tableName: "ap_holds"; dataType: "string"; columnType: "PgVarchar"; data: string; driverParam: string; notNull: true; hasDefault: true; isPrimaryKey: true; isAutoincrement: false; ... 4 more ...; generated: undefined; }, {}, { ...; }>' is missing the following properties from type 'Aliased<number>': sql, fieldAlias
  Overload 3 of 3, '(left: never, right: unknown): SQL<unknown>', gave the following error.
    Argument of type 'PgColumn<{ name: "id"; tableName: "ap_holds"; dataType: "string"; columnType: "PgVarchar"; data: string; driverParam: string; notNull: true; hasDefault: true; isPrimaryKey: true; isAutoincrement: false; ... 4 more ...; generated: undefined; }, {}, { ...; }>' is not assignable to parameter of type 'never'.
server/services/ap.ts(459,48): error TS2769: No overload matches this call.
  Overload 1 of 2, '(value: { invoiceId: string | SQL<unknown> | Placeholder<string, any>; amount: string | SQL<unknown> | Placeholder<string, any>; paymentId: string | SQL<unknown> | Placeholder<...>; id?: string | ... 2 more ... | undefined; createdAt?: Date | ... 3 more ... | undefined; accountingDate?: Date | ... 3 more ... | undefined; }): PgInsertBase<...>', gave the following error.
    Type 'number' is not assignable to type 'string | SQL<unknown> | Placeholder<string, any>'.
  Overload 2 of 2, '(values: { invoiceId: string | SQL<unknown> | Placeholder<string, any>; amount: string | SQL<unknown> | Placeholder<string, any>; paymentId: string | SQL<unknown> | Placeholder<...>; id?: string | ... 2 more ... | undefined; createdAt?: Date | ... 3 more ... | undefined; accountingDate?: Date | ... 3 more ... | undefined; }[]): PgInsertBase<...>', gave the following error.
    Object literal may only specify known properties, and 'paymentId' does not exist in type '{ invoiceId: string | SQL<unknown> | Placeholder<string, any>; amount: string | SQL<unknown> | Placeholder<string, any>; paymentId: string | SQL<unknown> | Placeholder<...>; id?: string | ... 2 more ... | undefined; createdAt?: Date | ... 3 more ... | undefined; accountingDate?: Date | ... 3 more ... | undefined; }[]'.
server/services/ap.ts(468,24): error TS2769: No overload matches this call.
  Overload 1 of 3, '(left: PgColumn<{ name: "id"; tableName: "ap_invoices"; dataType: "string"; columnType: "PgVarchar"; data: string; driverParam: string; notNull: true; hasDefault: true; isPrimaryKey: true; isAutoincrement: false; ... 4 more ...; generated: undefined; }, {}, { ...; }>, right: string | SQLWrapper): SQL<...>', gave the following error.
    Argument of type 'number' is not assignable to parameter of type 'string | SQLWrapper'.
  Overload 2 of 3, '(left: Aliased<number>, right: number | SQLWrapper): SQL<unknown>', gave the following error.
    Argument of type 'PgColumn<{ name: "id"; tableName: "ap_invoices"; dataType: "string"; columnType: "PgVarchar"; data: string; driverParam: string; notNull: true; hasDefault: true; isPrimaryKey: true; isAutoincrement: false; ... 4 more ...; generated: undefined; }, {}, { ...; }>' is not assignable to parameter of type 'Aliased<number>'.
      Type 'PgColumn<{ name: "id"; tableName: "ap_invoices"; dataType: "string"; columnType: "PgVarchar"; data: string; driverParam: string; notNull: true; hasDefault: true; isPrimaryKey: true; isAutoincrement: false; ... 4 more ...; generated: undefined; }, {}, { ...; }>' is missing the following properties from type 'Aliased<number>': sql, fieldAlias
  Overload 3 of 3, '(left: never, right: unknown): SQL<unknown>', gave the following error.
    Argument of type 'PgColumn<{ name: "id"; tableName: "ap_invoices"; dataType: "string"; columnType: "PgVarchar"; data: string; driverParam: string; notNull: true; hasDefault: true; isPrimaryKey: true; isAutoincrement: false; ... 4 more ...; generated: undefined; }, {}, { ...; }>' is not assignable to parameter of type 'never'.
server/services/ap.ts(486,72): error TS2769: No overload matches this call.
  Overload 1 of 3, '(left: PgColumn<{ name: "id"; tableName: "ap_payment_batches"; dataType: "string"; columnType: "PgVarchar"; data: string; driverParam: string; notNull: true; hasDefault: true; isPrimaryKey: true; isAutoincrement: false; ... 4 more ...; generated: undefined; }, {}, { ...; }>, right: string | SQLWrapper): SQL<...>', gave the following error.
    Argument of type 'number' is not assignable to parameter of type 'string | SQLWrapper'.
  Overload 2 of 3, '(left: Aliased<number>, right: number | SQLWrapper): SQL<unknown>', gave the following error.
    Argument of type 'PgColumn<{ name: "id"; tableName: "ap_payment_batches"; dataType: "string"; columnType: "PgVarchar"; data: string; driverParam: string; notNull: true; hasDefault: true; isPrimaryKey: true; isAutoincrement: false; ... 4 more ...; generated: undefined; }, {}, { ...; }>' is not assignable to parameter of type 'Aliased<number>'.
      Type 'PgColumn<{ name: "id"; tableName: "ap_payment_batches"; dataType: "string"; columnType: "PgVarchar"; data: string; driverParam: string; notNull: true; hasDefault: true; isPrimaryKey: true; isAutoincrement: false; ... 4 more ...; generated: undefined; }, {}, { ...; }>' is missing the following properties from type 'Aliased<number>': sql, fieldAlias
  Overload 3 of 3, '(left: never, right: unknown): SQL<unknown>', gave the following error.
    Argument of type 'PgColumn<{ name: "id"; tableName: "ap_payment_batches"; dataType: "string"; columnType: "PgVarchar"; data: string; driverParam: string; notNull: true; hasDefault: true; isPrimaryKey: true; isAutoincrement: false; ... 4 more ...; generated: undefined; }, {}, { ...; }>' is not assignable to parameter of type 'never'.
server/services/ap.ts(515,20): error TS2769: No overload matches this call.
  Overload 1 of 3, '(left: PgColumn<{ name: "id"; tableName: "ap_payment_batches"; dataType: "string"; columnType: "PgVarchar"; data: string; driverParam: string; notNull: true; hasDefault: true; isPrimaryKey: true; isAutoincrement: false; ... 4 more ...; generated: undefined; }, {}, { ...; }>, right: string | SQLWrapper): SQL<...>', gave the following error.
    Argument of type 'number' is not assignable to parameter of type 'string | SQLWrapper'.
  Overload 2 of 3, '(left: Aliased<number>, right: number | SQLWrapper): SQL<unknown>', gave the following error.
    Argument of type 'PgColumn<{ name: "id"; tableName: "ap_payment_batches"; dataType: "string"; columnType: "PgVarchar"; data: string; driverParam: string; notNull: true; hasDefault: true; isPrimaryKey: true; isAutoincrement: false; ... 4 more ...; generated: undefined; }, {}, { ...; }>' is not assignable to parameter of type 'Aliased<number>'.
      Type 'PgColumn<{ name: "id"; tableName: "ap_payment_batches"; dataType: "string"; columnType: "PgVarchar"; data: string; driverParam: string; notNull: true; hasDefault: true; isPrimaryKey: true; isAutoincrement: false; ... 4 more ...; generated: undefined; }, {}, { ...; }>' is missing the following properties from type 'Aliased<number>': sql, fieldAlias
  Overload 3 of 3, '(left: never, right: unknown): SQL<unknown>', gave the following error.
    Argument of type 'PgColumn<{ name: "id"; tableName: "ap_payment_batches"; dataType: "string"; columnType: "PgVarchar"; data: string; driverParam: string; notNull: true; hasDefault: true; isPrimaryKey: true; isAutoincrement: false; ... 4 more ...; generated: undefined; }, {}, { ...; }>' is not assignable to parameter of type 'never'.
server/services/ap.ts(522,72): error TS2769: No overload matches this call.
  Overload 1 of 3, '(left: PgColumn<{ name: "id"; tableName: "ap_payment_batches"; dataType: "string"; columnType: "PgVarchar"; data: string; driverParam: string; notNull: true; hasDefault: true; isPrimaryKey: true; isAutoincrement: false; ... 4 more ...; generated: undefined; }, {}, { ...; }>, right: string | SQLWrapper): SQL<...>', gave the following error.
    Argument of type 'number' is not assignable to parameter of type 'string | SQLWrapper'.
  Overload 2 of 3, '(left: Aliased<number>, right: number | SQLWrapper): SQL<unknown>', gave the following error.
    Argument of type 'PgColumn<{ name: "id"; tableName: "ap_payment_batches"; dataType: "string"; columnType: "PgVarchar"; data: string; driverParam: string; notNull: true; hasDefault: true; isPrimaryKey: true; isAutoincrement: false; ... 4 more ...; generated: undefined; }, {}, { ...; }>' is not assignable to parameter of type 'Aliased<number>'.
      Type 'PgColumn<{ name: "id"; tableName: "ap_payment_batches"; dataType: "string"; columnType: "PgVarchar"; data: string; driverParam: string; notNull: true; hasDefault: true; isPrimaryKey: true; isAutoincrement: false; ... 4 more ...; generated: undefined; }, {}, { ...; }>' is missing the following properties from type 'Aliased<number>': sql, fieldAlias
  Overload 3 of 3, '(left: never, right: unknown): SQL<unknown>', gave the following error.
    Argument of type 'PgColumn<{ name: "id"; tableName: "ap_payment_batches"; dataType: "string"; columnType: "PgVarchar"; data: string; driverParam: string; notNull: true; hasDefault: true; isPrimaryKey: true; isAutoincrement: false; ... 4 more ...; generated: undefined; }, {}, { ...; }>' is not assignable to parameter of type 'never'.
server/services/ap.ts(527,20): error TS2769: No overload matches this call.
  Overload 1 of 3, '(left: PgColumn<{ name: "id"; tableName: "ap_payment_batches"; dataType: "string"; columnType: "PgVarchar"; data: string; driverParam: string; notNull: true; hasDefault: true; isPrimaryKey: true; isAutoincrement: false; ... 4 more ...; generated: undefined; }, {}, { ...; }>, right: string | SQLWrapper): SQL<...>', gave the following error.
    Argument of type 'number' is not assignable to parameter of type 'string | SQLWrapper'.
  Overload 2 of 3, '(left: Aliased<number>, right: number | SQLWrapper): SQL<unknown>', gave the following error.
    Argument of type 'PgColumn<{ name: "id"; tableName: "ap_payment_batches"; dataType: "string"; columnType: "PgVarchar"; data: string; driverParam: string; notNull: true; hasDefault: true; isPrimaryKey: true; isAutoincrement: false; ... 4 more ...; generated: undefined; }, {}, { ...; }>' is not assignable to parameter of type 'Aliased<number>'.
      Type 'PgColumn<{ name: "id"; tableName: "ap_payment_batches"; dataType: "string"; columnType: "PgVarchar"; data: string; driverParam: string; notNull: true; hasDefault: true; isPrimaryKey: true; isAutoincrement: false; ... 4 more ...; generated: undefined; }, {}, { ...; }>' is missing the following properties from type 'Aliased<number>': sql, fieldAlias
  Overload 3 of 3, '(left: never, right: unknown): SQL<unknown>', gave the following error.
    Argument of type 'PgColumn<{ name: "id"; tableName: "ap_payment_batches"; dataType: "string"; columnType: "PgVarchar"; data: string; driverParam: string; notNull: true; hasDefault: true; isPrimaryKey: true; isAutoincrement: false; ... 4 more ...; generated: undefined; }, {}, { ...; }>' is not assignable to parameter of type 'never'.
server/services/ap.ts(539,20): error TS2769: No overload matches this call.
  Overload 1 of 3, '(left: PgColumn<{ name: "batch_id"; tableName: "ap_payments"; dataType: "string"; columnType: "PgVarchar"; data: string; driverParam: string; notNull: false; hasDefault: false; isPrimaryKey: false; isAutoincrement: false; ... 4 more ...; generated: undefined; }, {}, { ...; }>, right: string | SQLWrapper): SQL<...>', gave the following error.
    Argument of type 'number' is not assignable to parameter of type 'string | SQLWrapper'.
  Overload 2 of 3, '(left: Aliased<number>, right: number | SQLWrapper): SQL<unknown>', gave the following error.
    Argument of type 'PgColumn<{ name: "batch_id"; tableName: "ap_payments"; dataType: "string"; columnType: "PgVarchar"; data: string; driverParam: string; notNull: false; hasDefault: false; isPrimaryKey: false; isAutoincrement: false; ... 4 more ...; generated: undefined; }, {}, { ...; }>' is not assignable to parameter of type 'Aliased<number>'.
      Type 'PgColumn<{ name: "batch_id"; tableName: "ap_payments"; dataType: "string"; columnType: "PgVarchar"; data: string; driverParam: string; notNull: false; hasDefault: false; isPrimaryKey: false; isAutoincrement: false; ... 4 more ...; generated: undefined; }, {}, { ...; }>' is missing the following properties from type 'Aliased<number>': sql, fieldAlias
  Overload 3 of 3, '(left: never, right: unknown): SQL<unknown>', gave the following error.
    Argument of type 'PgColumn<{ name: "batch_id"; tableName: "ap_payments"; dataType: "string"; columnType: "PgVarchar"; data: string; driverParam: string; notNull: false; hasDefault: false; isPrimaryKey: false; isAutoincrement: false; ... 4 more ...; generated: undefined; }, {}, { ...; }>' is not assignable to parameter of type 'never'.
server/services/ap.ts(653,17): error TS2769: No overload matches this call.
  Overload 1 of 3, '(left: PgColumn<{ name: "supplier_id"; tableName: "ap_invoices"; dataType: "string"; columnType: "PgVarchar"; data: string; driverParam: string; notNull: true; hasDefault: false; isPrimaryKey: false; isAutoincrement: false; ... 4 more ...; generated: undefined; }, {}, { ...; }>, right: string | SQLWrapper): SQL<...>', gave the following error.
    Argument of type 'number' is not assignable to parameter of type 'string | SQLWrapper'.
  Overload 2 of 3, '(left: Aliased<number>, right: number | SQLWrapper): SQL<unknown>', gave the following error.
    Argument of type 'PgColumn<{ name: "supplier_id"; tableName: "ap_invoices"; dataType: "string"; columnType: "PgVarchar"; data: string; driverParam: string; notNull: true; hasDefault: false; isPrimaryKey: false; isAutoincrement: false; ... 4 more ...; generated: undefined; }, {}, { ...; }>' is not assignable to parameter of type 'Aliased<number>'.
      Type 'PgColumn<{ name: "supplier_id"; tableName: "ap_invoices"; dataType: "string"; columnType: "PgVarchar"; data: string; driverParam: string; notNull: true; hasDefault: false; isPrimaryKey: false; isAutoincrement: false; ... 4 more ...; generated: undefined; }, {}, { ...; }>' is missing the following properties from type 'Aliased<number>': sql, fieldAlias
  Overload 3 of 3, '(left: never, right: unknown): SQL<unknown>', gave the following error.
    Argument of type 'PgColumn<{ name: "supplier_id"; tableName: "ap_invoices"; dataType: "string"; columnType: "PgVarchar"; data: string; driverParam: string; notNull: true; hasDefault: false; isPrimaryKey: false; isAutoincrement: false; ... 4 more ...; generated: undefined; }, {}, { ...; }>' is not assignable to parameter of type 'never'.
server/services/ap.ts(663,73): error TS2769: No overload matches this call.
  Overload 1 of 3, '(left: PgColumn<{ name: "id"; tableName: "ap_invoices"; dataType: "string"; columnType: "PgVarchar"; data: string; driverParam: string; notNull: true; hasDefault: true; isPrimaryKey: true; isAutoincrement: false; ... 4 more ...; generated: undefined; }, {}, { ...; }>, right: string | SQLWrapper): SQL<...>', gave the following error.
    Argument of type 'number' is not assignable to parameter of type 'string | SQLWrapper'.
  Overload 2 of 3, '(left: Aliased<number>, right: number | SQLWrapper): SQL<unknown>', gave the following error.
    Argument of type 'PgColumn<{ name: "id"; tableName: "ap_invoices"; dataType: "string"; columnType: "PgVarchar"; data: string; driverParam: string; notNull: true; hasDefault: true; isPrimaryKey: true; isAutoincrement: false; ... 4 more ...; generated: undefined; }, {}, { ...; }>' is not assignable to parameter of type 'Aliased<number>'.
      Type 'PgColumn<{ name: "id"; tableName: "ap_invoices"; dataType: "string"; columnType: "PgVarchar"; data: string; driverParam: string; notNull: true; hasDefault: true; isPrimaryKey: true; isAutoincrement: false; ... 4 more ...; generated: undefined; }, {}, { ...; }>' is missing the following properties from type 'Aliased<number>': sql, fieldAlias
  Overload 3 of 3, '(left: never, right: unknown): SQL<unknown>', gave the following error.
    Argument of type 'PgColumn<{ name: "id"; tableName: "ap_invoices"; dataType: "string"; columnType: "PgVarchar"; data: string; driverParam: string; notNull: true; hasDefault: true; isPrimaryKey: true; isAutoincrement: false; ... 4 more ...; generated: undefined; }, {}, { ...; }>' is not assignable to parameter of type 'never'.
server/services/ap.ts(664,71): error TS2769: No overload matches this call.
  Overload 1 of 3, '(left: PgColumn<{ name: "id"; tableName: "ap_invoices"; dataType: "string"; columnType: "PgVarchar"; data: string; driverParam: string; notNull: true; hasDefault: true; isPrimaryKey: true; isAutoincrement: false; ... 4 more ...; generated: undefined; }, {}, { ...; }>, right: string | SQLWrapper): SQL<...>', gave the following error.
    Argument of type 'number' is not assignable to parameter of type 'string | SQLWrapper'.
  Overload 2 of 3, '(left: Aliased<number>, right: number | SQLWrapper): SQL<unknown>', gave the following error.
    Argument of type 'PgColumn<{ name: "id"; tableName: "ap_invoices"; dataType: "string"; columnType: "PgVarchar"; data: string; driverParam: string; notNull: true; hasDefault: true; isPrimaryKey: true; isAutoincrement: false; ... 4 more ...; generated: undefined; }, {}, { ...; }>' is not assignable to parameter of type 'Aliased<number>'.
      Type 'PgColumn<{ name: "id"; tableName: "ap_invoices"; dataType: "string"; columnType: "PgVarchar"; data: string; driverParam: string; notNull: true; hasDefault: true; isPrimaryKey: true; isAutoincrement: false; ... 4 more ...; generated: undefined; }, {}, { ...; }>' is missing the following properties from type 'Aliased<number>': sql, fieldAlias
  Overload 3 of 3, '(left: never, right: unknown): SQL<unknown>', gave the following error.
    Argument of type 'PgColumn<{ name: "id"; tableName: "ap_invoices"; dataType: "string"; columnType: "PgVarchar"; data: string; driverParam: string; notNull: true; hasDefault: true; isPrimaryKey: true; isAutoincrement: false; ... 4 more ...; generated: undefined; }, {}, { ...; }>' is not assignable to parameter of type 'never'.
server/services/ap.ts(671,17): error TS2769: No overload matches this call.
  Overload 2 of 2, '(values: { userId: string | SQL<unknown> | Placeholder<string, any>; standardInvoiceId: string | SQL<unknown> | Placeholder<string, any>; prepaymentInvoiceId: string | ... 1 more ... | Placeholder<...>; ... 4 more ...; accountingDate?: Date | ... 2 more ... | undefined; }[]): PgInsertBase<...>', gave the following error.
    Object literal may only specify known properties, and 'standardInvoiceId' does not exist in type '{ userId: string | SQL<unknown> | Placeholder<string, any>; standardInvoiceId: string | SQL<unknown> | Placeholder<string, any>; prepaymentInvoiceId: string | ... 1 more ... | Placeholder<...>; ... 4 more ...; accountingDate?: Date | ... 2 more ... | undefined; }[]'.
server/services/ap.ts(682,24): error TS2769: No overload matches this call.
  Overload 1 of 3, '(left: PgColumn<{ name: "id"; tableName: "ap_invoices"; dataType: "string"; columnType: "PgVarchar"; data: string; driverParam: string; notNull: true; hasDefault: true; isPrimaryKey: true; isAutoincrement: false; ... 4 more ...; generated: undefined; }, {}, { ...; }>, right: string | SQLWrapper): SQL<...>', gave the following error.
    Argument of type 'number' is not assignable to parameter of type 'string | SQLWrapper'.
  Overload 2 of 3, '(left: Aliased<number>, right: number | SQLWrapper): SQL<unknown>', gave the following error.
    Argument of type 'PgColumn<{ name: "id"; tableName: "ap_invoices"; dataType: "string"; columnType: "PgVarchar"; data: string; driverParam: string; notNull: true; hasDefault: true; isPrimaryKey: true; isAutoincrement: false; ... 4 more ...; generated: undefined; }, {}, { ...; }>' is not assignable to parameter of type 'Aliased<number>'.
      Type 'PgColumn<{ name: "id"; tableName: "ap_invoices"; dataType: "string"; columnType: "PgVarchar"; data: string; driverParam: string; notNull: true; hasDefault: true; isPrimaryKey: true; isAutoincrement: false; ... 4 more ...; generated: undefined; }, {}, { ...; }>' is missing the following properties from type 'Aliased<number>': sql, fieldAlias
  Overload 3 of 3, '(left: never, right: unknown): SQL<unknown>', gave the following error.
    Argument of type 'PgColumn<{ name: "id"; tableName: "ap_invoices"; dataType: "string"; columnType: "PgVarchar"; data: string; driverParam: string; notNull: true; hasDefault: true; isPrimaryKey: true; isAutoincrement: false; ... 4 more ...; generated: undefined; }, {}, { ...; }>' is not assignable to parameter of type 'never'.
server/services/ap.ts(691,21): error TS2769: No overload matches this call.
  Overload 1 of 3, '(left: PgColumn<{ name: "standard_invoice_id"; tableName: "ap_prepay_applications"; dataType: "string"; columnType: "PgVarchar"; data: string; driverParam: string; notNull: true; hasDefault: false; ... 6 more ...; generated: undefined; }, {}, { ...; }>, right: string | SQLWrapper): SQL<...>', gave the following error.
    Argument of type 'number' is not assignable to parameter of type 'string | SQLWrapper'.
  Overload 2 of 3, '(left: Aliased<number>, right: number | SQLWrapper): SQL<unknown>', gave the following error.
    Argument of type 'PgColumn<{ name: "standard_invoice_id"; tableName: "ap_prepay_applications"; dataType: "string"; columnType: "PgVarchar"; data: string; driverParam: string; notNull: true; hasDefault: false; isPrimaryKey: false; ... 5 more ...; generated: undefined; }, {}, { ...; }>' is not assignable to parameter of type 'Aliased<number>'.
      Type 'PgColumn<{ name: "standard_invoice_id"; tableName: "ap_prepay_applications"; dataType: "string"; columnType: "PgVarchar"; data: string; driverParam: string; notNull: true; hasDefault: false; isPrimaryKey: false; ... 5 more ...; generated: undefined; }, {}, { ...; }>' is missing the following properties from type 'Aliased<number>': sql, fieldAlias
  Overload 3 of 3, '(left: never, right: unknown): SQL<unknown>', gave the following error.
    Argument of type 'PgColumn<{ name: "standard_invoice_id"; tableName: "ap_prepay_applications"; dataType: "string"; columnType: "PgVarchar"; data: string; driverParam: string; notNull: true; hasDefault: false; isPrimaryKey: false; ... 5 more ...; generated: undefined; }, {}, { ...; }>' is not assignable to parameter of type 'never'.
server/services/ap.ts(699,28): error TS2769: No overload matches this call.
  Overload 1 of 3, '(left: PgColumn<{ name: "id"; tableName: "ap_invoices"; dataType: "string"; columnType: "PgVarchar"; data: string; driverParam: string; notNull: true; hasDefault: true; isPrimaryKey: true; isAutoincrement: false; ... 4 more ...; generated: undefined; }, {}, { ...; }>, right: string | SQLWrapper): SQL<...>', gave the following error.
    Argument of type 'number' is not assignable to parameter of type 'string | SQLWrapper'.
  Overload 2 of 3, '(left: Aliased<number>, right: number | SQLWrapper): SQL<unknown>', gave the following error.
    Argument of type 'PgColumn<{ name: "id"; tableName: "ap_invoices"; dataType: "string"; columnType: "PgVarchar"; data: string; driverParam: string; notNull: true; hasDefault: true; isPrimaryKey: true; isAutoincrement: false; ... 4 more ...; generated: undefined; }, {}, { ...; }>' is not assignable to parameter of type 'Aliased<number>'.
      Type 'PgColumn<{ name: "id"; tableName: "ap_invoices"; dataType: "string"; columnType: "PgVarchar"; data: string; driverParam: string; notNull: true; hasDefault: true; isPrimaryKey: true; isAutoincrement: false; ... 4 more ...; generated: undefined; }, {}, { ...; }>' is missing the following properties from type 'Aliased<number>': sql, fieldAlias
  Overload 3 of 3, '(left: never, right: unknown): SQL<unknown>', gave the following error.
    Argument of type 'PgColumn<{ name: "id"; tableName: "ap_invoices"; dataType: "string"; columnType: "PgVarchar"; data: string; driverParam: string; notNull: true; hasDefault: true; isPrimaryKey: true; isAutoincrement: false; ... 4 more ...; generated: undefined; }, {}, { ...; }>' is not assignable to parameter of type 'never'.
server/services/ap.ts(703,28): error TS2769: No overload matches this call.
  Overload 1 of 3, '(left: PgColumn<{ name: "id"; tableName: "ap_invoices"; dataType: "string"; columnType: "PgVarchar"; data: string; driverParam: string; notNull: true; hasDefault: true; isPrimaryKey: true; isAutoincrement: false; ... 4 more ...; generated: undefined; }, {}, { ...; }>, right: string | SQLWrapper): SQL<...>', gave the following error.
    Argument of type 'number' is not assignable to parameter of type 'string | SQLWrapper'.
  Overload 2 of 3, '(left: Aliased<number>, right: number | SQLWrapper): SQL<unknown>', gave the following error.
    Argument of type 'PgColumn<{ name: "id"; tableName: "ap_invoices"; dataType: "string"; columnType: "PgVarchar"; data: string; driverParam: string; notNull: true; hasDefault: true; isPrimaryKey: true; isAutoincrement: false; ... 4 more ...; generated: undefined; }, {}, { ...; }>' is not assignable to parameter of type 'Aliased<number>'.
      Type 'PgColumn<{ name: "id"; tableName: "ap_invoices"; dataType: "string"; columnType: "PgVarchar"; data: string; driverParam: string; notNull: true; hasDefault: true; isPrimaryKey: true; isAutoincrement: false; ... 4 more ...; generated: undefined; }, {}, { ...; }>' is missing the following properties from type 'Aliased<number>': sql, fieldAlias
  Overload 3 of 3, '(left: never, right: unknown): SQL<unknown>', gave the following error.
    Argument of type 'PgColumn<{ name: "id"; tableName: "ap_invoices"; dataType: "string"; columnType: "PgVarchar"; data: string; driverParam: string; notNull: true; hasDefault: true; isPrimaryKey: true; isAutoincrement: false; ... 4 more ...; generated: undefined; }, {}, { ...; }>' is not assignable to parameter of type 'never'.
server/services/ap.ts(747,20): error TS2769: No overload matches this call.
  Overload 1 of 3, '(left: PgColumn<{ name: "standard_invoice_id"; tableName: "ap_prepay_applications"; dataType: "string"; columnType: "PgVarchar"; data: string; driverParam: string; notNull: true; hasDefault: false; ... 6 more ...; generated: undefined; }, {}, { ...; }>, right: string | SQLWrapper): SQL<...>', gave the following error.
    Argument of type 'number' is not assignable to parameter of type 'string | SQLWrapper'.
  Overload 2 of 3, '(left: Aliased<number>, right: number | SQLWrapper): SQL<unknown>', gave the following error.
    Argument of type 'PgColumn<{ name: "standard_invoice_id"; tableName: "ap_prepay_applications"; dataType: "string"; columnType: "PgVarchar"; data: string; driverParam: string; notNull: true; hasDefault: false; isPrimaryKey: false; ... 5 more ...; generated: undefined; }, {}, { ...; }>' is not assignable to parameter of type 'Aliased<number>'.
      Type 'PgColumn<{ name: "standard_invoice_id"; tableName: "ap_prepay_applications"; dataType: "string"; columnType: "PgVarchar"; data: string; driverParam: string; notNull: true; hasDefault: false; isPrimaryKey: false; ... 5 more ...; generated: undefined; }, {}, { ...; }>' is missing the following properties from type 'Aliased<number>': sql, fieldAlias
  Overload 3 of 3, '(left: never, right: unknown): SQL<unknown>', gave the following error.
    Argument of type 'PgColumn<{ name: "standard_invoice_id"; tableName: "ap_prepay_applications"; dataType: "string"; columnType: "PgVarchar"; data: string; driverParam: string; notNull: true; hasDefault: false; isPrimaryKey: false; ... 5 more ...; generated: undefined; }, {}, { ...; }>' is not assignable to parameter of type 'never'.
server/services/ap.ts(752,78): error TS2769: No overload matches this call.
  Overload 1 of 3, '(left: PgColumn<{ name: "id"; tableName: "ap_prepay_applications"; dataType: "string"; columnType: "PgVarchar"; data: string; driverParam: string; notNull: true; hasDefault: true; isPrimaryKey: true; isAutoincrement: false; ... 4 more ...; generated: undefined; }, {}, { ...; }>, right: string | SQLWrapper): SQL<...>', gave the following error.
    Argument of type 'number' is not assignable to parameter of type 'string | SQLWrapper'.
  Overload 2 of 3, '(left: Aliased<number>, right: number | SQLWrapper): SQL<unknown>', gave the following error.
    Argument of type 'PgColumn<{ name: "id"; tableName: "ap_prepay_applications"; dataType: "string"; columnType: "PgVarchar"; data: string; driverParam: string; notNull: true; hasDefault: true; isPrimaryKey: true; isAutoincrement: false; ... 4 more ...; generated: undefined; }, {}, { ...; }>' is not assignable to parameter of type 'Aliased<number>'.
      Type 'PgColumn<{ name: "id"; tableName: "ap_prepay_applications"; dataType: "string"; columnType: "PgVarchar"; data: string; driverParam: string; notNull: true; hasDefault: true; isPrimaryKey: true; isAutoincrement: false; ... 4 more ...; generated: undefined; }, {}, { ...; }>' is missing the following properties from type 'Aliased<number>': sql, fieldAlias
  Overload 3 of 3, '(left: never, right: unknown): SQL<unknown>', gave the following error.
    Argument of type 'PgColumn<{ name: "id"; tableName: "ap_prepay_applications"; dataType: "string"; columnType: "PgVarchar"; data: string; driverParam: string; notNull: true; hasDefault: true; isPrimaryKey: true; isAutoincrement: false; ... 4 more ...; generated: undefined; }, {}, { ...; }>' is not assignable to parameter of type 'never'.
server/services/ap.ts(769,24): error TS2769: No overload matches this call.
  Overload 1 of 3, '(left: PgColumn<{ name: "id"; tableName: "ap_prepay_applications"; dataType: "string"; columnType: "PgVarchar"; data: string; driverParam: string; notNull: true; hasDefault: true; isPrimaryKey: true; isAutoincrement: false; ... 4 more ...; generated: undefined; }, {}, { ...; }>, right: string | SQLWrapper): SQL<...>', gave the following error.
    Argument of type 'number' is not assignable to parameter of type 'string | SQLWrapper'.
  Overload 2 of 3, '(left: Aliased<number>, right: number | SQLWrapper): SQL<unknown>', gave the following error.
    Argument of type 'PgColumn<{ name: "id"; tableName: "ap_prepay_applications"; dataType: "string"; columnType: "PgVarchar"; data: string; driverParam: string; notNull: true; hasDefault: true; isPrimaryKey: true; isAutoincrement: false; ... 4 more ...; generated: undefined; }, {}, { ...; }>' is not assignable to parameter of type 'Aliased<number>'.
      Type 'PgColumn<{ name: "id"; tableName: "ap_prepay_applications"; dataType: "string"; columnType: "PgVarchar"; data: string; driverParam: string; notNull: true; hasDefault: true; isPrimaryKey: true; isAutoincrement: false; ... 4 more ...; generated: undefined; }, {}, { ...; }>' is missing the following properties from type 'Aliased<number>': sql, fieldAlias
  Overload 3 of 3, '(left: never, right: unknown): SQL<unknown>', gave the following error.
    Argument of type 'PgColumn<{ name: "id"; tableName: "ap_prepay_applications"; dataType: "string"; columnType: "PgVarchar"; data: string; driverParam: string; notNull: true; hasDefault: true; isPrimaryKey: true; isAutoincrement: false; ... 4 more ...; generated: undefined; }, {}, { ...; }>' is not assignable to parameter of type 'never'.
server/services/ap.ts(803,72): error TS2769: No overload matches this call.
  Overload 1 of 3, '(left: PgColumn<{ name: "id"; tableName: "ap_payments"; dataType: "string"; columnType: "PgVarchar"; data: string; driverParam: string; notNull: true; hasDefault: true; isPrimaryKey: true; isAutoincrement: false; ... 4 more ...; generated: undefined; }, {}, { ...; }>, right: string | SQLWrapper): SQL<...>', gave the following error.
    Argument of type 'number' is not assignable to parameter of type 'string | SQLWrapper'.
  Overload 2 of 3, '(left: Aliased<number>, right: number | SQLWrapper): SQL<unknown>', gave the following error.
    Argument of type 'PgColumn<{ name: "id"; tableName: "ap_payments"; dataType: "string"; columnType: "PgVarchar"; data: string; driverParam: string; notNull: true; hasDefault: true; isPrimaryKey: true; isAutoincrement: false; ... 4 more ...; generated: undefined; }, {}, { ...; }>' is not assignable to parameter of type 'Aliased<number>'.
      Type 'PgColumn<{ name: "id"; tableName: "ap_payments"; dataType: "string"; columnType: "PgVarchar"; data: string; driverParam: string; notNull: true; hasDefault: true; isPrimaryKey: true; isAutoincrement: false; ... 4 more ...; generated: undefined; }, {}, { ...; }>' is missing the following properties from type 'Aliased<number>': sql, fieldAlias
  Overload 3 of 3, '(left: never, right: unknown): SQL<unknown>', gave the following error.
    Argument of type 'PgColumn<{ name: "id"; tableName: "ap_payments"; dataType: "string"; columnType: "PgVarchar"; data: string; driverParam: string; notNull: true; hasDefault: true; isPrimaryKey: true; isAutoincrement: false; ... 4 more ...; generated: undefined; }, {}, { ...; }>' is not assignable to parameter of type 'never'.
server/services/ap.ts(807,75): error TS2769: No overload matches this call.
  Overload 1 of 3, '(left: PgColumn<{ name: "payment_id"; tableName: "ap_invoice_payments"; dataType: "string"; columnType: "PgVarchar"; data: string; driverParam: string; notNull: true; hasDefault: false; isPrimaryKey: false; ... 5 more ...; generated: undefined; }, {}, { ...; }>, right: string | SQLWrapper): SQL<...>', gave the following error.
    Argument of type 'number' is not assignable to parameter of type 'string | SQLWrapper'.
  Overload 2 of 3, '(left: Aliased<number>, right: number | SQLWrapper): SQL<unknown>', gave the following error.
    Argument of type 'PgColumn<{ name: "payment_id"; tableName: "ap_invoice_payments"; dataType: "string"; columnType: "PgVarchar"; data: string; driverParam: string; notNull: true; hasDefault: false; isPrimaryKey: false; ... 5 more ...; generated: undefined; }, {}, { ...; }>' is not assignable to parameter of type 'Aliased<number>'.
      Type 'PgColumn<{ name: "payment_id"; tableName: "ap_invoice_payments"; dataType: "string"; columnType: "PgVarchar"; data: string; driverParam: string; notNull: true; hasDefault: false; isPrimaryKey: false; ... 5 more ...; generated: undefined; }, {}, { ...; }>' is missing the following properties from type 'Aliased<number>': sql, fieldAlias
  Overload 3 of 3, '(left: never, right: unknown): SQL<unknown>', gave the following error.
    Argument of type 'PgColumn<{ name: "payment_id"; tableName: "ap_invoice_payments"; dataType: "string"; columnType: "PgVarchar"; data: string; driverParam: string; notNull: true; hasDefault: false; isPrimaryKey: false; ... 5 more ...; generated: undefined; }, {}, { ...; }>' is not assignable to parameter of type 'never'.
server/services/ap.ts(812,24): error TS2769: No overload matches this call.
  Overload 1 of 3, '(left: PgColumn<{ name: "id"; tableName: "ap_payments"; dataType: "string"; columnType: "PgVarchar"; data: string; driverParam: string; notNull: true; hasDefault: true; isPrimaryKey: true; isAutoincrement: false; ... 4 more ...; generated: undefined; }, {}, { ...; }>, right: string | SQLWrapper): SQL<...>', gave the following error.
    Argument of type 'number' is not assignable to parameter of type 'string | SQLWrapper'.
  Overload 2 of 3, '(left: Aliased<number>, right: number | SQLWrapper): SQL<unknown>', gave the following error.
    Argument of type 'PgColumn<{ name: "id"; tableName: "ap_payments"; dataType: "string"; columnType: "PgVarchar"; data: string; driverParam: string; notNull: true; hasDefault: true; isPrimaryKey: true; isAutoincrement: false; ... 4 more ...; generated: undefined; }, {}, { ...; }>' is not assignable to parameter of type 'Aliased<number>'.
      Type 'PgColumn<{ name: "id"; tableName: "ap_payments"; dataType: "string"; columnType: "PgVarchar"; data: string; driverParam: string; notNull: true; hasDefault: true; isPrimaryKey: true; isAutoincrement: false; ... 4 more ...; generated: undefined; }, {}, { ...; }>' is missing the following properties from type 'Aliased<number>': sql, fieldAlias
  Overload 3 of 3, '(left: never, right: unknown): SQL<unknown>', gave the following error.
    Argument of type 'PgColumn<{ name: "id"; tableName: "ap_payments"; dataType: "string"; columnType: "PgVarchar"; data: string; driverParam: string; notNull: true; hasDefault: true; isPrimaryKey: true; isAutoincrement: false; ... 4 more ...; generated: undefined; }, {}, { ...; }>' is not assignable to parameter of type 'never'.
server/services/ap.ts(870,68): error TS2769: No overload matches this call.
  Overload 1 of 3, '(left: PgColumn<{ name: "id"; tableName: "ap_payments"; dataType: "string"; columnType: "PgVarchar"; data: string; driverParam: string; notNull: true; hasDefault: true; isPrimaryKey: true; isAutoincrement: false; ... 4 more ...; generated: undefined; }, {}, { ...; }>, right: string | SQLWrapper): SQL<...>', gave the following error.
    Argument of type 'number' is not assignable to parameter of type 'string | SQLWrapper'.
  Overload 2 of 3, '(left: Aliased<number>, right: number | SQLWrapper): SQL<unknown>', gave the following error.
    Argument of type 'PgColumn<{ name: "id"; tableName: "ap_payments"; dataType: "string"; columnType: "PgVarchar"; data: string; driverParam: string; notNull: true; hasDefault: true; isPrimaryKey: true; isAutoincrement: false; ... 4 more ...; generated: undefined; }, {}, { ...; }>' is not assignable to parameter of type 'Aliased<number>'.
      Type 'PgColumn<{ name: "id"; tableName: "ap_payments"; dataType: "string"; columnType: "PgVarchar"; data: string; driverParam: string; notNull: true; hasDefault: true; isPrimaryKey: true; isAutoincrement: false; ... 4 more ...; generated: undefined; }, {}, { ...; }>' is missing the following properties from type 'Aliased<number>': sql, fieldAlias
  Overload 3 of 3, '(left: never, right: unknown): SQL<unknown>', gave the following error.
    Argument of type 'PgColumn<{ name: "id"; tableName: "ap_payments"; dataType: "string"; columnType: "PgVarchar"; data: string; driverParam: string; notNull: true; hasDefault: true; isPrimaryKey: true; isAutoincrement: false; ... 4 more ...; generated: undefined; }, {}, { ...; }>' is not assignable to parameter of type 'never'.
server/services/ap.ts(875,20): error TS2769: No overload matches this call.
  Overload 1 of 3, '(left: PgColumn<{ name: "id"; tableName: "ap_payments"; dataType: "string"; columnType: "PgVarchar"; data: string; driverParam: string; notNull: true; hasDefault: true; isPrimaryKey: true; isAutoincrement: false; ... 4 more ...; generated: undefined; }, {}, { ...; }>, right: string | SQLWrapper): SQL<...>', gave the following error.
    Argument of type 'number' is not assignable to parameter of type 'string | SQLWrapper'.
  Overload 2 of 3, '(left: Aliased<number>, right: number | SQLWrapper): SQL<unknown>', gave the following error.
    Argument of type 'PgColumn<{ name: "id"; tableName: "ap_payments"; dataType: "string"; columnType: "PgVarchar"; data: string; driverParam: string; notNull: true; hasDefault: true; isPrimaryKey: true; isAutoincrement: false; ... 4 more ...; generated: undefined; }, {}, { ...; }>' is not assignable to parameter of type 'Aliased<number>'.
      Type 'PgColumn<{ name: "id"; tableName: "ap_payments"; dataType: "string"; columnType: "PgVarchar"; data: string; driverParam: string; notNull: true; hasDefault: true; isPrimaryKey: true; isAutoincrement: false; ... 4 more ...; generated: undefined; }, {}, { ...; }>' is missing the following properties from type 'Aliased<number>': sql, fieldAlias
  Overload 3 of 3, '(left: never, right: unknown): SQL<unknown>', gave the following error.
    Argument of type 'PgColumn<{ name: "id"; tableName: "ap_payments"; dataType: "string"; columnType: "PgVarchar"; data: string; driverParam: string; notNull: true; hasDefault: true; isPrimaryKey: true; isAutoincrement: false; ... 4 more ...; generated: undefined; }, {}, { ...; }>' is not assignable to parameter of type 'never'.
server/services/ar.ts(486,21): error TS18004: No value exists in scope for the shorthand property 'receiptId'. Either declare one or provide an initializer.
server/services/ar.ts(487,21): error TS18004: No value exists in scope for the shorthand property 'invoiceId'. Either declare one or provide an initializer.
server/services/ar.ts(590,9): error TS2304: Cannot find name 'CreditScoreWorker'.
server/services/ar.ts(590,59): error TS7006: Parameter 'err' implicitly has an 'any' type.
server/services/ar.ts(643,53): error TS2554: Expected 0 arguments, but got 1.
server/services/ar.ts(791,69): error TS2554: Expected 0 arguments, but got 1.
server/services/BulkImportService.ts(5,10): error TS2724: '"../../shared/schema/parties"' has no exported member named 'InsertParty'. Did you mean 'InsertHzParty'?
server/services/BulkImportService.ts(5,23): error TS2305: Module '"../../shared/schema/parties"' has no exported member 'InsertOrganization'.
server/services/BulkImportService.ts(5,43): error TS2305: Module '"../../shared/schema/parties"' has no exported member 'InsertPerson'.
server/services/BulkImportService.ts(104,13): error TS2322: Type 'number' is not assignable to type 'string'.
server/services/CarrierRatingService.ts(4,10): error TS2305: Module '"../../shared/schema/transportation"' has no exported member 'InsertTlCarrier'.
server/services/cash-revaluation.service.ts(72,44): error TS18048: 'result.foreignBalance' is possibly 'undefined'.
server/services/cash-revaluation.service.ts(73,47): error TS18048: 'result.foreignBalance' is possibly 'undefined'.
server/services/cash-revaluation.service.ts(73,71): error TS18048: 'result.historicalRate' is possibly 'undefined'.
server/services/cash-revaluation.service.ts(97,29): error TS18048: 'result.currentRate' is possibly 'undefined'.
server/services/cash-revaluation.service.ts(98,27): error TS18048: 'usedRate' is possibly 'undefined'.
server/services/cash.ts(368,11): error TS2393: Duplicate function implementation.
server/services/cash.ts(603,11): error TS2393: Duplicate function implementation.
server/services/CompensationService.ts(131,25): error TS1117: An object literal cannot have multiple properties with the same name.
server/services/ConsolidationService.ts(265,65): error TS2345: Argument of type '{ journalNumber: string; ledgerId: string; description: string; periodId: string; source: string; status: "Posted"; approvalStatus: "Not Required"; }' is not assignable to parameter of type '{ currencyCode: string; journalNumber: string; source?: string | undefined; id?: string | undefined; autoReverse?: boolean | null | undefined; status?: "Draft" | "Processing" | "Posted" | undefined; ... 8 more ...; postedDate?: Date | ... 1 more ... | undefined; }'.
  Property 'currencyCode' is missing in type '{ journalNumber: string; ledgerId: string; description: string; periodId: string; source: string; status: "Posted"; approvalStatus: "Not Required"; }' but required in type '{ currencyCode: string; journalNumber: string; source?: string | undefined; id?: string | undefined; autoReverse?: boolean | null | undefined; status?: "Draft" | "Processing" | "Posted" | undefined; ... 8 more ...; postedDate?: Date | ... 1 more ... | undefined; }'.
server/services/ConstructionService.ts(31,10): error TS2300: Duplicate identifier 'FinanceService'.
server/services/ConstructionService.ts(32,10): error TS2300: Duplicate identifier 'FinanceService'.
server/services/ConstructionService.ts(471,31): error TS2339: Property 'ledgerId' does not exist on type '{ id: string; contractId: string; applicationNumber: number; periodStart: Date; periodEnd: Date; status: string | null; isLocked: boolean | null; totalCompleted: string | null; ... 9 more ...; createdAt: Date | null; }'.
server/services/ConstructionService.ts(478,21): error TS2783: 'applicationNumber' is specified more than once, so this usage will be overwritten.
server/services/ConstructionService.ts(479,21): error TS2783: 'totalCompleted' is specified more than once, so this usage will be overwritten.
server/services/ConstructionService.ts(480,21): error TS2783: 'retentionAmount' is specified more than once, so this usage will be overwritten.
server/services/ConstructionService.ts(481,21): error TS2783: 'currentPaymentDue' is specified more than once, so this usage will be overwritten.
server/services/ConstructionService.ts(522,31): error TS2339: Property 'ledgerId' does not exist on type '{ id: string; contractId: string; applicationNumber: number; periodStart: Date; periodEnd: Date; status: string | null; isLocked: boolean | null; totalCompleted: string | null; ... 9 more ...; createdAt: Date | null; }'.
server/services/ContractService.ts(17,13): error TS2353: Object literal may only specify known properties, and 'details' does not exist in type '{ action: string; id?: string | undefined; createdAt?: Date | null | undefined; userId?: string | undefined; entityType?: string | undefined; entityId?: string | undefined; oldValue?: Record<...> | undefined; newValue?: Record<...> | undefined; ipAddress?: string | undefined; userAgent?: string | undefined; }'.
server/services/ContractService.ts(27,66): error TS2769: No overload matches this call.
  Overload 1 of 2, '(value: { title: string | SQL<unknown> | Placeholder<string, any>; supplierId: string | SQL<unknown> | Placeholder<string, any>; contractNumber: string | SQL<...> | Placeholder<...>; ... 9 more ...; pdfFilePath?: string | ... 3 more ... | undefined; }): PgInsertBase<...>', gave the following error.
    Object literal may only specify known properties, and 'type' does not exist in type '{ title: string | SQL<unknown> | Placeholder<string, any>; supplierId: string | SQL<unknown> | Placeholder<string, any>; contractNumber: string | SQL<unknown> | Placeholder<...>; ... 9 more ...; pdfFilePath?: string | ... 3 more ... | undefined; }'.
  Overload 2 of 2, '(values: { title: string | SQL<unknown> | Placeholder<string, any>; supplierId: string | SQL<unknown> | Placeholder<string, any>; contractNumber: string | SQL<...> | Placeholder<...>; ... 9 more ...; pdfFilePath?: string | ... 3 more ... | undefined; }[]): PgInsertBase<...>', gave the following error.
    Object literal may only specify known properties, and 'supplierId' does not exist in type '{ title: string | SQL<unknown> | Placeholder<string, any>; supplierId: string | SQL<unknown> | Placeholder<string, any>; contractNumber: string | SQL<unknown> | Placeholder<...>; ... 9 more ...; pdfFilePath?: string | ... 3 more ... | undefined; }[]'.
server/services/ContractService.ts(160,17): error TS2353: Object literal may only specify known properties, and 'updatedAt' does not exist in type '{ title?: string | SQL<unknown> | PgColumn<ColumnBaseConfig<ColumnDataType, string>, {}, {}> | undefined; supplierId?: string | SQL<...> | PgColumn<...> | undefined; ... 10 more ...; pdfFilePath?: string | ... 3 more ... | undefined; }'.
server/services/DataQualityService.ts(45,13): error TS1117: An object literal cannot have multiple properties with the same name.
server/services/finance.ts(234,60): error TS2339: Property 'ruleName' does not exist on type '{ id: string; ledgerId: string; name: string; description: string | null; isEnabled: boolean | null; errorMessage: string | null; conditionFilter: string | null; validationFilter: string | null; includeFilter: string | null; excludeFilter: string | null; errorAction: string | null; createdAt: Date | null; }'.
server/services/finance.ts(244,60): error TS2339: Property 'ruleName' does not exist on type '{ id: string; ledgerId: string; name: string; description: string | null; isEnabled: boolean | null; errorMessage: string | null; conditionFilter: string | null; validationFilter: string | null; includeFilter: string | null; excludeFilter: string | null; errorAction: string | null; createdAt: Date | null; }'.
server/services/finance.ts(404,13): error TS1117: An object literal cannot have multiple properties with the same name.
server/services/finance.ts(858,19): error TS2339: Property 'enabledFlag' does not exist on type '{ id: string; name: string; description: string | null; ledgerId: string; poolAccountFilter: string; basisAccountFilter: string; targetAccountPattern: string; offsetAccount: string; enabled: boolean | null; createdAt: Date | null; }'.
server/services/finance.ts(2104,35): error TS2339: Property 'journalTemplate' does not exist on type '{ id: string; ledgerId: string; recurringBatchName: string; description: string | null; frequency: string | null; status: string | null; nextRunDate: Date | null; lastRunDate: Date | null; templateJournalId: string | null; createdAt: Date | null; }'.
server/services/finance.ts(2108,44): error TS2339: Property 'name' does not exist on type '{ id: string; ledgerId: string; recurringBatchName: string; description: string | null; frequency: string | null; status: string | null; nextRunDate: Date | null; lastRunDate: Date | null; templateJournalId: string | null; createdAt: Date | null; }'.
server/services/finance.ts(2109,49): error TS2339: Property 'name' does not exist on type '{ id: string; ledgerId: string; recurringBatchName: string; description: string | null; frequency: string | null; status: string | null; nextRunDate: Date | null; lastRunDate: Date | null; templateJournalId: string | null; createdAt: Date | null; }'.
server/services/finance.ts(2112,36): error TS2339: Property 'currencyCode' does not exist on type '{ id: string; ledgerId: string; recurringBatchName: string; description: string | null; frequency: string | null; status: string | null; nextRunDate: Date | null; lastRunDate: Date | null; templateJournalId: string | null; createdAt: Date | null; }'.
server/services/finance.ts(2116,37): error TS2769: No overload matches this call.
  Overload 1 of 4, '(value: string | number | Date): Date', gave the following error.
    Argument of type 'Date | null' is not assignable to parameter of type 'string | number | Date'.
      Type 'null' is not assignable to type 'string | number | Date'.
  Overload 2 of 4, '(value: string | number): Date', gave the following error.
    Argument of type 'Date | null' is not assignable to parameter of type 'string | number'.
      Type 'null' is not assignable to type 'string | number'.
server/services/finance.ts(2117,22): error TS2339: Property 'scheduleType' does not exist on type '{ id: string; ledgerId: string; recurringBatchName: string; description: string | null; frequency: string | null; status: string | null; nextRunDate: Date | null; lastRunDate: Date | null; templateJournalId: string | null; createdAt: Date | null; }'.
server/services/finance.ts(2118,27): error TS2339: Property 'scheduleType' does not exist on type '{ id: string; ledgerId: string; recurringBatchName: string; description: string | null; frequency: string | null; status: string | null; nextRunDate: Date | null; lastRunDate: Date | null; templateJournalId: string | null; createdAt: Date | null; }'.
server/services/finance.ts(2270,75): error TS2339: Property 'ruleName' does not exist on type '{ id: string; name: string; description: string | null; createdAt: Date | null; ledgerId: string; isEnabled: boolean | null; errorMessage: string | null; conditionFilter: string | null; validationFilter: string | null; includeFilter: string | null; excludeFilter: string | null; errorAction: string | null; }'.
server/services/finance.ts(2286,53): error TS2769: No overload matches this call.
  Overload 1 of 2, '(value: { name: string | SQL<unknown> | Placeholder<string, any>; id?: string | SQL<unknown> | Placeholder<string, any> | undefined; description?: string | SQL<...> | Placeholder<...> | null | undefined; ... 5 more ...; ledgerCategory?: string | ... 3 more ... | undefined; }): PgInsertBase<...>', gave the following error.
    Object literal may only specify known properties, and 'currency' does not exist in type '{ name: string | SQL<unknown> | Placeholder<string, any>; id?: string | SQL<unknown> | Placeholder<string, any> | undefined; description?: string | SQL<unknown> | Placeholder<...> | null | undefined; ... 5 more ...; ledgerCategory?: string | ... 3 more ... | undefined; }'.
  Overload 2 of 2, '(values: { name: string | SQL<unknown> | Placeholder<string, any>; id?: string | SQL<unknown> | Placeholder<string, any> | undefined; description?: string | SQL<...> | Placeholder<...> | null | undefined; ... 5 more ...; ledgerCategory?: string | ... 3 more ... | undefined; }[]): PgInsertBase<...>', gave the following error.
    Object literal may only specify known properties, and 'name' does not exist in type '{ name: string | SQL<unknown> | Placeholder<string, any>; id?: string | SQL<unknown> | Placeholder<string, any> | undefined; description?: string | SQL<unknown> | Placeholder<...> | null | undefined; ... 5 more ...; ledgerCategory?: string | ... 3 more ... | undefined; }[]'.
server/services/finance.ts(2594,23): error TS2339: Property 'totalDebit' does not exist on type '{ id: string; journalNumber: string; ledgerId: string; batchId: string | null; createdBy: string | null; periodId: string | null; description: string | null; currencyCode: string; source: string | null; ... 5 more ...; createdAt: Date | null; }'.
server/services/fixedAssets.ts(190,53): error TS2339: Property 'dbRate' does not exist on type '{ id: string; assetId: string; assetNumber: string; categoryId: string; originalCost: string; recoverableCost: string; lifeYears: number; lifeMonths: number | null; method: string; }'.
server/services/fixedAssets.ts(197,50): error TS2339: Property 'dbRate' does not exist on type '{ id: string; assetId: string; assetNumber: string; categoryId: string; originalCost: string; recoverableCost: string; lifeYears: number; lifeMonths: number | null; method: string; }'.
server/services/fixedAssets.ts(199,54): error TS2339: Property 'totalUnits' does not exist on type '{ id: string; assetId: string; assetNumber: string; categoryId: string; originalCost: string; recoverableCost: string; lifeYears: number; lifeMonths: number | null; method: string; }'.
server/services/fixedAssets.ts(205,50): error TS2339: Property 'totalUnits' does not exist on type '{ id: string; assetId: string; assetNumber: string; categoryId: string; originalCost: string; recoverableCost: string; lifeYears: number; lifeMonths: number | null; method: string; }'.
server/services/fixedAssets.ts(297,30): error TS2339: Property 'periodName' does not exist on type '{ bookId: string; retirementDate: Date; proceeds: number; removalCost: number; }'.
server/services/fixedAssets.ts(316,30): error TS2339: Property 'periodName' does not exist on type '{ bookId: string; retirementDate: Date; proceeds: number; removalCost: number; }'.
server/services/FreightAccountingService.ts(68,60): error TS2345: Argument of type '{ ledgerId: string; source: string; category: string; currencyCode: string; description: string; status: "Draft"; periodId: undefined; }' is not assignable to parameter of type '{ currencyCode: string; journalNumber: string; source?: string | undefined; id?: string | undefined; autoReverse?: boolean | null | undefined; status?: "Draft" | "Processing" | "Posted" | undefined; ... 8 more ...; postedDate?: Date | ... 1 more ... | undefined; }'.
  Property 'journalNumber' is missing in type '{ ledgerId: string; source: string; category: string; currencyCode: string; description: string; status: "Draft"; periodId: undefined; }' but required in type '{ currencyCode: string; journalNumber: string; source?: string | undefined; id?: string | undefined; autoReverse?: boolean | null | undefined; status?: "Draft" | "Processing" | "Posted" | undefined; ... 8 more ...; postedDate?: Date | ... 1 more ... | undefined; }'.
server/services/FreightSettlementService.ts(4,10): error TS2724: '"../../shared/schema/transportation"' has no exported member named 'InsertTlFreightCharge'. Did you mean 'TlFreightCharge'?
server/services/GlTransferService.ts(57,64): error TS2769: No overload matches this call.
  Overload 1 of 2, '(value: { journalNumber: string | SQL<unknown> | Placeholder<string, any>; source?: string | SQL<unknown> | Placeholder<string, any> | null | undefined; id?: string | ... 2 more ... | undefined; ... 11 more ...; postedDate?: Date | ... 3 more ... | undefined; }): PgInsertBase<...>', gave the following error.
    Object literal may only specify known properties, and 'category' does not exist in type '{ journalNumber: string | SQL<unknown> | Placeholder<string, any>; source?: string | SQL<unknown> | Placeholder<string, any> | null | undefined; id?: string | SQL<...> | Placeholder<...> | undefined; ... 11 more ...; postedDate?: Date | ... 3 more ... | undefined; }'.
  Overload 2 of 2, '(values: { journalNumber: string | SQL<unknown> | Placeholder<string, any>; source?: string | SQL<unknown> | Placeholder<string, any> | null | undefined; id?: string | ... 2 more ... | undefined; ... 11 more ...; postedDate?: Date | ... 3 more ... | undefined; }[]): PgInsertBase<...>', gave the following error.
    Object literal may only specify known properties, and 'journalNumber' does not exist in type '{ journalNumber: string | SQL<unknown> | Placeholder<string, any>; source?: string | SQL<unknown> | Placeholder<string, any> | null | undefined; id?: string | SQL<...> | Placeholder<...> | undefined; ... 11 more ...; postedDate?: Date | ... 3 more ... | undefined; }[]'.
server/services/HRAnalyticsService.ts(120,13): error TS2740: Type 'Omit<PgSelectBase<"hr_work_relationships", { value: SQL<number>; }, "partial", Record<"hr_work_relationships", "not-null"> & { hr_assignments: "not-null"; }, false, never, { ...; }[], { ...; }>, never>' is missing the following properties from type 'PgSelectBase<"hr_work_relationships", { value: SQL<number>; }, "partial", Record<"hr_work_relationships", "not-null">, false, never, { value: number; }[], { value: DrizzleTypeError<"You cannot reference this field without assigning it an alias first - use `.as(<alias>)`">; }>': config, joinsNotNullableMap, tableName, isPartialSelect, and 4 more.
server/services/HRAnalyticsService.ts(259,24): error TS2304: Cannot find name 'hrMarketBenchmarks'.
server/services/HRAnalyticsService.ts(260,24): error TS2304: Cannot find name 'hrMarketBenchmarks'.
server/services/HRAnalyticsService.ts(261,30): error TS2304: Cannot find name 'hrMarketBenchmarks'.
server/services/HRAnalyticsService.ts(262,17): error TS2304: Cannot find name 'hrMarketBenchmarks'.
server/services/HRAnalyticsService.ts(262,46): error TS2304: Cannot find name 'hrMarketBenchmarks'.
server/services/LeadService.ts(136,18): error TS2339: Property 'linkedinUrl' does not exist on type 'Partial<{ title: string | null; id: string; name: string; status: string | null; email: string | null; description: string | null; state: string | null; country: string | null; firstName: string | null; ... 22 more ...; convertedOpportunityId: string | null; }>'.
server/services/LearningAI.ts(68,13): error TS7034: Variable 'recommendations' implicitly has type 'any[]' in some locations where its type cannot be determined.
server/services/LearningAI.ts(82,35): error TS7005: Variable 'recommendations' implicitly has an 'any[]' type.
server/services/LearningAI.ts(86,47): error TS7005: Variable 'recommendations' implicitly has an 'any[]' type.
server/services/LearningAI.ts(87,24): error TS7005: Variable 'recommendations' implicitly has an 'any[]' type.
server/services/LearningWorkflowService.ts(36,28): error TS2339: Property 'log' does not exist on type 'typeof AuditService'.
server/services/LearningWorkflowService.ts(52,46): error TS2339: Property 'log' does not exist on type 'typeof AuditService'.
server/services/LearningWorkflowService.ts(62,46): error TS2339: Property 'log' does not exist on type 'typeof AuditService'.
server/services/netting.ts(55,17): error TS2769: No overload matches this call.
  Overload 1 of 3, '(left: PgColumn<{ name: "customer_id"; tableName: "ar_invoices"; dataType: "string"; columnType: "PgVarchar"; data: string; driverParam: string; notNull: true; hasDefault: false; isPrimaryKey: false; isAutoincrement: false; ... 4 more ...; generated: undefined; }, {}, { ...; }>, right: string | SQLWrapper): SQL<...>', gave the following error.
    Argument of type 'string | null' is not assignable to parameter of type 'string | SQLWrapper'.
      Type 'null' is not assignable to type 'string | SQLWrapper'.
  Overload 2 of 3, '(left: Aliased<string | null>, right: string | SQLWrapper | null): SQL<unknown>', gave the following error.
    Argument of type 'PgColumn<{ name: "customer_id"; tableName: "ar_invoices"; dataType: "string"; columnType: "PgVarchar"; data: string; driverParam: string; notNull: true; hasDefault: false; isPrimaryKey: false; isAutoincrement: false; ... 4 more ...; generated: undefined; }, {}, { ...; }>' is not assignable to parameter of type 'Aliased<string | null>'.
      Type 'PgColumn<{ name: "customer_id"; tableName: "ar_invoices"; dataType: "string"; columnType: "PgVarchar"; data: string; driverParam: string; notNull: true; hasDefault: false; isPrimaryKey: false; isAutoincrement: false; ... 4 more ...; generated: undefined; }, {}, { ...; }>' is missing the following properties from type 'Aliased<string | null>': sql, fieldAlias
  Overload 3 of 3, '(left: never, right: unknown): SQL<unknown>', gave the following error.
    Argument of type 'PgColumn<{ name: "customer_id"; tableName: "ar_invoices"; dataType: "string"; columnType: "PgVarchar"; data: string; driverParam: string; notNull: true; hasDefault: false; isPrimaryKey: false; isAutoincrement: false; ... 4 more ...; generated: undefined; }, {}, { ...; }>' is not assignable to parameter of type 'never'.
server/services/netting.ts(64,17): error TS2769: No overload matches this call.
  Overload 1 of 3, '(left: PgColumn<{ name: "supplier_id"; tableName: "ap_invoices"; dataType: "string"; columnType: "PgVarchar"; data: string; driverParam: string; notNull: true; hasDefault: false; isPrimaryKey: false; isAutoincrement: false; ... 4 more ...; generated: undefined; }, {}, { ...; }>, right: string | SQLWrapper): SQL<...>', gave the following error.
    Argument of type 'number | null' is not assignable to parameter of type 'string | SQLWrapper'.
      Type 'null' is not assignable to type 'string | SQLWrapper'.
  Overload 2 of 3, '(left: Aliased<number | null>, right: number | SQLWrapper | null): SQL<unknown>', gave the following error.
    Argument of type 'PgColumn<{ name: "supplier_id"; tableName: "ap_invoices"; dataType: "string"; columnType: "PgVarchar"; data: string; driverParam: string; notNull: true; hasDefault: false; isPrimaryKey: false; isAutoincrement: false; ... 4 more ...; generated: undefined; }, {}, { ...; }>' is not assignable to parameter of type 'Aliased<number | null>'.
      Type 'PgColumn<{ name: "supplier_id"; tableName: "ap_invoices"; dataType: "string"; columnType: "PgVarchar"; data: string; driverParam: string; notNull: true; hasDefault: false; isPrimaryKey: false; isAutoincrement: false; ... 4 more ...; generated: undefined; }, {}, { ...; }>' is missing the following properties from type 'Aliased<number | null>': sql, fieldAlias
  Overload 3 of 3, '(left: never, right: unknown): SQL<unknown>', gave the following error.
    Argument of type 'PgColumn<{ name: "supplier_id"; tableName: "ap_invoices"; dataType: "string"; columnType: "PgVarchar"; data: string; driverParam: string; notNull: true; hasDefault: false; isPrimaryKey: false; isAutoincrement: false; ... 4 more ...; generated: undefined; }, {}, { ...; }>' is not assignable to parameter of type 'never'.
server/services/netting.ts(106,13): error TS2769: No overload matches this call.
  Overload 2 of 2, '(values: { supplierId: string | SQL<unknown> | Placeholder<string, any>; amount: string | SQL<unknown> | Placeholder<string, any>; paymentMethodCode: string | SQL<...> | Placeholder<...>; ... 7 more ...; batchId?: string | ... 3 more ... | undefined; }[]): PgInsertBase<...>', gave the following error.
    Object literal may only specify known properties, and 'paymentNumber' does not exist in type '{ supplierId: string | SQL<unknown> | Placeholder<string, any>; amount: string | SQL<unknown> | Placeholder<string, any>; paymentMethodCode: string | SQL<...> | Placeholder<...>; ... 7 more ...; batchId?: string | ... 3 more ... | undefined; }[]'.
server/services/PartnerService.ts(22,13): error TS2353: Object literal may only specify known properties, and 'details' does not exist in type '{ action: string; id?: string | undefined; createdAt?: Date | null | undefined; userId?: string | undefined; entityType?: string | undefined; entityId?: string | undefined; oldValue?: Record<...> | undefined; newValue?: Record<...> | undefined; ipAddress?: string | undefined; userAgent?: string | undefined; }'.
server/services/PayrollService.ts(140,71): error TS2769: No overload matches this call.
  Overload 1 of 2, '(value: { tenantId: string | SQL<unknown> | Placeholder<string, any>; amount: string | SQL<unknown> | Placeholder<string, any>; assignmentId: string | SQL<unknown> | Placeholder<...>; ... 5 more ...; ytdAmount?: string | ... 3 more ... | undefined; }): PgInsertBase<...>', gave the following error.
    Object literal may only specify known properties, and 'classification' does not exist in type '{ tenantId: string | SQL<unknown> | Placeholder<string, any>; amount: string | SQL<unknown> | Placeholder<string, any>; assignmentId: string | SQL<unknown> | Placeholder<...>; ... 5 more ...; ytdAmount?: string | ... 3 more ... | undefined; }'.
  Overload 2 of 2, '(values: { tenantId: string | SQL<unknown> | Placeholder<string, any>; amount: string | SQL<unknown> | Placeholder<string, any>; assignmentId: string | SQL<unknown> | Placeholder<...>; ... 5 more ...; ytdAmount?: string | ... 3 more ... | undefined; }[]): PgInsertBase<...>', gave the following error.
    Object literal may only specify known properties, and 'tenantId' does not exist in type '{ tenantId: string | SQL<unknown> | Placeholder<string, any>; amount: string | SQL<unknown> | Placeholder<string, any>; assignmentId: string | SQL<unknown> | Placeholder<...>; ... 5 more ...; ytdAmount?: string | ... 3 more ... | undefined; }[]'.
server/services/PayrollService.ts(163,71): error TS2769: No overload matches this call.
  Overload 1 of 2, '(value: { tenantId: string | SQL<unknown> | Placeholder<string, any>; amount: string | SQL<unknown> | Placeholder<string, any>; assignmentId: string | SQL<unknown> | Placeholder<...>; ... 5 more ...; ytdAmount?: string | ... 3 more ... | undefined; }): PgInsertBase<...>', gave the following error.
    Object literal may only specify known properties, and 'classification' does not exist in type '{ tenantId: string | SQL<unknown> | Placeholder<string, any>; amount: string | SQL<unknown> | Placeholder<string, any>; assignmentId: string | SQL<unknown> | Placeholder<...>; ... 5 more ...; ytdAmount?: string | ... 3 more ... | undefined; }'.
  Overload 2 of 2, '(values: { tenantId: string | SQL<unknown> | Placeholder<string, any>; amount: string | SQL<unknown> | Placeholder<string, any>; assignmentId: string | SQL<unknown> | Placeholder<...>; ... 5 more ...; ytdAmount?: string | ... 3 more ... | undefined; }[]): PgInsertBase<...>', gave the following error.
    Object literal may only specify known properties, and 'tenantId' does not exist in type '{ tenantId: string | SQL<unknown> | Placeholder<string, any>; amount: string | SQL<unknown> | Placeholder<string, any>; assignmentId: string | SQL<unknown> | Placeholder<...>; ... 5 more ...; ytdAmount?: string | ... 3 more ... | undefined; }[]'.
server/services/PayrollService.ts(177,67): error TS2769: No overload matches this call.
  Overload 1 of 2, '(value: { tenantId: string | SQL<unknown> | Placeholder<string, any>; amount: string | SQL<unknown> | Placeholder<string, any>; assignmentId: string | SQL<unknown> | Placeholder<...>; ... 5 more ...; ytdAmount?: string | ... 3 more ... | undefined; }): PgInsertBase<...>', gave the following error.
    Object literal may only specify known properties, and 'classification' does not exist in type '{ tenantId: string | SQL<unknown> | Placeholder<string, any>; amount: string | SQL<unknown> | Placeholder<string, any>; assignmentId: string | SQL<unknown> | Placeholder<...>; ... 5 more ...; ytdAmount?: string | ... 3 more ... | undefined; }'.
  Overload 2 of 2, '(values: { tenantId: string | SQL<unknown> | Placeholder<string, any>; amount: string | SQL<unknown> | Placeholder<string, any>; assignmentId: string | SQL<unknown> | Placeholder<...>; ... 5 more ...; ytdAmount?: string | ... 3 more ... | undefined; }[]): PgInsertBase<...>', gave the following error.
    Object literal may only specify known properties, and 'tenantId' does not exist in type '{ tenantId: string | SQL<unknown> | Placeholder<string, any>; amount: string | SQL<unknown> | Placeholder<string, any>; assignmentId: string | SQL<unknown> | Placeholder<...>; ... 5 more ...; ytdAmount?: string | ... 3 more ... | undefined; }[]'.
server/services/PayrollService.ts(227,17): error TS2353: Object literal may only specify known properties, and 'completedDate' does not exist in type '{ tenantId?: string | SQL<unknown> | PgColumn<ColumnBaseConfig<ColumnDataType, string>, {}, {}> | undefined; paymentDate?: string | SQL<...> | PgColumn<...> | undefined; ... 9 more ...; totalNet?: string | ... 3 more ... | undefined; }'.
server/services/PayrollService.ts(292,17): error TS2304: Cannot find name 'sql'.
server/services/RecertificationService.ts(67,28): error TS2339: Property 'log' does not exist on type 'typeof AuditService'.
server/services/RecruitmentService.ts(174,67): error TS2769: No overload matches this call.
  Overload 1 of 2, '(value: { currency: string | SQL<unknown> | Placeholder<string, any>; tenantId: string | SQL<unknown> | Placeholder<string, any>; amount: string | SQL<unknown> | Placeholder<...>; ... 9 more ...; nextReviewDate?: string | ... 3 more ... | undefined; }): PgInsertBase<...>', gave the following error.
    Argument of type '{ tenantId: string; assignmentId: string; salaryBasisId: string; amount: string; currency: string | null; dateFrom: string; changeReason: string; }' is not assignable to parameter of type '{ currency: string | SQL<unknown> | Placeholder<string, any>; tenantId: string | SQL<unknown> | Placeholder<string, any>; amount: string | SQL<unknown> | Placeholder<...>; ... 9 more ...; nextReviewDate?: string | ... 3 more ... | undefined; }'.
      Types of property 'currency' are incompatible.
        Type 'string | null' is not assignable to type 'string | SQL<unknown> | Placeholder<string, any>'.
          Type 'null' is not assignable to type 'string | SQL<unknown> | Placeholder<string, any>'.
  Overload 2 of 2, '(values: { currency: string | SQL<unknown> | Placeholder<string, any>; tenantId: string | SQL<unknown> | Placeholder<string, any>; amount: string | SQL<unknown> | Placeholder<...>; ... 9 more ...; nextReviewDate?: string | ... 3 more ... | undefined; }[]): PgInsertBase<...>', gave the following error.
    Argument of type '{ tenantId: string; assignmentId: string; salaryBasisId: string; amount: string; currency: string | null; dateFrom: string; changeReason: string; }' is not assignable to parameter of type '{ currency: string | SQL<unknown> | Placeholder<string, any>; tenantId: string | SQL<unknown> | Placeholder<string, any>; amount: string | SQL<unknown> | Placeholder<...>; ... 9 more ...; nextReviewDate?: string | ... 3 more ... | undefined; }[]'.
      Type '{ tenantId: string; assignmentId: string; salaryBasisId: string; amount: string; currency: string | null; dateFrom: string; changeReason: string; }' is missing the following properties from type '{ currency: string | SQL<unknown> | Placeholder<string, any>; tenantId: string | SQL<unknown> | Placeholder<string, any>; amount: string | SQL<unknown> | Placeholder<...>; ... 9 more ...; nextReviewDate?: string | ... 3 more ... | undefined; }[]': length, pop, push, concat, and 29 more.
server/services/ResumeParsingService.ts(36,58): error TS2339: Property 'map' does not exist on type '{}'.
server/services/ResumeParsingService.ts(48,78): error TS7006: Parameter 'cs' implicitly has an 'any' type.
server/services/TimeAIService.ts(75,57): error TS2358: The left-hand side of an 'instanceof' expression must be of type 'any', an object type or a type parameter.
server/services/TLOptimizationService.ts(4,10): error TS2305: Module '"../../shared/schema/transportation"' has no exported member 'InsertTlShipment'.
server/services/TLOptimizationService.ts(145,62): error TS2769: No overload matches this call.
  Overload 1 of 3, '(left: PgColumn<{ name: "id"; tableName: "tl_lanes"; dataType: "string"; columnType: "PgVarchar"; data: string; driverParam: string; notNull: true; hasDefault: true; isPrimaryKey: true; isAutoincrement: false; ... 4 more ...; generated: undefined; }, {}, { ...; }>, right: string | SQLWrapper): SQL<...>', gave the following error.
    Argument of type 'string | null' is not assignable to parameter of type 'string | SQLWrapper'.
      Type 'null' is not assignable to type 'string | SQLWrapper'.
  Overload 2 of 3, '(left: Aliased<string | null>, right: string | SQLWrapper | null): SQL<unknown>', gave the following error.
    Argument of type 'PgColumn<{ name: "id"; tableName: "tl_lanes"; dataType: "string"; columnType: "PgVarchar"; data: string; driverParam: string; notNull: true; hasDefault: true; isPrimaryKey: true; isAutoincrement: false; ... 4 more ...; generated: undefined; }, {}, { ...; }>' is not assignable to parameter of type 'Aliased<string | null>'.
      Type 'PgColumn<{ name: "id"; tableName: "tl_lanes"; dataType: "string"; columnType: "PgVarchar"; data: string; driverParam: string; notNull: true; hasDefault: true; isPrimaryKey: true; isAutoincrement: false; ... 4 more ...; generated: undefined; }, {}, { ...; }>' is missing the following properties from type 'Aliased<string | null>': sql, fieldAlias
  Overload 3 of 3, '(left: never, right: unknown): SQL<unknown>', gave the following error.
    Argument of type 'PgColumn<{ name: "id"; tableName: "tl_lanes"; dataType: "string"; columnType: "PgVarchar"; data: string; driverParam: string; notNull: true; hasDefault: true; isPrimaryKey: true; isAutoincrement: false; ... 4 more ...; generated: undefined; }, {}, { ...; }>' is not assignable to parameter of type 'never'.
server/services/TreasuryService.ts(7,8): error TS2724: '"@shared/schema"' has no exported member named 'InsertTreasuryCounterparty'. Did you mean 'TreasuryCounterparty'?
server/services/TreasuryService.ts(7,41): error TS2724: '"@shared/schema"' has no exported member named 'InsertTreasuryDeal'. Did you mean 'TreasuryDeal'?
server/services/TreasuryService.ts(8,8): error TS2724: '"@shared/schema"' has no exported member named 'InsertTreasuryFxDeal'. Did you mean 'TreasuryFxDeal'?
server/services/TreasuryService.ts(8,56): error TS2724: '"@shared/schema"' has no exported member named 'InsertTreasuryMarketRate'. Did you mean 'TreasuryMarketRate'?
server/services/TreasuryService.ts(8,87): error TS2724: '"@shared/schema"' has no exported member named 'InsertTreasuryRiskLimit'. Did you mean 'TreasuryRiskLimit'?
server/services/TreasuryService.ts(19,14): error TS2769: No overload matches this call.
  Overload 1 of 3, '(left: PgColumn<{ name: "id"; tableName: "ap_payment_batches"; dataType: "string"; columnType: "PgVarchar"; data: string; driverParam: string; notNull: true; hasDefault: true; isPrimaryKey: true; isAutoincrement: false; ... 4 more ...; generated: undefined; }, {}, { ...; }>, right: string | SQLWrapper): SQL<...>', gave the following error.
    Argument of type 'number' is not assignable to parameter of type 'string | SQLWrapper'.
  Overload 2 of 3, '(left: Aliased<number>, right: number | SQLWrapper): SQL<unknown>', gave the following error.
    Argument of type 'PgColumn<{ name: "id"; tableName: "ap_payment_batches"; dataType: "string"; columnType: "PgVarchar"; data: string; driverParam: string; notNull: true; hasDefault: true; isPrimaryKey: true; isAutoincrement: false; ... 4 more ...; generated: undefined; }, {}, { ...; }>' is not assignable to parameter of type 'Aliased<number>'.
      Type 'PgColumn<{ name: "id"; tableName: "ap_payment_batches"; dataType: "string"; columnType: "PgVarchar"; data: string; driverParam: string; notNull: true; hasDefault: true; isPrimaryKey: true; isAutoincrement: false; ... 4 more ...; generated: undefined; }, {}, { ...; }>' is missing the following properties from type 'Aliased<number>': sql, fieldAlias
  Overload 3 of 3, '(left: never, right: unknown): SQL<unknown>', gave the following error.
    Argument of type 'PgColumn<{ name: "id"; tableName: "ap_payment_batches"; dataType: "string"; columnType: "PgVarchar"; data: string; driverParam: string; notNull: true; hasDefault: true; isPrimaryKey: true; isAutoincrement: false; ... 4 more ...; generated: undefined; }, {}, { ...; }>' is not assignable to parameter of type 'never'.
server/services/TreasuryService.ts(38,14): error TS2769: No overload matches this call.
  Overload 1 of 3, '(left: PgColumn<{ name: "batch_id"; tableName: "ap_payments"; dataType: "string"; columnType: "PgVarchar"; data: string; driverParam: string; notNull: false; hasDefault: false; isPrimaryKey: false; isAutoincrement: false; ... 4 more ...; generated: undefined; }, {}, { ...; }>, right: string | SQLWrapper): SQL<...>', gave the following error.
    Argument of type 'number' is not assignable to parameter of type 'string | SQLWrapper'.
  Overload 2 of 3, '(left: Aliased<number>, right: number | SQLWrapper): SQL<unknown>', gave the following error.
    Argument of type 'PgColumn<{ name: "batch_id"; tableName: "ap_payments"; dataType: "string"; columnType: "PgVarchar"; data: string; driverParam: string; notNull: false; hasDefault: false; isPrimaryKey: false; isAutoincrement: false; ... 4 more ...; generated: undefined; }, {}, { ...; }>' is not assignable to parameter of type 'Aliased<number>'.
      Type 'PgColumn<{ name: "batch_id"; tableName: "ap_payments"; dataType: "string"; columnType: "PgVarchar"; data: string; driverParam: string; notNull: false; hasDefault: false; isPrimaryKey: false; isAutoincrement: false; ... 4 more ...; generated: undefined; }, {}, { ...; }>' is missing the following properties from type 'Aliased<number>': sql, fieldAlias
  Overload 3 of 3, '(left: never, right: unknown): SQL<unknown>', gave the following error.
    Argument of type 'PgColumn<{ name: "batch_id"; tableName: "ap_payments"; dataType: "string"; columnType: "PgVarchar"; data: string; driverParam: string; notNull: false; hasDefault: false; isPrimaryKey: false; isAutoincrement: false; ... 4 more ...; generated: undefined; }, {}, { ...; }>' is not assignable to parameter of type 'never'.
server/services/TreasuryService.ts(233,9): error TS2353: Object literal may only specify known properties, and 'updatedAt' does not exist in type '{ dealNumber?: string | SQL<unknown> | PgColumn<ColumnBaseConfig<ColumnDataType, string>, {}, {}> | undefined; counterpartyId?: string | ... 2 more ... | undefined; ... 6 more ...; backOfficeUserId?: string | ... 3 more ... | undefined; }'.
server/services/TreasuryService.ts(249,9): error TS2353: Object literal may only specify known properties, and 'updatedAt' does not exist in type '{ dealNumber?: string | SQL<unknown> | PgColumn<ColumnBaseConfig<ColumnDataType, string>, {}, {}> | undefined; counterpartyId?: string | ... 2 more ... | undefined; ... 6 more ...; backOfficeUserId?: string | ... 3 more ... | undefined; }'.
server/services/TreasuryService.ts(406,35): error TS2304: Cannot find name 'TreasuryRiskLimit'.
server/storage-db.ts(981,67): error TS2769: No overload matches this call.
  Overload 1 of 3, '(left: PgColumn<{ name: "id"; tableName: "ap_suppliers"; dataType: "string"; columnType: "PgVarchar"; data: string; driverParam: string; notNull: true; hasDefault: true; isPrimaryKey: true; isAutoincrement: false; ... 4 more ...; generated: undefined; }, {}, { ...; }>, right: string | SQLWrapper): SQL<...>', gave the following error.
    Argument of type 'number' is not assignable to parameter of type 'string | SQLWrapper'.
  Overload 2 of 3, '(left: Aliased<number>, right: number | SQLWrapper): SQL<unknown>', gave the following error.
    Argument of type 'PgColumn<{ name: "id"; tableName: "ap_suppliers"; dataType: "string"; columnType: "PgVarchar"; data: string; driverParam: string; notNull: true; hasDefault: true; isPrimaryKey: true; isAutoincrement: false; ... 4 more ...; generated: undefined; }, {}, { ...; }>' is not assignable to parameter of type 'Aliased<number>'.
      Type 'PgColumn<{ name: "id"; tableName: "ap_suppliers"; dataType: "string"; columnType: "PgVarchar"; data: string; driverParam: string; notNull: true; hasDefault: true; isPrimaryKey: true; isAutoincrement: false; ... 4 more ...; generated: undefined; }, {}, { ...; }>' is missing the following properties from type 'Aliased<number>': sql, fieldAlias
  Overload 3 of 3, '(left: never, right: unknown): SQL<unknown>', gave the following error.
    Argument of type 'PgColumn<{ name: "id"; tableName: "ap_suppliers"; dataType: "string"; columnType: "PgVarchar"; data: string; driverParam: string; notNull: true; hasDefault: true; isPrimaryKey: true; isAutoincrement: false; ... 4 more ...; generated: undefined; }, {}, { ...; }>' is not assignable to parameter of type 'never'.
server/storage-db.ts(989,70): error TS2769: No overload matches this call.
  Overload 1 of 3, '(left: PgColumn<{ name: "id"; tableName: "ap_suppliers"; dataType: "string"; columnType: "PgVarchar"; data: string; driverParam: string; notNull: true; hasDefault: true; isPrimaryKey: true; isAutoincrement: false; ... 4 more ...; generated: undefined; }, {}, { ...; }>, right: string | SQLWrapper): SQL<...>', gave the following error.
    Argument of type 'number' is not assignable to parameter of type 'string | SQLWrapper'.
  Overload 2 of 3, '(left: Aliased<number>, right: number | SQLWrapper): SQL<unknown>', gave the following error.
    Argument of type 'PgColumn<{ name: "id"; tableName: "ap_suppliers"; dataType: "string"; columnType: "PgVarchar"; data: string; driverParam: string; notNull: true; hasDefault: true; isPrimaryKey: true; isAutoincrement: false; ... 4 more ...; generated: undefined; }, {}, { ...; }>' is not assignable to parameter of type 'Aliased<number>'.
      Type 'PgColumn<{ name: "id"; tableName: "ap_suppliers"; dataType: "string"; columnType: "PgVarchar"; data: string; driverParam: string; notNull: true; hasDefault: true; isPrimaryKey: true; isAutoincrement: false; ... 4 more ...; generated: undefined; }, {}, { ...; }>' is missing the following properties from type 'Aliased<number>': sql, fieldAlias
  Overload 3 of 3, '(left: never, right: unknown): SQL<unknown>', gave the following error.
    Argument of type 'PgColumn<{ name: "id"; tableName: "ap_suppliers"; dataType: "string"; columnType: "PgVarchar"; data: string; driverParam: string; notNull: true; hasDefault: true; isPrimaryKey: true; isAutoincrement: false; ... 4 more ...; generated: undefined; }, {}, { ...; }>' is not assignable to parameter of type 'never'.
server/storage-db.ts(993,60): error TS2769: No overload matches this call.
  Overload 1 of 3, '(left: PgColumn<{ name: "id"; tableName: "ap_suppliers"; dataType: "string"; columnType: "PgVarchar"; data: string; driverParam: string; notNull: true; hasDefault: true; isPrimaryKey: true; isAutoincrement: false; ... 4 more ...; generated: undefined; }, {}, { ...; }>, right: string | SQLWrapper): SQL<...>', gave the following error.
    Argument of type 'number' is not assignable to parameter of type 'string | SQLWrapper'.
  Overload 2 of 3, '(left: Aliased<number>, right: number | SQLWrapper): SQL<unknown>', gave the following error.
    Argument of type 'PgColumn<{ name: "id"; tableName: "ap_suppliers"; dataType: "string"; columnType: "PgVarchar"; data: string; driverParam: string; notNull: true; hasDefault: true; isPrimaryKey: true; isAutoincrement: false; ... 4 more ...; generated: undefined; }, {}, { ...; }>' is not assignable to parameter of type 'Aliased<number>'.
      Type 'PgColumn<{ name: "id"; tableName: "ap_suppliers"; dataType: "string"; columnType: "PgVarchar"; data: string; driverParam: string; notNull: true; hasDefault: true; isPrimaryKey: true; isAutoincrement: false; ... 4 more ...; generated: undefined; }, {}, { ...; }>' is missing the following properties from type 'Aliased<number>': sql, fieldAlias
  Overload 3 of 3, '(left: never, right: unknown): SQL<unknown>', gave the following error.
    Argument of type 'PgColumn<{ name: "id"; tableName: "ap_suppliers"; dataType: "string"; columnType: "PgVarchar"; data: string; driverParam: string; notNull: true; hasDefault: true; isPrimaryKey: true; isAutoincrement: false; ... 4 more ...; generated: undefined; }, {}, { ...; }>' is not assignable to parameter of type 'never'.
server/storage-db.ts(1001,66): error TS2769: No overload matches this call.
  Overload 1 of 3, '(left: PgColumn<{ name: "id"; tableName: "ap_invoices"; dataType: "string"; columnType: "PgVarchar"; data: string; driverParam: string; notNull: true; hasDefault: true; isPrimaryKey: true; isAutoincrement: false; ... 4 more ...; generated: undefined; }, {}, { ...; }>, right: string | SQLWrapper): SQL<...>', gave the following error.
    Argument of type 'number' is not assignable to parameter of type 'string | SQLWrapper'.
  Overload 2 of 3, '(left: Aliased<number>, right: number | SQLWrapper): SQL<unknown>', gave the following error.
    Argument of type 'PgColumn<{ name: "id"; tableName: "ap_invoices"; dataType: "string"; columnType: "PgVarchar"; data: string; driverParam: string; notNull: true; hasDefault: true; isPrimaryKey: true; isAutoincrement: false; ... 4 more ...; generated: undefined; }, {}, { ...; }>' is not assignable to parameter of type 'Aliased<number>'.
      Type 'PgColumn<{ name: "id"; tableName: "ap_invoices"; dataType: "string"; columnType: "PgVarchar"; data: string; driverParam: string; notNull: true; hasDefault: true; isPrimaryKey: true; isAutoincrement: false; ... 4 more ...; generated: undefined; }, {}, { ...; }>' is missing the following properties from type 'Aliased<number>': sql, fieldAlias
  Overload 3 of 3, '(left: never, right: unknown): SQL<unknown>', gave the following error.
    Argument of type 'PgColumn<{ name: "id"; tableName: "ap_invoices"; dataType: "string"; columnType: "PgVarchar"; data: string; driverParam: string; notNull: true; hasDefault: true; isPrimaryKey: true; isAutoincrement: false; ... 4 more ...; generated: undefined; }, {}, { ...; }>' is not assignable to parameter of type 'never'.
server/storage-db.ts(1009,69): error TS2769: No overload matches this call.
  Overload 1 of 3, '(left: PgColumn<{ name: "id"; tableName: "ap_invoices"; dataType: "string"; columnType: "PgVarchar"; data: string; driverParam: string; notNull: true; hasDefault: true; isPrimaryKey: true; isAutoincrement: false; ... 4 more ...; generated: undefined; }, {}, { ...; }>, right: string | SQLWrapper): SQL<...>', gave the following error.
    Argument of type 'number' is not assignable to parameter of type 'string | SQLWrapper'.
  Overload 2 of 3, '(left: Aliased<number>, right: number | SQLWrapper): SQL<unknown>', gave the following error.
    Argument of type 'PgColumn<{ name: "id"; tableName: "ap_invoices"; dataType: "string"; columnType: "PgVarchar"; data: string; driverParam: string; notNull: true; hasDefault: true; isPrimaryKey: true; isAutoincrement: false; ... 4 more ...; generated: undefined; }, {}, { ...; }>' is not assignable to parameter of type 'Aliased<number>'.
      Type 'PgColumn<{ name: "id"; tableName: "ap_invoices"; dataType: "string"; columnType: "PgVarchar"; data: string; driverParam: string; notNull: true; hasDefault: true; isPrimaryKey: true; isAutoincrement: false; ... 4 more ...; generated: undefined; }, {}, { ...; }>' is missing the following properties from type 'Aliased<number>': sql, fieldAlias
  Overload 3 of 3, '(left: never, right: unknown): SQL<unknown>', gave the following error.
    Argument of type 'PgColumn<{ name: "id"; tableName: "ap_invoices"; dataType: "string"; columnType: "PgVarchar"; data: string; driverParam: string; notNull: true; hasDefault: true; isPrimaryKey: true; isAutoincrement: false; ... 4 more ...; generated: undefined; }, {}, { ...; }>' is not assignable to parameter of type 'never'.
server/storage-db.ts(1013,59): error TS2769: No overload matches this call.
  Overload 1 of 3, '(left: PgColumn<{ name: "id"; tableName: "ap_invoices"; dataType: "string"; columnType: "PgVarchar"; data: string; driverParam: string; notNull: true; hasDefault: true; isPrimaryKey: true; isAutoincrement: false; ... 4 more ...; generated: undefined; }, {}, { ...; }>, right: string | SQLWrapper): SQL<...>', gave the following error.
    Argument of type 'number' is not assignable to parameter of type 'string | SQLWrapper'.
  Overload 2 of 3, '(left: Aliased<number>, right: number | SQLWrapper): SQL<unknown>', gave the following error.
    Argument of type 'PgColumn<{ name: "id"; tableName: "ap_invoices"; dataType: "string"; columnType: "PgVarchar"; data: string; driverParam: string; notNull: true; hasDefault: true; isPrimaryKey: true; isAutoincrement: false; ... 4 more ...; generated: undefined; }, {}, { ...; }>' is not assignable to parameter of type 'Aliased<number>'.
      Type 'PgColumn<{ name: "id"; tableName: "ap_invoices"; dataType: "string"; columnType: "PgVarchar"; data: string; driverParam: string; notNull: true; hasDefault: true; isPrimaryKey: true; isAutoincrement: false; ... 4 more ...; generated: undefined; }, {}, { ...; }>' is missing the following properties from type 'Aliased<number>': sql, fieldAlias
  Overload 3 of 3, '(left: never, right: unknown): SQL<unknown>', gave the following error.
    Argument of type 'PgColumn<{ name: "id"; tableName: "ap_invoices"; dataType: "string"; columnType: "PgVarchar"; data: string; driverParam: string; notNull: true; hasDefault: true; isPrimaryKey: true; isAutoincrement: false; ... 4 more ...; generated: undefined; }, {}, { ...; }>' is not assignable to parameter of type 'never'.
server/storage-db.ts(1021,66): error TS2769: No overload matches this call.
  Overload 1 of 3, '(left: PgColumn<{ name: "id"; tableName: "ap_payments"; dataType: "string"; columnType: "PgVarchar"; data: string; driverParam: string; notNull: true; hasDefault: true; isPrimaryKey: true; isAutoincrement: false; ... 4 more ...; generated: undefined; }, {}, { ...; }>, right: string | SQLWrapper): SQL<...>', gave the following error.
    Argument of type 'number' is not assignable to parameter of type 'string | SQLWrapper'.
  Overload 2 of 3, '(left: Aliased<number>, right: number | SQLWrapper): SQL<unknown>', gave the following error.
    Argument of type 'PgColumn<{ name: "id"; tableName: "ap_payments"; dataType: "string"; columnType: "PgVarchar"; data: string; driverParam: string; notNull: true; hasDefault: true; isPrimaryKey: true; isAutoincrement: false; ... 4 more ...; generated: undefined; }, {}, { ...; }>' is not assignable to parameter of type 'Aliased<number>'.
      Type 'PgColumn<{ name: "id"; tableName: "ap_payments"; dataType: "string"; columnType: "PgVarchar"; data: string; driverParam: string; notNull: true; hasDefault: true; isPrimaryKey: true; isAutoincrement: false; ... 4 more ...; generated: undefined; }, {}, { ...; }>' is missing the following properties from type 'Aliased<number>': sql, fieldAlias
  Overload 3 of 3, '(left: never, right: unknown): SQL<unknown>', gave the following error.
    Argument of type 'PgColumn<{ name: "id"; tableName: "ap_payments"; dataType: "string"; columnType: "PgVarchar"; data: string; driverParam: string; notNull: true; hasDefault: true; isPrimaryKey: true; isAutoincrement: false; ... 4 more ...; generated: undefined; }, {}, { ...; }>' is not assignable to parameter of type 'never'.
server/storage-db.ts(1029,69): error TS2769: No overload matches this call.
  Overload 1 of 3, '(left: PgColumn<{ name: "id"; tableName: "ap_payments"; dataType: "string"; columnType: "PgVarchar"; data: string; driverParam: string; notNull: true; hasDefault: true; isPrimaryKey: true; isAutoincrement: false; ... 4 more ...; generated: undefined; }, {}, { ...; }>, right: string | SQLWrapper): SQL<...>', gave the following error.
    Argument of type 'number' is not assignable to parameter of type 'string | SQLWrapper'.
  Overload 2 of 3, '(left: Aliased<number>, right: number | SQLWrapper): SQL<unknown>', gave the following error.
    Argument of type 'PgColumn<{ name: "id"; tableName: "ap_payments"; dataType: "string"; columnType: "PgVarchar"; data: string; driverParam: string; notNull: true; hasDefault: true; isPrimaryKey: true; isAutoincrement: false; ... 4 more ...; generated: undefined; }, {}, { ...; }>' is not assignable to parameter of type 'Aliased<number>'.
      Type 'PgColumn<{ name: "id"; tableName: "ap_payments"; dataType: "string"; columnType: "PgVarchar"; data: string; driverParam: string; notNull: true; hasDefault: true; isPrimaryKey: true; isAutoincrement: false; ... 4 more ...; generated: undefined; }, {}, { ...; }>' is missing the following properties from type 'Aliased<number>': sql, fieldAlias
  Overload 3 of 3, '(left: never, right: unknown): SQL<unknown>', gave the following error.
    Argument of type 'PgColumn<{ name: "id"; tableName: "ap_payments"; dataType: "string"; columnType: "PgVarchar"; data: string; driverParam: string; notNull: true; hasDefault: true; isPrimaryKey: true; isAutoincrement: false; ... 4 more ...; generated: undefined; }, {}, { ...; }>' is not assignable to parameter of type 'never'.
server/storage-db.ts(1033,59): error TS2769: No overload matches this call.
  Overload 1 of 3, '(left: PgColumn<{ name: "id"; tableName: "ap_payments"; dataType: "string"; columnType: "PgVarchar"; data: string; driverParam: string; notNull: true; hasDefault: true; isPrimaryKey: true; isAutoincrement: false; ... 4 more ...; generated: undefined; }, {}, { ...; }>, right: string | SQLWrapper): SQL<...>', gave the following error.
    Argument of type 'number' is not assignable to parameter of type 'string | SQLWrapper'.
  Overload 2 of 3, '(left: Aliased<number>, right: number | SQLWrapper): SQL<unknown>', gave the following error.
    Argument of type 'PgColumn<{ name: "id"; tableName: "ap_payments"; dataType: "string"; columnType: "PgVarchar"; data: string; driverParam: string; notNull: true; hasDefault: true; isPrimaryKey: true; isAutoincrement: false; ... 4 more ...; generated: undefined; }, {}, { ...; }>' is not assignable to parameter of type 'Aliased<number>'.
      Type 'PgColumn<{ name: "id"; tableName: "ap_payments"; dataType: "string"; columnType: "PgVarchar"; data: string; driverParam: string; notNull: true; hasDefault: true; isPrimaryKey: true; isAutoincrement: false; ... 4 more ...; generated: undefined; }, {}, { ...; }>' is missing the following properties from type 'Aliased<number>': sql, fieldAlias
  Overload 3 of 3, '(left: never, right: unknown): SQL<unknown>', gave the following error.
    Argument of type 'PgColumn<{ name: "id"; tableName: "ap_payments"; dataType: "string"; columnType: "PgVarchar"; data: string; driverParam: string; notNull: true; hasDefault: true; isPrimaryKey: true; isAutoincrement: false; ... 4 more ...; generated: undefined; }, {}, { ...; }>' is not assignable to parameter of type 'never'.
server/storage-db.ts(1041,67): error TS2769: No overload matches this call.
  Overload 1 of 3, '(left: PgColumn<{ name: "id"; tableName: "ap_approvals"; dataType: "string"; columnType: "PgVarchar"; data: string; driverParam: string; notNull: true; hasDefault: true; isPrimaryKey: true; isAutoincrement: false; ... 4 more ...; generated: undefined; }, {}, { ...; }>, right: string | SQLWrapper): SQL<...>', gave the following error.
    Argument of type 'number' is not assignable to parameter of type 'string | SQLWrapper'.
  Overload 2 of 3, '(left: Aliased<number>, right: number | SQLWrapper): SQL<unknown>', gave the following error.
    Argument of type 'PgColumn<{ name: "id"; tableName: "ap_approvals"; dataType: "string"; columnType: "PgVarchar"; data: string; driverParam: string; notNull: true; hasDefault: true; isPrimaryKey: true; isAutoincrement: false; ... 4 more ...; generated: undefined; }, {}, { ...; }>' is not assignable to parameter of type 'Aliased<number>'.
      Type 'PgColumn<{ name: "id"; tableName: "ap_approvals"; dataType: "string"; columnType: "PgVarchar"; data: string; driverParam: string; notNull: true; hasDefault: true; isPrimaryKey: true; isAutoincrement: false; ... 4 more ...; generated: undefined; }, {}, { ...; }>' is missing the following properties from type 'Aliased<number>': sql, fieldAlias
  Overload 3 of 3, '(left: never, right: unknown): SQL<unknown>', gave the following error.
    Argument of type 'PgColumn<{ name: "id"; tableName: "ap_approvals"; dataType: "string"; columnType: "PgVarchar"; data: string; driverParam: string; notNull: true; hasDefault: true; isPrimaryKey: true; isAutoincrement: false; ... 4 more ...; generated: undefined; }, {}, { ...; }>' is not assignable to parameter of type 'never'.
server/storage-db.ts(1049,70): error TS2769: No overload matches this call.
  Overload 1 of 3, '(left: PgColumn<{ name: "id"; tableName: "ap_approvals"; dataType: "string"; columnType: "PgVarchar"; data: string; driverParam: string; notNull: true; hasDefault: true; isPrimaryKey: true; isAutoincrement: false; ... 4 more ...; generated: undefined; }, {}, { ...; }>, right: string | SQLWrapper): SQL<...>', gave the following error.
    Argument of type 'number' is not assignable to parameter of type 'string | SQLWrapper'.
  Overload 2 of 3, '(left: Aliased<number>, right: number | SQLWrapper): SQL<unknown>', gave the following error.
    Argument of type 'PgColumn<{ name: "id"; tableName: "ap_approvals"; dataType: "string"; columnType: "PgVarchar"; data: string; driverParam: string; notNull: true; hasDefault: true; isPrimaryKey: true; isAutoincrement: false; ... 4 more ...; generated: undefined; }, {}, { ...; }>' is not assignable to parameter of type 'Aliased<number>'.
      Type 'PgColumn<{ name: "id"; tableName: "ap_approvals"; dataType: "string"; columnType: "PgVarchar"; data: string; driverParam: string; notNull: true; hasDefault: true; isPrimaryKey: true; isAutoincrement: false; ... 4 more ...; generated: undefined; }, {}, { ...; }>' is missing the following properties from type 'Aliased<number>': sql, fieldAlias
  Overload 3 of 3, '(left: never, right: unknown): SQL<unknown>', gave the following error.
    Argument of type 'PgColumn<{ name: "id"; tableName: "ap_approvals"; dataType: "string"; columnType: "PgVarchar"; data: string; driverParam: string; notNull: true; hasDefault: true; isPrimaryKey: true; isAutoincrement: false; ... 4 more ...; generated: undefined; }, {}, { ...; }>' is not assignable to parameter of type 'never'.
server/storage-db.ts(1053,60): error TS2769: No overload matches this call.
  Overload 1 of 3, '(left: PgColumn<{ name: "id"; tableName: "ap_approvals"; dataType: "string"; columnType: "PgVarchar"; data: string; driverParam: string; notNull: true; hasDefault: true; isPrimaryKey: true; isAutoincrement: false; ... 4 more ...; generated: undefined; }, {}, { ...; }>, right: string | SQLWrapper): SQL<...>', gave the following error.
    Argument of type 'number' is not assignable to parameter of type 'string | SQLWrapper'.
  Overload 2 of 3, '(left: Aliased<number>, right: number | SQLWrapper): SQL<unknown>', gave the following error.
    Argument of type 'PgColumn<{ name: "id"; tableName: "ap_approvals"; dataType: "string"; columnType: "PgVarchar"; data: string; driverParam: string; notNull: true; hasDefault: true; isPrimaryKey: true; isAutoincrement: false; ... 4 more ...; generated: undefined; }, {}, { ...; }>' is not assignable to parameter of type 'Aliased<number>'.
      Type 'PgColumn<{ name: "id"; tableName: "ap_approvals"; dataType: "string"; columnType: "PgVarchar"; data: string; driverParam: string; notNull: true; hasDefault: true; isPrimaryKey: true; isAutoincrement: false; ... 4 more ...; generated: undefined; }, {}, { ...; }>' is missing the following properties from type 'Aliased<number>': sql, fieldAlias
  Overload 3 of 3, '(left: never, right: unknown): SQL<unknown>', gave the following error.
    Argument of type 'PgColumn<{ name: "id"; tableName: "ap_approvals"; dataType: "string"; columnType: "PgVarchar"; data: string; driverParam: string; notNull: true; hasDefault: true; isPrimaryKey: true; isAutoincrement: false; ... 4 more ...; generated: undefined; }, {}, { ...; }>' is not assignable to parameter of type 'never'.
server/storage.ts(94,8): error TS2724: '"@shared/schema"' has no exported member named 'GlAuditLog'. Did you mean 'glAuditLogs'?
server/storage.ts(94,25): error TS2724: '"@shared/schema"' has no exported member named 'InsertGlAuditLog'. Did you mean 'InsertAuditLog'?
server/storage.ts(172,8): error TS2305: Module '"@shared/schema"' has no exported member 'Scenario'.
server/storage.ts(172,23): error TS2305: Module '"@shared/schema"' has no exported member 'InsertScenario'.
server/storage.ts(173,8): error TS2305: Module '"@shared/schema"' has no exported member 'ScenarioVariable'.
server/storage.ts(173,31): error TS2305: Module '"@shared/schema"' has no exported member 'InsertScenarioVariable'.
server/storage.ts(815,14): error TS2420: Class 'DatabaseStorage' incorrectly implements interface 'IStorage'.
  Type 'DatabaseStorage' is missing the following properties from type 'IStorage': getFsgRows, createFsgRow, getFsgColumns, createFsgColumn
server/storage.ts(831,46): error TS2304: Cannot find name 'RevenueForecast'.
server/storage.ts(832,47): error TS2304: Cannot find name 'BudgetAllocation'.
server/storage.ts(834,44): error TS2304: Cannot find name 'ForecastModel'.
server/storage.ts(1056,66): error TS2769: No overload matches this call.
  Overload 1 of 3, '(left: PgColumn<{ name: "id"; tableName: "ap_suppliers"; dataType: "string"; columnType: "PgVarchar"; data: string; driverParam: string; notNull: true; hasDefault: true; isPrimaryKey: true; isAutoincrement: false; ... 4 more ...; generated: undefined; }, {}, { ...; }>, right: string | SQLWrapper): SQL<...>', gave the following error.
    Argument of type 'number' is not assignable to parameter of type 'string | SQLWrapper'.
  Overload 2 of 3, '(left: Aliased<number>, right: number | SQLWrapper): SQL<unknown>', gave the following error.
    Argument of type 'PgColumn<{ name: "id"; tableName: "ap_suppliers"; dataType: "string"; columnType: "PgVarchar"; data: string; driverParam: string; notNull: true; hasDefault: true; isPrimaryKey: true; isAutoincrement: false; ... 4 more ...; generated: undefined; }, {}, { ...; }>' is not assignable to parameter of type 'Aliased<number>'.
      Type 'PgColumn<{ name: "id"; tableName: "ap_suppliers"; dataType: "string"; columnType: "PgVarchar"; data: string; driverParam: string; notNull: true; hasDefault: true; isPrimaryKey: true; isAutoincrement: false; ... 4 more ...; generated: undefined; }, {}, { ...; }>' is missing the following properties from type 'Aliased<number>': sql, fieldAlias
  Overload 3 of 3, '(left: never, right: unknown): SQL<unknown>', gave the following error.
    Argument of type 'PgColumn<{ name: "id"; tableName: "ap_suppliers"; dataType: "string"; columnType: "PgVarchar"; data: string; driverParam: string; notNull: true; hasDefault: true; isPrimaryKey: true; isAutoincrement: false; ... 4 more ...; generated: undefined; }, {}, { ...; }>' is not assignable to parameter of type 'never'.
server/storage.ts(1066,72): error TS2769: No overload matches this call.
  Overload 1 of 3, '(left: PgColumn<{ name: "id"; tableName: "ap_suppliers"; dataType: "string"; columnType: "PgVarchar"; data: string; driverParam: string; notNull: true; hasDefault: true; isPrimaryKey: true; isAutoincrement: false; ... 4 more ...; generated: undefined; }, {}, { ...; }>, right: string | SQLWrapper): SQL<...>', gave the following error.
    Argument of type 'number' is not assignable to parameter of type 'string | SQLWrapper'.
  Overload 2 of 3, '(left: Aliased<number>, right: number | SQLWrapper): SQL<unknown>', gave the following error.
    Argument of type 'PgColumn<{ name: "id"; tableName: "ap_suppliers"; dataType: "string"; columnType: "PgVarchar"; data: string; driverParam: string; notNull: true; hasDefault: true; isPrimaryKey: true; isAutoincrement: false; ... 4 more ...; generated: undefined; }, {}, { ...; }>' is not assignable to parameter of type 'Aliased<number>'.
      Type 'PgColumn<{ name: "id"; tableName: "ap_suppliers"; dataType: "string"; columnType: "PgVarchar"; data: string; driverParam: string; notNull: true; hasDefault: true; isPrimaryKey: true; isAutoincrement: false; ... 4 more ...; generated: undefined; }, {}, { ...; }>' is missing the following properties from type 'Aliased<number>': sql, fieldAlias
  Overload 3 of 3, '(left: never, right: unknown): SQL<unknown>', gave the following error.
    Argument of type 'PgColumn<{ name: "id"; tableName: "ap_suppliers"; dataType: "string"; columnType: "PgVarchar"; data: string; driverParam: string; notNull: true; hasDefault: true; isPrimaryKey: true; isAutoincrement: false; ... 4 more ...; generated: undefined; }, {}, { ...; }>' is not assignable to parameter of type 'never'.
server/storage.ts(1071,58): error TS2769: No overload matches this call.
  Overload 1 of 3, '(left: PgColumn<{ name: "id"; tableName: "ap_suppliers"; dataType: "string"; columnType: "PgVarchar"; data: string; driverParam: string; notNull: true; hasDefault: true; isPrimaryKey: true; isAutoincrement: false; ... 4 more ...; generated: undefined; }, {}, { ...; }>, right: string | SQLWrapper): SQL<...>', gave the following error.
    Argument of type 'number' is not assignable to parameter of type 'string | SQLWrapper'.
  Overload 2 of 3, '(left: Aliased<number>, right: number | SQLWrapper): SQL<unknown>', gave the following error.
    Argument of type 'PgColumn<{ name: "id"; tableName: "ap_suppliers"; dataType: "string"; columnType: "PgVarchar"; data: string; driverParam: string; notNull: true; hasDefault: true; isPrimaryKey: true; isAutoincrement: false; ... 4 more ...; generated: undefined; }, {}, { ...; }>' is not assignable to parameter of type 'Aliased<number>'.
      Type 'PgColumn<{ name: "id"; tableName: "ap_suppliers"; dataType: "string"; columnType: "PgVarchar"; data: string; driverParam: string; notNull: true; hasDefault: true; isPrimaryKey: true; isAutoincrement: false; ... 4 more ...; generated: undefined; }, {}, { ...; }>' is missing the following properties from type 'Aliased<number>': sql, fieldAlias
  Overload 3 of 3, '(left: never, right: unknown): SQL<unknown>', gave the following error.
    Argument of type 'PgColumn<{ name: "id"; tableName: "ap_suppliers"; dataType: "string"; columnType: "PgVarchar"; data: string; driverParam: string; notNull: true; hasDefault: true; isPrimaryKey: true; isAutoincrement: false; ... 4 more ...; generated: undefined; }, {}, { ...; }>' is not assignable to parameter of type 'never'.
server/storage.ts(1095,64): error TS2769: No overload matches this call.
  Overload 1 of 3, '(left: PgColumn<{ name: "id"; tableName: "ap_invoices"; dataType: "string"; columnType: "PgVarchar"; data: string; driverParam: string; notNull: true; hasDefault: true; isPrimaryKey: true; isAutoincrement: false; ... 4 more ...; generated: undefined; }, {}, { ...; }>, right: string | SQLWrapper): SQL<...>', gave the following error.
    Argument of type 'number' is not assignable to parameter of type 'string | SQLWrapper'.
  Overload 2 of 3, '(left: Aliased<number>, right: number | SQLWrapper): SQL<unknown>', gave the following error.
    Argument of type 'PgColumn<{ name: "id"; tableName: "ap_invoices"; dataType: "string"; columnType: "PgVarchar"; data: string; driverParam: string; notNull: true; hasDefault: true; isPrimaryKey: true; isAutoincrement: false; ... 4 more ...; generated: undefined; }, {}, { ...; }>' is not assignable to parameter of type 'Aliased<number>'.
      Type 'PgColumn<{ name: "id"; tableName: "ap_invoices"; dataType: "string"; columnType: "PgVarchar"; data: string; driverParam: string; notNull: true; hasDefault: true; isPrimaryKey: true; isAutoincrement: false; ... 4 more ...; generated: undefined; }, {}, { ...; }>' is missing the following properties from type 'Aliased<number>': sql, fieldAlias
  Overload 3 of 3, '(left: never, right: unknown): SQL<unknown>', gave the following error.
    Argument of type 'PgColumn<{ name: "id"; tableName: "ap_invoices"; dataType: "string"; columnType: "PgVarchar"; data: string; driverParam: string; notNull: true; hasDefault: true; isPrimaryKey: true; isAutoincrement: false; ... 4 more ...; generated: undefined; }, {}, { ...; }>' is not assignable to parameter of type 'never'.
server/storage.ts(1116,57): error TS2769: No overload matches this call.
  Overload 1 of 3, '(left: PgColumn<{ name: "invoice_id"; tableName: "ap_invoice_lines"; dataType: "string"; columnType: "PgVarchar"; data: string; driverParam: string; notNull: true; hasDefault: false; isPrimaryKey: false; ... 5 more ...; generated: undefined; }, {}, { ...; }>, right: string | SQLWrapper): SQL<...>', gave the following error.
    Argument of type 'number' is not assignable to parameter of type 'string | SQLWrapper'.
  Overload 2 of 3, '(left: Aliased<number>, right: number | SQLWrapper): SQL<unknown>', gave the following error.
    Argument of type 'PgColumn<{ name: "invoice_id"; tableName: "ap_invoice_lines"; dataType: "string"; columnType: "PgVarchar"; data: string; driverParam: string; notNull: true; hasDefault: false; isPrimaryKey: false; ... 5 more ...; generated: undefined; }, {}, { ...; }>' is not assignable to parameter of type 'Aliased<number>'.
      Type 'PgColumn<{ name: "invoice_id"; tableName: "ap_invoice_lines"; dataType: "string"; columnType: "PgVarchar"; data: string; driverParam: string; notNull: true; hasDefault: false; isPrimaryKey: false; ... 5 more ...; generated: undefined; }, {}, { ...; }>' is missing the following properties from type 'Aliased<number>': sql, fieldAlias
  Overload 3 of 3, '(left: never, right: unknown): SQL<unknown>', gave the following error.
    Argument of type 'PgColumn<{ name: "invoice_id"; tableName: "ap_invoice_lines"; dataType: "string"; columnType: "PgVarchar"; data: string; driverParam: string; notNull: true; hasDefault: false; isPrimaryKey: false; ... 5 more ...; generated: undefined; }, {}, { ...; }>' is not assignable to parameter of type 'never'.
server/storage.ts(1120,70): error TS2769: No overload matches this call.
  Overload 1 of 3, '(left: PgColumn<{ name: "id"; tableName: "ap_invoices"; dataType: "string"; columnType: "PgVarchar"; data: string; driverParam: string; notNull: true; hasDefault: true; isPrimaryKey: true; isAutoincrement: false; ... 4 more ...; generated: undefined; }, {}, { ...; }>, right: string | SQLWrapper): SQL<...>', gave the following error.
    Argument of type 'number' is not assignable to parameter of type 'string | SQLWrapper'.
  Overload 2 of 3, '(left: Aliased<number>, right: number | SQLWrapper): SQL<unknown>', gave the following error.
    Argument of type 'PgColumn<{ name: "id"; tableName: "ap_invoices"; dataType: "string"; columnType: "PgVarchar"; data: string; driverParam: string; notNull: true; hasDefault: true; isPrimaryKey: true; isAutoincrement: false; ... 4 more ...; generated: undefined; }, {}, { ...; }>' is not assignable to parameter of type 'Aliased<number>'.
      Type 'PgColumn<{ name: "id"; tableName: "ap_invoices"; dataType: "string"; columnType: "PgVarchar"; data: string; driverParam: string; notNull: true; hasDefault: true; isPrimaryKey: true; isAutoincrement: false; ... 4 more ...; generated: undefined; }, {}, { ...; }>' is missing the following properties from type 'Aliased<number>': sql, fieldAlias
  Overload 3 of 3, '(left: never, right: unknown): SQL<unknown>', gave the following error.
    Argument of type 'PgColumn<{ name: "id"; tableName: "ap_invoices"; dataType: "string"; columnType: "PgVarchar"; data: string; driverParam: string; notNull: true; hasDefault: true; isPrimaryKey: true; isAutoincrement: false; ... 4 more ...; generated: undefined; }, {}, { ...; }>' is not assignable to parameter of type 'never'.
server/storage.ts(1126,51): error TS2769: No overload matches this call.
  Overload 1 of 3, '(left: PgColumn<{ name: "invoice_id"; tableName: "ap_invoice_distributions"; dataType: "string"; columnType: "PgVarchar"; data: string; driverParam: string; notNull: true; hasDefault: false; isPrimaryKey: false; ... 5 more ...; generated: undefined; }, {}, { ...; }>, right: string | SQLWrapper): SQL<...>', gave the following error.
    Argument of type 'number' is not assignable to parameter of type 'string | SQLWrapper'.
  Overload 2 of 3, '(left: Aliased<number>, right: number | SQLWrapper): SQL<unknown>', gave the following error.
    Argument of type 'PgColumn<{ name: "invoice_id"; tableName: "ap_invoice_distributions"; dataType: "string"; columnType: "PgVarchar"; data: string; driverParam: string; notNull: true; hasDefault: false; isPrimaryKey: false; ... 5 more ...; generated: undefined; }, {}, { ...; }>' is not assignable to parameter of type 'Aliased<number>'.
      Type 'PgColumn<{ name: "invoice_id"; tableName: "ap_invoice_distributions"; dataType: "string"; columnType: "PgVarchar"; data: string; driverParam: string; notNull: true; hasDefault: false; isPrimaryKey: false; ... 5 more ...; generated: undefined; }, {}, { ...; }>' is missing the following properties from type 'Aliased<number>': sql, fieldAlias
  Overload 3 of 3, '(left: never, right: unknown): SQL<unknown>', gave the following error.
    Argument of type 'PgColumn<{ name: "invoice_id"; tableName: "ap_invoice_distributions"; dataType: "string"; columnType: "PgVarchar"; data: string; driverParam: string; notNull: true; hasDefault: false; isPrimaryKey: false; ... 5 more ...; generated: undefined; }, {}, { ...; }>' is not assignable to parameter of type 'never'.
server/storage.ts(1127,43): error TS2769: No overload matches this call.
  Overload 1 of 3, '(left: PgColumn<{ name: "invoice_id"; tableName: "ap_invoice_lines"; dataType: "string"; columnType: "PgVarchar"; data: string; driverParam: string; notNull: true; hasDefault: false; isPrimaryKey: false; ... 5 more ...; generated: undefined; }, {}, { ...; }>, right: string | SQLWrapper): SQL<...>', gave the following error.
    Argument of type 'number' is not assignable to parameter of type 'string | SQLWrapper'.
  Overload 2 of 3, '(left: Aliased<number>, right: number | SQLWrapper): SQL<unknown>', gave the following error.
    Argument of type 'PgColumn<{ name: "invoice_id"; tableName: "ap_invoice_lines"; dataType: "string"; columnType: "PgVarchar"; data: string; driverParam: string; notNull: true; hasDefault: false; isPrimaryKey: false; ... 5 more ...; generated: undefined; }, {}, { ...; }>' is not assignable to parameter of type 'Aliased<number>'.
      Type 'PgColumn<{ name: "invoice_id"; tableName: "ap_invoice_lines"; dataType: "string"; columnType: "PgVarchar"; data: string; driverParam: string; notNull: true; hasDefault: false; isPrimaryKey: false; ... 5 more ...; generated: undefined; }, {}, { ...; }>' is missing the following properties from type 'Aliased<number>': sql, fieldAlias
  Overload 3 of 3, '(left: never, right: unknown): SQL<unknown>', gave the following error.
    Argument of type 'PgColumn<{ name: "invoice_id"; tableName: "ap_invoice_lines"; dataType: "string"; columnType: "PgVarchar"; data: string; driverParam: string; notNull: true; hasDefault: false; isPrimaryKey: false; ... 5 more ...; generated: undefined; }, {}, { ...; }>' is not assignable to parameter of type 'never'.
server/storage.ts(1128,57): error TS2769: No overload matches this call.
  Overload 1 of 3, '(left: PgColumn<{ name: "id"; tableName: "ap_invoices"; dataType: "string"; columnType: "PgVarchar"; data: string; driverParam: string; notNull: true; hasDefault: true; isPrimaryKey: true; isAutoincrement: false; ... 4 more ...; generated: undefined; }, {}, { ...; }>, right: string | SQLWrapper): SQL<...>', gave the following error.
    Argument of type 'number' is not assignable to parameter of type 'string | SQLWrapper'.
  Overload 2 of 3, '(left: Aliased<number>, right: number | SQLWrapper): SQL<unknown>', gave the following error.
    Argument of type 'PgColumn<{ name: "id"; tableName: "ap_invoices"; dataType: "string"; columnType: "PgVarchar"; data: string; driverParam: string; notNull: true; hasDefault: true; isPrimaryKey: true; isAutoincrement: false; ... 4 more ...; generated: undefined; }, {}, { ...; }>' is not assignable to parameter of type 'Aliased<number>'.
      Type 'PgColumn<{ name: "id"; tableName: "ap_invoices"; dataType: "string"; columnType: "PgVarchar"; data: string; driverParam: string; notNull: true; hasDefault: true; isPrimaryKey: true; isAutoincrement: false; ... 4 more ...; generated: undefined; }, {}, { ...; }>' is missing the following properties from type 'Aliased<number>': sql, fieldAlias
  Overload 3 of 3, '(left: never, right: unknown): SQL<unknown>', gave the following error.
    Argument of type 'PgColumn<{ name: "id"; tableName: "ap_invoices"; dataType: "string"; columnType: "PgVarchar"; data: string; driverParam: string; notNull: true; hasDefault: true; isPrimaryKey: true; isAutoincrement: false; ... 4 more ...; generated: undefined; }, {}, { ...; }>' is not assignable to parameter of type 'never'.
server/storage.ts(1341,61): error TS2769: No overload matches this call.
  Overload 1 of 3, '(left: PgColumn<{ name: "id"; tableName: "ap_approvals"; dataType: "string"; columnType: "PgVarchar"; data: string; driverParam: string; notNull: true; hasDefault: true; isPrimaryKey: true; isAutoincrement: false; ... 4 more ...; generated: undefined; }, {}, { ...; }>, right: string | SQLWrapper): SQL<...>', gave the following error.
    Argument of type 'number' is not assignable to parameter of type 'string | SQLWrapper'.
  Overload 2 of 3, '(left: Aliased<number>, right: number | SQLWrapper): SQL<unknown>', gave the following error.
    Argument of type 'PgColumn<{ name: "id"; tableName: "ap_approvals"; dataType: "string"; columnType: "PgVarchar"; data: string; driverParam: string; notNull: true; hasDefault: true; isPrimaryKey: true; isAutoincrement: false; ... 4 more ...; generated: undefined; }, {}, { ...; }>' is not assignable to parameter of type 'Aliased<number>'.
      Type 'PgColumn<{ name: "id"; tableName: "ap_approvals"; dataType: "string"; columnType: "PgVarchar"; data: string; driverParam: string; notNull: true; hasDefault: true; isPrimaryKey: true; isAutoincrement: false; ... 4 more ...; generated: undefined; }, {}, { ...; }>' is missing the following properties from type 'Aliased<number>': sql, fieldAlias
  Overload 3 of 3, '(left: never, right: unknown): SQL<unknown>', gave the following error.
    Argument of type 'PgColumn<{ name: "id"; tableName: "ap_approvals"; dataType: "string"; columnType: "PgVarchar"; data: string; driverParam: string; notNull: true; hasDefault: true; isPrimaryKey: true; isAutoincrement: false; ... 4 more ...; generated: undefined; }, {}, { ...; }>' is not assignable to parameter of type 'never'.
server/storage.ts(1357,40): error TS2769: No overload matches this call.
  Overload 1 of 3, '(left: PgColumn<{ name: "id"; tableName: "ap_approvals"; dataType: "string"; columnType: "PgVarchar"; data: string; driverParam: string; notNull: true; hasDefault: true; isPrimaryKey: true; isAutoincrement: false; ... 4 more ...; generated: undefined; }, {}, { ...; }>, right: string | SQLWrapper): SQL<...>', gave the following error.
    Argument of type 'number' is not assignable to parameter of type 'string | SQLWrapper'.
  Overload 2 of 3, '(left: Aliased<number>, right: number | SQLWrapper): SQL<unknown>', gave the following error.
    Argument of type 'PgColumn<{ name: "id"; tableName: "ap_approvals"; dataType: "string"; columnType: "PgVarchar"; data: string; driverParam: string; notNull: true; hasDefault: true; isPrimaryKey: true; isAutoincrement: false; ... 4 more ...; generated: undefined; }, {}, { ...; }>' is not assignable to parameter of type 'Aliased<number>'.
      Type 'PgColumn<{ name: "id"; tableName: "ap_approvals"; dataType: "string"; columnType: "PgVarchar"; data: string; driverParam: string; notNull: true; hasDefault: true; isPrimaryKey: true; isAutoincrement: false; ... 4 more ...; generated: undefined; }, {}, { ...; }>' is missing the following properties from type 'Aliased<number>': sql, fieldAlias
  Overload 3 of 3, '(left: never, right: unknown): SQL<unknown>', gave the following error.
    Argument of type 'PgColumn<{ name: "id"; tableName: "ap_approvals"; dataType: "string"; columnType: "PgVarchar"; data: string; driverParam: string; notNull: true; hasDefault: true; isPrimaryKey: true; isAutoincrement: false; ... 4 more ...; generated: undefined; }, {}, { ...; }>' is not assignable to parameter of type 'never'.
server/storage.ts(1983,34): error TS2304: Cannot find name 'InsertRevenueForecast'.
server/storage.ts(1983,100): error TS2304: Cannot find name 'RevenueForecast'.
server/storage.ts(1986,55): error TS2304: Cannot find name 'BudgetAllocation'.
server/storage.ts(1992,37): error TS2663: Cannot find name 'budgetAllocations'. Did you mean the instance member 'this.budgetAllocations'?
server/storage.ts(1994,35): error TS2663: Cannot find name 'budgetAllocations'. Did you mean the instance member 'this.budgetAllocations'?
server/storage.ts(1996,35): error TS2304: Cannot find name 'InsertBudgetAllocation'.
server/storage.ts(1997,38): error TS2663: Cannot find name 'budgetAllocations'. Did you mean the instance member 'this.budgetAllocations'?
server/storage.ts(2007,32): error TS2304: Cannot find name 'InsertForecastModel'.
server/storage.ts(2007,93): error TS2304: Cannot find name 'ForecastModel'.
server/verify-analytics.ts(3,7): error TS2451: Cannot redeclare block-scoped variable 'BASE_URL'.
server/worker/PaymentWorker.ts(12,80): error TS2769: No overload matches this call.
  Overload 1 of 3, '(left: PgColumn<{ name: "id"; tableName: "ap_payment_batches"; dataType: "string"; columnType: "PgVarchar"; data: string; driverParam: string; notNull: true; hasDefault: true; isPrimaryKey: true; isAutoincrement: false; ... 4 more ...; generated: undefined; }, {}, { ...; }>, right: string | SQLWrapper): SQL<...>', gave the following error.
    Argument of type 'number' is not assignable to parameter of type 'string | SQLWrapper'.
  Overload 2 of 3, '(left: Aliased<number>, right: number | SQLWrapper): SQL<unknown>', gave the following error.
    Argument of type 'PgColumn<{ name: "id"; tableName: "ap_payment_batches"; dataType: "string"; columnType: "PgVarchar"; data: string; driverParam: string; notNull: true; hasDefault: true; isPrimaryKey: true; isAutoincrement: false; ... 4 more ...; generated: undefined; }, {}, { ...; }>' is not assignable to parameter of type 'Aliased<number>'.
      Type 'PgColumn<{ name: "id"; tableName: "ap_payment_batches"; dataType: "string"; columnType: "PgVarchar"; data: string; driverParam: string; notNull: true; hasDefault: true; isPrimaryKey: true; isAutoincrement: false; ... 4 more ...; generated: undefined; }, {}, { ...; }>' is missing the following properties from type 'Aliased<number>': sql, fieldAlias
  Overload 3 of 3, '(left: never, right: unknown): SQL<unknown>', gave the following error.
    Argument of type 'PgColumn<{ name: "id"; tableName: "ap_payment_batches"; dataType: "string"; columnType: "PgVarchar"; data: string; driverParam: string; notNull: true; hasDefault: true; isPrimaryKey: true; isAutoincrement: false; ... 4 more ...; generated: undefined; }, {}, { ...; }>' is not assignable to parameter of type 'never'.
server/worker/PaymentWorker.ts(48,28): error TS2769: No overload matches this call.
  Overload 1 of 3, '(left: PgColumn<{ name: "id"; tableName: "ap_payment_batches"; dataType: "string"; columnType: "PgVarchar"; data: string; driverParam: string; notNull: true; hasDefault: true; isPrimaryKey: true; isAutoincrement: false; ... 4 more ...; generated: undefined; }, {}, { ...; }>, right: string | SQLWrapper): SQL<...>', gave the following error.
    Argument of type 'number' is not assignable to parameter of type 'string | SQLWrapper'.
  Overload 2 of 3, '(left: Aliased<number>, right: number | SQLWrapper): SQL<unknown>', gave the following error.
    Argument of type 'PgColumn<{ name: "id"; tableName: "ap_payment_batches"; dataType: "string"; columnType: "PgVarchar"; data: string; driverParam: string; notNull: true; hasDefault: true; isPrimaryKey: true; isAutoincrement: false; ... 4 more ...; generated: undefined; }, {}, { ...; }>' is not assignable to parameter of type 'Aliased<number>'.
      Type 'PgColumn<{ name: "id"; tableName: "ap_payment_batches"; dataType: "string"; columnType: "PgVarchar"; data: string; driverParam: string; notNull: true; hasDefault: true; isPrimaryKey: true; isAutoincrement: false; ... 4 more ...; generated: undefined; }, {}, { ...; }>' is missing the following properties from type 'Aliased<number>': sql, fieldAlias
  Overload 3 of 3, '(left: never, right: unknown): SQL<unknown>', gave the following error.
    Argument of type 'PgColumn<{ name: "id"; tableName: "ap_payment_batches"; dataType: "string"; columnType: "PgVarchar"; data: string; driverParam: string; notNull: true; hasDefault: true; isPrimaryKey: true; isAutoincrement: false; ... 4 more ...; generated: undefined; }, {}, { ...; }>' is not assignable to parameter of type 'never'.
server/worker/PaymentWorker.ts(65,71): error TS2769: No overload matches this call.
  Overload 1 of 2, '(value: { supplierId: string | SQL<unknown> | Placeholder<string, any>; amount: string | SQL<unknown> | Placeholder<string, any>; paymentMethodCode: string | SQL<...> | Placeholder<...>; ... 7 more ...; batchId?: string | ... 3 more ... | undefined; }): PgInsertBase<...>', gave the following error.
    Type 'number' is not assignable to type 'string | SQL<unknown> | Placeholder<string, any> | null | undefined'.
  Overload 2 of 2, '(values: { supplierId: string | SQL<unknown> | Placeholder<string, any>; amount: string | SQL<unknown> | Placeholder<string, any>; paymentMethodCode: string | SQL<...> | Placeholder<...>; ... 7 more ...; batchId?: string | ... 3 more ... | undefined; }[]): PgInsertBase<...>', gave the following error.
    Object literal may only specify known properties, and 'paymentDate' does not exist in type '{ supplierId: string | SQL<unknown> | Placeholder<string, any>; amount: string | SQL<unknown> | Placeholder<string, any>; paymentMethodCode: string | SQL<...> | Placeholder<...>; ... 7 more ...; batchId?: string | ... 3 more ... | undefined; }[]'.
server/worker/PaymentWorker.ts(116,28): error TS2769: No overload matches this call.
  Overload 1 of 3, '(left: PgColumn<{ name: "id"; tableName: "ap_payment_batches"; dataType: "string"; columnType: "PgVarchar"; data: string; driverParam: string; notNull: true; hasDefault: true; isPrimaryKey: true; isAutoincrement: false; ... 4 more ...; generated: undefined; }, {}, { ...; }>, right: string | SQLWrapper): SQL<...>', gave the following error.
    Argument of type 'number' is not assignable to parameter of type 'string | SQLWrapper'.
  Overload 2 of 3, '(left: Aliased<number>, right: number | SQLWrapper): SQL<unknown>', gave the following error.
    Argument of type 'PgColumn<{ name: "id"; tableName: "ap_payment_batches"; dataType: "string"; columnType: "PgVarchar"; data: string; driverParam: string; notNull: true; hasDefault: true; isPrimaryKey: true; isAutoincrement: false; ... 4 more ...; generated: undefined; }, {}, { ...; }>' is not assignable to parameter of type 'Aliased<number>'.
      Type 'PgColumn<{ name: "id"; tableName: "ap_payment_batches"; dataType: "string"; columnType: "PgVarchar"; data: string; driverParam: string; notNull: true; hasDefault: true; isPrimaryKey: true; isAutoincrement: false; ... 4 more ...; generated: undefined; }, {}, { ...; }>' is missing the following properties from type 'Aliased<number>': sql, fieldAlias
  Overload 3 of 3, '(left: never, right: unknown): SQL<unknown>', gave the following error.
    Argument of type 'PgColumn<{ name: "id"; tableName: "ap_payment_batches"; dataType: "string"; columnType: "PgVarchar"; data: string; driverParam: string; notNull: true; hasDefault: true; isPrimaryKey: true; isAutoincrement: false; ... 4 more ...; generated: undefined; }, {}, { ...; }>' is not assignable to parameter of type 'never'.
server/worker/PaymentWorker.ts(124,24): error TS2769: No overload matches this call.
  Overload 1 of 3, '(left: PgColumn<{ name: "id"; tableName: "ap_payment_batches"; dataType: "string"; columnType: "PgVarchar"; data: string; driverParam: string; notNull: true; hasDefault: true; isPrimaryKey: true; isAutoincrement: false; ... 4 more ...; generated: undefined; }, {}, { ...; }>, right: string | SQLWrapper): SQL<...>', gave the following error.
    Argument of type 'number' is not assignable to parameter of type 'string | SQLWrapper'.
  Overload 2 of 3, '(left: Aliased<number>, right: number | SQLWrapper): SQL<unknown>', gave the following error.
    Argument of type 'PgColumn<{ name: "id"; tableName: "ap_payment_batches"; dataType: "string"; columnType: "PgVarchar"; data: string; driverParam: string; notNull: true; hasDefault: true; isPrimaryKey: true; isAutoincrement: false; ... 4 more ...; generated: undefined; }, {}, { ...; }>' is not assignable to parameter of type 'Aliased<number>'.
      Type 'PgColumn<{ name: "id"; tableName: "ap_payment_batches"; dataType: "string"; columnType: "PgVarchar"; data: string; driverParam: string; notNull: true; hasDefault: true; isPrimaryKey: true; isAutoincrement: false; ... 4 more ...; generated: undefined; }, {}, { ...; }>' is missing the following properties from type 'Aliased<number>': sql, fieldAlias
  Overload 3 of 3, '(left: never, right: unknown): SQL<unknown>', gave the following error.
    Argument of type 'PgColumn<{ name: "id"; tableName: "ap_payment_batches"; dataType: "string"; columnType: "PgVarchar"; data: string; driverParam: string; notNull: true; hasDefault: true; isPrimaryKey: true; isAutoincrement: false; ... 4 more ...; generated: undefined; }, {}, { ...; }>' is not assignable to parameter of type 'never'.
shared/schema/index.ts(95,1): error TS2308: Module "./time_labor" has already exported a member named 'hrmAccrualPolicies'. Consider explicitly re-exporting to resolve the ambiguity.
src/components/ap/ApInvoiceList.tsx(113,92): error TS2345: Argument of type 'string' is not assignable to parameter of type 'number'.
src/components/ap/ApSideSheet.tsx(276,63): error TS2322: Type 'string' is not assignable to type 'number'.
src/components/ap/ApSideSheet.tsx(290,68): error TS2322: Type 'string' is not assignable to type 'number'.
src/components/ap/ApSideSheet.tsx(293,69): error TS2322: Type 'string' is not assignable to type 'number'.
src/components/ap/ApSideSheet.tsx(346,72): error TS2322: Type 'string' is not assignable to type 'number'.
src/components/ap/ApSideSheet.tsx(377,25): error TS2322: Type 'string' is not assignable to type 'number'.
src/components/GlobalLayout.test.tsx(3,26): error TS2307: Cannot find module './GlobalLayout' or its corresponding type declarations.
src/components/maintenance/DispatchConsole.tsx(106,83): error TS2339: Property 'map' does not exist on type '{}'.
src/components/maintenance/DispatchConsole.tsx(115,92): error TS2304: Cannot find name 'assignMutation'.
src/components/maintenance/DispatchConsole.tsx(116,80): error TS2304: Cannot find name 'handleAssign'.
src/components/maintenance/DispatchConsole.tsx(153,101): error TS2339: Property 'map' does not exist on type '{}'.
src/components/maintenance/DispatchConsole.tsx(181,85): error TS2339: Property 'filter' does not exist on type '{}'.
src/components/ppm/BillingWorkbench.tsx(179,33): error TS2322: Type '{ columns: Column<any>[]; data: any; isLoading: boolean; pageSize: number; emptyMessage: string; }' is not assignable to type 'IntrinsicAttributes & StandardTableProps<any>'.
  Property 'emptyMessage' does not exist on type 'IntrinsicAttributes & StandardTableProps<any>'.
src/components/procurement/ContractWorkbench.tsx(260,49): error TS2322: Type 'unknown' is not assignable to type 'ReactNode'.
src/components/procurement/ProcurementDashboard.tsx(67,44): error TS2769: No overload matches this call.
  Overload 1 of 2, '(props: Props): YAxis', gave the following error.
    Type '{ prefix: string; fontSize: number; }' is not assignable to type 'IntrinsicAttributes & IntrinsicClassAttributes<YAxis> & Pick<Readonly<Props>, "string" | "key" | ... 274 more ... | "AxisComp"> & InexactPartial<...> & InexactPartial<...>'.
      Property 'prefix' does not exist on type 'IntrinsicAttributes & IntrinsicClassAttributes<YAxis> & Pick<Readonly<Props>, "string" | "key" | ... 274 more ... | "AxisComp"> & InexactPartial<...> & InexactPartial<...>'. Did you mean 'refX'?
  Overload 2 of 2, '(props: Props, context: any): YAxis', gave the following error.
    Type '{ prefix: string; fontSize: number; }' is not assignable to type 'IntrinsicAttributes & IntrinsicClassAttributes<YAxis> & Pick<Readonly<Props>, "string" | "key" | ... 274 more ... | "AxisComp"> & InexactPartial<...> & InexactPartial<...>'.
      Property 'prefix' does not exist on type 'IntrinsicAttributes & IntrinsicClassAttributes<YAxis> & Pick<Readonly<Props>, "string" | "key" | ... 274 more ... | "AxisComp"> & InexactPartial<...> & InexactPartial<...>'. Did you mean 'refX'?
src/components/procurement/SupplierManager.tsx(59,13): error TS2322: Type '(id: any, row: any) => Element' is not assignable to type '(item: any) => ReactNode'.
  Target signature provides too few arguments. Expected 2 or more, but got 1.
src/components/procurement/SupplierManager.tsx(59,20): error TS7006: Parameter 'id' implicitly has an 'any' type.
src/components/procurement/SupplierManager.tsx(59,24): error TS7006: Parameter 'row' implicitly has an 'any' type.
src/components/procurement/SupplierOnboardingWorkbench.tsx(76,44): error TS2339: Property 'length' does not exist on type '{}'.
src/components/procurement/SupplierOnboardingWorkbench.tsx(83,47): error TS2339: Property 'map' does not exist on type '{}'.
src/components/procurement/SupplierSiteManager.tsx(84,13): error TS2322: Type '(val: any, row: any) => Element' is not assignable to type '(item: any) => ReactNode'.
  Target signature provides too few arguments. Expected 2 or more, but got 1.
src/components/procurement/SupplierSiteManager.tsx(84,20): error TS7006: Parameter 'val' implicitly has an 'any' type.
src/components/procurement/SupplierSiteManager.tsx(84,25): error TS7006: Parameter 'row' implicitly has an 'any' type.
src/components/transportation/LogisticsInsightsCard.tsx(45,24): error TS2322: Type '"premium"' is not assignable to type '"default" | "destructive" | "outline" | "secondary" | null | undefined'.
src/components/transportation/MilestoneTimeline.tsx(71,44): error TS2322: Type '"warning"' is not assignable to type '"default" | "destructive" | "outline" | "secondary" | null | undefined'.
src/components/transportation/RouteMapOverlay.tsx(5,27): error TS2307: Cannot find module 'leaflet/dist/images/marker-icon.png' or its corresponding type declarations.
src/components/transportation/RouteMapOverlay.tsx(6,29): error TS2307: Cannot find module 'leaflet/dist/images/marker-shadow.png' or its corresponding type declarations.
src/components/treasury/CashForecastDashboard.tsx(93,42): error TS2769: No overload matches this call.
  Overload 1 of 2, '(props: Props): Bar', gave the following error.
    Type '{ nam: string; dataKey: string; stackId: string; fill: string; radius: [number, number, number, number]; }' is not assignable to type 'IntrinsicAttributes & IntrinsicClassAttributes<Bar> & Pick<Readonly<Props>, "string" | "key" | "method" | ... 491 more ... | "yAxis"> & InexactPartial<...> & InexactPartial<...>'.
      Property 'nam' does not exist on type 'IntrinsicAttributes & IntrinsicClassAttributes<Bar> & Pick<Readonly<Props>, "string" | "key" | "method" | ... 491 more ... | "yAxis"> & InexactPartial<...> & InexactPartial<...>'. Did you mean 'name'?
  Overload 2 of 2, '(props: Props, context: any): Bar', gave the following error.
    Type '{ nam: string; dataKey: string; stackId: string; fill: string; radius: [number, number, number, number]; }' is not assignable to type 'IntrinsicAttributes & IntrinsicClassAttributes<Bar> & Pick<Readonly<Props>, "string" | "key" | "method" | ... 491 more ... | "yAxis"> & InexactPartial<...> & InexactPartial<...>'.
      Property 'nam' does not exist on type 'IntrinsicAttributes & IntrinsicClassAttributes<Bar> & Pick<Readonly<Props>, "string" | "key" | "method" | ... 491 more ... | "yAxis"> & InexactPartial<...> & InexactPartial<...>'. Did you mean 'name'?
src/components/treasury/DealEntrySheet.tsx(114,29): error TS2322: Type '"counterpartyId"' is not assignable to type '"currency" | "type" | "status" | "startDate" | "termMonths" | "interestRate" | "dealNumber" | "subType" | "principalAmount" | "interestType"'.
src/components/treasury/DealEntrySheet.tsx(118,76): error TS2322: Type 'string | number' is not assignable to type 'string | undefined'.
  Type 'number' is not assignable to type 'string'.
src/components/treasury/FxDealEntry.tsx(4,43): error TS2724: '"@shared/schema"' has no exported member named 'InsertTreasuryFxDeal'. Did you mean 'TreasuryFxDeal'?
src/components/treasury/PaymentTransmissionHub.tsx(92,48): error TS2322: Type '"destructive" | "secondary" | "success"' is not assignable to type '"default" | "destructive" | "outline" | "secondary" | null | undefined'.
  Type '"success"' is not assignable to type '"default" | "destructive" | "outline" | "secondary" | null | undefined'.
src/components/ui/StandardTable.tsx(219,26): error TS2322: Type '{ children: Element[]; className: string; role: "grid"; "aria-rowcount": string; }' is not assignable to type 'DetailedHTMLProps<HTMLAttributes<HTMLDivElement>, HTMLDivElement>'.
  Type '{ children: Element[]; className: string; role: "grid"; "aria-rowcount": string; }' is not assignable to type 'HTMLAttributes<HTMLDivElement>'.
    Types of property '"aria-rowcount"' are incompatible.
      Type 'string' is not assignable to type 'number'.
src/lib/api.ts(3,30): error TS2339: Property 'env' does not exist on type 'ImportMeta'.
src/pages/analytics/KpiConfiguration.tsx(10,39): error TS1149: File name '/Users/mbjunaid/My Projects/nexusai-erp-2/src/components/ui/standardtable.tsx' differs from already included file name '/Users/mbjunaid/My Projects/nexusai-erp-2/src/components/ui/StandardTable.tsx' only in casing.
  The file is in the program because:
    Imported via "@/components/ui/StandardTable" from file '/Users/mbjunaid/My Projects/nexusai-erp-2/src/pages/LeadsDetail.tsx'
    Imported via "@/components/ui/StandardTable" from file '/Users/mbjunaid/My Projects/nexusai-erp-2/src/components/crm/AccountRelatedLists.tsx'
    Imported via "@/components/ui/StandardTable" from file '/Users/mbjunaid/My Projects/nexusai-erp-2/src/pages/crm/ContactList.tsx'
    Imported via "@/components/ui/StandardTable" from file '/Users/mbjunaid/My Projects/nexusai-erp-2/src/components/treasury/TreasuryWorkbench.tsx'
    Imported via "@/components/ui/StandardTable" from file '/Users/mbjunaid/My Projects/nexusai-erp-2/src/components/treasury/CounterpartyManager.tsx'
    Imported via "@/components/ui/StandardTable" from file '/Users/mbjunaid/My Projects/nexusai-erp-2/src/components/cash/ReconciliationWorkbench.tsx'
    Imported via "@/components/ui/StandardTable" from file '/Users/mbjunaid/My Projects/nexusai-erp-2/src/pages/finance/FixedAssets.tsx'
    Imported via "@/components/ui/StandardTable" from file '/Users/mbjunaid/My Projects/nexusai-erp-2/src/pages/APInvoices.tsx'
    Imported via "@/components/ui/StandardTable" from file '/Users/mbjunaid/My Projects/nexusai-erp-2/src/components/ar/ArInvoiceList.tsx'
    Imported via "@/components/ui/StandardTable" from file '/Users/mbjunaid/My Projects/nexusai-erp-2/src/pages/billing/BillingWorkbench.tsx'
    Imported via "@/components/ui/StandardTable" from file '/Users/mbjunaid/My Projects/nexusai-erp-2/src/pages/billing/BillingRulesManager.tsx'
    Imported via "@/components/ui/StandardTable" from file '/Users/mbjunaid/My Projects/nexusai-erp-2/src/pages/billing/SubscriptionWorkbench.tsx'
    Imported via "@/components/ui/StandardTable" from file '/Users/mbjunaid/My Projects/nexusai-erp-2/src/pages/JournalEntries.tsx'
    Imported via "@/components/ui/StandardTable" from file '/Users/mbjunaid/My Projects/nexusai-erp-2/src/pages/gl/TrialBalance.tsx'
    Imported via "@/components/ui/StandardTable" from file '/Users/mbjunaid/My Projects/nexusai-erp-2/src/pages/gl/CoaStructureSetup.tsx'
    Imported via "@/components/ui/StandardTable" from file '/Users/mbjunaid/My Projects/nexusai-erp-2/src/pages/RevenueContractWorkbench.tsx'
    Imported via "@/components/ui/StandardTable" from file '/Users/mbjunaid/My Projects/nexusai-erp-2/src/pages/RevenueRuleManager.tsx'
    Imported via "@/components/ui/StandardTable" from file '/Users/mbjunaid/My Projects/nexusai-erp-2/src/pages/RevenueContractDetail.tsx'
    Imported via "@/components/ui/StandardTable" from file '/Users/mbjunaid/My Projects/nexusai-erp-2/src/pages/RevenuePeriodClose.tsx'
    Imported via "@/components/ui/StandardTable" from file '/Users/mbjunaid/My Projects/nexusai-erp-2/src/pages/SSPManager.tsx'
    Imported via "@/components/ui/StandardTable" from file '/Users/mbjunaid/My Projects/nexusai-erp-2/src/pages/RevenueSourceEvents.tsx'
    Imported via "@/components/ui/StandardTable" from file '/Users/mbjunaid/My Projects/nexusai-erp-2/src/pages/RevenueAuditConsole.tsx'
    Imported via "@/components/ui/StandardTable" from file '/Users/mbjunaid/My Projects/nexusai-erp-2/src/pages/manufacturing/BOMDesigner.tsx'
    Imported via "@/components/ui/StandardTable" from file '/Users/mbjunaid/My Projects/nexusai-erp-2/src/pages/manufacturing/RoutingEditor.tsx'
    Imported via "@/components/ui/StandardTable" from file '/Users/mbjunaid/My Projects/nexusai-erp-2/src/pages/manufacturing/WorkCenterManager.tsx'
    Imported via "@/components/ui/StandardTable" from file '/Users/mbjunaid/My Projects/nexusai-erp-2/src/pages/manufacturing/ResourceManager.tsx'
    Imported via "@/components/ui/StandardTable" from file '/Users/mbjunaid/My Projects/nexusai-erp-2/src/pages/manufacturing/WorkOrderList.tsx'
    Imported via "@/components/ui/StandardTable" from file '/Users/mbjunaid/My Projects/nexusai-erp-2/src/pages/manufacturing/QualityManager.tsx'
    Imported via "@/components/ui/StandardTable" from file '/Users/mbjunaid/My Projects/nexusai-erp-2/src/pages/manufacturing/MRPWorkbench.tsx'
    Imported via "@/components/ui/StandardTable" from file '/Users/mbjunaid/My Projects/nexusai-erp-2/src/pages/manufacturing/CalendarManager.tsx'
    Imported via "@/components/ui/StandardTable" from file '/Users/mbjunaid/My Projects/nexusai-erp-2/src/pages/manufacturing/StandardOpLibrary.tsx'
    Imported via "@/components/ui/StandardTable" from file '/Users/mbjunaid/My Projects/nexusai-erp-2/src/pages/manufacturing/CostingWorkbench.tsx'
    Imported via "@/components/ui/StandardTable" from file '/Users/mbjunaid/My Projects/nexusai-erp-2/src/pages/manufacturing/WIPDashboard.tsx'
    Imported via "@/components/ui/StandardTable" from file '/Users/mbjunaid/My Projects/nexusai-erp-2/src/pages/manufacturing/VarianceAnalysis.tsx'
    Imported via "@/components/ui/StandardTable" from file '/Users/mbjunaid/My Projects/nexusai-erp-2/src/pages/manufacturing/FormulaDesigner.tsx'
    Imported via "@/components/ui/StandardTable" from file '/Users/mbjunaid/My Projects/nexusai-erp-2/src/pages/manufacturing/RecipeManager.tsx'
    Imported via "@/components/ui/StandardTable" from file '/Users/mbjunaid/My Projects/nexusai-erp-2/src/pages/manufacturing/BatchWorkbench.tsx'
    Imported via "@/components/ui/StandardTable" from file '/Users/mbjunaid/My Projects/nexusai-erp-2/src/pages/manufacturing/BatchGenealogy.tsx'
    Imported via '@/components/ui/StandardTable' from file '/Users/mbjunaid/My Projects/nexusai-erp-2/src/pages/InventoryDashboardView.tsx'
    Imported via "@/components/ui/StandardTable" from file '/Users/mbjunaid/My Projects/nexusai-erp-2/src/pages/SupplierManagement.tsx'
    Imported via "@/components/ui/StandardTable" from file '/Users/mbjunaid/My Projects/nexusai-erp-2/src/pages/transportation/RoutePlanningWorkbench.tsx'
    Imported via "@/components/ui/StandardTable" from file '/Users/mbjunaid/My Projects/nexusai-erp-2/src/pages/transportation/CarrierManager.tsx'
    Imported via "@/components/ui/StandardTable" from file '/Users/mbjunaid/My Projects/nexusai-erp-2/src/pages/transportation/FreightSettlementConsole.tsx'
    Imported via "@/components/ui/StandardTable" from file '/Users/mbjunaid/My Projects/nexusai-erp-2/src/pages/projects/ProjectList.tsx'
    Imported via "@/components/ui/StandardTable" from file '/Users/mbjunaid/My Projects/nexusai-erp-2/src/pages/projects/TaskList.tsx'
    Imported via "@/components/ui/StandardTable" from file '/Users/mbjunaid/My Projects/nexusai-erp-2/src/pages/projects/AssetWorkbench.tsx'
    Imported via "@/components/ui/StandardTable" from file '/Users/mbjunaid/My Projects/nexusai-erp-2/src/pages/projects/BillRateManager.tsx'
    Imported via "@/components/ui/StandardTable" from file '/Users/mbjunaid/My Projects/nexusai-erp-2/src/pages/projects/BillingRulesManager.tsx'
    Imported via "@/components/ui/StandardTable" from file '/Users/mbjunaid/My Projects/nexusai-erp-2/src/pages/projects/BurdenManager.tsx'
    Imported via "@/components/ui/StandardTable" from file '/Users/mbjunaid/My Projects/nexusai-erp-2/src/pages/projects/ProjectTemplateManager.tsx'
    Imported via "@/components/ui/StandardTable" from file '/Users/mbjunaid/My Projects/nexusai-erp-2/src/pages/UserManagement.tsx'
    Imported via "@/components/ui/StandardTable" from file '/Users/mbjunaid/My Projects/nexusai-erp-2/src/pages/EnvironmentManagement.tsx'
    Imported via "@/components/ui/StandardTable" from file '/Users/mbjunaid/My Projects/nexusai-erp-2/src/pages/order/OrderWorkbench.tsx'
    Imported via "@/components/ui/StandardTable" from file '/Users/mbjunaid/My Projects/nexusai-erp-2/src/pages/order/ShipmentWorkbench.tsx'
    Imported via "@/components/ui/StandardTable" from file '/Users/mbjunaid/My Projects/nexusai-erp-2/src/pages/order/ReturnsWorkbench.tsx'
    Imported via "@/components/ui/StandardTable" from file '/Users/mbjunaid/My Projects/nexusai-erp-2/src/pages/order/OrderConfigManager.tsx'
    Imported via "@/components/ui/StandardTable" from file '/Users/mbjunaid/My Projects/nexusai-erp-2/src/pages/order/PriceListManager.tsx'
    Imported via "@/components/ui/StandardTable" from file '/Users/mbjunaid/My Projects/nexusai-erp-2/src/pages/SalesOrderManagement.tsx'
    Imported via "@/components/ui/StandardTable" from file '/Users/mbjunaid/My Projects/nexusai-erp-2/src/pages/PatientManagement.tsx'
    Imported via "@/components/ui/standardtable" from file '/Users/mbjunaid/My Projects/nexusai-erp-2/src/pages/ComplianceExceptions.tsx'
    Imported via "@/components/ui/standardtable" from file '/Users/mbjunaid/My Projects/nexusai-erp-2/src/pages/ComplianceGovernance.tsx'
    Imported via "@/components/ui/standardtable" from file '/Users/mbjunaid/My Projects/nexusai-erp-2/src/pages/AuditTrails.tsx'
    Imported via "@/components/ui/standardtable" from file '/Users/mbjunaid/My Projects/nexusai-erp-2/src/pages/SecurityProfiles.tsx'
    Imported via "@/components/ui/StandardTable" from file '/Users/mbjunaid/My Projects/nexusai-erp-2/src/pages/PartyDirectory.tsx'
    Imported via "@/components/ui/StandardTable" from file '/Users/mbjunaid/My Projects/nexusai-erp-2/src/pages/ReferenceDataList.tsx'
    Imported via "@/components/ui/StandardTable" from file '/Users/mbjunaid/My Projects/nexusai-erp-2/src/pages/ReferenceDataDetail.tsx'
    Imported via "@/components/ui/StandardTable" from file '/Users/mbjunaid/My Projects/nexusai-erp-2/src/pages/MatchRuleList.tsx'
    Imported via "@/components/ui/StandardTable" from file '/Users/mbjunaid/My Projects/nexusai-erp-2/src/pages/SurvivorshipRuleList.tsx'
    Imported via "@/components/ui/StandardTable" from file '/Users/mbjunaid/My Projects/nexusai-erp-2/src/pages/ItemDirectory.tsx'
    Imported via "@/components/ui/StandardTable" from file '/Users/mbjunaid/My Projects/nexusai-erp-2/src/pages/ChangeRequestInbox.tsx'
    Imported via "@/components/ui/StandardTable" from file '/Users/mbjunaid/My Projects/nexusai-erp-2/src/pages/learning/instructor/InstructorDashboard.tsx'
    Imported via "@/components/ui/standardtable" from file '/Users/mbjunaid/My Projects/nexusai-erp-2/src/pages/hr/selfservice/MyTimeCard.tsx'
    Imported via "@/components/ui/standardtable" from file '/Users/mbjunaid/My Projects/nexusai-erp-2/src/pages/HRAnalyticsDashboard.tsx'
    Imported via "@/components/ui/standardtable" from file '/Users/mbjunaid/My Projects/nexusai-erp-2/src/pages/HRReports.tsx'
    Imported via "@/components/ui/standardtable" from file '/Users/mbjunaid/My Projects/nexusai-erp-2/src/pages/analytics/KpiConfiguration.tsx'
    Imported via "@/components/ui/standardtable" from file '/Users/mbjunaid/My Projects/nexusai-erp-2/src/pages/analytics/ReportScheduler.tsx'
    Imported via "@/components/ui/StandardTable" from file '/Users/mbjunaid/My Projects/nexusai-erp-2/src/pages/learning/admin/CourseCatalogAdmin.tsx'
    Imported via "@/components/ui/standardtable" from file '/Users/mbjunaid/My Projects/nexusai-erp-2/src/pages/hr/selfservice/DelegationWorkbench.tsx'
    Imported via "@/components/ui/standardtable" from file '/Users/mbjunaid/My Projects/nexusai-erp-2/src/pages/hr/selfservice/VoluntaryDeductions.tsx'
    Imported via "@/components/ui/standardtable" from file '/Users/mbjunaid/My Projects/nexusai-erp-2/src/pages/hr/selfservice/StatutoryForms.tsx'
    Imported via "@/components/ui/StandardTable" from file '/Users/mbjunaid/My Projects/nexusai-erp-2/src/components/ap/ApApprovalList.tsx'
    Imported via "@/components/ui/StandardTable" from file '/Users/mbjunaid/My Projects/nexusai-erp-2/src/components/ap/ApInvoiceList.tsx'
    Imported via "@/components/ui/StandardTable" from file '/Users/mbjunaid/My Projects/nexusai-erp-2/src/components/ap/ApSupplierList.tsx'
    Imported via "@/components/ui/StandardTable" from file '/Users/mbjunaid/My Projects/nexusai-erp-2/src/components/inventory/WavePlanningConsole.tsx'
    Imported via "@/components/ui/StandardTable" from file '/Users/mbjunaid/My Projects/nexusai-erp-2/src/components/inventory/WmsTaskWorkbench.tsx'
    Imported via "@/components/ui/StandardTable" from file '/Users/mbjunaid/My Projects/nexusai-erp-2/src/components/ppm/BillingWorkbench.tsx'
    Imported via "@/components/ui/StandardTable" from file '/Users/mbjunaid/My Projects/nexusai-erp-2/src/components/ppm/PpmWorkbench.tsx'
    Imported via "@/components/ui/StandardTable" from file '/Users/mbjunaid/My Projects/nexusai-erp-2/src/components/procurement/SupplierManager.tsx'
    Imported via "@/components/ui/StandardTable" from file '/Users/mbjunaid/My Projects/nexusai-erp-2/src/components/procurement/SupplierSiteManager.tsx'
    Matched by include pattern 'src' in '/Users/mbjunaid/My Projects/nexusai-erp-2/tsconfig.json'
    Imported via "@/components/ui/StandardTable" from file '/Users/mbjunaid/My Projects/nexusai-erp-2/src/pages/ARInvoices.tsx'
    Imported via "@/components/ui/StandardTable" from file '/Users/mbjunaid/My Projects/nexusai-erp-2/src/pages/AuditLogs.tsx'
    Imported via "@/components/ui/StandardTable" from file '/Users/mbjunaid/My Projects/nexusai-erp-2/src/pages/ClientManagement.tsx'
    Imported via "@/components/ui/StandardTable" from file '/Users/mbjunaid/My Projects/nexusai-erp-2/src/pages/CostInsights.tsx'
    Imported via "@/components/ui/StandardTable" from file '/Users/mbjunaid/My Projects/nexusai-erp-2/src/pages/OpportunitiesDetail.tsx'
    Imported via "@/components/ui/StandardTable" from file '/Users/mbjunaid/My Projects/nexusai-erp-2/src/pages/OpportunityList.tsx'
    Imported via "@/components/ui/StandardTable" from file '/Users/mbjunaid/My Projects/nexusai-erp-2/src/pages/RetailProductCatalog.tsx'
    Imported via "@/components/ui/StandardTable" from file '/Users/mbjunaid/My Projects/nexusai-erp-2/src/pages/RoleManagement.tsx'
    Imported via "@/components/ui/StandardTable" from file '/Users/mbjunaid/My Projects/nexusai-erp-2/src/pages/StudentManagement.tsx'
    Imported via '@/components/ui/StandardTable' from file '/Users/mbjunaid/My Projects/nexusai-erp-2/src/pages/cost-management/DistributionsViewer.tsx'
    Imported via "@/components/ui/StandardTable" from file '/Users/mbjunaid/My Projects/nexusai-erp-2/src/pages/crm/AccountDetail.tsx'
    Imported via "@/components/ui/StandardTable" from file '/Users/mbjunaid/My Projects/nexusai-erp-2/src/pages/fixed-assets/AssetWorkbench.tsx'
    Imported via "@/components/ui/StandardTable" from file '/Users/mbjunaid/My Projects/nexusai-erp-2/src/pages/inventory/LotSerialManager.tsx'
    Imported via "@/components/ui/StandardTable" from file '/Users/mbjunaid/My Projects/nexusai-erp-2/src/pages/procurement/PurchaseOrderList.tsx'
    Imported via "@/components/ui/StandardTable" from file '/Users/mbjunaid/My Projects/nexusai-erp-2/src/pages/procurement/RequisitionBoard.tsx'
    Imported via "@/components/ui/StandardTable" from file '/Users/mbjunaid/My Projects/nexusai-erp-2/src/pages/projects/ExpenditureInquiry.tsx'
    Imported via "@/components/ui/StandardTable" from file '/Users/mbjunaid/My Projects/nexusai-erp-2/src/pages/projects/ExpenditureTypeManager.tsx'
    Imported via "@/components/ui/StandardTable" from file '/Users/mbjunaid/My Projects/nexusai-erp-2/src/pages/projects/SlaEventMonitor.tsx'
    Imported via "@/components/ui/StandardTable" from file '/Users/mbjunaid/My Projects/nexusai-erp-2/src/pages/projects/TransactionImport.tsx'
    Imported via "@/components/ui/StandardTable" from file '/Users/mbjunaid/My Projects/nexusai-erp-2/src/pages/supply-chain/PartnerList.tsx'
    Imported via "@/components/ui/StandardTable" from file '/Users/mbjunaid/My Projects/nexusai-erp-2/src/pages/supply-chain/ShipmentList.tsx'
src/pages/analytics/ReportScheduler.tsx(9,39): error TS1149: File name '/Users/mbjunaid/My Projects/nexusai-erp-2/src/components/ui/standardtable.tsx' differs from already included file name '/Users/mbjunaid/My Projects/nexusai-erp-2/src/components/ui/StandardTable.tsx' only in casing.
  The file is in the program because:
    Imported via "@/components/ui/StandardTable" from file '/Users/mbjunaid/My Projects/nexusai-erp-2/src/pages/LeadsDetail.tsx'
    Imported via "@/components/ui/StandardTable" from file '/Users/mbjunaid/My Projects/nexusai-erp-2/src/components/crm/AccountRelatedLists.tsx'
    Imported via "@/components/ui/StandardTable" from file '/Users/mbjunaid/My Projects/nexusai-erp-2/src/pages/crm/ContactList.tsx'
    Imported via "@/components/ui/StandardTable" from file '/Users/mbjunaid/My Projects/nexusai-erp-2/src/components/treasury/TreasuryWorkbench.tsx'
    Imported via "@/components/ui/StandardTable" from file '/Users/mbjunaid/My Projects/nexusai-erp-2/src/components/treasury/CounterpartyManager.tsx'
    Imported via "@/components/ui/StandardTable" from file '/Users/mbjunaid/My Projects/nexusai-erp-2/src/components/cash/ReconciliationWorkbench.tsx'
    Imported via "@/components/ui/StandardTable" from file '/Users/mbjunaid/My Projects/nexusai-erp-2/src/pages/finance/FixedAssets.tsx'
    Imported via "@/components/ui/StandardTable" from file '/Users/mbjunaid/My Projects/nexusai-erp-2/src/pages/APInvoices.tsx'
    Imported via "@/components/ui/StandardTable" from file '/Users/mbjunaid/My Projects/nexusai-erp-2/src/components/ar/ArInvoiceList.tsx'
    Imported via "@/components/ui/StandardTable" from file '/Users/mbjunaid/My Projects/nexusai-erp-2/src/pages/billing/BillingWorkbench.tsx'
    Imported via "@/components/ui/StandardTable" from file '/Users/mbjunaid/My Projects/nexusai-erp-2/src/pages/billing/BillingRulesManager.tsx'
    Imported via "@/components/ui/StandardTable" from file '/Users/mbjunaid/My Projects/nexusai-erp-2/src/pages/billing/SubscriptionWorkbench.tsx'
    Imported via "@/components/ui/StandardTable" from file '/Users/mbjunaid/My Projects/nexusai-erp-2/src/pages/JournalEntries.tsx'
    Imported via "@/components/ui/StandardTable" from file '/Users/mbjunaid/My Projects/nexusai-erp-2/src/pages/gl/TrialBalance.tsx'
    Imported via "@/components/ui/StandardTable" from file '/Users/mbjunaid/My Projects/nexusai-erp-2/src/pages/gl/CoaStructureSetup.tsx'
    Imported via "@/components/ui/StandardTable" from file '/Users/mbjunaid/My Projects/nexusai-erp-2/src/pages/RevenueContractWorkbench.tsx'
    Imported via "@/components/ui/StandardTable" from file '/Users/mbjunaid/My Projects/nexusai-erp-2/src/pages/RevenueRuleManager.tsx'
    Imported via "@/components/ui/StandardTable" from file '/Users/mbjunaid/My Projects/nexusai-erp-2/src/pages/RevenueContractDetail.tsx'
    Imported via "@/components/ui/StandardTable" from file '/Users/mbjunaid/My Projects/nexusai-erp-2/src/pages/RevenuePeriodClose.tsx'
    Imported via "@/components/ui/StandardTable" from file '/Users/mbjunaid/My Projects/nexusai-erp-2/src/pages/SSPManager.tsx'
    Imported via "@/components/ui/StandardTable" from file '/Users/mbjunaid/My Projects/nexusai-erp-2/src/pages/RevenueSourceEvents.tsx'
    Imported via "@/components/ui/StandardTable" from file '/Users/mbjunaid/My Projects/nexusai-erp-2/src/pages/RevenueAuditConsole.tsx'
    Imported via "@/components/ui/StandardTable" from file '/Users/mbjunaid/My Projects/nexusai-erp-2/src/pages/manufacturing/BOMDesigner.tsx'
    Imported via "@/components/ui/StandardTable" from file '/Users/mbjunaid/My Projects/nexusai-erp-2/src/pages/manufacturing/RoutingEditor.tsx'
    Imported via "@/components/ui/StandardTable" from file '/Users/mbjunaid/My Projects/nexusai-erp-2/src/pages/manufacturing/WorkCenterManager.tsx'
    Imported via "@/components/ui/StandardTable" from file '/Users/mbjunaid/My Projects/nexusai-erp-2/src/pages/manufacturing/ResourceManager.tsx'
    Imported via "@/components/ui/StandardTable" from file '/Users/mbjunaid/My Projects/nexusai-erp-2/src/pages/manufacturing/WorkOrderList.tsx'
    Imported via "@/components/ui/StandardTable" from file '/Users/mbjunaid/My Projects/nexusai-erp-2/src/pages/manufacturing/QualityManager.tsx'
    Imported via "@/components/ui/StandardTable" from file '/Users/mbjunaid/My Projects/nexusai-erp-2/src/pages/manufacturing/MRPWorkbench.tsx'
    Imported via "@/components/ui/StandardTable" from file '/Users/mbjunaid/My Projects/nexusai-erp-2/src/pages/manufacturing/CalendarManager.tsx'
    Imported via "@/components/ui/StandardTable" from file '/Users/mbjunaid/My Projects/nexusai-erp-2/src/pages/manufacturing/StandardOpLibrary.tsx'
    Imported via "@/components/ui/StandardTable" from file '/Users/mbjunaid/My Projects/nexusai-erp-2/src/pages/manufacturing/CostingWorkbench.tsx'
    Imported via "@/components/ui/StandardTable" from file '/Users/mbjunaid/My Projects/nexusai-erp-2/src/pages/manufacturing/WIPDashboard.tsx'
    Imported via "@/components/ui/StandardTable" from file '/Users/mbjunaid/My Projects/nexusai-erp-2/src/pages/manufacturing/VarianceAnalysis.tsx'
    Imported via "@/components/ui/StandardTable" from file '/Users/mbjunaid/My Projects/nexusai-erp-2/src/pages/manufacturing/FormulaDesigner.tsx'
    Imported via "@/components/ui/StandardTable" from file '/Users/mbjunaid/My Projects/nexusai-erp-2/src/pages/manufacturing/RecipeManager.tsx'
    Imported via "@/components/ui/StandardTable" from file '/Users/mbjunaid/My Projects/nexusai-erp-2/src/pages/manufacturing/BatchWorkbench.tsx'
    Imported via "@/components/ui/StandardTable" from file '/Users/mbjunaid/My Projects/nexusai-erp-2/src/pages/manufacturing/BatchGenealogy.tsx'
    Imported via '@/components/ui/StandardTable' from file '/Users/mbjunaid/My Projects/nexusai-erp-2/src/pages/InventoryDashboardView.tsx'
    Imported via "@/components/ui/StandardTable" from file '/Users/mbjunaid/My Projects/nexusai-erp-2/src/pages/SupplierManagement.tsx'
    Imported via "@/components/ui/StandardTable" from file '/Users/mbjunaid/My Projects/nexusai-erp-2/src/pages/transportation/RoutePlanningWorkbench.tsx'
    Imported via "@/components/ui/StandardTable" from file '/Users/mbjunaid/My Projects/nexusai-erp-2/src/pages/transportation/CarrierManager.tsx'
    Imported via "@/components/ui/StandardTable" from file '/Users/mbjunaid/My Projects/nexusai-erp-2/src/pages/transportation/FreightSettlementConsole.tsx'
    Imported via "@/components/ui/StandardTable" from file '/Users/mbjunaid/My Projects/nexusai-erp-2/src/pages/projects/ProjectList.tsx'
    Imported via "@/components/ui/StandardTable" from file '/Users/mbjunaid/My Projects/nexusai-erp-2/src/pages/projects/TaskList.tsx'
    Imported via "@/components/ui/StandardTable" from file '/Users/mbjunaid/My Projects/nexusai-erp-2/src/pages/projects/AssetWorkbench.tsx'
    Imported via "@/components/ui/StandardTable" from file '/Users/mbjunaid/My Projects/nexusai-erp-2/src/pages/projects/BillRateManager.tsx'
    Imported via "@/components/ui/StandardTable" from file '/Users/mbjunaid/My Projects/nexusai-erp-2/src/pages/projects/BillingRulesManager.tsx'
    Imported via "@/components/ui/StandardTable" from file '/Users/mbjunaid/My Projects/nexusai-erp-2/src/pages/projects/BurdenManager.tsx'
    Imported via "@/components/ui/StandardTable" from file '/Users/mbjunaid/My Projects/nexusai-erp-2/src/pages/projects/ProjectTemplateManager.tsx'
    Imported via "@/components/ui/StandardTable" from file '/Users/mbjunaid/My Projects/nexusai-erp-2/src/pages/UserManagement.tsx'
    Imported via "@/components/ui/StandardTable" from file '/Users/mbjunaid/My Projects/nexusai-erp-2/src/pages/EnvironmentManagement.tsx'
    Imported via "@/components/ui/StandardTable" from file '/Users/mbjunaid/My Projects/nexusai-erp-2/src/pages/order/OrderWorkbench.tsx'
    Imported via "@/components/ui/StandardTable" from file '/Users/mbjunaid/My Projects/nexusai-erp-2/src/pages/order/ShipmentWorkbench.tsx'
    Imported via "@/components/ui/StandardTable" from file '/Users/mbjunaid/My Projects/nexusai-erp-2/src/pages/order/ReturnsWorkbench.tsx'
    Imported via "@/components/ui/StandardTable" from file '/Users/mbjunaid/My Projects/nexusai-erp-2/src/pages/order/OrderConfigManager.tsx'
    Imported via "@/components/ui/StandardTable" from file '/Users/mbjunaid/My Projects/nexusai-erp-2/src/pages/order/PriceListManager.tsx'
    Imported via "@/components/ui/StandardTable" from file '/Users/mbjunaid/My Projects/nexusai-erp-2/src/pages/SalesOrderManagement.tsx'
    Imported via "@/components/ui/StandardTable" from file '/Users/mbjunaid/My Projects/nexusai-erp-2/src/pages/PatientManagement.tsx'
    Imported via "@/components/ui/standardtable" from file '/Users/mbjunaid/My Projects/nexusai-erp-2/src/pages/ComplianceExceptions.tsx'
    Imported via "@/components/ui/standardtable" from file '/Users/mbjunaid/My Projects/nexusai-erp-2/src/pages/ComplianceGovernance.tsx'
    Imported via "@/components/ui/standardtable" from file '/Users/mbjunaid/My Projects/nexusai-erp-2/src/pages/AuditTrails.tsx'
    Imported via "@/components/ui/standardtable" from file '/Users/mbjunaid/My Projects/nexusai-erp-2/src/pages/SecurityProfiles.tsx'
    Imported via "@/components/ui/StandardTable" from file '/Users/mbjunaid/My Projects/nexusai-erp-2/src/pages/PartyDirectory.tsx'
    Imported via "@/components/ui/StandardTable" from file '/Users/mbjunaid/My Projects/nexusai-erp-2/src/pages/ReferenceDataList.tsx'
    Imported via "@/components/ui/StandardTable" from file '/Users/mbjunaid/My Projects/nexusai-erp-2/src/pages/ReferenceDataDetail.tsx'
    Imported via "@/components/ui/StandardTable" from file '/Users/mbjunaid/My Projects/nexusai-erp-2/src/pages/MatchRuleList.tsx'
    Imported via "@/components/ui/StandardTable" from file '/Users/mbjunaid/My Projects/nexusai-erp-2/src/pages/SurvivorshipRuleList.tsx'
    Imported via "@/components/ui/StandardTable" from file '/Users/mbjunaid/My Projects/nexusai-erp-2/src/pages/ItemDirectory.tsx'
    Imported via "@/components/ui/StandardTable" from file '/Users/mbjunaid/My Projects/nexusai-erp-2/src/pages/ChangeRequestInbox.tsx'
    Imported via "@/components/ui/StandardTable" from file '/Users/mbjunaid/My Projects/nexusai-erp-2/src/pages/learning/instructor/InstructorDashboard.tsx'
    Imported via "@/components/ui/standardtable" from file '/Users/mbjunaid/My Projects/nexusai-erp-2/src/pages/hr/selfservice/MyTimeCard.tsx'
    Imported via "@/components/ui/standardtable" from file '/Users/mbjunaid/My Projects/nexusai-erp-2/src/pages/HRAnalyticsDashboard.tsx'
    Imported via "@/components/ui/standardtable" from file '/Users/mbjunaid/My Projects/nexusai-erp-2/src/pages/HRReports.tsx'
    Imported via "@/components/ui/standardtable" from file '/Users/mbjunaid/My Projects/nexusai-erp-2/src/pages/analytics/KpiConfiguration.tsx'
    Imported via "@/components/ui/standardtable" from file '/Users/mbjunaid/My Projects/nexusai-erp-2/src/pages/analytics/ReportScheduler.tsx'
    Imported via "@/components/ui/StandardTable" from file '/Users/mbjunaid/My Projects/nexusai-erp-2/src/pages/learning/admin/CourseCatalogAdmin.tsx'
    Imported via "@/components/ui/standardtable" from file '/Users/mbjunaid/My Projects/nexusai-erp-2/src/pages/hr/selfservice/DelegationWorkbench.tsx'
    Imported via "@/components/ui/standardtable" from file '/Users/mbjunaid/My Projects/nexusai-erp-2/src/pages/hr/selfservice/VoluntaryDeductions.tsx'
    Imported via "@/components/ui/standardtable" from file '/Users/mbjunaid/My Projects/nexusai-erp-2/src/pages/hr/selfservice/StatutoryForms.tsx'
    Imported via "@/components/ui/StandardTable" from file '/Users/mbjunaid/My Projects/nexusai-erp-2/src/components/ap/ApApprovalList.tsx'
    Imported via "@/components/ui/StandardTable" from file '/Users/mbjunaid/My Projects/nexusai-erp-2/src/components/ap/ApInvoiceList.tsx'
    Imported via "@/components/ui/StandardTable" from file '/Users/mbjunaid/My Projects/nexusai-erp-2/src/components/ap/ApSupplierList.tsx'
    Imported via "@/components/ui/StandardTable" from file '/Users/mbjunaid/My Projects/nexusai-erp-2/src/components/inventory/WavePlanningConsole.tsx'
    Imported via "@/components/ui/StandardTable" from file '/Users/mbjunaid/My Projects/nexusai-erp-2/src/components/inventory/WmsTaskWorkbench.tsx'
    Imported via "@/components/ui/StandardTable" from file '/Users/mbjunaid/My Projects/nexusai-erp-2/src/components/ppm/BillingWorkbench.tsx'
    Imported via "@/components/ui/StandardTable" from file '/Users/mbjunaid/My Projects/nexusai-erp-2/src/components/ppm/PpmWorkbench.tsx'
    Imported via "@/components/ui/StandardTable" from file '/Users/mbjunaid/My Projects/nexusai-erp-2/src/components/procurement/SupplierManager.tsx'
    Imported via "@/components/ui/StandardTable" from file '/Users/mbjunaid/My Projects/nexusai-erp-2/src/components/procurement/SupplierSiteManager.tsx'
    Matched by include pattern 'src' in '/Users/mbjunaid/My Projects/nexusai-erp-2/tsconfig.json'
    Imported via "@/components/ui/StandardTable" from file '/Users/mbjunaid/My Projects/nexusai-erp-2/src/pages/ARInvoices.tsx'
    Imported via "@/components/ui/StandardTable" from file '/Users/mbjunaid/My Projects/nexusai-erp-2/src/pages/AuditLogs.tsx'
    Imported via "@/components/ui/StandardTable" from file '/Users/mbjunaid/My Projects/nexusai-erp-2/src/pages/ClientManagement.tsx'
    Imported via "@/components/ui/StandardTable" from file '/Users/mbjunaid/My Projects/nexusai-erp-2/src/pages/CostInsights.tsx'
    Imported via "@/components/ui/StandardTable" from file '/Users/mbjunaid/My Projects/nexusai-erp-2/src/pages/OpportunitiesDetail.tsx'
    Imported via "@/components/ui/StandardTable" from file '/Users/mbjunaid/My Projects/nexusai-erp-2/src/pages/OpportunityList.tsx'
    Imported via "@/components/ui/StandardTable" from file '/Users/mbjunaid/My Projects/nexusai-erp-2/src/pages/RetailProductCatalog.tsx'
    Imported via "@/components/ui/StandardTable" from file '/Users/mbjunaid/My Projects/nexusai-erp-2/src/pages/RoleManagement.tsx'
    Imported via "@/components/ui/StandardTable" from file '/Users/mbjunaid/My Projects/nexusai-erp-2/src/pages/StudentManagement.tsx'
    Imported via '@/components/ui/StandardTable' from file '/Users/mbjunaid/My Projects/nexusai-erp-2/src/pages/cost-management/DistributionsViewer.tsx'
    Imported via "@/components/ui/StandardTable" from file '/Users/mbjunaid/My Projects/nexusai-erp-2/src/pages/crm/AccountDetail.tsx'
    Imported via "@/components/ui/StandardTable" from file '/Users/mbjunaid/My Projects/nexusai-erp-2/src/pages/fixed-assets/AssetWorkbench.tsx'
    Imported via "@/components/ui/StandardTable" from file '/Users/mbjunaid/My Projects/nexusai-erp-2/src/pages/inventory/LotSerialManager.tsx'
    Imported via "@/components/ui/StandardTable" from file '/Users/mbjunaid/My Projects/nexusai-erp-2/src/pages/procurement/PurchaseOrderList.tsx'
    Imported via "@/components/ui/StandardTable" from file '/Users/mbjunaid/My Projects/nexusai-erp-2/src/pages/procurement/RequisitionBoard.tsx'
    Imported via "@/components/ui/StandardTable" from file '/Users/mbjunaid/My Projects/nexusai-erp-2/src/pages/projects/ExpenditureInquiry.tsx'
    Imported via "@/components/ui/StandardTable" from file '/Users/mbjunaid/My Projects/nexusai-erp-2/src/pages/projects/ExpenditureTypeManager.tsx'
    Imported via "@/components/ui/StandardTable" from file '/Users/mbjunaid/My Projects/nexusai-erp-2/src/pages/projects/SlaEventMonitor.tsx'
    Imported via "@/components/ui/StandardTable" from file '/Users/mbjunaid/My Projects/nexusai-erp-2/src/pages/projects/TransactionImport.tsx'
    Imported via "@/components/ui/StandardTable" from file '/Users/mbjunaid/My Projects/nexusai-erp-2/src/pages/supply-chain/PartnerList.tsx'
    Imported via "@/components/ui/StandardTable" from file '/Users/mbjunaid/My Projects/nexusai-erp-2/src/pages/supply-chain/ShipmentList.tsx'
src/pages/APInvoices.tsx(30,5): error TS2741: Property 'header' is missing in type '{ id: string; cell: (row: any) => Element; }' but required in type 'Column<any>'.
src/pages/AuditTrails.tsx(13,39): error TS1149: File name '/Users/mbjunaid/My Projects/nexusai-erp-2/src/components/ui/standardtable.tsx' differs from already included file name '/Users/mbjunaid/My Projects/nexusai-erp-2/src/components/ui/StandardTable.tsx' only in casing.
  The file is in the program because:
    Imported via "@/components/ui/StandardTable" from file '/Users/mbjunaid/My Projects/nexusai-erp-2/src/pages/LeadsDetail.tsx'
    Imported via "@/components/ui/StandardTable" from file '/Users/mbjunaid/My Projects/nexusai-erp-2/src/components/crm/AccountRelatedLists.tsx'
    Imported via "@/components/ui/StandardTable" from file '/Users/mbjunaid/My Projects/nexusai-erp-2/src/pages/crm/ContactList.tsx'
    Imported via "@/components/ui/StandardTable" from file '/Users/mbjunaid/My Projects/nexusai-erp-2/src/components/treasury/TreasuryWorkbench.tsx'
    Imported via "@/components/ui/StandardTable" from file '/Users/mbjunaid/My Projects/nexusai-erp-2/src/components/treasury/CounterpartyManager.tsx'
    Imported via "@/components/ui/StandardTable" from file '/Users/mbjunaid/My Projects/nexusai-erp-2/src/components/cash/ReconciliationWorkbench.tsx'
    Imported via "@/components/ui/StandardTable" from file '/Users/mbjunaid/My Projects/nexusai-erp-2/src/pages/finance/FixedAssets.tsx'
    Imported via "@/components/ui/StandardTable" from file '/Users/mbjunaid/My Projects/nexusai-erp-2/src/pages/APInvoices.tsx'
    Imported via "@/components/ui/StandardTable" from file '/Users/mbjunaid/My Projects/nexusai-erp-2/src/components/ar/ArInvoiceList.tsx'
    Imported via "@/components/ui/StandardTable" from file '/Users/mbjunaid/My Projects/nexusai-erp-2/src/pages/billing/BillingWorkbench.tsx'
    Imported via "@/components/ui/StandardTable" from file '/Users/mbjunaid/My Projects/nexusai-erp-2/src/pages/billing/BillingRulesManager.tsx'
    Imported via "@/components/ui/StandardTable" from file '/Users/mbjunaid/My Projects/nexusai-erp-2/src/pages/billing/SubscriptionWorkbench.tsx'
    Imported via "@/components/ui/StandardTable" from file '/Users/mbjunaid/My Projects/nexusai-erp-2/src/pages/JournalEntries.tsx'
    Imported via "@/components/ui/StandardTable" from file '/Users/mbjunaid/My Projects/nexusai-erp-2/src/pages/gl/TrialBalance.tsx'
    Imported via "@/components/ui/StandardTable" from file '/Users/mbjunaid/My Projects/nexusai-erp-2/src/pages/gl/CoaStructureSetup.tsx'
    Imported via "@/components/ui/StandardTable" from file '/Users/mbjunaid/My Projects/nexusai-erp-2/src/pages/RevenueContractWorkbench.tsx'
    Imported via "@/components/ui/StandardTable" from file '/Users/mbjunaid/My Projects/nexusai-erp-2/src/pages/RevenueRuleManager.tsx'
    Imported via "@/components/ui/StandardTable" from file '/Users/mbjunaid/My Projects/nexusai-erp-2/src/pages/RevenueContractDetail.tsx'
    Imported via "@/components/ui/StandardTable" from file '/Users/mbjunaid/My Projects/nexusai-erp-2/src/pages/RevenuePeriodClose.tsx'
    Imported via "@/components/ui/StandardTable" from file '/Users/mbjunaid/My Projects/nexusai-erp-2/src/pages/SSPManager.tsx'
    Imported via "@/components/ui/StandardTable" from file '/Users/mbjunaid/My Projects/nexusai-erp-2/src/pages/RevenueSourceEvents.tsx'
    Imported via "@/components/ui/StandardTable" from file '/Users/mbjunaid/My Projects/nexusai-erp-2/src/pages/RevenueAuditConsole.tsx'
    Imported via "@/components/ui/StandardTable" from file '/Users/mbjunaid/My Projects/nexusai-erp-2/src/pages/manufacturing/BOMDesigner.tsx'
    Imported via "@/components/ui/StandardTable" from file '/Users/mbjunaid/My Projects/nexusai-erp-2/src/pages/manufacturing/RoutingEditor.tsx'
    Imported via "@/components/ui/StandardTable" from file '/Users/mbjunaid/My Projects/nexusai-erp-2/src/pages/manufacturing/WorkCenterManager.tsx'
    Imported via "@/components/ui/StandardTable" from file '/Users/mbjunaid/My Projects/nexusai-erp-2/src/pages/manufacturing/ResourceManager.tsx'
    Imported via "@/components/ui/StandardTable" from file '/Users/mbjunaid/My Projects/nexusai-erp-2/src/pages/manufacturing/WorkOrderList.tsx'
    Imported via "@/components/ui/StandardTable" from file '/Users/mbjunaid/My Projects/nexusai-erp-2/src/pages/manufacturing/QualityManager.tsx'
    Imported via "@/components/ui/StandardTable" from file '/Users/mbjunaid/My Projects/nexusai-erp-2/src/pages/manufacturing/MRPWorkbench.tsx'
    Imported via "@/components/ui/StandardTable" from file '/Users/mbjunaid/My Projects/nexusai-erp-2/src/pages/manufacturing/CalendarManager.tsx'
    Imported via "@/components/ui/StandardTable" from file '/Users/mbjunaid/My Projects/nexusai-erp-2/src/pages/manufacturing/StandardOpLibrary.tsx'
    Imported via "@/components/ui/StandardTable" from file '/Users/mbjunaid/My Projects/nexusai-erp-2/src/pages/manufacturing/CostingWorkbench.tsx'
    Imported via "@/components/ui/StandardTable" from file '/Users/mbjunaid/My Projects/nexusai-erp-2/src/pages/manufacturing/WIPDashboard.tsx'
    Imported via "@/components/ui/StandardTable" from file '/Users/mbjunaid/My Projects/nexusai-erp-2/src/pages/manufacturing/VarianceAnalysis.tsx'
    Imported via "@/components/ui/StandardTable" from file '/Users/mbjunaid/My Projects/nexusai-erp-2/src/pages/manufacturing/FormulaDesigner.tsx'
    Imported via "@/components/ui/StandardTable" from file '/Users/mbjunaid/My Projects/nexusai-erp-2/src/pages/manufacturing/RecipeManager.tsx'
    Imported via "@/components/ui/StandardTable" from file '/Users/mbjunaid/My Projects/nexusai-erp-2/src/pages/manufacturing/BatchWorkbench.tsx'
    Imported via "@/components/ui/StandardTable" from file '/Users/mbjunaid/My Projects/nexusai-erp-2/src/pages/manufacturing/BatchGenealogy.tsx'
    Imported via '@/components/ui/StandardTable' from file '/Users/mbjunaid/My Projects/nexusai-erp-2/src/pages/InventoryDashboardView.tsx'
    Imported via "@/components/ui/StandardTable" from file '/Users/mbjunaid/My Projects/nexusai-erp-2/src/pages/SupplierManagement.tsx'
    Imported via "@/components/ui/StandardTable" from file '/Users/mbjunaid/My Projects/nexusai-erp-2/src/pages/transportation/RoutePlanningWorkbench.tsx'
    Imported via "@/components/ui/StandardTable" from file '/Users/mbjunaid/My Projects/nexusai-erp-2/src/pages/transportation/CarrierManager.tsx'
    Imported via "@/components/ui/StandardTable" from file '/Users/mbjunaid/My Projects/nexusai-erp-2/src/pages/transportation/FreightSettlementConsole.tsx'
    Imported via "@/components/ui/StandardTable" from file '/Users/mbjunaid/My Projects/nexusai-erp-2/src/pages/projects/ProjectList.tsx'
    Imported via "@/components/ui/StandardTable" from file '/Users/mbjunaid/My Projects/nexusai-erp-2/src/pages/projects/TaskList.tsx'
    Imported via "@/components/ui/StandardTable" from file '/Users/mbjunaid/My Projects/nexusai-erp-2/src/pages/projects/AssetWorkbench.tsx'
    Imported via "@/components/ui/StandardTable" from file '/Users/mbjunaid/My Projects/nexusai-erp-2/src/pages/projects/BillRateManager.tsx'
    Imported via "@/components/ui/StandardTable" from file '/Users/mbjunaid/My Projects/nexusai-erp-2/src/pages/projects/BillingRulesManager.tsx'
    Imported via "@/components/ui/StandardTable" from file '/Users/mbjunaid/My Projects/nexusai-erp-2/src/pages/projects/BurdenManager.tsx'
    Imported via "@/components/ui/StandardTable" from file '/Users/mbjunaid/My Projects/nexusai-erp-2/src/pages/projects/ProjectTemplateManager.tsx'
    Imported via "@/components/ui/StandardTable" from file '/Users/mbjunaid/My Projects/nexusai-erp-2/src/pages/UserManagement.tsx'
    Imported via "@/components/ui/StandardTable" from file '/Users/mbjunaid/My Projects/nexusai-erp-2/src/pages/EnvironmentManagement.tsx'
    Imported via "@/components/ui/StandardTable" from file '/Users/mbjunaid/My Projects/nexusai-erp-2/src/pages/order/OrderWorkbench.tsx'
    Imported via "@/components/ui/StandardTable" from file '/Users/mbjunaid/My Projects/nexusai-erp-2/src/pages/order/ShipmentWorkbench.tsx'
    Imported via "@/components/ui/StandardTable" from file '/Users/mbjunaid/My Projects/nexusai-erp-2/src/pages/order/ReturnsWorkbench.tsx'
    Imported via "@/components/ui/StandardTable" from file '/Users/mbjunaid/My Projects/nexusai-erp-2/src/pages/order/OrderConfigManager.tsx'
    Imported via "@/components/ui/StandardTable" from file '/Users/mbjunaid/My Projects/nexusai-erp-2/src/pages/order/PriceListManager.tsx'
    Imported via "@/components/ui/StandardTable" from file '/Users/mbjunaid/My Projects/nexusai-erp-2/src/pages/SalesOrderManagement.tsx'
    Imported via "@/components/ui/StandardTable" from file '/Users/mbjunaid/My Projects/nexusai-erp-2/src/pages/PatientManagement.tsx'
    Imported via "@/components/ui/standardtable" from file '/Users/mbjunaid/My Projects/nexusai-erp-2/src/pages/ComplianceExceptions.tsx'
    Imported via "@/components/ui/standardtable" from file '/Users/mbjunaid/My Projects/nexusai-erp-2/src/pages/ComplianceGovernance.tsx'
    Imported via "@/components/ui/standardtable" from file '/Users/mbjunaid/My Projects/nexusai-erp-2/src/pages/AuditTrails.tsx'
    Imported via "@/components/ui/standardtable" from file '/Users/mbjunaid/My Projects/nexusai-erp-2/src/pages/SecurityProfiles.tsx'
    Imported via "@/components/ui/StandardTable" from file '/Users/mbjunaid/My Projects/nexusai-erp-2/src/pages/PartyDirectory.tsx'
    Imported via "@/components/ui/StandardTable" from file '/Users/mbjunaid/My Projects/nexusai-erp-2/src/pages/ReferenceDataList.tsx'
    Imported via "@/components/ui/StandardTable" from file '/Users/mbjunaid/My Projects/nexusai-erp-2/src/pages/ReferenceDataDetail.tsx'
    Imported via "@/components/ui/StandardTable" from file '/Users/mbjunaid/My Projects/nexusai-erp-2/src/pages/MatchRuleList.tsx'
    Imported via "@/components/ui/StandardTable" from file '/Users/mbjunaid/My Projects/nexusai-erp-2/src/pages/SurvivorshipRuleList.tsx'
    Imported via "@/components/ui/StandardTable" from file '/Users/mbjunaid/My Projects/nexusai-erp-2/src/pages/ItemDirectory.tsx'
    Imported via "@/components/ui/StandardTable" from file '/Users/mbjunaid/My Projects/nexusai-erp-2/src/pages/ChangeRequestInbox.tsx'
    Imported via "@/components/ui/StandardTable" from file '/Users/mbjunaid/My Projects/nexusai-erp-2/src/pages/learning/instructor/InstructorDashboard.tsx'
    Imported via "@/components/ui/standardtable" from file '/Users/mbjunaid/My Projects/nexusai-erp-2/src/pages/hr/selfservice/MyTimeCard.tsx'
    Imported via "@/components/ui/standardtable" from file '/Users/mbjunaid/My Projects/nexusai-erp-2/src/pages/HRAnalyticsDashboard.tsx'
    Imported via "@/components/ui/standardtable" from file '/Users/mbjunaid/My Projects/nexusai-erp-2/src/pages/HRReports.tsx'
    Imported via "@/components/ui/standardtable" from file '/Users/mbjunaid/My Projects/nexusai-erp-2/src/pages/analytics/KpiConfiguration.tsx'
    Imported via "@/components/ui/standardtable" from file '/Users/mbjunaid/My Projects/nexusai-erp-2/src/pages/analytics/ReportScheduler.tsx'
    Imported via "@/components/ui/StandardTable" from file '/Users/mbjunaid/My Projects/nexusai-erp-2/src/pages/learning/admin/CourseCatalogAdmin.tsx'
    Imported via "@/components/ui/standardtable" from file '/Users/mbjunaid/My Projects/nexusai-erp-2/src/pages/hr/selfservice/DelegationWorkbench.tsx'
    Imported via "@/components/ui/standardtable" from file '/Users/mbjunaid/My Projects/nexusai-erp-2/src/pages/hr/selfservice/VoluntaryDeductions.tsx'
    Imported via "@/components/ui/standardtable" from file '/Users/mbjunaid/My Projects/nexusai-erp-2/src/pages/hr/selfservice/StatutoryForms.tsx'
    Imported via "@/components/ui/StandardTable" from file '/Users/mbjunaid/My Projects/nexusai-erp-2/src/components/ap/ApApprovalList.tsx'
    Imported via "@/components/ui/StandardTable" from file '/Users/mbjunaid/My Projects/nexusai-erp-2/src/components/ap/ApInvoiceList.tsx'
    Imported via "@/components/ui/StandardTable" from file '/Users/mbjunaid/My Projects/nexusai-erp-2/src/components/ap/ApSupplierList.tsx'
    Imported via "@/components/ui/StandardTable" from file '/Users/mbjunaid/My Projects/nexusai-erp-2/src/components/inventory/WavePlanningConsole.tsx'
    Imported via "@/components/ui/StandardTable" from file '/Users/mbjunaid/My Projects/nexusai-erp-2/src/components/inventory/WmsTaskWorkbench.tsx'
    Imported via "@/components/ui/StandardTable" from file '/Users/mbjunaid/My Projects/nexusai-erp-2/src/components/ppm/BillingWorkbench.tsx'
    Imported via "@/components/ui/StandardTable" from file '/Users/mbjunaid/My Projects/nexusai-erp-2/src/components/ppm/PpmWorkbench.tsx'
    Imported via "@/components/ui/StandardTable" from file '/Users/mbjunaid/My Projects/nexusai-erp-2/src/components/procurement/SupplierManager.tsx'
    Imported via "@/components/ui/StandardTable" from file '/Users/mbjunaid/My Projects/nexusai-erp-2/src/components/procurement/SupplierSiteManager.tsx'
    Matched by include pattern 'src' in '/Users/mbjunaid/My Projects/nexusai-erp-2/tsconfig.json'
    Imported via "@/components/ui/StandardTable" from file '/Users/mbjunaid/My Projects/nexusai-erp-2/src/pages/ARInvoices.tsx'
    Imported via "@/components/ui/StandardTable" from file '/Users/mbjunaid/My Projects/nexusai-erp-2/src/pages/AuditLogs.tsx'
    Imported via "@/components/ui/StandardTable" from file '/Users/mbjunaid/My Projects/nexusai-erp-2/src/pages/ClientManagement.tsx'
    Imported via "@/components/ui/StandardTable" from file '/Users/mbjunaid/My Projects/nexusai-erp-2/src/pages/CostInsights.tsx'
    Imported via "@/components/ui/StandardTable" from file '/Users/mbjunaid/My Projects/nexusai-erp-2/src/pages/OpportunitiesDetail.tsx'
    Imported via "@/components/ui/StandardTable" from file '/Users/mbjunaid/My Projects/nexusai-erp-2/src/pages/OpportunityList.tsx'
    Imported via "@/components/ui/StandardTable" from file '/Users/mbjunaid/My Projects/nexusai-erp-2/src/pages/RetailProductCatalog.tsx'
    Imported via "@/components/ui/StandardTable" from file '/Users/mbjunaid/My Projects/nexusai-erp-2/src/pages/RoleManagement.tsx'
    Imported via "@/components/ui/StandardTable" from file '/Users/mbjunaid/My Projects/nexusai-erp-2/src/pages/StudentManagement.tsx'
    Imported via '@/components/ui/StandardTable' from file '/Users/mbjunaid/My Projects/nexusai-erp-2/src/pages/cost-management/DistributionsViewer.tsx'
    Imported via "@/components/ui/StandardTable" from file '/Users/mbjunaid/My Projects/nexusai-erp-2/src/pages/crm/AccountDetail.tsx'
    Imported via "@/components/ui/StandardTable" from file '/Users/mbjunaid/My Projects/nexusai-erp-2/src/pages/fixed-assets/AssetWorkbench.tsx'
    Imported via "@/components/ui/StandardTable" from file '/Users/mbjunaid/My Projects/nexusai-erp-2/src/pages/inventory/LotSerialManager.tsx'
    Imported via "@/components/ui/StandardTable" from file '/Users/mbjunaid/My Projects/nexusai-erp-2/src/pages/procurement/PurchaseOrderList.tsx'
    Imported via "@/components/ui/StandardTable" from file '/Users/mbjunaid/My Projects/nexusai-erp-2/src/pages/procurement/RequisitionBoard.tsx'
    Imported via "@/components/ui/StandardTable" from file '/Users/mbjunaid/My Projects/nexusai-erp-2/src/pages/projects/ExpenditureInquiry.tsx'
    Imported via "@/components/ui/StandardTable" from file '/Users/mbjunaid/My Projects/nexusai-erp-2/src/pages/projects/ExpenditureTypeManager.tsx'
    Imported via "@/components/ui/StandardTable" from file '/Users/mbjunaid/My Projects/nexusai-erp-2/src/pages/projects/SlaEventMonitor.tsx'
    Imported via "@/components/ui/StandardTable" from file '/Users/mbjunaid/My Projects/nexusai-erp-2/src/pages/projects/TransactionImport.tsx'
    Imported via "@/components/ui/StandardTable" from file '/Users/mbjunaid/My Projects/nexusai-erp-2/src/pages/supply-chain/PartnerList.tsx'
    Imported via "@/components/ui/StandardTable" from file '/Users/mbjunaid/My Projects/nexusai-erp-2/src/pages/supply-chain/ShipmentList.tsx'
src/pages/billing/BillingProfileManager.tsx(210,22): error TS2304: Cannot find name 'StandardTable'.
src/pages/billing/BillingProfileManager.tsx(236,40): error TS7006: Parameter 'item' implicitly has an 'any' type.
src/pages/billing/BillingProfileManager.tsx(238,38): error TS7006: Parameter 'item' implicitly has an 'any' type.
src/pages/billing/BillingRulesManager.tsx(132,41): error TS2322: Type 'string | null | undefined' is not assignable to type 'string | undefined'.
  Type 'null' is not assignable to type 'string | undefined'.
src/pages/billing/BillingWorkbench.tsx(95,51): error TS2322: Type '{}' is not assignable to type 'ReactNode'.
src/pages/BillingPlans.tsx(36,7): error TS2322: Type '{ children: Element; title: string; subtitle: string; }' is not assignable to type 'IntrinsicAttributes & StandardPageProps'.
  Property 'subtitle' does not exist on type 'IntrinsicAttributes & StandardPageProps'.
src/pages/ComplianceExceptions.tsx(14,39): error TS1149: File name '/Users/mbjunaid/My Projects/nexusai-erp-2/src/components/ui/standardtable.tsx' differs from already included file name '/Users/mbjunaid/My Projects/nexusai-erp-2/src/components/ui/StandardTable.tsx' only in casing.
  The file is in the program because:
    Imported via "@/components/ui/StandardTable" from file '/Users/mbjunaid/My Projects/nexusai-erp-2/src/pages/LeadsDetail.tsx'
    Imported via "@/components/ui/StandardTable" from file '/Users/mbjunaid/My Projects/nexusai-erp-2/src/components/crm/AccountRelatedLists.tsx'
    Imported via "@/components/ui/StandardTable" from file '/Users/mbjunaid/My Projects/nexusai-erp-2/src/pages/crm/ContactList.tsx'
    Imported via "@/components/ui/StandardTable" from file '/Users/mbjunaid/My Projects/nexusai-erp-2/src/components/treasury/TreasuryWorkbench.tsx'
    Imported via "@/components/ui/StandardTable" from file '/Users/mbjunaid/My Projects/nexusai-erp-2/src/components/treasury/CounterpartyManager.tsx'
    Imported via "@/components/ui/StandardTable" from file '/Users/mbjunaid/My Projects/nexusai-erp-2/src/components/cash/ReconciliationWorkbench.tsx'
    Imported via "@/components/ui/StandardTable" from file '/Users/mbjunaid/My Projects/nexusai-erp-2/src/pages/finance/FixedAssets.tsx'
    Imported via "@/components/ui/StandardTable" from file '/Users/mbjunaid/My Projects/nexusai-erp-2/src/pages/APInvoices.tsx'
    Imported via "@/components/ui/StandardTable" from file '/Users/mbjunaid/My Projects/nexusai-erp-2/src/components/ar/ArInvoiceList.tsx'
    Imported via "@/components/ui/StandardTable" from file '/Users/mbjunaid/My Projects/nexusai-erp-2/src/pages/billing/BillingWorkbench.tsx'
    Imported via "@/components/ui/StandardTable" from file '/Users/mbjunaid/My Projects/nexusai-erp-2/src/pages/billing/BillingRulesManager.tsx'
    Imported via "@/components/ui/StandardTable" from file '/Users/mbjunaid/My Projects/nexusai-erp-2/src/pages/billing/SubscriptionWorkbench.tsx'
    Imported via "@/components/ui/StandardTable" from file '/Users/mbjunaid/My Projects/nexusai-erp-2/src/pages/JournalEntries.tsx'
    Imported via "@/components/ui/StandardTable" from file '/Users/mbjunaid/My Projects/nexusai-erp-2/src/pages/gl/TrialBalance.tsx'
    Imported via "@/components/ui/StandardTable" from file '/Users/mbjunaid/My Projects/nexusai-erp-2/src/pages/gl/CoaStructureSetup.tsx'
    Imported via "@/components/ui/StandardTable" from file '/Users/mbjunaid/My Projects/nexusai-erp-2/src/pages/RevenueContractWorkbench.tsx'
    Imported via "@/components/ui/StandardTable" from file '/Users/mbjunaid/My Projects/nexusai-erp-2/src/pages/RevenueRuleManager.tsx'
    Imported via "@/components/ui/StandardTable" from file '/Users/mbjunaid/My Projects/nexusai-erp-2/src/pages/RevenueContractDetail.tsx'
    Imported via "@/components/ui/StandardTable" from file '/Users/mbjunaid/My Projects/nexusai-erp-2/src/pages/RevenuePeriodClose.tsx'
    Imported via "@/components/ui/StandardTable" from file '/Users/mbjunaid/My Projects/nexusai-erp-2/src/pages/SSPManager.tsx'
    Imported via "@/components/ui/StandardTable" from file '/Users/mbjunaid/My Projects/nexusai-erp-2/src/pages/RevenueSourceEvents.tsx'
    Imported via "@/components/ui/StandardTable" from file '/Users/mbjunaid/My Projects/nexusai-erp-2/src/pages/RevenueAuditConsole.tsx'
    Imported via "@/components/ui/StandardTable" from file '/Users/mbjunaid/My Projects/nexusai-erp-2/src/pages/manufacturing/BOMDesigner.tsx'
    Imported via "@/components/ui/StandardTable" from file '/Users/mbjunaid/My Projects/nexusai-erp-2/src/pages/manufacturing/RoutingEditor.tsx'
    Imported via "@/components/ui/StandardTable" from file '/Users/mbjunaid/My Projects/nexusai-erp-2/src/pages/manufacturing/WorkCenterManager.tsx'
    Imported via "@/components/ui/StandardTable" from file '/Users/mbjunaid/My Projects/nexusai-erp-2/src/pages/manufacturing/ResourceManager.tsx'
    Imported via "@/components/ui/StandardTable" from file '/Users/mbjunaid/My Projects/nexusai-erp-2/src/pages/manufacturing/WorkOrderList.tsx'
    Imported via "@/components/ui/StandardTable" from file '/Users/mbjunaid/My Projects/nexusai-erp-2/src/pages/manufacturing/QualityManager.tsx'
    Imported via "@/components/ui/StandardTable" from file '/Users/mbjunaid/My Projects/nexusai-erp-2/src/pages/manufacturing/MRPWorkbench.tsx'
    Imported via "@/components/ui/StandardTable" from file '/Users/mbjunaid/My Projects/nexusai-erp-2/src/pages/manufacturing/CalendarManager.tsx'
    Imported via "@/components/ui/StandardTable" from file '/Users/mbjunaid/My Projects/nexusai-erp-2/src/pages/manufacturing/StandardOpLibrary.tsx'
    Imported via "@/components/ui/StandardTable" from file '/Users/mbjunaid/My Projects/nexusai-erp-2/src/pages/manufacturing/CostingWorkbench.tsx'
    Imported via "@/components/ui/StandardTable" from file '/Users/mbjunaid/My Projects/nexusai-erp-2/src/pages/manufacturing/WIPDashboard.tsx'
    Imported via "@/components/ui/StandardTable" from file '/Users/mbjunaid/My Projects/nexusai-erp-2/src/pages/manufacturing/VarianceAnalysis.tsx'
    Imported via "@/components/ui/StandardTable" from file '/Users/mbjunaid/My Projects/nexusai-erp-2/src/pages/manufacturing/FormulaDesigner.tsx'
    Imported via "@/components/ui/StandardTable" from file '/Users/mbjunaid/My Projects/nexusai-erp-2/src/pages/manufacturing/RecipeManager.tsx'
    Imported via "@/components/ui/StandardTable" from file '/Users/mbjunaid/My Projects/nexusai-erp-2/src/pages/manufacturing/BatchWorkbench.tsx'
    Imported via "@/components/ui/StandardTable" from file '/Users/mbjunaid/My Projects/nexusai-erp-2/src/pages/manufacturing/BatchGenealogy.tsx'
    Imported via '@/components/ui/StandardTable' from file '/Users/mbjunaid/My Projects/nexusai-erp-2/src/pages/InventoryDashboardView.tsx'
    Imported via "@/components/ui/StandardTable" from file '/Users/mbjunaid/My Projects/nexusai-erp-2/src/pages/SupplierManagement.tsx'
    Imported via "@/components/ui/StandardTable" from file '/Users/mbjunaid/My Projects/nexusai-erp-2/src/pages/transportation/RoutePlanningWorkbench.tsx'
    Imported via "@/components/ui/StandardTable" from file '/Users/mbjunaid/My Projects/nexusai-erp-2/src/pages/transportation/CarrierManager.tsx'
    Imported via "@/components/ui/StandardTable" from file '/Users/mbjunaid/My Projects/nexusai-erp-2/src/pages/transportation/FreightSettlementConsole.tsx'
    Imported via "@/components/ui/StandardTable" from file '/Users/mbjunaid/My Projects/nexusai-erp-2/src/pages/projects/ProjectList.tsx'
    Imported via "@/components/ui/StandardTable" from file '/Users/mbjunaid/My Projects/nexusai-erp-2/src/pages/projects/TaskList.tsx'
    Imported via "@/components/ui/StandardTable" from file '/Users/mbjunaid/My Projects/nexusai-erp-2/src/pages/projects/AssetWorkbench.tsx'
    Imported via "@/components/ui/StandardTable" from file '/Users/mbjunaid/My Projects/nexusai-erp-2/src/pages/projects/BillRateManager.tsx'
    Imported via "@/components/ui/StandardTable" from file '/Users/mbjunaid/My Projects/nexusai-erp-2/src/pages/projects/BillingRulesManager.tsx'
    Imported via "@/components/ui/StandardTable" from file '/Users/mbjunaid/My Projects/nexusai-erp-2/src/pages/projects/BurdenManager.tsx'
    Imported via "@/components/ui/StandardTable" from file '/Users/mbjunaid/My Projects/nexusai-erp-2/src/pages/projects/ProjectTemplateManager.tsx'
    Imported via "@/components/ui/StandardTable" from file '/Users/mbjunaid/My Projects/nexusai-erp-2/src/pages/UserManagement.tsx'
    Imported via "@/components/ui/StandardTable" from file '/Users/mbjunaid/My Projects/nexusai-erp-2/src/pages/EnvironmentManagement.tsx'
    Imported via "@/components/ui/StandardTable" from file '/Users/mbjunaid/My Projects/nexusai-erp-2/src/pages/order/OrderWorkbench.tsx'
    Imported via "@/components/ui/StandardTable" from file '/Users/mbjunaid/My Projects/nexusai-erp-2/src/pages/order/ShipmentWorkbench.tsx'
    Imported via "@/components/ui/StandardTable" from file '/Users/mbjunaid/My Projects/nexusai-erp-2/src/pages/order/ReturnsWorkbench.tsx'
    Imported via "@/components/ui/StandardTable" from file '/Users/mbjunaid/My Projects/nexusai-erp-2/src/pages/order/OrderConfigManager.tsx'
    Imported via "@/components/ui/StandardTable" from file '/Users/mbjunaid/My Projects/nexusai-erp-2/src/pages/order/PriceListManager.tsx'
    Imported via "@/components/ui/StandardTable" from file '/Users/mbjunaid/My Projects/nexusai-erp-2/src/pages/SalesOrderManagement.tsx'
    Imported via "@/components/ui/StandardTable" from file '/Users/mbjunaid/My Projects/nexusai-erp-2/src/pages/PatientManagement.tsx'
    Imported via "@/components/ui/standardtable" from file '/Users/mbjunaid/My Projects/nexusai-erp-2/src/pages/ComplianceExceptions.tsx'
    Imported via "@/components/ui/standardtable" from file '/Users/mbjunaid/My Projects/nexusai-erp-2/src/pages/ComplianceGovernance.tsx'
    Imported via "@/components/ui/standardtable" from file '/Users/mbjunaid/My Projects/nexusai-erp-2/src/pages/AuditTrails.tsx'
    Imported via "@/components/ui/standardtable" from file '/Users/mbjunaid/My Projects/nexusai-erp-2/src/pages/SecurityProfiles.tsx'
    Imported via "@/components/ui/StandardTable" from file '/Users/mbjunaid/My Projects/nexusai-erp-2/src/pages/PartyDirectory.tsx'
    Imported via "@/components/ui/StandardTable" from file '/Users/mbjunaid/My Projects/nexusai-erp-2/src/pages/ReferenceDataList.tsx'
    Imported via "@/components/ui/StandardTable" from file '/Users/mbjunaid/My Projects/nexusai-erp-2/src/pages/ReferenceDataDetail.tsx'
    Imported via "@/components/ui/StandardTable" from file '/Users/mbjunaid/My Projects/nexusai-erp-2/src/pages/MatchRuleList.tsx'
    Imported via "@/components/ui/StandardTable" from file '/Users/mbjunaid/My Projects/nexusai-erp-2/src/pages/SurvivorshipRuleList.tsx'
    Imported via "@/components/ui/StandardTable" from file '/Users/mbjunaid/My Projects/nexusai-erp-2/src/pages/ItemDirectory.tsx'
    Imported via "@/components/ui/StandardTable" from file '/Users/mbjunaid/My Projects/nexusai-erp-2/src/pages/ChangeRequestInbox.tsx'
    Imported via "@/components/ui/StandardTable" from file '/Users/mbjunaid/My Projects/nexusai-erp-2/src/pages/learning/instructor/InstructorDashboard.tsx'
    Imported via "@/components/ui/standardtable" from file '/Users/mbjunaid/My Projects/nexusai-erp-2/src/pages/hr/selfservice/MyTimeCard.tsx'
    Imported via "@/components/ui/standardtable" from file '/Users/mbjunaid/My Projects/nexusai-erp-2/src/pages/HRAnalyticsDashboard.tsx'
    Imported via "@/components/ui/standardtable" from file '/Users/mbjunaid/My Projects/nexusai-erp-2/src/pages/HRReports.tsx'
    Imported via "@/components/ui/standardtable" from file '/Users/mbjunaid/My Projects/nexusai-erp-2/src/pages/analytics/KpiConfiguration.tsx'
    Imported via "@/components/ui/standardtable" from file '/Users/mbjunaid/My Projects/nexusai-erp-2/src/pages/analytics/ReportScheduler.tsx'
    Imported via "@/components/ui/StandardTable" from file '/Users/mbjunaid/My Projects/nexusai-erp-2/src/pages/learning/admin/CourseCatalogAdmin.tsx'
    Imported via "@/components/ui/standardtable" from file '/Users/mbjunaid/My Projects/nexusai-erp-2/src/pages/hr/selfservice/DelegationWorkbench.tsx'
    Imported via "@/components/ui/standardtable" from file '/Users/mbjunaid/My Projects/nexusai-erp-2/src/pages/hr/selfservice/VoluntaryDeductions.tsx'
    Imported via "@/components/ui/standardtable" from file '/Users/mbjunaid/My Projects/nexusai-erp-2/src/pages/hr/selfservice/StatutoryForms.tsx'
    Imported via "@/components/ui/StandardTable" from file '/Users/mbjunaid/My Projects/nexusai-erp-2/src/components/ap/ApApprovalList.tsx'
    Imported via "@/components/ui/StandardTable" from file '/Users/mbjunaid/My Projects/nexusai-erp-2/src/components/ap/ApInvoiceList.tsx'
    Imported via "@/components/ui/StandardTable" from file '/Users/mbjunaid/My Projects/nexusai-erp-2/src/components/ap/ApSupplierList.tsx'
    Imported via "@/components/ui/StandardTable" from file '/Users/mbjunaid/My Projects/nexusai-erp-2/src/components/inventory/WavePlanningConsole.tsx'
    Imported via "@/components/ui/StandardTable" from file '/Users/mbjunaid/My Projects/nexusai-erp-2/src/components/inventory/WmsTaskWorkbench.tsx'
    Imported via "@/components/ui/StandardTable" from file '/Users/mbjunaid/My Projects/nexusai-erp-2/src/components/ppm/BillingWorkbench.tsx'
    Imported via "@/components/ui/StandardTable" from file '/Users/mbjunaid/My Projects/nexusai-erp-2/src/components/ppm/PpmWorkbench.tsx'
    Imported via "@/components/ui/StandardTable" from file '/Users/mbjunaid/My Projects/nexusai-erp-2/src/components/procurement/SupplierManager.tsx'
    Imported via "@/components/ui/StandardTable" from file '/Users/mbjunaid/My Projects/nexusai-erp-2/src/components/procurement/SupplierSiteManager.tsx'
    Matched by include pattern 'src' in '/Users/mbjunaid/My Projects/nexusai-erp-2/tsconfig.json'
    Imported via "@/components/ui/StandardTable" from file '/Users/mbjunaid/My Projects/nexusai-erp-2/src/pages/ARInvoices.tsx'
    Imported via "@/components/ui/StandardTable" from file '/Users/mbjunaid/My Projects/nexusai-erp-2/src/pages/AuditLogs.tsx'
    Imported via "@/components/ui/StandardTable" from file '/Users/mbjunaid/My Projects/nexusai-erp-2/src/pages/ClientManagement.tsx'
    Imported via "@/components/ui/StandardTable" from file '/Users/mbjunaid/My Projects/nexusai-erp-2/src/pages/CostInsights.tsx'
    Imported via "@/components/ui/StandardTable" from file '/Users/mbjunaid/My Projects/nexusai-erp-2/src/pages/OpportunitiesDetail.tsx'
    Imported via "@/components/ui/StandardTable" from file '/Users/mbjunaid/My Projects/nexusai-erp-2/src/pages/OpportunityList.tsx'
    Imported via "@/components/ui/StandardTable" from file '/Users/mbjunaid/My Projects/nexusai-erp-2/src/pages/RetailProductCatalog.tsx'
    Imported via "@/components/ui/StandardTable" from file '/Users/mbjunaid/My Projects/nexusai-erp-2/src/pages/RoleManagement.tsx'
    Imported via "@/components/ui/StandardTable" from file '/Users/mbjunaid/My Projects/nexusai-erp-2/src/pages/StudentManagement.tsx'
    Imported via '@/components/ui/StandardTable' from file '/Users/mbjunaid/My Projects/nexusai-erp-2/src/pages/cost-management/DistributionsViewer.tsx'
    Imported via "@/components/ui/StandardTable" from file '/Users/mbjunaid/My Projects/nexusai-erp-2/src/pages/crm/AccountDetail.tsx'
    Imported via "@/components/ui/StandardTable" from file '/Users/mbjunaid/My Projects/nexusai-erp-2/src/pages/fixed-assets/AssetWorkbench.tsx'
    Imported via "@/components/ui/StandardTable" from file '/Users/mbjunaid/My Projects/nexusai-erp-2/src/pages/inventory/LotSerialManager.tsx'
    Imported via "@/components/ui/StandardTable" from file '/Users/mbjunaid/My Projects/nexusai-erp-2/src/pages/procurement/PurchaseOrderList.tsx'
    Imported via "@/components/ui/StandardTable" from file '/Users/mbjunaid/My Projects/nexusai-erp-2/src/pages/procurement/RequisitionBoard.tsx'
    Imported via "@/components/ui/StandardTable" from file '/Users/mbjunaid/My Projects/nexusai-erp-2/src/pages/projects/ExpenditureInquiry.tsx'
    Imported via "@/components/ui/StandardTable" from file '/Users/mbjunaid/My Projects/nexusai-erp-2/src/pages/projects/ExpenditureTypeManager.tsx'
    Imported via "@/components/ui/StandardTable" from file '/Users/mbjunaid/My Projects/nexusai-erp-2/src/pages/projects/SlaEventMonitor.tsx'
    Imported via "@/components/ui/StandardTable" from file '/Users/mbjunaid/My Projects/nexusai-erp-2/src/pages/projects/TransactionImport.tsx'
    Imported via "@/components/ui/StandardTable" from file '/Users/mbjunaid/My Projects/nexusai-erp-2/src/pages/supply-chain/PartnerList.tsx'
    Imported via "@/components/ui/StandardTable" from file '/Users/mbjunaid/My Projects/nexusai-erp-2/src/pages/supply-chain/ShipmentList.tsx'
src/pages/ComplianceGovernance.tsx(29,39): error TS1149: File name '/Users/mbjunaid/My Projects/nexusai-erp-2/src/components/ui/standardtable.tsx' differs from already included file name '/Users/mbjunaid/My Projects/nexusai-erp-2/src/components/ui/StandardTable.tsx' only in casing.
  The file is in the program because:
    Imported via "@/components/ui/StandardTable" from file '/Users/mbjunaid/My Projects/nexusai-erp-2/src/pages/LeadsDetail.tsx'
    Imported via "@/components/ui/StandardTable" from file '/Users/mbjunaid/My Projects/nexusai-erp-2/src/components/crm/AccountRelatedLists.tsx'
    Imported via "@/components/ui/StandardTable" from file '/Users/mbjunaid/My Projects/nexusai-erp-2/src/pages/crm/ContactList.tsx'
    Imported via "@/components/ui/StandardTable" from file '/Users/mbjunaid/My Projects/nexusai-erp-2/src/components/treasury/TreasuryWorkbench.tsx'
    Imported via "@/components/ui/StandardTable" from file '/Users/mbjunaid/My Projects/nexusai-erp-2/src/components/treasury/CounterpartyManager.tsx'
    Imported via "@/components/ui/StandardTable" from file '/Users/mbjunaid/My Projects/nexusai-erp-2/src/components/cash/ReconciliationWorkbench.tsx'
    Imported via "@/components/ui/StandardTable" from file '/Users/mbjunaid/My Projects/nexusai-erp-2/src/pages/finance/FixedAssets.tsx'
    Imported via "@/components/ui/StandardTable" from file '/Users/mbjunaid/My Projects/nexusai-erp-2/src/pages/APInvoices.tsx'
    Imported via "@/components/ui/StandardTable" from file '/Users/mbjunaid/My Projects/nexusai-erp-2/src/components/ar/ArInvoiceList.tsx'
    Imported via "@/components/ui/StandardTable" from file '/Users/mbjunaid/My Projects/nexusai-erp-2/src/pages/billing/BillingWorkbench.tsx'
    Imported via "@/components/ui/StandardTable" from file '/Users/mbjunaid/My Projects/nexusai-erp-2/src/pages/billing/BillingRulesManager.tsx'
    Imported via "@/components/ui/StandardTable" from file '/Users/mbjunaid/My Projects/nexusai-erp-2/src/pages/billing/SubscriptionWorkbench.tsx'
    Imported via "@/components/ui/StandardTable" from file '/Users/mbjunaid/My Projects/nexusai-erp-2/src/pages/JournalEntries.tsx'
    Imported via "@/components/ui/StandardTable" from file '/Users/mbjunaid/My Projects/nexusai-erp-2/src/pages/gl/TrialBalance.tsx'
    Imported via "@/components/ui/StandardTable" from file '/Users/mbjunaid/My Projects/nexusai-erp-2/src/pages/gl/CoaStructureSetup.tsx'
    Imported via "@/components/ui/StandardTable" from file '/Users/mbjunaid/My Projects/nexusai-erp-2/src/pages/RevenueContractWorkbench.tsx'
    Imported via "@/components/ui/StandardTable" from file '/Users/mbjunaid/My Projects/nexusai-erp-2/src/pages/RevenueRuleManager.tsx'
    Imported via "@/components/ui/StandardTable" from file '/Users/mbjunaid/My Projects/nexusai-erp-2/src/pages/RevenueContractDetail.tsx'
    Imported via "@/components/ui/StandardTable" from file '/Users/mbjunaid/My Projects/nexusai-erp-2/src/pages/RevenuePeriodClose.tsx'
    Imported via "@/components/ui/StandardTable" from file '/Users/mbjunaid/My Projects/nexusai-erp-2/src/pages/SSPManager.tsx'
    Imported via "@/components/ui/StandardTable" from file '/Users/mbjunaid/My Projects/nexusai-erp-2/src/pages/RevenueSourceEvents.tsx'
    Imported via "@/components/ui/StandardTable" from file '/Users/mbjunaid/My Projects/nexusai-erp-2/src/pages/RevenueAuditConsole.tsx'
    Imported via "@/components/ui/StandardTable" from file '/Users/mbjunaid/My Projects/nexusai-erp-2/src/pages/manufacturing/BOMDesigner.tsx'
    Imported via "@/components/ui/StandardTable" from file '/Users/mbjunaid/My Projects/nexusai-erp-2/src/pages/manufacturing/RoutingEditor.tsx'
    Imported via "@/components/ui/StandardTable" from file '/Users/mbjunaid/My Projects/nexusai-erp-2/src/pages/manufacturing/WorkCenterManager.tsx'
    Imported via "@/components/ui/StandardTable" from file '/Users/mbjunaid/My Projects/nexusai-erp-2/src/pages/manufacturing/ResourceManager.tsx'
    Imported via "@/components/ui/StandardTable" from file '/Users/mbjunaid/My Projects/nexusai-erp-2/src/pages/manufacturing/WorkOrderList.tsx'
    Imported via "@/components/ui/StandardTable" from file '/Users/mbjunaid/My Projects/nexusai-erp-2/src/pages/manufacturing/QualityManager.tsx'
    Imported via "@/components/ui/StandardTable" from file '/Users/mbjunaid/My Projects/nexusai-erp-2/src/pages/manufacturing/MRPWorkbench.tsx'
    Imported via "@/components/ui/StandardTable" from file '/Users/mbjunaid/My Projects/nexusai-erp-2/src/pages/manufacturing/CalendarManager.tsx'
    Imported via "@/components/ui/StandardTable" from file '/Users/mbjunaid/My Projects/nexusai-erp-2/src/pages/manufacturing/StandardOpLibrary.tsx'
    Imported via "@/components/ui/StandardTable" from file '/Users/mbjunaid/My Projects/nexusai-erp-2/src/pages/manufacturing/CostingWorkbench.tsx'
    Imported via "@/components/ui/StandardTable" from file '/Users/mbjunaid/My Projects/nexusai-erp-2/src/pages/manufacturing/WIPDashboard.tsx'
    Imported via "@/components/ui/StandardTable" from file '/Users/mbjunaid/My Projects/nexusai-erp-2/src/pages/manufacturing/VarianceAnalysis.tsx'
    Imported via "@/components/ui/StandardTable" from file '/Users/mbjunaid/My Projects/nexusai-erp-2/src/pages/manufacturing/FormulaDesigner.tsx'
    Imported via "@/components/ui/StandardTable" from file '/Users/mbjunaid/My Projects/nexusai-erp-2/src/pages/manufacturing/RecipeManager.tsx'
    Imported via "@/components/ui/StandardTable" from file '/Users/mbjunaid/My Projects/nexusai-erp-2/src/pages/manufacturing/BatchWorkbench.tsx'
    Imported via "@/components/ui/StandardTable" from file '/Users/mbjunaid/My Projects/nexusai-erp-2/src/pages/manufacturing/BatchGenealogy.tsx'
    Imported via '@/components/ui/StandardTable' from file '/Users/mbjunaid/My Projects/nexusai-erp-2/src/pages/InventoryDashboardView.tsx'
    Imported via "@/components/ui/StandardTable" from file '/Users/mbjunaid/My Projects/nexusai-erp-2/src/pages/SupplierManagement.tsx'
    Imported via "@/components/ui/StandardTable" from file '/Users/mbjunaid/My Projects/nexusai-erp-2/src/pages/transportation/RoutePlanningWorkbench.tsx'
    Imported via "@/components/ui/StandardTable" from file '/Users/mbjunaid/My Projects/nexusai-erp-2/src/pages/transportation/CarrierManager.tsx'
    Imported via "@/components/ui/StandardTable" from file '/Users/mbjunaid/My Projects/nexusai-erp-2/src/pages/transportation/FreightSettlementConsole.tsx'
    Imported via "@/components/ui/StandardTable" from file '/Users/mbjunaid/My Projects/nexusai-erp-2/src/pages/projects/ProjectList.tsx'
    Imported via "@/components/ui/StandardTable" from file '/Users/mbjunaid/My Projects/nexusai-erp-2/src/pages/projects/TaskList.tsx'
    Imported via "@/components/ui/StandardTable" from file '/Users/mbjunaid/My Projects/nexusai-erp-2/src/pages/projects/AssetWorkbench.tsx'
    Imported via "@/components/ui/StandardTable" from file '/Users/mbjunaid/My Projects/nexusai-erp-2/src/pages/projects/BillRateManager.tsx'
    Imported via "@/components/ui/StandardTable" from file '/Users/mbjunaid/My Projects/nexusai-erp-2/src/pages/projects/BillingRulesManager.tsx'
    Imported via "@/components/ui/StandardTable" from file '/Users/mbjunaid/My Projects/nexusai-erp-2/src/pages/projects/BurdenManager.tsx'
    Imported via "@/components/ui/StandardTable" from file '/Users/mbjunaid/My Projects/nexusai-erp-2/src/pages/projects/ProjectTemplateManager.tsx'
    Imported via "@/components/ui/StandardTable" from file '/Users/mbjunaid/My Projects/nexusai-erp-2/src/pages/UserManagement.tsx'
    Imported via "@/components/ui/StandardTable" from file '/Users/mbjunaid/My Projects/nexusai-erp-2/src/pages/EnvironmentManagement.tsx'
    Imported via "@/components/ui/StandardTable" from file '/Users/mbjunaid/My Projects/nexusai-erp-2/src/pages/order/OrderWorkbench.tsx'
    Imported via "@/components/ui/StandardTable" from file '/Users/mbjunaid/My Projects/nexusai-erp-2/src/pages/order/ShipmentWorkbench.tsx'
    Imported via "@/components/ui/StandardTable" from file '/Users/mbjunaid/My Projects/nexusai-erp-2/src/pages/order/ReturnsWorkbench.tsx'
    Imported via "@/components/ui/StandardTable" from file '/Users/mbjunaid/My Projects/nexusai-erp-2/src/pages/order/OrderConfigManager.tsx'
    Imported via "@/components/ui/StandardTable" from file '/Users/mbjunaid/My Projects/nexusai-erp-2/src/pages/order/PriceListManager.tsx'
    Imported via "@/components/ui/StandardTable" from file '/Users/mbjunaid/My Projects/nexusai-erp-2/src/pages/SalesOrderManagement.tsx'
    Imported via "@/components/ui/StandardTable" from file '/Users/mbjunaid/My Projects/nexusai-erp-2/src/pages/PatientManagement.tsx'
    Imported via "@/components/ui/standardtable" from file '/Users/mbjunaid/My Projects/nexusai-erp-2/src/pages/ComplianceExceptions.tsx'
    Imported via "@/components/ui/standardtable" from file '/Users/mbjunaid/My Projects/nexusai-erp-2/src/pages/ComplianceGovernance.tsx'
    Imported via "@/components/ui/standardtable" from file '/Users/mbjunaid/My Projects/nexusai-erp-2/src/pages/AuditTrails.tsx'
    Imported via "@/components/ui/standardtable" from file '/Users/mbjunaid/My Projects/nexusai-erp-2/src/pages/SecurityProfiles.tsx'
    Imported via "@/components/ui/StandardTable" from file '/Users/mbjunaid/My Projects/nexusai-erp-2/src/pages/PartyDirectory.tsx'
    Imported via "@/components/ui/StandardTable" from file '/Users/mbjunaid/My Projects/nexusai-erp-2/src/pages/ReferenceDataList.tsx'
    Imported via "@/components/ui/StandardTable" from file '/Users/mbjunaid/My Projects/nexusai-erp-2/src/pages/ReferenceDataDetail.tsx'
    Imported via "@/components/ui/StandardTable" from file '/Users/mbjunaid/My Projects/nexusai-erp-2/src/pages/MatchRuleList.tsx'
    Imported via "@/components/ui/StandardTable" from file '/Users/mbjunaid/My Projects/nexusai-erp-2/src/pages/SurvivorshipRuleList.tsx'
    Imported via "@/components/ui/StandardTable" from file '/Users/mbjunaid/My Projects/nexusai-erp-2/src/pages/ItemDirectory.tsx'
    Imported via "@/components/ui/StandardTable" from file '/Users/mbjunaid/My Projects/nexusai-erp-2/src/pages/ChangeRequestInbox.tsx'
    Imported via "@/components/ui/StandardTable" from file '/Users/mbjunaid/My Projects/nexusai-erp-2/src/pages/learning/instructor/InstructorDashboard.tsx'
    Imported via "@/components/ui/standardtable" from file '/Users/mbjunaid/My Projects/nexusai-erp-2/src/pages/hr/selfservice/MyTimeCard.tsx'
    Imported via "@/components/ui/standardtable" from file '/Users/mbjunaid/My Projects/nexusai-erp-2/src/pages/HRAnalyticsDashboard.tsx'
    Imported via "@/components/ui/standardtable" from file '/Users/mbjunaid/My Projects/nexusai-erp-2/src/pages/HRReports.tsx'
    Imported via "@/components/ui/standardtable" from file '/Users/mbjunaid/My Projects/nexusai-erp-2/src/pages/analytics/KpiConfiguration.tsx'
    Imported via "@/components/ui/standardtable" from file '/Users/mbjunaid/My Projects/nexusai-erp-2/src/pages/analytics/ReportScheduler.tsx'
    Imported via "@/components/ui/StandardTable" from file '/Users/mbjunaid/My Projects/nexusai-erp-2/src/pages/learning/admin/CourseCatalogAdmin.tsx'
    Imported via "@/components/ui/standardtable" from file '/Users/mbjunaid/My Projects/nexusai-erp-2/src/pages/hr/selfservice/DelegationWorkbench.tsx'
    Imported via "@/components/ui/standardtable" from file '/Users/mbjunaid/My Projects/nexusai-erp-2/src/pages/hr/selfservice/VoluntaryDeductions.tsx'
    Imported via "@/components/ui/standardtable" from file '/Users/mbjunaid/My Projects/nexusai-erp-2/src/pages/hr/selfservice/StatutoryForms.tsx'
    Imported via "@/components/ui/StandardTable" from file '/Users/mbjunaid/My Projects/nexusai-erp-2/src/components/ap/ApApprovalList.tsx'
    Imported via "@/components/ui/StandardTable" from file '/Users/mbjunaid/My Projects/nexusai-erp-2/src/components/ap/ApInvoiceList.tsx'
    Imported via "@/components/ui/StandardTable" from file '/Users/mbjunaid/My Projects/nexusai-erp-2/src/components/ap/ApSupplierList.tsx'
    Imported via "@/components/ui/StandardTable" from file '/Users/mbjunaid/My Projects/nexusai-erp-2/src/components/inventory/WavePlanningConsole.tsx'
    Imported via "@/components/ui/StandardTable" from file '/Users/mbjunaid/My Projects/nexusai-erp-2/src/components/inventory/WmsTaskWorkbench.tsx'
    Imported via "@/components/ui/StandardTable" from file '/Users/mbjunaid/My Projects/nexusai-erp-2/src/components/ppm/BillingWorkbench.tsx'
    Imported via "@/components/ui/StandardTable" from file '/Users/mbjunaid/My Projects/nexusai-erp-2/src/components/ppm/PpmWorkbench.tsx'
    Imported via "@/components/ui/StandardTable" from file '/Users/mbjunaid/My Projects/nexusai-erp-2/src/components/procurement/SupplierManager.tsx'
    Imported via "@/components/ui/StandardTable" from file '/Users/mbjunaid/My Projects/nexusai-erp-2/src/components/procurement/SupplierSiteManager.tsx'
    Matched by include pattern 'src' in '/Users/mbjunaid/My Projects/nexusai-erp-2/tsconfig.json'
    Imported via "@/components/ui/StandardTable" from file '/Users/mbjunaid/My Projects/nexusai-erp-2/src/pages/ARInvoices.tsx'
    Imported via "@/components/ui/StandardTable" from file '/Users/mbjunaid/My Projects/nexusai-erp-2/src/pages/AuditLogs.tsx'
    Imported via "@/components/ui/StandardTable" from file '/Users/mbjunaid/My Projects/nexusai-erp-2/src/pages/ClientManagement.tsx'
    Imported via "@/components/ui/StandardTable" from file '/Users/mbjunaid/My Projects/nexusai-erp-2/src/pages/CostInsights.tsx'
    Imported via "@/components/ui/StandardTable" from file '/Users/mbjunaid/My Projects/nexusai-erp-2/src/pages/OpportunitiesDetail.tsx'
    Imported via "@/components/ui/StandardTable" from file '/Users/mbjunaid/My Projects/nexusai-erp-2/src/pages/OpportunityList.tsx'
    Imported via "@/components/ui/StandardTable" from file '/Users/mbjunaid/My Projects/nexusai-erp-2/src/pages/RetailProductCatalog.tsx'
    Imported via "@/components/ui/StandardTable" from file '/Users/mbjunaid/My Projects/nexusai-erp-2/src/pages/RoleManagement.tsx'
    Imported via "@/components/ui/StandardTable" from file '/Users/mbjunaid/My Projects/nexusai-erp-2/src/pages/StudentManagement.tsx'
    Imported via '@/components/ui/StandardTable' from file '/Users/mbjunaid/My Projects/nexusai-erp-2/src/pages/cost-management/DistributionsViewer.tsx'
    Imported via "@/components/ui/StandardTable" from file '/Users/mbjunaid/My Projects/nexusai-erp-2/src/pages/crm/AccountDetail.tsx'
    Imported via "@/components/ui/StandardTable" from file '/Users/mbjunaid/My Projects/nexusai-erp-2/src/pages/fixed-assets/AssetWorkbench.tsx'
    Imported via "@/components/ui/StandardTable" from file '/Users/mbjunaid/My Projects/nexusai-erp-2/src/pages/inventory/LotSerialManager.tsx'
    Imported via "@/components/ui/StandardTable" from file '/Users/mbjunaid/My Projects/nexusai-erp-2/src/pages/procurement/PurchaseOrderList.tsx'
    Imported via "@/components/ui/StandardTable" from file '/Users/mbjunaid/My Projects/nexusai-erp-2/src/pages/procurement/RequisitionBoard.tsx'
    Imported via "@/components/ui/StandardTable" from file '/Users/mbjunaid/My Projects/nexusai-erp-2/src/pages/projects/ExpenditureInquiry.tsx'
    Imported via "@/components/ui/StandardTable" from file '/Users/mbjunaid/My Projects/nexusai-erp-2/src/pages/projects/ExpenditureTypeManager.tsx'
    Imported via "@/components/ui/StandardTable" from file '/Users/mbjunaid/My Projects/nexusai-erp-2/src/pages/projects/SlaEventMonitor.tsx'
    Imported via "@/components/ui/StandardTable" from file '/Users/mbjunaid/My Projects/nexusai-erp-2/src/pages/projects/TransactionImport.tsx'
    Imported via "@/components/ui/StandardTable" from file '/Users/mbjunaid/My Projects/nexusai-erp-2/src/pages/supply-chain/PartnerList.tsx'
    Imported via "@/components/ui/StandardTable" from file '/Users/mbjunaid/My Projects/nexusai-erp-2/src/pages/supply-chain/ShipmentList.tsx'
src/pages/crm/CaseDetail.tsx(186,30): error TS2304: Cannot find name 'BookOpen'.
src/pages/crm/CaseDetail.tsx(191,53): error TS2304: Cannot find name 'currentCase'.
src/pages/EnvironmentManagement.tsx(144,7): error TS2322: Type '{ children: Element; title: string; subtitle: string; }' is not assignable to type 'IntrinsicAttributes & StandardPageProps'.
  Property 'subtitle' does not exist on type 'IntrinsicAttributes & StandardPageProps'.
src/pages/EnvironmentManagement.tsx(233,11): error TS2322: Type 'EnvironmentVariable[]' is not assignable to type 'CellContext<EnvironmentVariable, unknown>[]'.
  Type 'EnvironmentVariable' is missing the following properties from type 'CellContext<EnvironmentVariable, unknown>': cell, column, getValue, renderValue, and 2 more.
src/pages/EnvironmentManagement.tsx(234,11): error TS2322: Type 'ColumnDef<EnvironmentVariable>[]' is not assignable to type 'Column<CellContext<EnvironmentVariable, unknown>>[]'.
  Type 'ColumnDef<EnvironmentVariable>' is not assignable to type 'Column<CellContext<EnvironmentVariable, unknown>>'.
    Type 'ColumnDefBase<EnvironmentVariable, unknown> & StringHeaderIdentifier' is not assignable to type 'Column<CellContext<EnvironmentVariable, unknown>>'.
      Types of property 'cell' are incompatible.
        Type 'ColumnDefTemplate<CellContext<EnvironmentVariable, unknown>> | undefined' is not assignable to type '((item: CellContext<EnvironmentVariable, unknown>) => ReactNode) | undefined'.
          Type 'string' is not assignable to type '(item: CellContext<EnvironmentVariable, unknown>) => ReactNode'.
src/pages/EnvironmentManagement.tsx(235,40): error TS2339: Property 'id' does not exist on type 'CellContext<EnvironmentVariable, unknown>'.
src/pages/EnvironmentManagement.tsx(236,11): error TS2322: Type '"key"' is not assignable to type 'keyof CellContext<EnvironmentVariable, unknown> | undefined'.
src/pages/hr/selfservice/DelegationWorkbench.tsx(15,39): error TS1149: File name '/Users/mbjunaid/My Projects/nexusai-erp-2/src/components/ui/standardtable.tsx' differs from already included file name '/Users/mbjunaid/My Projects/nexusai-erp-2/src/components/ui/StandardTable.tsx' only in casing.
  The file is in the program because:
    Imported via "@/components/ui/StandardTable" from file '/Users/mbjunaid/My Projects/nexusai-erp-2/src/pages/LeadsDetail.tsx'
    Imported via "@/components/ui/StandardTable" from file '/Users/mbjunaid/My Projects/nexusai-erp-2/src/components/crm/AccountRelatedLists.tsx'
    Imported via "@/components/ui/StandardTable" from file '/Users/mbjunaid/My Projects/nexusai-erp-2/src/pages/crm/ContactList.tsx'
    Imported via "@/components/ui/StandardTable" from file '/Users/mbjunaid/My Projects/nexusai-erp-2/src/components/treasury/TreasuryWorkbench.tsx'
    Imported via "@/components/ui/StandardTable" from file '/Users/mbjunaid/My Projects/nexusai-erp-2/src/components/treasury/CounterpartyManager.tsx'
    Imported via "@/components/ui/StandardTable" from file '/Users/mbjunaid/My Projects/nexusai-erp-2/src/components/cash/ReconciliationWorkbench.tsx'
    Imported via "@/components/ui/StandardTable" from file '/Users/mbjunaid/My Projects/nexusai-erp-2/src/pages/finance/FixedAssets.tsx'
    Imported via "@/components/ui/StandardTable" from file '/Users/mbjunaid/My Projects/nexusai-erp-2/src/pages/APInvoices.tsx'
    Imported via "@/components/ui/StandardTable" from file '/Users/mbjunaid/My Projects/nexusai-erp-2/src/components/ar/ArInvoiceList.tsx'
    Imported via "@/components/ui/StandardTable" from file '/Users/mbjunaid/My Projects/nexusai-erp-2/src/pages/billing/BillingWorkbench.tsx'
    Imported via "@/components/ui/StandardTable" from file '/Users/mbjunaid/My Projects/nexusai-erp-2/src/pages/billing/BillingRulesManager.tsx'
    Imported via "@/components/ui/StandardTable" from file '/Users/mbjunaid/My Projects/nexusai-erp-2/src/pages/billing/SubscriptionWorkbench.tsx'
    Imported via "@/components/ui/StandardTable" from file '/Users/mbjunaid/My Projects/nexusai-erp-2/src/pages/JournalEntries.tsx'
    Imported via "@/components/ui/StandardTable" from file '/Users/mbjunaid/My Projects/nexusai-erp-2/src/pages/gl/TrialBalance.tsx'
    Imported via "@/components/ui/StandardTable" from file '/Users/mbjunaid/My Projects/nexusai-erp-2/src/pages/gl/CoaStructureSetup.tsx'
    Imported via "@/components/ui/StandardTable" from file '/Users/mbjunaid/My Projects/nexusai-erp-2/src/pages/RevenueContractWorkbench.tsx'
    Imported via "@/components/ui/StandardTable" from file '/Users/mbjunaid/My Projects/nexusai-erp-2/src/pages/RevenueRuleManager.tsx'
    Imported via "@/components/ui/StandardTable" from file '/Users/mbjunaid/My Projects/nexusai-erp-2/src/pages/RevenueContractDetail.tsx'
    Imported via "@/components/ui/StandardTable" from file '/Users/mbjunaid/My Projects/nexusai-erp-2/src/pages/RevenuePeriodClose.tsx'
    Imported via "@/components/ui/StandardTable" from file '/Users/mbjunaid/My Projects/nexusai-erp-2/src/pages/SSPManager.tsx'
    Imported via "@/components/ui/StandardTable" from file '/Users/mbjunaid/My Projects/nexusai-erp-2/src/pages/RevenueSourceEvents.tsx'
    Imported via "@/components/ui/StandardTable" from file '/Users/mbjunaid/My Projects/nexusai-erp-2/src/pages/RevenueAuditConsole.tsx'
    Imported via "@/components/ui/StandardTable" from file '/Users/mbjunaid/My Projects/nexusai-erp-2/src/pages/manufacturing/BOMDesigner.tsx'
    Imported via "@/components/ui/StandardTable" from file '/Users/mbjunaid/My Projects/nexusai-erp-2/src/pages/manufacturing/RoutingEditor.tsx'
    Imported via "@/components/ui/StandardTable" from file '/Users/mbjunaid/My Projects/nexusai-erp-2/src/pages/manufacturing/WorkCenterManager.tsx'
    Imported via "@/components/ui/StandardTable" from file '/Users/mbjunaid/My Projects/nexusai-erp-2/src/pages/manufacturing/ResourceManager.tsx'
    Imported via "@/components/ui/StandardTable" from file '/Users/mbjunaid/My Projects/nexusai-erp-2/src/pages/manufacturing/WorkOrderList.tsx'
    Imported via "@/components/ui/StandardTable" from file '/Users/mbjunaid/My Projects/nexusai-erp-2/src/pages/manufacturing/QualityManager.tsx'
    Imported via "@/components/ui/StandardTable" from file '/Users/mbjunaid/My Projects/nexusai-erp-2/src/pages/manufacturing/MRPWorkbench.tsx'
    Imported via "@/components/ui/StandardTable" from file '/Users/mbjunaid/My Projects/nexusai-erp-2/src/pages/manufacturing/CalendarManager.tsx'
    Imported via "@/components/ui/StandardTable" from file '/Users/mbjunaid/My Projects/nexusai-erp-2/src/pages/manufacturing/StandardOpLibrary.tsx'
    Imported via "@/components/ui/StandardTable" from file '/Users/mbjunaid/My Projects/nexusai-erp-2/src/pages/manufacturing/CostingWorkbench.tsx'
    Imported via "@/components/ui/StandardTable" from file '/Users/mbjunaid/My Projects/nexusai-erp-2/src/pages/manufacturing/WIPDashboard.tsx'
    Imported via "@/components/ui/StandardTable" from file '/Users/mbjunaid/My Projects/nexusai-erp-2/src/pages/manufacturing/VarianceAnalysis.tsx'
    Imported via "@/components/ui/StandardTable" from file '/Users/mbjunaid/My Projects/nexusai-erp-2/src/pages/manufacturing/FormulaDesigner.tsx'
    Imported via "@/components/ui/StandardTable" from file '/Users/mbjunaid/My Projects/nexusai-erp-2/src/pages/manufacturing/RecipeManager.tsx'
    Imported via "@/components/ui/StandardTable" from file '/Users/mbjunaid/My Projects/nexusai-erp-2/src/pages/manufacturing/BatchWorkbench.tsx'
    Imported via "@/components/ui/StandardTable" from file '/Users/mbjunaid/My Projects/nexusai-erp-2/src/pages/manufacturing/BatchGenealogy.tsx'
    Imported via '@/components/ui/StandardTable' from file '/Users/mbjunaid/My Projects/nexusai-erp-2/src/pages/InventoryDashboardView.tsx'
    Imported via "@/components/ui/StandardTable" from file '/Users/mbjunaid/My Projects/nexusai-erp-2/src/pages/SupplierManagement.tsx'
    Imported via "@/components/ui/StandardTable" from file '/Users/mbjunaid/My Projects/nexusai-erp-2/src/pages/transportation/RoutePlanningWorkbench.tsx'
    Imported via "@/components/ui/StandardTable" from file '/Users/mbjunaid/My Projects/nexusai-erp-2/src/pages/transportation/CarrierManager.tsx'
    Imported via "@/components/ui/StandardTable" from file '/Users/mbjunaid/My Projects/nexusai-erp-2/src/pages/transportation/FreightSettlementConsole.tsx'
    Imported via "@/components/ui/StandardTable" from file '/Users/mbjunaid/My Projects/nexusai-erp-2/src/pages/projects/ProjectList.tsx'
    Imported via "@/components/ui/StandardTable" from file '/Users/mbjunaid/My Projects/nexusai-erp-2/src/pages/projects/TaskList.tsx'
    Imported via "@/components/ui/StandardTable" from file '/Users/mbjunaid/My Projects/nexusai-erp-2/src/pages/projects/AssetWorkbench.tsx'
    Imported via "@/components/ui/StandardTable" from file '/Users/mbjunaid/My Projects/nexusai-erp-2/src/pages/projects/BillRateManager.tsx'
    Imported via "@/components/ui/StandardTable" from file '/Users/mbjunaid/My Projects/nexusai-erp-2/src/pages/projects/BillingRulesManager.tsx'
    Imported via "@/components/ui/StandardTable" from file '/Users/mbjunaid/My Projects/nexusai-erp-2/src/pages/projects/BurdenManager.tsx'
    Imported via "@/components/ui/StandardTable" from file '/Users/mbjunaid/My Projects/nexusai-erp-2/src/pages/projects/ProjectTemplateManager.tsx'
    Imported via "@/components/ui/StandardTable" from file '/Users/mbjunaid/My Projects/nexusai-erp-2/src/pages/UserManagement.tsx'
    Imported via "@/components/ui/StandardTable" from file '/Users/mbjunaid/My Projects/nexusai-erp-2/src/pages/EnvironmentManagement.tsx'
    Imported via "@/components/ui/StandardTable" from file '/Users/mbjunaid/My Projects/nexusai-erp-2/src/pages/order/OrderWorkbench.tsx'
    Imported via "@/components/ui/StandardTable" from file '/Users/mbjunaid/My Projects/nexusai-erp-2/src/pages/order/ShipmentWorkbench.tsx'
    Imported via "@/components/ui/StandardTable" from file '/Users/mbjunaid/My Projects/nexusai-erp-2/src/pages/order/ReturnsWorkbench.tsx'
    Imported via "@/components/ui/StandardTable" from file '/Users/mbjunaid/My Projects/nexusai-erp-2/src/pages/order/OrderConfigManager.tsx'
    Imported via "@/components/ui/StandardTable" from file '/Users/mbjunaid/My Projects/nexusai-erp-2/src/pages/order/PriceListManager.tsx'
    Imported via "@/components/ui/StandardTable" from file '/Users/mbjunaid/My Projects/nexusai-erp-2/src/pages/SalesOrderManagement.tsx'
    Imported via "@/components/ui/StandardTable" from file '/Users/mbjunaid/My Projects/nexusai-erp-2/src/pages/PatientManagement.tsx'
    Imported via "@/components/ui/standardtable" from file '/Users/mbjunaid/My Projects/nexusai-erp-2/src/pages/ComplianceExceptions.tsx'
    Imported via "@/components/ui/standardtable" from file '/Users/mbjunaid/My Projects/nexusai-erp-2/src/pages/ComplianceGovernance.tsx'
    Imported via "@/components/ui/standardtable" from file '/Users/mbjunaid/My Projects/nexusai-erp-2/src/pages/AuditTrails.tsx'
    Imported via "@/components/ui/standardtable" from file '/Users/mbjunaid/My Projects/nexusai-erp-2/src/pages/SecurityProfiles.tsx'
    Imported via "@/components/ui/StandardTable" from file '/Users/mbjunaid/My Projects/nexusai-erp-2/src/pages/PartyDirectory.tsx'
    Imported via "@/components/ui/StandardTable" from file '/Users/mbjunaid/My Projects/nexusai-erp-2/src/pages/ReferenceDataList.tsx'
    Imported via "@/components/ui/StandardTable" from file '/Users/mbjunaid/My Projects/nexusai-erp-2/src/pages/ReferenceDataDetail.tsx'
    Imported via "@/components/ui/StandardTable" from file '/Users/mbjunaid/My Projects/nexusai-erp-2/src/pages/MatchRuleList.tsx'
    Imported via "@/components/ui/StandardTable" from file '/Users/mbjunaid/My Projects/nexusai-erp-2/src/pages/SurvivorshipRuleList.tsx'
    Imported via "@/components/ui/StandardTable" from file '/Users/mbjunaid/My Projects/nexusai-erp-2/src/pages/ItemDirectory.tsx'
    Imported via "@/components/ui/StandardTable" from file '/Users/mbjunaid/My Projects/nexusai-erp-2/src/pages/ChangeRequestInbox.tsx'
    Imported via "@/components/ui/StandardTable" from file '/Users/mbjunaid/My Projects/nexusai-erp-2/src/pages/learning/instructor/InstructorDashboard.tsx'
    Imported via "@/components/ui/standardtable" from file '/Users/mbjunaid/My Projects/nexusai-erp-2/src/pages/hr/selfservice/MyTimeCard.tsx'
    Imported via "@/components/ui/standardtable" from file '/Users/mbjunaid/My Projects/nexusai-erp-2/src/pages/HRAnalyticsDashboard.tsx'
    Imported via "@/components/ui/standardtable" from file '/Users/mbjunaid/My Projects/nexusai-erp-2/src/pages/HRReports.tsx'
    Imported via "@/components/ui/standardtable" from file '/Users/mbjunaid/My Projects/nexusai-erp-2/src/pages/analytics/KpiConfiguration.tsx'
    Imported via "@/components/ui/standardtable" from file '/Users/mbjunaid/My Projects/nexusai-erp-2/src/pages/analytics/ReportScheduler.tsx'
    Imported via "@/components/ui/StandardTable" from file '/Users/mbjunaid/My Projects/nexusai-erp-2/src/pages/learning/admin/CourseCatalogAdmin.tsx'
    Imported via "@/components/ui/standardtable" from file '/Users/mbjunaid/My Projects/nexusai-erp-2/src/pages/hr/selfservice/DelegationWorkbench.tsx'
    Imported via "@/components/ui/standardtable" from file '/Users/mbjunaid/My Projects/nexusai-erp-2/src/pages/hr/selfservice/VoluntaryDeductions.tsx'
    Imported via "@/components/ui/standardtable" from file '/Users/mbjunaid/My Projects/nexusai-erp-2/src/pages/hr/selfservice/StatutoryForms.tsx'
    Imported via "@/components/ui/StandardTable" from file '/Users/mbjunaid/My Projects/nexusai-erp-2/src/components/ap/ApApprovalList.tsx'
    Imported via "@/components/ui/StandardTable" from file '/Users/mbjunaid/My Projects/nexusai-erp-2/src/components/ap/ApInvoiceList.tsx'
    Imported via "@/components/ui/StandardTable" from file '/Users/mbjunaid/My Projects/nexusai-erp-2/src/components/ap/ApSupplierList.tsx'
    Imported via "@/components/ui/StandardTable" from file '/Users/mbjunaid/My Projects/nexusai-erp-2/src/components/inventory/WavePlanningConsole.tsx'
    Imported via "@/components/ui/StandardTable" from file '/Users/mbjunaid/My Projects/nexusai-erp-2/src/components/inventory/WmsTaskWorkbench.tsx'
    Imported via "@/components/ui/StandardTable" from file '/Users/mbjunaid/My Projects/nexusai-erp-2/src/components/ppm/BillingWorkbench.tsx'
    Imported via "@/components/ui/StandardTable" from file '/Users/mbjunaid/My Projects/nexusai-erp-2/src/components/ppm/PpmWorkbench.tsx'
    Imported via "@/components/ui/StandardTable" from file '/Users/mbjunaid/My Projects/nexusai-erp-2/src/components/procurement/SupplierManager.tsx'
    Imported via "@/components/ui/StandardTable" from file '/Users/mbjunaid/My Projects/nexusai-erp-2/src/components/procurement/SupplierSiteManager.tsx'
    Matched by include pattern 'src' in '/Users/mbjunaid/My Projects/nexusai-erp-2/tsconfig.json'
    Imported via "@/components/ui/StandardTable" from file '/Users/mbjunaid/My Projects/nexusai-erp-2/src/pages/ARInvoices.tsx'
    Imported via "@/components/ui/StandardTable" from file '/Users/mbjunaid/My Projects/nexusai-erp-2/src/pages/AuditLogs.tsx'
    Imported via "@/components/ui/StandardTable" from file '/Users/mbjunaid/My Projects/nexusai-erp-2/src/pages/ClientManagement.tsx'
    Imported via "@/components/ui/StandardTable" from file '/Users/mbjunaid/My Projects/nexusai-erp-2/src/pages/CostInsights.tsx'
    Imported via "@/components/ui/StandardTable" from file '/Users/mbjunaid/My Projects/nexusai-erp-2/src/pages/OpportunitiesDetail.tsx'
    Imported via "@/components/ui/StandardTable" from file '/Users/mbjunaid/My Projects/nexusai-erp-2/src/pages/OpportunityList.tsx'
    Imported via "@/components/ui/StandardTable" from file '/Users/mbjunaid/My Projects/nexusai-erp-2/src/pages/RetailProductCatalog.tsx'
    Imported via "@/components/ui/StandardTable" from file '/Users/mbjunaid/My Projects/nexusai-erp-2/src/pages/RoleManagement.tsx'
    Imported via "@/components/ui/StandardTable" from file '/Users/mbjunaid/My Projects/nexusai-erp-2/src/pages/StudentManagement.tsx'
    Imported via '@/components/ui/StandardTable' from file '/Users/mbjunaid/My Projects/nexusai-erp-2/src/pages/cost-management/DistributionsViewer.tsx'
    Imported via "@/components/ui/StandardTable" from file '/Users/mbjunaid/My Projects/nexusai-erp-2/src/pages/crm/AccountDetail.tsx'
    Imported via "@/components/ui/StandardTable" from file '/Users/mbjunaid/My Projects/nexusai-erp-2/src/pages/fixed-assets/AssetWorkbench.tsx'
    Imported via "@/components/ui/StandardTable" from file '/Users/mbjunaid/My Projects/nexusai-erp-2/src/pages/inventory/LotSerialManager.tsx'
    Imported via "@/components/ui/StandardTable" from file '/Users/mbjunaid/My Projects/nexusai-erp-2/src/pages/procurement/PurchaseOrderList.tsx'
    Imported via "@/components/ui/StandardTable" from file '/Users/mbjunaid/My Projects/nexusai-erp-2/src/pages/procurement/RequisitionBoard.tsx'
    Imported via "@/components/ui/StandardTable" from file '/Users/mbjunaid/My Projects/nexusai-erp-2/src/pages/projects/ExpenditureInquiry.tsx'
    Imported via "@/components/ui/StandardTable" from file '/Users/mbjunaid/My Projects/nexusai-erp-2/src/pages/projects/ExpenditureTypeManager.tsx'
    Imported via "@/components/ui/StandardTable" from file '/Users/mbjunaid/My Projects/nexusai-erp-2/src/pages/projects/SlaEventMonitor.tsx'
    Imported via "@/components/ui/StandardTable" from file '/Users/mbjunaid/My Projects/nexusai-erp-2/src/pages/projects/TransactionImport.tsx'
    Imported via "@/components/ui/StandardTable" from file '/Users/mbjunaid/My Projects/nexusai-erp-2/src/pages/supply-chain/PartnerList.tsx'
    Imported via "@/components/ui/StandardTable" from file '/Users/mbjunaid/My Projects/nexusai-erp-2/src/pages/supply-chain/ShipmentList.tsx'
src/pages/hr/selfservice/DelegationWorkbench.tsx(134,13): error TS2353: Object literal may only specify known properties, and 'key' does not exist in type 'Column<Delegation>'.
src/pages/hr/selfservice/DelegationWorkbench.tsx(142,13): error TS2353: Object literal may only specify known properties, and 'key' does not exist in type 'Column<Delegation>'.
src/pages/hr/selfservice/DelegationWorkbench.tsx(147,13): error TS2353: Object literal may only specify known properties, and 'key' does not exist in type 'Column<Delegation>'.
src/pages/hr/selfservice/DelegationWorkbench.tsx(152,13): error TS2353: Object literal may only specify known properties, and 'key' does not exist in type 'Column<Delegation>'.
src/pages/hr/selfservice/DelegationWorkbench.tsx(162,13): error TS2353: Object literal may only specify known properties, and 'key' does not exist in type 'Column<Delegation>'.
src/pages/hr/selfservice/DelegationWorkbench.tsx(172,13): error TS2353: Object literal may only specify known properties, and 'key' does not exist in type 'Column<Delegation>'.
src/pages/hr/selfservice/DelegationWorkbench.tsx(185,13): error TS2322: Type '{ children: Element; title: string; subtitle: string; icon: Element; }' is not assignable to type 'IntrinsicAttributes & StandardPageProps'.
  Property 'subtitle' does not exist on type 'IntrinsicAttributes & StandardPageProps'.
src/pages/hr/selfservice/MyTimeCard.tsx(26,39): error TS1149: File name '/Users/mbjunaid/My Projects/nexusai-erp-2/src/components/ui/standardtable.tsx' differs from already included file name '/Users/mbjunaid/My Projects/nexusai-erp-2/src/components/ui/StandardTable.tsx' only in casing.
  The file is in the program because:
    Imported via "@/components/ui/StandardTable" from file '/Users/mbjunaid/My Projects/nexusai-erp-2/src/pages/LeadsDetail.tsx'
    Imported via "@/components/ui/StandardTable" from file '/Users/mbjunaid/My Projects/nexusai-erp-2/src/components/crm/AccountRelatedLists.tsx'
    Imported via "@/components/ui/StandardTable" from file '/Users/mbjunaid/My Projects/nexusai-erp-2/src/pages/crm/ContactList.tsx'
    Imported via "@/components/ui/StandardTable" from file '/Users/mbjunaid/My Projects/nexusai-erp-2/src/components/treasury/TreasuryWorkbench.tsx'
    Imported via "@/components/ui/StandardTable" from file '/Users/mbjunaid/My Projects/nexusai-erp-2/src/components/treasury/CounterpartyManager.tsx'
    Imported via "@/components/ui/StandardTable" from file '/Users/mbjunaid/My Projects/nexusai-erp-2/src/components/cash/ReconciliationWorkbench.tsx'
    Imported via "@/components/ui/StandardTable" from file '/Users/mbjunaid/My Projects/nexusai-erp-2/src/pages/finance/FixedAssets.tsx'
    Imported via "@/components/ui/StandardTable" from file '/Users/mbjunaid/My Projects/nexusai-erp-2/src/pages/APInvoices.tsx'
    Imported via "@/components/ui/StandardTable" from file '/Users/mbjunaid/My Projects/nexusai-erp-2/src/components/ar/ArInvoiceList.tsx'
    Imported via "@/components/ui/StandardTable" from file '/Users/mbjunaid/My Projects/nexusai-erp-2/src/pages/billing/BillingWorkbench.tsx'
    Imported via "@/components/ui/StandardTable" from file '/Users/mbjunaid/My Projects/nexusai-erp-2/src/pages/billing/BillingRulesManager.tsx'
    Imported via "@/components/ui/StandardTable" from file '/Users/mbjunaid/My Projects/nexusai-erp-2/src/pages/billing/SubscriptionWorkbench.tsx'
    Imported via "@/components/ui/StandardTable" from file '/Users/mbjunaid/My Projects/nexusai-erp-2/src/pages/JournalEntries.tsx'
    Imported via "@/components/ui/StandardTable" from file '/Users/mbjunaid/My Projects/nexusai-erp-2/src/pages/gl/TrialBalance.tsx'
    Imported via "@/components/ui/StandardTable" from file '/Users/mbjunaid/My Projects/nexusai-erp-2/src/pages/gl/CoaStructureSetup.tsx'
    Imported via "@/components/ui/StandardTable" from file '/Users/mbjunaid/My Projects/nexusai-erp-2/src/pages/RevenueContractWorkbench.tsx'
    Imported via "@/components/ui/StandardTable" from file '/Users/mbjunaid/My Projects/nexusai-erp-2/src/pages/RevenueRuleManager.tsx'
    Imported via "@/components/ui/StandardTable" from file '/Users/mbjunaid/My Projects/nexusai-erp-2/src/pages/RevenueContractDetail.tsx'
    Imported via "@/components/ui/StandardTable" from file '/Users/mbjunaid/My Projects/nexusai-erp-2/src/pages/RevenuePeriodClose.tsx'
    Imported via "@/components/ui/StandardTable" from file '/Users/mbjunaid/My Projects/nexusai-erp-2/src/pages/SSPManager.tsx'
    Imported via "@/components/ui/StandardTable" from file '/Users/mbjunaid/My Projects/nexusai-erp-2/src/pages/RevenueSourceEvents.tsx'
    Imported via "@/components/ui/StandardTable" from file '/Users/mbjunaid/My Projects/nexusai-erp-2/src/pages/RevenueAuditConsole.tsx'
    Imported via "@/components/ui/StandardTable" from file '/Users/mbjunaid/My Projects/nexusai-erp-2/src/pages/manufacturing/BOMDesigner.tsx'
    Imported via "@/components/ui/StandardTable" from file '/Users/mbjunaid/My Projects/nexusai-erp-2/src/pages/manufacturing/RoutingEditor.tsx'
    Imported via "@/components/ui/StandardTable" from file '/Users/mbjunaid/My Projects/nexusai-erp-2/src/pages/manufacturing/WorkCenterManager.tsx'
    Imported via "@/components/ui/StandardTable" from file '/Users/mbjunaid/My Projects/nexusai-erp-2/src/pages/manufacturing/ResourceManager.tsx'
    Imported via "@/components/ui/StandardTable" from file '/Users/mbjunaid/My Projects/nexusai-erp-2/src/pages/manufacturing/WorkOrderList.tsx'
    Imported via "@/components/ui/StandardTable" from file '/Users/mbjunaid/My Projects/nexusai-erp-2/src/pages/manufacturing/QualityManager.tsx'
    Imported via "@/components/ui/StandardTable" from file '/Users/mbjunaid/My Projects/nexusai-erp-2/src/pages/manufacturing/MRPWorkbench.tsx'
    Imported via "@/components/ui/StandardTable" from file '/Users/mbjunaid/My Projects/nexusai-erp-2/src/pages/manufacturing/CalendarManager.tsx'
    Imported via "@/components/ui/StandardTable" from file '/Users/mbjunaid/My Projects/nexusai-erp-2/src/pages/manufacturing/StandardOpLibrary.tsx'
    Imported via "@/components/ui/StandardTable" from file '/Users/mbjunaid/My Projects/nexusai-erp-2/src/pages/manufacturing/CostingWorkbench.tsx'
    Imported via "@/components/ui/StandardTable" from file '/Users/mbjunaid/My Projects/nexusai-erp-2/src/pages/manufacturing/WIPDashboard.tsx'
    Imported via "@/components/ui/StandardTable" from file '/Users/mbjunaid/My Projects/nexusai-erp-2/src/pages/manufacturing/VarianceAnalysis.tsx'
    Imported via "@/components/ui/StandardTable" from file '/Users/mbjunaid/My Projects/nexusai-erp-2/src/pages/manufacturing/FormulaDesigner.tsx'
    Imported via "@/components/ui/StandardTable" from file '/Users/mbjunaid/My Projects/nexusai-erp-2/src/pages/manufacturing/RecipeManager.tsx'
    Imported via "@/components/ui/StandardTable" from file '/Users/mbjunaid/My Projects/nexusai-erp-2/src/pages/manufacturing/BatchWorkbench.tsx'
    Imported via "@/components/ui/StandardTable" from file '/Users/mbjunaid/My Projects/nexusai-erp-2/src/pages/manufacturing/BatchGenealogy.tsx'
    Imported via '@/components/ui/StandardTable' from file '/Users/mbjunaid/My Projects/nexusai-erp-2/src/pages/InventoryDashboardView.tsx'
    Imported via "@/components/ui/StandardTable" from file '/Users/mbjunaid/My Projects/nexusai-erp-2/src/pages/SupplierManagement.tsx'
    Imported via "@/components/ui/StandardTable" from file '/Users/mbjunaid/My Projects/nexusai-erp-2/src/pages/transportation/RoutePlanningWorkbench.tsx'
    Imported via "@/components/ui/StandardTable" from file '/Users/mbjunaid/My Projects/nexusai-erp-2/src/pages/transportation/CarrierManager.tsx'
    Imported via "@/components/ui/StandardTable" from file '/Users/mbjunaid/My Projects/nexusai-erp-2/src/pages/transportation/FreightSettlementConsole.tsx'
    Imported via "@/components/ui/StandardTable" from file '/Users/mbjunaid/My Projects/nexusai-erp-2/src/pages/projects/ProjectList.tsx'
    Imported via "@/components/ui/StandardTable" from file '/Users/mbjunaid/My Projects/nexusai-erp-2/src/pages/projects/TaskList.tsx'
    Imported via "@/components/ui/StandardTable" from file '/Users/mbjunaid/My Projects/nexusai-erp-2/src/pages/projects/AssetWorkbench.tsx'
    Imported via "@/components/ui/StandardTable" from file '/Users/mbjunaid/My Projects/nexusai-erp-2/src/pages/projects/BillRateManager.tsx'
    Imported via "@/components/ui/StandardTable" from file '/Users/mbjunaid/My Projects/nexusai-erp-2/src/pages/projects/BillingRulesManager.tsx'
    Imported via "@/components/ui/StandardTable" from file '/Users/mbjunaid/My Projects/nexusai-erp-2/src/pages/projects/BurdenManager.tsx'
    Imported via "@/components/ui/StandardTable" from file '/Users/mbjunaid/My Projects/nexusai-erp-2/src/pages/projects/ProjectTemplateManager.tsx'
    Imported via "@/components/ui/StandardTable" from file '/Users/mbjunaid/My Projects/nexusai-erp-2/src/pages/UserManagement.tsx'
    Imported via "@/components/ui/StandardTable" from file '/Users/mbjunaid/My Projects/nexusai-erp-2/src/pages/EnvironmentManagement.tsx'
    Imported via "@/components/ui/StandardTable" from file '/Users/mbjunaid/My Projects/nexusai-erp-2/src/pages/order/OrderWorkbench.tsx'
    Imported via "@/components/ui/StandardTable" from file '/Users/mbjunaid/My Projects/nexusai-erp-2/src/pages/order/ShipmentWorkbench.tsx'
    Imported via "@/components/ui/StandardTable" from file '/Users/mbjunaid/My Projects/nexusai-erp-2/src/pages/order/ReturnsWorkbench.tsx'
    Imported via "@/components/ui/StandardTable" from file '/Users/mbjunaid/My Projects/nexusai-erp-2/src/pages/order/OrderConfigManager.tsx'
    Imported via "@/components/ui/StandardTable" from file '/Users/mbjunaid/My Projects/nexusai-erp-2/src/pages/order/PriceListManager.tsx'
    Imported via "@/components/ui/StandardTable" from file '/Users/mbjunaid/My Projects/nexusai-erp-2/src/pages/SalesOrderManagement.tsx'
    Imported via "@/components/ui/StandardTable" from file '/Users/mbjunaid/My Projects/nexusai-erp-2/src/pages/PatientManagement.tsx'
    Imported via "@/components/ui/standardtable" from file '/Users/mbjunaid/My Projects/nexusai-erp-2/src/pages/ComplianceExceptions.tsx'
    Imported via "@/components/ui/standardtable" from file '/Users/mbjunaid/My Projects/nexusai-erp-2/src/pages/ComplianceGovernance.tsx'
    Imported via "@/components/ui/standardtable" from file '/Users/mbjunaid/My Projects/nexusai-erp-2/src/pages/AuditTrails.tsx'
    Imported via "@/components/ui/standardtable" from file '/Users/mbjunaid/My Projects/nexusai-erp-2/src/pages/SecurityProfiles.tsx'
    Imported via "@/components/ui/StandardTable" from file '/Users/mbjunaid/My Projects/nexusai-erp-2/src/pages/PartyDirectory.tsx'
    Imported via "@/components/ui/StandardTable" from file '/Users/mbjunaid/My Projects/nexusai-erp-2/src/pages/ReferenceDataList.tsx'
    Imported via "@/components/ui/StandardTable" from file '/Users/mbjunaid/My Projects/nexusai-erp-2/src/pages/ReferenceDataDetail.tsx'
    Imported via "@/components/ui/StandardTable" from file '/Users/mbjunaid/My Projects/nexusai-erp-2/src/pages/MatchRuleList.tsx'
    Imported via "@/components/ui/StandardTable" from file '/Users/mbjunaid/My Projects/nexusai-erp-2/src/pages/SurvivorshipRuleList.tsx'
    Imported via "@/components/ui/StandardTable" from file '/Users/mbjunaid/My Projects/nexusai-erp-2/src/pages/ItemDirectory.tsx'
    Imported via "@/components/ui/StandardTable" from file '/Users/mbjunaid/My Projects/nexusai-erp-2/src/pages/ChangeRequestInbox.tsx'
    Imported via "@/components/ui/StandardTable" from file '/Users/mbjunaid/My Projects/nexusai-erp-2/src/pages/learning/instructor/InstructorDashboard.tsx'
    Imported via "@/components/ui/standardtable" from file '/Users/mbjunaid/My Projects/nexusai-erp-2/src/pages/hr/selfservice/MyTimeCard.tsx'
    Imported via "@/components/ui/standardtable" from file '/Users/mbjunaid/My Projects/nexusai-erp-2/src/pages/HRAnalyticsDashboard.tsx'
    Imported via "@/components/ui/standardtable" from file '/Users/mbjunaid/My Projects/nexusai-erp-2/src/pages/HRReports.tsx'
    Imported via "@/components/ui/standardtable" from file '/Users/mbjunaid/My Projects/nexusai-erp-2/src/pages/analytics/KpiConfiguration.tsx'
    Imported via "@/components/ui/standardtable" from file '/Users/mbjunaid/My Projects/nexusai-erp-2/src/pages/analytics/ReportScheduler.tsx'
    Imported via "@/components/ui/StandardTable" from file '/Users/mbjunaid/My Projects/nexusai-erp-2/src/pages/learning/admin/CourseCatalogAdmin.tsx'
    Imported via "@/components/ui/standardtable" from file '/Users/mbjunaid/My Projects/nexusai-erp-2/src/pages/hr/selfservice/DelegationWorkbench.tsx'
    Imported via "@/components/ui/standardtable" from file '/Users/mbjunaid/My Projects/nexusai-erp-2/src/pages/hr/selfservice/VoluntaryDeductions.tsx'
    Imported via "@/components/ui/standardtable" from file '/Users/mbjunaid/My Projects/nexusai-erp-2/src/pages/hr/selfservice/StatutoryForms.tsx'
    Imported via "@/components/ui/StandardTable" from file '/Users/mbjunaid/My Projects/nexusai-erp-2/src/components/ap/ApApprovalList.tsx'
    Imported via "@/components/ui/StandardTable" from file '/Users/mbjunaid/My Projects/nexusai-erp-2/src/components/ap/ApInvoiceList.tsx'
    Imported via "@/components/ui/StandardTable" from file '/Users/mbjunaid/My Projects/nexusai-erp-2/src/components/ap/ApSupplierList.tsx'
    Imported via "@/components/ui/StandardTable" from file '/Users/mbjunaid/My Projects/nexusai-erp-2/src/components/inventory/WavePlanningConsole.tsx'
    Imported via "@/components/ui/StandardTable" from file '/Users/mbjunaid/My Projects/nexusai-erp-2/src/components/inventory/WmsTaskWorkbench.tsx'
    Imported via "@/components/ui/StandardTable" from file '/Users/mbjunaid/My Projects/nexusai-erp-2/src/components/ppm/BillingWorkbench.tsx'
    Imported via "@/components/ui/StandardTable" from file '/Users/mbjunaid/My Projects/nexusai-erp-2/src/components/ppm/PpmWorkbench.tsx'
    Imported via "@/components/ui/StandardTable" from file '/Users/mbjunaid/My Projects/nexusai-erp-2/src/components/procurement/SupplierManager.tsx'
    Imported via "@/components/ui/StandardTable" from file '/Users/mbjunaid/My Projects/nexusai-erp-2/src/components/procurement/SupplierSiteManager.tsx'
    Matched by include pattern 'src' in '/Users/mbjunaid/My Projects/nexusai-erp-2/tsconfig.json'
    Imported via "@/components/ui/StandardTable" from file '/Users/mbjunaid/My Projects/nexusai-erp-2/src/pages/ARInvoices.tsx'
    Imported via "@/components/ui/StandardTable" from file '/Users/mbjunaid/My Projects/nexusai-erp-2/src/pages/AuditLogs.tsx'
    Imported via "@/components/ui/StandardTable" from file '/Users/mbjunaid/My Projects/nexusai-erp-2/src/pages/ClientManagement.tsx'
    Imported via "@/components/ui/StandardTable" from file '/Users/mbjunaid/My Projects/nexusai-erp-2/src/pages/CostInsights.tsx'
    Imported via "@/components/ui/StandardTable" from file '/Users/mbjunaid/My Projects/nexusai-erp-2/src/pages/OpportunitiesDetail.tsx'
    Imported via "@/components/ui/StandardTable" from file '/Users/mbjunaid/My Projects/nexusai-erp-2/src/pages/OpportunityList.tsx'
    Imported via "@/components/ui/StandardTable" from file '/Users/mbjunaid/My Projects/nexusai-erp-2/src/pages/RetailProductCatalog.tsx'
    Imported via "@/components/ui/StandardTable" from file '/Users/mbjunaid/My Projects/nexusai-erp-2/src/pages/RoleManagement.tsx'
    Imported via "@/components/ui/StandardTable" from file '/Users/mbjunaid/My Projects/nexusai-erp-2/src/pages/StudentManagement.tsx'
    Imported via '@/components/ui/StandardTable' from file '/Users/mbjunaid/My Projects/nexusai-erp-2/src/pages/cost-management/DistributionsViewer.tsx'
    Imported via "@/components/ui/StandardTable" from file '/Users/mbjunaid/My Projects/nexusai-erp-2/src/pages/crm/AccountDetail.tsx'
    Imported via "@/components/ui/StandardTable" from file '/Users/mbjunaid/My Projects/nexusai-erp-2/src/pages/fixed-assets/AssetWorkbench.tsx'
    Imported via "@/components/ui/StandardTable" from file '/Users/mbjunaid/My Projects/nexusai-erp-2/src/pages/inventory/LotSerialManager.tsx'
    Imported via "@/components/ui/StandardTable" from file '/Users/mbjunaid/My Projects/nexusai-erp-2/src/pages/procurement/PurchaseOrderList.tsx'
    Imported via "@/components/ui/StandardTable" from file '/Users/mbjunaid/My Projects/nexusai-erp-2/src/pages/procurement/RequisitionBoard.tsx'
    Imported via "@/components/ui/StandardTable" from file '/Users/mbjunaid/My Projects/nexusai-erp-2/src/pages/projects/ExpenditureInquiry.tsx'
    Imported via "@/components/ui/StandardTable" from file '/Users/mbjunaid/My Projects/nexusai-erp-2/src/pages/projects/ExpenditureTypeManager.tsx'
    Imported via "@/components/ui/StandardTable" from file '/Users/mbjunaid/My Projects/nexusai-erp-2/src/pages/projects/SlaEventMonitor.tsx'
    Imported via "@/components/ui/StandardTable" from file '/Users/mbjunaid/My Projects/nexusai-erp-2/src/pages/projects/TransactionImport.tsx'
    Imported via "@/components/ui/StandardTable" from file '/Users/mbjunaid/My Projects/nexusai-erp-2/src/pages/supply-chain/PartnerList.tsx'
    Imported via "@/components/ui/StandardTable" from file '/Users/mbjunaid/My Projects/nexusai-erp-2/src/pages/supply-chain/ShipmentList.tsx'
src/pages/hr/selfservice/MyTimeCard.tsx(27,30): error TS1261: Already included file name '/Users/mbjunaid/My Projects/nexusai-erp-2/src/components/ui/standardpage.tsx' differs from file name '/Users/mbjunaid/My Projects/nexusai-erp-2/src/components/ui/StandardPage.tsx' only in casing.
  The file is in the program because:
    Imported via "@/components/ui/standardpage" from file '/Users/mbjunaid/My Projects/nexusai-erp-2/src/pages/hr/selfservice/MyTimeCard.tsx'
    Imported via "@/components/ui/standardpage" from file '/Users/mbjunaid/My Projects/nexusai-erp-2/src/pages/hr/selfservice/DelegationWorkbench.tsx'
    Imported via "@/components/ui/standardpage" from file '/Users/mbjunaid/My Projects/nexusai-erp-2/src/pages/hr/selfservice/VoluntaryDeductions.tsx'
    Imported via "@/components/ui/standardpage" from file '/Users/mbjunaid/My Projects/nexusai-erp-2/src/pages/hr/selfservice/StatutoryForms.tsx'
    Matched by include pattern 'src' in '/Users/mbjunaid/My Projects/nexusai-erp-2/tsconfig.json'
    Imported via "@/components/ui/StandardPage" from file '/Users/mbjunaid/My Projects/nexusai-erp-2/src/pages/RetailProductCatalog.tsx'
src/pages/hr/selfservice/MyTimeCard.tsx(160,13): error TS2322: Type '{ children: Element; title: string; subtitle: string; }' is not assignable to type 'IntrinsicAttributes & StandardPageProps'.
  Property 'subtitle' does not exist on type 'IntrinsicAttributes & StandardPageProps'.
src/pages/hr/selfservice/PersonalDetails.tsx(307,34): error TS2552: Cannot find name 'Clock'. Did you mean 'Lock'?
src/pages/hr/selfservice/StatutoryForms.tsx(20,39): error TS1149: File name '/Users/mbjunaid/My Projects/nexusai-erp-2/src/components/ui/standardtable.tsx' differs from already included file name '/Users/mbjunaid/My Projects/nexusai-erp-2/src/components/ui/StandardTable.tsx' only in casing.
  The file is in the program because:
    Imported via "@/components/ui/StandardTable" from file '/Users/mbjunaid/My Projects/nexusai-erp-2/src/pages/LeadsDetail.tsx'
    Imported via "@/components/ui/StandardTable" from file '/Users/mbjunaid/My Projects/nexusai-erp-2/src/components/crm/AccountRelatedLists.tsx'
    Imported via "@/components/ui/StandardTable" from file '/Users/mbjunaid/My Projects/nexusai-erp-2/src/pages/crm/ContactList.tsx'
    Imported via "@/components/ui/StandardTable" from file '/Users/mbjunaid/My Projects/nexusai-erp-2/src/components/treasury/TreasuryWorkbench.tsx'
    Imported via "@/components/ui/StandardTable" from file '/Users/mbjunaid/My Projects/nexusai-erp-2/src/components/treasury/CounterpartyManager.tsx'
    Imported via "@/components/ui/StandardTable" from file '/Users/mbjunaid/My Projects/nexusai-erp-2/src/components/cash/ReconciliationWorkbench.tsx'
    Imported via "@/components/ui/StandardTable" from file '/Users/mbjunaid/My Projects/nexusai-erp-2/src/pages/finance/FixedAssets.tsx'
    Imported via "@/components/ui/StandardTable" from file '/Users/mbjunaid/My Projects/nexusai-erp-2/src/pages/APInvoices.tsx'
    Imported via "@/components/ui/StandardTable" from file '/Users/mbjunaid/My Projects/nexusai-erp-2/src/components/ar/ArInvoiceList.tsx'
    Imported via "@/components/ui/StandardTable" from file '/Users/mbjunaid/My Projects/nexusai-erp-2/src/pages/billing/BillingWorkbench.tsx'
    Imported via "@/components/ui/StandardTable" from file '/Users/mbjunaid/My Projects/nexusai-erp-2/src/pages/billing/BillingRulesManager.tsx'
    Imported via "@/components/ui/StandardTable" from file '/Users/mbjunaid/My Projects/nexusai-erp-2/src/pages/billing/SubscriptionWorkbench.tsx'
    Imported via "@/components/ui/StandardTable" from file '/Users/mbjunaid/My Projects/nexusai-erp-2/src/pages/JournalEntries.tsx'
    Imported via "@/components/ui/StandardTable" from file '/Users/mbjunaid/My Projects/nexusai-erp-2/src/pages/gl/TrialBalance.tsx'
    Imported via "@/components/ui/StandardTable" from file '/Users/mbjunaid/My Projects/nexusai-erp-2/src/pages/gl/CoaStructureSetup.tsx'
    Imported via "@/components/ui/StandardTable" from file '/Users/mbjunaid/My Projects/nexusai-erp-2/src/pages/RevenueContractWorkbench.tsx'
    Imported via "@/components/ui/StandardTable" from file '/Users/mbjunaid/My Projects/nexusai-erp-2/src/pages/RevenueRuleManager.tsx'
    Imported via "@/components/ui/StandardTable" from file '/Users/mbjunaid/My Projects/nexusai-erp-2/src/pages/RevenueContractDetail.tsx'
    Imported via "@/components/ui/StandardTable" from file '/Users/mbjunaid/My Projects/nexusai-erp-2/src/pages/RevenuePeriodClose.tsx'
    Imported via "@/components/ui/StandardTable" from file '/Users/mbjunaid/My Projects/nexusai-erp-2/src/pages/SSPManager.tsx'
    Imported via "@/components/ui/StandardTable" from file '/Users/mbjunaid/My Projects/nexusai-erp-2/src/pages/RevenueSourceEvents.tsx'
    Imported via "@/components/ui/StandardTable" from file '/Users/mbjunaid/My Projects/nexusai-erp-2/src/pages/RevenueAuditConsole.tsx'
    Imported via "@/components/ui/StandardTable" from file '/Users/mbjunaid/My Projects/nexusai-erp-2/src/pages/manufacturing/BOMDesigner.tsx'
    Imported via "@/components/ui/StandardTable" from file '/Users/mbjunaid/My Projects/nexusai-erp-2/src/pages/manufacturing/RoutingEditor.tsx'
    Imported via "@/components/ui/StandardTable" from file '/Users/mbjunaid/My Projects/nexusai-erp-2/src/pages/manufacturing/WorkCenterManager.tsx'
    Imported via "@/components/ui/StandardTable" from file '/Users/mbjunaid/My Projects/nexusai-erp-2/src/pages/manufacturing/ResourceManager.tsx'
    Imported via "@/components/ui/StandardTable" from file '/Users/mbjunaid/My Projects/nexusai-erp-2/src/pages/manufacturing/WorkOrderList.tsx'
    Imported via "@/components/ui/StandardTable" from file '/Users/mbjunaid/My Projects/nexusai-erp-2/src/pages/manufacturing/QualityManager.tsx'
    Imported via "@/components/ui/StandardTable" from file '/Users/mbjunaid/My Projects/nexusai-erp-2/src/pages/manufacturing/MRPWorkbench.tsx'
    Imported via "@/components/ui/StandardTable" from file '/Users/mbjunaid/My Projects/nexusai-erp-2/src/pages/manufacturing/CalendarManager.tsx'
    Imported via "@/components/ui/StandardTable" from file '/Users/mbjunaid/My Projects/nexusai-erp-2/src/pages/manufacturing/StandardOpLibrary.tsx'
    Imported via "@/components/ui/StandardTable" from file '/Users/mbjunaid/My Projects/nexusai-erp-2/src/pages/manufacturing/CostingWorkbench.tsx'
    Imported via "@/components/ui/StandardTable" from file '/Users/mbjunaid/My Projects/nexusai-erp-2/src/pages/manufacturing/WIPDashboard.tsx'
    Imported via "@/components/ui/StandardTable" from file '/Users/mbjunaid/My Projects/nexusai-erp-2/src/pages/manufacturing/VarianceAnalysis.tsx'
    Imported via "@/components/ui/StandardTable" from file '/Users/mbjunaid/My Projects/nexusai-erp-2/src/pages/manufacturing/FormulaDesigner.tsx'
    Imported via "@/components/ui/StandardTable" from file '/Users/mbjunaid/My Projects/nexusai-erp-2/src/pages/manufacturing/RecipeManager.tsx'
    Imported via "@/components/ui/StandardTable" from file '/Users/mbjunaid/My Projects/nexusai-erp-2/src/pages/manufacturing/BatchWorkbench.tsx'
    Imported via "@/components/ui/StandardTable" from file '/Users/mbjunaid/My Projects/nexusai-erp-2/src/pages/manufacturing/BatchGenealogy.tsx'
    Imported via '@/components/ui/StandardTable' from file '/Users/mbjunaid/My Projects/nexusai-erp-2/src/pages/InventoryDashboardView.tsx'
    Imported via "@/components/ui/StandardTable" from file '/Users/mbjunaid/My Projects/nexusai-erp-2/src/pages/SupplierManagement.tsx'
    Imported via "@/components/ui/StandardTable" from file '/Users/mbjunaid/My Projects/nexusai-erp-2/src/pages/transportation/RoutePlanningWorkbench.tsx'
    Imported via "@/components/ui/StandardTable" from file '/Users/mbjunaid/My Projects/nexusai-erp-2/src/pages/transportation/CarrierManager.tsx'
    Imported via "@/components/ui/StandardTable" from file '/Users/mbjunaid/My Projects/nexusai-erp-2/src/pages/transportation/FreightSettlementConsole.tsx'
    Imported via "@/components/ui/StandardTable" from file '/Users/mbjunaid/My Projects/nexusai-erp-2/src/pages/projects/ProjectList.tsx'
    Imported via "@/components/ui/StandardTable" from file '/Users/mbjunaid/My Projects/nexusai-erp-2/src/pages/projects/TaskList.tsx'
    Imported via "@/components/ui/StandardTable" from file '/Users/mbjunaid/My Projects/nexusai-erp-2/src/pages/projects/AssetWorkbench.tsx'
    Imported via "@/components/ui/StandardTable" from file '/Users/mbjunaid/My Projects/nexusai-erp-2/src/pages/projects/BillRateManager.tsx'
    Imported via "@/components/ui/StandardTable" from file '/Users/mbjunaid/My Projects/nexusai-erp-2/src/pages/projects/BillingRulesManager.tsx'
    Imported via "@/components/ui/StandardTable" from file '/Users/mbjunaid/My Projects/nexusai-erp-2/src/pages/projects/BurdenManager.tsx'
    Imported via "@/components/ui/StandardTable" from file '/Users/mbjunaid/My Projects/nexusai-erp-2/src/pages/projects/ProjectTemplateManager.tsx'
    Imported via "@/components/ui/StandardTable" from file '/Users/mbjunaid/My Projects/nexusai-erp-2/src/pages/UserManagement.tsx'
    Imported via "@/components/ui/StandardTable" from file '/Users/mbjunaid/My Projects/nexusai-erp-2/src/pages/EnvironmentManagement.tsx'
    Imported via "@/components/ui/StandardTable" from file '/Users/mbjunaid/My Projects/nexusai-erp-2/src/pages/order/OrderWorkbench.tsx'
    Imported via "@/components/ui/StandardTable" from file '/Users/mbjunaid/My Projects/nexusai-erp-2/src/pages/order/ShipmentWorkbench.tsx'
    Imported via "@/components/ui/StandardTable" from file '/Users/mbjunaid/My Projects/nexusai-erp-2/src/pages/order/ReturnsWorkbench.tsx'
    Imported via "@/components/ui/StandardTable" from file '/Users/mbjunaid/My Projects/nexusai-erp-2/src/pages/order/OrderConfigManager.tsx'
    Imported via "@/components/ui/StandardTable" from file '/Users/mbjunaid/My Projects/nexusai-erp-2/src/pages/order/PriceListManager.tsx'
    Imported via "@/components/ui/StandardTable" from file '/Users/mbjunaid/My Projects/nexusai-erp-2/src/pages/SalesOrderManagement.tsx'
    Imported via "@/components/ui/StandardTable" from file '/Users/mbjunaid/My Projects/nexusai-erp-2/src/pages/PatientManagement.tsx'
    Imported via "@/components/ui/standardtable" from file '/Users/mbjunaid/My Projects/nexusai-erp-2/src/pages/ComplianceExceptions.tsx'
    Imported via "@/components/ui/standardtable" from file '/Users/mbjunaid/My Projects/nexusai-erp-2/src/pages/ComplianceGovernance.tsx'
    Imported via "@/components/ui/standardtable" from file '/Users/mbjunaid/My Projects/nexusai-erp-2/src/pages/AuditTrails.tsx'
    Imported via "@/components/ui/standardtable" from file '/Users/mbjunaid/My Projects/nexusai-erp-2/src/pages/SecurityProfiles.tsx'
    Imported via "@/components/ui/StandardTable" from file '/Users/mbjunaid/My Projects/nexusai-erp-2/src/pages/PartyDirectory.tsx'
    Imported via "@/components/ui/StandardTable" from file '/Users/mbjunaid/My Projects/nexusai-erp-2/src/pages/ReferenceDataList.tsx'
    Imported via "@/components/ui/StandardTable" from file '/Users/mbjunaid/My Projects/nexusai-erp-2/src/pages/ReferenceDataDetail.tsx'
    Imported via "@/components/ui/StandardTable" from file '/Users/mbjunaid/My Projects/nexusai-erp-2/src/pages/MatchRuleList.tsx'
    Imported via "@/components/ui/StandardTable" from file '/Users/mbjunaid/My Projects/nexusai-erp-2/src/pages/SurvivorshipRuleList.tsx'
    Imported via "@/components/ui/StandardTable" from file '/Users/mbjunaid/My Projects/nexusai-erp-2/src/pages/ItemDirectory.tsx'
    Imported via "@/components/ui/StandardTable" from file '/Users/mbjunaid/My Projects/nexusai-erp-2/src/pages/ChangeRequestInbox.tsx'
    Imported via "@/components/ui/StandardTable" from file '/Users/mbjunaid/My Projects/nexusai-erp-2/src/pages/learning/instructor/InstructorDashboard.tsx'
    Imported via "@/components/ui/standardtable" from file '/Users/mbjunaid/My Projects/nexusai-erp-2/src/pages/hr/selfservice/MyTimeCard.tsx'
    Imported via "@/components/ui/standardtable" from file '/Users/mbjunaid/My Projects/nexusai-erp-2/src/pages/HRAnalyticsDashboard.tsx'
    Imported via "@/components/ui/standardtable" from file '/Users/mbjunaid/My Projects/nexusai-erp-2/src/pages/HRReports.tsx'
    Imported via "@/components/ui/standardtable" from file '/Users/mbjunaid/My Projects/nexusai-erp-2/src/pages/analytics/KpiConfiguration.tsx'
    Imported via "@/components/ui/standardtable" from file '/Users/mbjunaid/My Projects/nexusai-erp-2/src/pages/analytics/ReportScheduler.tsx'
    Imported via "@/components/ui/StandardTable" from file '/Users/mbjunaid/My Projects/nexusai-erp-2/src/pages/learning/admin/CourseCatalogAdmin.tsx'
    Imported via "@/components/ui/standardtable" from file '/Users/mbjunaid/My Projects/nexusai-erp-2/src/pages/hr/selfservice/DelegationWorkbench.tsx'
    Imported via "@/components/ui/standardtable" from file '/Users/mbjunaid/My Projects/nexusai-erp-2/src/pages/hr/selfservice/VoluntaryDeductions.tsx'
    Imported via "@/components/ui/standardtable" from file '/Users/mbjunaid/My Projects/nexusai-erp-2/src/pages/hr/selfservice/StatutoryForms.tsx'
    Imported via "@/components/ui/StandardTable" from file '/Users/mbjunaid/My Projects/nexusai-erp-2/src/components/ap/ApApprovalList.tsx'
    Imported via "@/components/ui/StandardTable" from file '/Users/mbjunaid/My Projects/nexusai-erp-2/src/components/ap/ApInvoiceList.tsx'
    Imported via "@/components/ui/StandardTable" from file '/Users/mbjunaid/My Projects/nexusai-erp-2/src/components/ap/ApSupplierList.tsx'
    Imported via "@/components/ui/StandardTable" from file '/Users/mbjunaid/My Projects/nexusai-erp-2/src/components/inventory/WavePlanningConsole.tsx'
    Imported via "@/components/ui/StandardTable" from file '/Users/mbjunaid/My Projects/nexusai-erp-2/src/components/inventory/WmsTaskWorkbench.tsx'
    Imported via "@/components/ui/StandardTable" from file '/Users/mbjunaid/My Projects/nexusai-erp-2/src/components/ppm/BillingWorkbench.tsx'
    Imported via "@/components/ui/StandardTable" from file '/Users/mbjunaid/My Projects/nexusai-erp-2/src/components/ppm/PpmWorkbench.tsx'
    Imported via "@/components/ui/StandardTable" from file '/Users/mbjunaid/My Projects/nexusai-erp-2/src/components/procurement/SupplierManager.tsx'
    Imported via "@/components/ui/StandardTable" from file '/Users/mbjunaid/My Projects/nexusai-erp-2/src/components/procurement/SupplierSiteManager.tsx'
    Matched by include pattern 'src' in '/Users/mbjunaid/My Projects/nexusai-erp-2/tsconfig.json'
    Imported via "@/components/ui/StandardTable" from file '/Users/mbjunaid/My Projects/nexusai-erp-2/src/pages/ARInvoices.tsx'
    Imported via "@/components/ui/StandardTable" from file '/Users/mbjunaid/My Projects/nexusai-erp-2/src/pages/AuditLogs.tsx'
    Imported via "@/components/ui/StandardTable" from file '/Users/mbjunaid/My Projects/nexusai-erp-2/src/pages/ClientManagement.tsx'
    Imported via "@/components/ui/StandardTable" from file '/Users/mbjunaid/My Projects/nexusai-erp-2/src/pages/CostInsights.tsx'
    Imported via "@/components/ui/StandardTable" from file '/Users/mbjunaid/My Projects/nexusai-erp-2/src/pages/OpportunitiesDetail.tsx'
    Imported via "@/components/ui/StandardTable" from file '/Users/mbjunaid/My Projects/nexusai-erp-2/src/pages/OpportunityList.tsx'
    Imported via "@/components/ui/StandardTable" from file '/Users/mbjunaid/My Projects/nexusai-erp-2/src/pages/RetailProductCatalog.tsx'
    Imported via "@/components/ui/StandardTable" from file '/Users/mbjunaid/My Projects/nexusai-erp-2/src/pages/RoleManagement.tsx'
    Imported via "@/components/ui/StandardTable" from file '/Users/mbjunaid/My Projects/nexusai-erp-2/src/pages/StudentManagement.tsx'
    Imported via '@/components/ui/StandardTable' from file '/Users/mbjunaid/My Projects/nexusai-erp-2/src/pages/cost-management/DistributionsViewer.tsx'
    Imported via "@/components/ui/StandardTable" from file '/Users/mbjunaid/My Projects/nexusai-erp-2/src/pages/crm/AccountDetail.tsx'
    Imported via "@/components/ui/StandardTable" from file '/Users/mbjunaid/My Projects/nexusai-erp-2/src/pages/fixed-assets/AssetWorkbench.tsx'
    Imported via "@/components/ui/StandardTable" from file '/Users/mbjunaid/My Projects/nexusai-erp-2/src/pages/inventory/LotSerialManager.tsx'
    Imported via "@/components/ui/StandardTable" from file '/Users/mbjunaid/My Projects/nexusai-erp-2/src/pages/procurement/PurchaseOrderList.tsx'
    Imported via "@/components/ui/StandardTable" from file '/Users/mbjunaid/My Projects/nexusai-erp-2/src/pages/procurement/RequisitionBoard.tsx'
    Imported via "@/components/ui/StandardTable" from file '/Users/mbjunaid/My Projects/nexusai-erp-2/src/pages/projects/ExpenditureInquiry.tsx'
    Imported via "@/components/ui/StandardTable" from file '/Users/mbjunaid/My Projects/nexusai-erp-2/src/pages/projects/ExpenditureTypeManager.tsx'
    Imported via "@/components/ui/StandardTable" from file '/Users/mbjunaid/My Projects/nexusai-erp-2/src/pages/projects/SlaEventMonitor.tsx'
    Imported via "@/components/ui/StandardTable" from file '/Users/mbjunaid/My Projects/nexusai-erp-2/src/pages/projects/TransactionImport.tsx'
    Imported via "@/components/ui/StandardTable" from file '/Users/mbjunaid/My Projects/nexusai-erp-2/src/pages/supply-chain/PartnerList.tsx'
    Imported via "@/components/ui/StandardTable" from file '/Users/mbjunaid/My Projects/nexusai-erp-2/src/pages/supply-chain/ShipmentList.tsx'
src/pages/hr/selfservice/StatutoryForms.tsx(103,13): error TS2353: Object literal may only specify known properties, and 'key' does not exist in type 'Column<ComplianceForm>'.
src/pages/hr/selfservice/StatutoryForms.tsx(113,13): error TS2353: Object literal may only specify known properties, and 'key' does not exist in type 'Column<ComplianceForm>'.
src/pages/hr/selfservice/StatutoryForms.tsx(118,13): error TS2353: Object literal may only specify known properties, and 'key' does not exist in type 'Column<ComplianceForm>'.
src/pages/hr/selfservice/StatutoryForms.tsx(137,13): error TS2353: Object literal may only specify known properties, and 'key' does not exist in type 'Column<ComplianceForm>'.
src/pages/hr/selfservice/StatutoryForms.tsx(153,13): error TS2322: Type '{ children: Element; title: string; subtitle: string; icon: Element; }' is not assignable to type 'IntrinsicAttributes & StandardPageProps'.
  Property 'subtitle' does not exist on type 'IntrinsicAttributes & StandardPageProps'.
src/pages/hr/selfservice/VoluntaryDeductions.tsx(18,39): error TS1149: File name '/Users/mbjunaid/My Projects/nexusai-erp-2/src/components/ui/standardtable.tsx' differs from already included file name '/Users/mbjunaid/My Projects/nexusai-erp-2/src/components/ui/StandardTable.tsx' only in casing.
  The file is in the program because:
    Imported via "@/components/ui/StandardTable" from file '/Users/mbjunaid/My Projects/nexusai-erp-2/src/pages/LeadsDetail.tsx'
    Imported via "@/components/ui/StandardTable" from file '/Users/mbjunaid/My Projects/nexusai-erp-2/src/components/crm/AccountRelatedLists.tsx'
    Imported via "@/components/ui/StandardTable" from file '/Users/mbjunaid/My Projects/nexusai-erp-2/src/pages/crm/ContactList.tsx'
    Imported via "@/components/ui/StandardTable" from file '/Users/mbjunaid/My Projects/nexusai-erp-2/src/components/treasury/TreasuryWorkbench.tsx'
    Imported via "@/components/ui/StandardTable" from file '/Users/mbjunaid/My Projects/nexusai-erp-2/src/components/treasury/CounterpartyManager.tsx'
    Imported via "@/components/ui/StandardTable" from file '/Users/mbjunaid/My Projects/nexusai-erp-2/src/components/cash/ReconciliationWorkbench.tsx'
    Imported via "@/components/ui/StandardTable" from file '/Users/mbjunaid/My Projects/nexusai-erp-2/src/pages/finance/FixedAssets.tsx'
    Imported via "@/components/ui/StandardTable" from file '/Users/mbjunaid/My Projects/nexusai-erp-2/src/pages/APInvoices.tsx'
    Imported via "@/components/ui/StandardTable" from file '/Users/mbjunaid/My Projects/nexusai-erp-2/src/components/ar/ArInvoiceList.tsx'
    Imported via "@/components/ui/StandardTable" from file '/Users/mbjunaid/My Projects/nexusai-erp-2/src/pages/billing/BillingWorkbench.tsx'
    Imported via "@/components/ui/StandardTable" from file '/Users/mbjunaid/My Projects/nexusai-erp-2/src/pages/billing/BillingRulesManager.tsx'
    Imported via "@/components/ui/StandardTable" from file '/Users/mbjunaid/My Projects/nexusai-erp-2/src/pages/billing/SubscriptionWorkbench.tsx'
    Imported via "@/components/ui/StandardTable" from file '/Users/mbjunaid/My Projects/nexusai-erp-2/src/pages/JournalEntries.tsx'
    Imported via "@/components/ui/StandardTable" from file '/Users/mbjunaid/My Projects/nexusai-erp-2/src/pages/gl/TrialBalance.tsx'
    Imported via "@/components/ui/StandardTable" from file '/Users/mbjunaid/My Projects/nexusai-erp-2/src/pages/gl/CoaStructureSetup.tsx'
    Imported via "@/components/ui/StandardTable" from file '/Users/mbjunaid/My Projects/nexusai-erp-2/src/pages/RevenueContractWorkbench.tsx'
    Imported via "@/components/ui/StandardTable" from file '/Users/mbjunaid/My Projects/nexusai-erp-2/src/pages/RevenueRuleManager.tsx'
    Imported via "@/components/ui/StandardTable" from file '/Users/mbjunaid/My Projects/nexusai-erp-2/src/pages/RevenueContractDetail.tsx'
    Imported via "@/components/ui/StandardTable" from file '/Users/mbjunaid/My Projects/nexusai-erp-2/src/pages/RevenuePeriodClose.tsx'
    Imported via "@/components/ui/StandardTable" from file '/Users/mbjunaid/My Projects/nexusai-erp-2/src/pages/SSPManager.tsx'
    Imported via "@/components/ui/StandardTable" from file '/Users/mbjunaid/My Projects/nexusai-erp-2/src/pages/RevenueSourceEvents.tsx'
    Imported via "@/components/ui/StandardTable" from file '/Users/mbjunaid/My Projects/nexusai-erp-2/src/pages/RevenueAuditConsole.tsx'
    Imported via "@/components/ui/StandardTable" from file '/Users/mbjunaid/My Projects/nexusai-erp-2/src/pages/manufacturing/BOMDesigner.tsx'
    Imported via "@/components/ui/StandardTable" from file '/Users/mbjunaid/My Projects/nexusai-erp-2/src/pages/manufacturing/RoutingEditor.tsx'
    Imported via "@/components/ui/StandardTable" from file '/Users/mbjunaid/My Projects/nexusai-erp-2/src/pages/manufacturing/WorkCenterManager.tsx'
    Imported via "@/components/ui/StandardTable" from file '/Users/mbjunaid/My Projects/nexusai-erp-2/src/pages/manufacturing/ResourceManager.tsx'
    Imported via "@/components/ui/StandardTable" from file '/Users/mbjunaid/My Projects/nexusai-erp-2/src/pages/manufacturing/WorkOrderList.tsx'
    Imported via "@/components/ui/StandardTable" from file '/Users/mbjunaid/My Projects/nexusai-erp-2/src/pages/manufacturing/QualityManager.tsx'
    Imported via "@/components/ui/StandardTable" from file '/Users/mbjunaid/My Projects/nexusai-erp-2/src/pages/manufacturing/MRPWorkbench.tsx'
    Imported via "@/components/ui/StandardTable" from file '/Users/mbjunaid/My Projects/nexusai-erp-2/src/pages/manufacturing/CalendarManager.tsx'
    Imported via "@/components/ui/StandardTable" from file '/Users/mbjunaid/My Projects/nexusai-erp-2/src/pages/manufacturing/StandardOpLibrary.tsx'
    Imported via "@/components/ui/StandardTable" from file '/Users/mbjunaid/My Projects/nexusai-erp-2/src/pages/manufacturing/CostingWorkbench.tsx'
    Imported via "@/components/ui/StandardTable" from file '/Users/mbjunaid/My Projects/nexusai-erp-2/src/pages/manufacturing/WIPDashboard.tsx'
    Imported via "@/components/ui/StandardTable" from file '/Users/mbjunaid/My Projects/nexusai-erp-2/src/pages/manufacturing/VarianceAnalysis.tsx'
    Imported via "@/components/ui/StandardTable" from file '/Users/mbjunaid/My Projects/nexusai-erp-2/src/pages/manufacturing/FormulaDesigner.tsx'
    Imported via "@/components/ui/StandardTable" from file '/Users/mbjunaid/My Projects/nexusai-erp-2/src/pages/manufacturing/RecipeManager.tsx'
    Imported via "@/components/ui/StandardTable" from file '/Users/mbjunaid/My Projects/nexusai-erp-2/src/pages/manufacturing/BatchWorkbench.tsx'
    Imported via "@/components/ui/StandardTable" from file '/Users/mbjunaid/My Projects/nexusai-erp-2/src/pages/manufacturing/BatchGenealogy.tsx'
    Imported via '@/components/ui/StandardTable' from file '/Users/mbjunaid/My Projects/nexusai-erp-2/src/pages/InventoryDashboardView.tsx'
    Imported via "@/components/ui/StandardTable" from file '/Users/mbjunaid/My Projects/nexusai-erp-2/src/pages/SupplierManagement.tsx'
    Imported via "@/components/ui/StandardTable" from file '/Users/mbjunaid/My Projects/nexusai-erp-2/src/pages/transportation/RoutePlanningWorkbench.tsx'
    Imported via "@/components/ui/StandardTable" from file '/Users/mbjunaid/My Projects/nexusai-erp-2/src/pages/transportation/CarrierManager.tsx'
    Imported via "@/components/ui/StandardTable" from file '/Users/mbjunaid/My Projects/nexusai-erp-2/src/pages/transportation/FreightSettlementConsole.tsx'
    Imported via "@/components/ui/StandardTable" from file '/Users/mbjunaid/My Projects/nexusai-erp-2/src/pages/projects/ProjectList.tsx'
    Imported via "@/components/ui/StandardTable" from file '/Users/mbjunaid/My Projects/nexusai-erp-2/src/pages/projects/TaskList.tsx'
    Imported via "@/components/ui/StandardTable" from file '/Users/mbjunaid/My Projects/nexusai-erp-2/src/pages/projects/AssetWorkbench.tsx'
    Imported via "@/components/ui/StandardTable" from file '/Users/mbjunaid/My Projects/nexusai-erp-2/src/pages/projects/BillRateManager.tsx'
    Imported via "@/components/ui/StandardTable" from file '/Users/mbjunaid/My Projects/nexusai-erp-2/src/pages/projects/BillingRulesManager.tsx'
    Imported via "@/components/ui/StandardTable" from file '/Users/mbjunaid/My Projects/nexusai-erp-2/src/pages/projects/BurdenManager.tsx'
    Imported via "@/components/ui/StandardTable" from file '/Users/mbjunaid/My Projects/nexusai-erp-2/src/pages/projects/ProjectTemplateManager.tsx'
    Imported via "@/components/ui/StandardTable" from file '/Users/mbjunaid/My Projects/nexusai-erp-2/src/pages/UserManagement.tsx'
    Imported via "@/components/ui/StandardTable" from file '/Users/mbjunaid/My Projects/nexusai-erp-2/src/pages/EnvironmentManagement.tsx'
    Imported via "@/components/ui/StandardTable" from file '/Users/mbjunaid/My Projects/nexusai-erp-2/src/pages/order/OrderWorkbench.tsx'
    Imported via "@/components/ui/StandardTable" from file '/Users/mbjunaid/My Projects/nexusai-erp-2/src/pages/order/ShipmentWorkbench.tsx'
    Imported via "@/components/ui/StandardTable" from file '/Users/mbjunaid/My Projects/nexusai-erp-2/src/pages/order/ReturnsWorkbench.tsx'
    Imported via "@/components/ui/StandardTable" from file '/Users/mbjunaid/My Projects/nexusai-erp-2/src/pages/order/OrderConfigManager.tsx'
    Imported via "@/components/ui/StandardTable" from file '/Users/mbjunaid/My Projects/nexusai-erp-2/src/pages/order/PriceListManager.tsx'
    Imported via "@/components/ui/StandardTable" from file '/Users/mbjunaid/My Projects/nexusai-erp-2/src/pages/SalesOrderManagement.tsx'
    Imported via "@/components/ui/StandardTable" from file '/Users/mbjunaid/My Projects/nexusai-erp-2/src/pages/PatientManagement.tsx'
    Imported via "@/components/ui/standardtable" from file '/Users/mbjunaid/My Projects/nexusai-erp-2/src/pages/ComplianceExceptions.tsx'
    Imported via "@/components/ui/standardtable" from file '/Users/mbjunaid/My Projects/nexusai-erp-2/src/pages/ComplianceGovernance.tsx'
    Imported via "@/components/ui/standardtable" from file '/Users/mbjunaid/My Projects/nexusai-erp-2/src/pages/AuditTrails.tsx'
    Imported via "@/components/ui/standardtable" from file '/Users/mbjunaid/My Projects/nexusai-erp-2/src/pages/SecurityProfiles.tsx'
    Imported via "@/components/ui/StandardTable" from file '/Users/mbjunaid/My Projects/nexusai-erp-2/src/pages/PartyDirectory.tsx'
    Imported via "@/components/ui/StandardTable" from file '/Users/mbjunaid/My Projects/nexusai-erp-2/src/pages/ReferenceDataList.tsx'
    Imported via "@/components/ui/StandardTable" from file '/Users/mbjunaid/My Projects/nexusai-erp-2/src/pages/ReferenceDataDetail.tsx'
    Imported via "@/components/ui/StandardTable" from file '/Users/mbjunaid/My Projects/nexusai-erp-2/src/pages/MatchRuleList.tsx'
    Imported via "@/components/ui/StandardTable" from file '/Users/mbjunaid/My Projects/nexusai-erp-2/src/pages/SurvivorshipRuleList.tsx'
    Imported via "@/components/ui/StandardTable" from file '/Users/mbjunaid/My Projects/nexusai-erp-2/src/pages/ItemDirectory.tsx'
    Imported via "@/components/ui/StandardTable" from file '/Users/mbjunaid/My Projects/nexusai-erp-2/src/pages/ChangeRequestInbox.tsx'
    Imported via "@/components/ui/StandardTable" from file '/Users/mbjunaid/My Projects/nexusai-erp-2/src/pages/learning/instructor/InstructorDashboard.tsx'
    Imported via "@/components/ui/standardtable" from file '/Users/mbjunaid/My Projects/nexusai-erp-2/src/pages/hr/selfservice/MyTimeCard.tsx'
    Imported via "@/components/ui/standardtable" from file '/Users/mbjunaid/My Projects/nexusai-erp-2/src/pages/HRAnalyticsDashboard.tsx'
    Imported via "@/components/ui/standardtable" from file '/Users/mbjunaid/My Projects/nexusai-erp-2/src/pages/HRReports.tsx'
    Imported via "@/components/ui/standardtable" from file '/Users/mbjunaid/My Projects/nexusai-erp-2/src/pages/analytics/KpiConfiguration.tsx'
    Imported via "@/components/ui/standardtable" from file '/Users/mbjunaid/My Projects/nexusai-erp-2/src/pages/analytics/ReportScheduler.tsx'
    Imported via "@/components/ui/StandardTable" from file '/Users/mbjunaid/My Projects/nexusai-erp-2/src/pages/learning/admin/CourseCatalogAdmin.tsx'
    Imported via "@/components/ui/standardtable" from file '/Users/mbjunaid/My Projects/nexusai-erp-2/src/pages/hr/selfservice/DelegationWorkbench.tsx'
    Imported via "@/components/ui/standardtable" from file '/Users/mbjunaid/My Projects/nexusai-erp-2/src/pages/hr/selfservice/VoluntaryDeductions.tsx'
    Imported via "@/components/ui/standardtable" from file '/Users/mbjunaid/My Projects/nexusai-erp-2/src/pages/hr/selfservice/StatutoryForms.tsx'
    Imported via "@/components/ui/StandardTable" from file '/Users/mbjunaid/My Projects/nexusai-erp-2/src/components/ap/ApApprovalList.tsx'
    Imported via "@/components/ui/StandardTable" from file '/Users/mbjunaid/My Projects/nexusai-erp-2/src/components/ap/ApInvoiceList.tsx'
    Imported via "@/components/ui/StandardTable" from file '/Users/mbjunaid/My Projects/nexusai-erp-2/src/components/ap/ApSupplierList.tsx'
    Imported via "@/components/ui/StandardTable" from file '/Users/mbjunaid/My Projects/nexusai-erp-2/src/components/inventory/WavePlanningConsole.tsx'
    Imported via "@/components/ui/StandardTable" from file '/Users/mbjunaid/My Projects/nexusai-erp-2/src/components/inventory/WmsTaskWorkbench.tsx'
    Imported via "@/components/ui/StandardTable" from file '/Users/mbjunaid/My Projects/nexusai-erp-2/src/components/ppm/BillingWorkbench.tsx'
    Imported via "@/components/ui/StandardTable" from file '/Users/mbjunaid/My Projects/nexusai-erp-2/src/components/ppm/PpmWorkbench.tsx'
    Imported via "@/components/ui/StandardTable" from file '/Users/mbjunaid/My Projects/nexusai-erp-2/src/components/procurement/SupplierManager.tsx'
    Imported via "@/components/ui/StandardTable" from file '/Users/mbjunaid/My Projects/nexusai-erp-2/src/components/procurement/SupplierSiteManager.tsx'
    Matched by include pattern 'src' in '/Users/mbjunaid/My Projects/nexusai-erp-2/tsconfig.json'
    Imported via "@/components/ui/StandardTable" from file '/Users/mbjunaid/My Projects/nexusai-erp-2/src/pages/ARInvoices.tsx'
    Imported via "@/components/ui/StandardTable" from file '/Users/mbjunaid/My Projects/nexusai-erp-2/src/pages/AuditLogs.tsx'
    Imported via "@/components/ui/StandardTable" from file '/Users/mbjunaid/My Projects/nexusai-erp-2/src/pages/ClientManagement.tsx'
    Imported via "@/components/ui/StandardTable" from file '/Users/mbjunaid/My Projects/nexusai-erp-2/src/pages/CostInsights.tsx'
    Imported via "@/components/ui/StandardTable" from file '/Users/mbjunaid/My Projects/nexusai-erp-2/src/pages/OpportunitiesDetail.tsx'
    Imported via "@/components/ui/StandardTable" from file '/Users/mbjunaid/My Projects/nexusai-erp-2/src/pages/OpportunityList.tsx'
    Imported via "@/components/ui/StandardTable" from file '/Users/mbjunaid/My Projects/nexusai-erp-2/src/pages/RetailProductCatalog.tsx'
    Imported via "@/components/ui/StandardTable" from file '/Users/mbjunaid/My Projects/nexusai-erp-2/src/pages/RoleManagement.tsx'
    Imported via "@/components/ui/StandardTable" from file '/Users/mbjunaid/My Projects/nexusai-erp-2/src/pages/StudentManagement.tsx'
    Imported via '@/components/ui/StandardTable' from file '/Users/mbjunaid/My Projects/nexusai-erp-2/src/pages/cost-management/DistributionsViewer.tsx'
    Imported via "@/components/ui/StandardTable" from file '/Users/mbjunaid/My Projects/nexusai-erp-2/src/pages/crm/AccountDetail.tsx'
    Imported via "@/components/ui/StandardTable" from file '/Users/mbjunaid/My Projects/nexusai-erp-2/src/pages/fixed-assets/AssetWorkbench.tsx'
    Imported via "@/components/ui/StandardTable" from file '/Users/mbjunaid/My Projects/nexusai-erp-2/src/pages/inventory/LotSerialManager.tsx'
    Imported via "@/components/ui/StandardTable" from file '/Users/mbjunaid/My Projects/nexusai-erp-2/src/pages/procurement/PurchaseOrderList.tsx'
    Imported via "@/components/ui/StandardTable" from file '/Users/mbjunaid/My Projects/nexusai-erp-2/src/pages/procurement/RequisitionBoard.tsx'
    Imported via "@/components/ui/StandardTable" from file '/Users/mbjunaid/My Projects/nexusai-erp-2/src/pages/projects/ExpenditureInquiry.tsx'
    Imported via "@/components/ui/StandardTable" from file '/Users/mbjunaid/My Projects/nexusai-erp-2/src/pages/projects/ExpenditureTypeManager.tsx'
    Imported via "@/components/ui/StandardTable" from file '/Users/mbjunaid/My Projects/nexusai-erp-2/src/pages/projects/SlaEventMonitor.tsx'
    Imported via "@/components/ui/StandardTable" from file '/Users/mbjunaid/My Projects/nexusai-erp-2/src/pages/projects/TransactionImport.tsx'
    Imported via "@/components/ui/StandardTable" from file '/Users/mbjunaid/My Projects/nexusai-erp-2/src/pages/supply-chain/PartnerList.tsx'
    Imported via "@/components/ui/StandardTable" from file '/Users/mbjunaid/My Projects/nexusai-erp-2/src/pages/supply-chain/ShipmentList.tsx'
src/pages/hr/selfservice/VoluntaryDeductions.tsx(143,13): error TS2353: Object literal may only specify known properties, and 'key' does not exist in type 'Column<VoluntaryDeduction>'.
src/pages/hr/selfservice/VoluntaryDeductions.tsx(148,13): error TS2353: Object literal may only specify known properties, and 'key' does not exist in type 'Column<VoluntaryDeduction>'.
src/pages/hr/selfservice/VoluntaryDeductions.tsx(157,13): error TS2353: Object literal may only specify known properties, and 'key' does not exist in type 'Column<VoluntaryDeduction>'.
src/pages/hr/selfservice/VoluntaryDeductions.tsx(162,13): error TS2353: Object literal may only specify known properties, and 'key' does not exist in type 'Column<VoluntaryDeduction>'.
src/pages/hr/selfservice/VoluntaryDeductions.tsx(167,13): error TS2353: Object literal may only specify known properties, and 'key' does not exist in type 'Column<VoluntaryDeduction>'.
src/pages/hr/selfservice/VoluntaryDeductions.tsx(179,13): error TS2353: Object literal may only specify known properties, and 'key' does not exist in type 'Column<RetroPayResult>'.
src/pages/hr/selfservice/VoluntaryDeductions.tsx(183,13): error TS2353: Object literal may only specify known properties, and 'key' does not exist in type 'Column<RetroPayResult>'.
src/pages/hr/selfservice/VoluntaryDeductions.tsx(187,13): error TS2353: Object literal may only specify known properties, and 'key' does not exist in type 'Column<RetroPayResult>'.
src/pages/hr/selfservice/VoluntaryDeductions.tsx(206,13): error TS2353: Object literal may only specify known properties, and 'key' does not exist in type 'Column<RetroPayResult>'.
src/pages/hr/selfservice/VoluntaryDeductions.tsx(215,13): error TS2322: Type '{ children: Element; title: string; subtitle: string; icon: Element; }' is not assignable to type 'IntrinsicAttributes & StandardPageProps'.
  Property 'subtitle' does not exist on type 'IntrinsicAttributes & StandardPageProps'.
src/pages/HRAnalyticsDashboard.tsx(10,39): error TS1149: File name '/Users/mbjunaid/My Projects/nexusai-erp-2/src/components/ui/standardtable.tsx' differs from already included file name '/Users/mbjunaid/My Projects/nexusai-erp-2/src/components/ui/StandardTable.tsx' only in casing.
  The file is in the program because:
    Imported via "@/components/ui/StandardTable" from file '/Users/mbjunaid/My Projects/nexusai-erp-2/src/pages/LeadsDetail.tsx'
    Imported via "@/components/ui/StandardTable" from file '/Users/mbjunaid/My Projects/nexusai-erp-2/src/components/crm/AccountRelatedLists.tsx'
    Imported via "@/components/ui/StandardTable" from file '/Users/mbjunaid/My Projects/nexusai-erp-2/src/pages/crm/ContactList.tsx'
    Imported via "@/components/ui/StandardTable" from file '/Users/mbjunaid/My Projects/nexusai-erp-2/src/components/treasury/TreasuryWorkbench.tsx'
    Imported via "@/components/ui/StandardTable" from file '/Users/mbjunaid/My Projects/nexusai-erp-2/src/components/treasury/CounterpartyManager.tsx'
    Imported via "@/components/ui/StandardTable" from file '/Users/mbjunaid/My Projects/nexusai-erp-2/src/components/cash/ReconciliationWorkbench.tsx'
    Imported via "@/components/ui/StandardTable" from file '/Users/mbjunaid/My Projects/nexusai-erp-2/src/pages/finance/FixedAssets.tsx'
    Imported via "@/components/ui/StandardTable" from file '/Users/mbjunaid/My Projects/nexusai-erp-2/src/pages/APInvoices.tsx'
    Imported via "@/components/ui/StandardTable" from file '/Users/mbjunaid/My Projects/nexusai-erp-2/src/components/ar/ArInvoiceList.tsx'
    Imported via "@/components/ui/StandardTable" from file '/Users/mbjunaid/My Projects/nexusai-erp-2/src/pages/billing/BillingWorkbench.tsx'
    Imported via "@/components/ui/StandardTable" from file '/Users/mbjunaid/My Projects/nexusai-erp-2/src/pages/billing/BillingRulesManager.tsx'
    Imported via "@/components/ui/StandardTable" from file '/Users/mbjunaid/My Projects/nexusai-erp-2/src/pages/billing/SubscriptionWorkbench.tsx'
    Imported via "@/components/ui/StandardTable" from file '/Users/mbjunaid/My Projects/nexusai-erp-2/src/pages/JournalEntries.tsx'
    Imported via "@/components/ui/StandardTable" from file '/Users/mbjunaid/My Projects/nexusai-erp-2/src/pages/gl/TrialBalance.tsx'
    Imported via "@/components/ui/StandardTable" from file '/Users/mbjunaid/My Projects/nexusai-erp-2/src/pages/gl/CoaStructureSetup.tsx'
    Imported via "@/components/ui/StandardTable" from file '/Users/mbjunaid/My Projects/nexusai-erp-2/src/pages/RevenueContractWorkbench.tsx'
    Imported via "@/components/ui/StandardTable" from file '/Users/mbjunaid/My Projects/nexusai-erp-2/src/pages/RevenueRuleManager.tsx'
    Imported via "@/components/ui/StandardTable" from file '/Users/mbjunaid/My Projects/nexusai-erp-2/src/pages/RevenueContractDetail.tsx'
    Imported via "@/components/ui/StandardTable" from file '/Users/mbjunaid/My Projects/nexusai-erp-2/src/pages/RevenuePeriodClose.tsx'
    Imported via "@/components/ui/StandardTable" from file '/Users/mbjunaid/My Projects/nexusai-erp-2/src/pages/SSPManager.tsx'
    Imported via "@/components/ui/StandardTable" from file '/Users/mbjunaid/My Projects/nexusai-erp-2/src/pages/RevenueSourceEvents.tsx'
    Imported via "@/components/ui/StandardTable" from file '/Users/mbjunaid/My Projects/nexusai-erp-2/src/pages/RevenueAuditConsole.tsx'
    Imported via "@/components/ui/StandardTable" from file '/Users/mbjunaid/My Projects/nexusai-erp-2/src/pages/manufacturing/BOMDesigner.tsx'
    Imported via "@/components/ui/StandardTable" from file '/Users/mbjunaid/My Projects/nexusai-erp-2/src/pages/manufacturing/RoutingEditor.tsx'
    Imported via "@/components/ui/StandardTable" from file '/Users/mbjunaid/My Projects/nexusai-erp-2/src/pages/manufacturing/WorkCenterManager.tsx'
    Imported via "@/components/ui/StandardTable" from file '/Users/mbjunaid/My Projects/nexusai-erp-2/src/pages/manufacturing/ResourceManager.tsx'
    Imported via "@/components/ui/StandardTable" from file '/Users/mbjunaid/My Projects/nexusai-erp-2/src/pages/manufacturing/WorkOrderList.tsx'
    Imported via "@/components/ui/StandardTable" from file '/Users/mbjunaid/My Projects/nexusai-erp-2/src/pages/manufacturing/QualityManager.tsx'
    Imported via "@/components/ui/StandardTable" from file '/Users/mbjunaid/My Projects/nexusai-erp-2/src/pages/manufacturing/MRPWorkbench.tsx'
    Imported via "@/components/ui/StandardTable" from file '/Users/mbjunaid/My Projects/nexusai-erp-2/src/pages/manufacturing/CalendarManager.tsx'
    Imported via "@/components/ui/StandardTable" from file '/Users/mbjunaid/My Projects/nexusai-erp-2/src/pages/manufacturing/StandardOpLibrary.tsx'
    Imported via "@/components/ui/StandardTable" from file '/Users/mbjunaid/My Projects/nexusai-erp-2/src/pages/manufacturing/CostingWorkbench.tsx'
    Imported via "@/components/ui/StandardTable" from file '/Users/mbjunaid/My Projects/nexusai-erp-2/src/pages/manufacturing/WIPDashboard.tsx'
    Imported via "@/components/ui/StandardTable" from file '/Users/mbjunaid/My Projects/nexusai-erp-2/src/pages/manufacturing/VarianceAnalysis.tsx'
    Imported via "@/components/ui/StandardTable" from file '/Users/mbjunaid/My Projects/nexusai-erp-2/src/pages/manufacturing/FormulaDesigner.tsx'
    Imported via "@/components/ui/StandardTable" from file '/Users/mbjunaid/My Projects/nexusai-erp-2/src/pages/manufacturing/RecipeManager.tsx'
    Imported via "@/components/ui/StandardTable" from file '/Users/mbjunaid/My Projects/nexusai-erp-2/src/pages/manufacturing/BatchWorkbench.tsx'
    Imported via "@/components/ui/StandardTable" from file '/Users/mbjunaid/My Projects/nexusai-erp-2/src/pages/manufacturing/BatchGenealogy.tsx'
    Imported via '@/components/ui/StandardTable' from file '/Users/mbjunaid/My Projects/nexusai-erp-2/src/pages/InventoryDashboardView.tsx'
    Imported via "@/components/ui/StandardTable" from file '/Users/mbjunaid/My Projects/nexusai-erp-2/src/pages/SupplierManagement.tsx'
    Imported via "@/components/ui/StandardTable" from file '/Users/mbjunaid/My Projects/nexusai-erp-2/src/pages/transportation/RoutePlanningWorkbench.tsx'
    Imported via "@/components/ui/StandardTable" from file '/Users/mbjunaid/My Projects/nexusai-erp-2/src/pages/transportation/CarrierManager.tsx'
    Imported via "@/components/ui/StandardTable" from file '/Users/mbjunaid/My Projects/nexusai-erp-2/src/pages/transportation/FreightSettlementConsole.tsx'
    Imported via "@/components/ui/StandardTable" from file '/Users/mbjunaid/My Projects/nexusai-erp-2/src/pages/projects/ProjectList.tsx'
    Imported via "@/components/ui/StandardTable" from file '/Users/mbjunaid/My Projects/nexusai-erp-2/src/pages/projects/TaskList.tsx'
    Imported via "@/components/ui/StandardTable" from file '/Users/mbjunaid/My Projects/nexusai-erp-2/src/pages/projects/AssetWorkbench.tsx'
    Imported via "@/components/ui/StandardTable" from file '/Users/mbjunaid/My Projects/nexusai-erp-2/src/pages/projects/BillRateManager.tsx'
    Imported via "@/components/ui/StandardTable" from file '/Users/mbjunaid/My Projects/nexusai-erp-2/src/pages/projects/BillingRulesManager.tsx'
    Imported via "@/components/ui/StandardTable" from file '/Users/mbjunaid/My Projects/nexusai-erp-2/src/pages/projects/BurdenManager.tsx'
    Imported via "@/components/ui/StandardTable" from file '/Users/mbjunaid/My Projects/nexusai-erp-2/src/pages/projects/ProjectTemplateManager.tsx'
    Imported via "@/components/ui/StandardTable" from file '/Users/mbjunaid/My Projects/nexusai-erp-2/src/pages/UserManagement.tsx'
    Imported via "@/components/ui/StandardTable" from file '/Users/mbjunaid/My Projects/nexusai-erp-2/src/pages/EnvironmentManagement.tsx'
    Imported via "@/components/ui/StandardTable" from file '/Users/mbjunaid/My Projects/nexusai-erp-2/src/pages/order/OrderWorkbench.tsx'
    Imported via "@/components/ui/StandardTable" from file '/Users/mbjunaid/My Projects/nexusai-erp-2/src/pages/order/ShipmentWorkbench.tsx'
    Imported via "@/components/ui/StandardTable" from file '/Users/mbjunaid/My Projects/nexusai-erp-2/src/pages/order/ReturnsWorkbench.tsx'
    Imported via "@/components/ui/StandardTable" from file '/Users/mbjunaid/My Projects/nexusai-erp-2/src/pages/order/OrderConfigManager.tsx'
    Imported via "@/components/ui/StandardTable" from file '/Users/mbjunaid/My Projects/nexusai-erp-2/src/pages/order/PriceListManager.tsx'
    Imported via "@/components/ui/StandardTable" from file '/Users/mbjunaid/My Projects/nexusai-erp-2/src/pages/SalesOrderManagement.tsx'
    Imported via "@/components/ui/StandardTable" from file '/Users/mbjunaid/My Projects/nexusai-erp-2/src/pages/PatientManagement.tsx'
    Imported via "@/components/ui/standardtable" from file '/Users/mbjunaid/My Projects/nexusai-erp-2/src/pages/ComplianceExceptions.tsx'
    Imported via "@/components/ui/standardtable" from file '/Users/mbjunaid/My Projects/nexusai-erp-2/src/pages/ComplianceGovernance.tsx'
    Imported via "@/components/ui/standardtable" from file '/Users/mbjunaid/My Projects/nexusai-erp-2/src/pages/AuditTrails.tsx'
    Imported via "@/components/ui/standardtable" from file '/Users/mbjunaid/My Projects/nexusai-erp-2/src/pages/SecurityProfiles.tsx'
    Imported via "@/components/ui/StandardTable" from file '/Users/mbjunaid/My Projects/nexusai-erp-2/src/pages/PartyDirectory.tsx'
    Imported via "@/components/ui/StandardTable" from file '/Users/mbjunaid/My Projects/nexusai-erp-2/src/pages/ReferenceDataList.tsx'
    Imported via "@/components/ui/StandardTable" from file '/Users/mbjunaid/My Projects/nexusai-erp-2/src/pages/ReferenceDataDetail.tsx'
    Imported via "@/components/ui/StandardTable" from file '/Users/mbjunaid/My Projects/nexusai-erp-2/src/pages/MatchRuleList.tsx'
    Imported via "@/components/ui/StandardTable" from file '/Users/mbjunaid/My Projects/nexusai-erp-2/src/pages/SurvivorshipRuleList.tsx'
    Imported via "@/components/ui/StandardTable" from file '/Users/mbjunaid/My Projects/nexusai-erp-2/src/pages/ItemDirectory.tsx'
    Imported via "@/components/ui/StandardTable" from file '/Users/mbjunaid/My Projects/nexusai-erp-2/src/pages/ChangeRequestInbox.tsx'
    Imported via "@/components/ui/StandardTable" from file '/Users/mbjunaid/My Projects/nexusai-erp-2/src/pages/learning/instructor/InstructorDashboard.tsx'
    Imported via "@/components/ui/standardtable" from file '/Users/mbjunaid/My Projects/nexusai-erp-2/src/pages/hr/selfservice/MyTimeCard.tsx'
    Imported via "@/components/ui/standardtable" from file '/Users/mbjunaid/My Projects/nexusai-erp-2/src/pages/HRAnalyticsDashboard.tsx'
    Imported via "@/components/ui/standardtable" from file '/Users/mbjunaid/My Projects/nexusai-erp-2/src/pages/HRReports.tsx'
    Imported via "@/components/ui/standardtable" from file '/Users/mbjunaid/My Projects/nexusai-erp-2/src/pages/analytics/KpiConfiguration.tsx'
    Imported via "@/components/ui/standardtable" from file '/Users/mbjunaid/My Projects/nexusai-erp-2/src/pages/analytics/ReportScheduler.tsx'
    Imported via "@/components/ui/StandardTable" from file '/Users/mbjunaid/My Projects/nexusai-erp-2/src/pages/learning/admin/CourseCatalogAdmin.tsx'
    Imported via "@/components/ui/standardtable" from file '/Users/mbjunaid/My Projects/nexusai-erp-2/src/pages/hr/selfservice/DelegationWorkbench.tsx'
    Imported via "@/components/ui/standardtable" from file '/Users/mbjunaid/My Projects/nexusai-erp-2/src/pages/hr/selfservice/VoluntaryDeductions.tsx'
    Imported via "@/components/ui/standardtable" from file '/Users/mbjunaid/My Projects/nexusai-erp-2/src/pages/hr/selfservice/StatutoryForms.tsx'
    Imported via "@/components/ui/StandardTable" from file '/Users/mbjunaid/My Projects/nexusai-erp-2/src/components/ap/ApApprovalList.tsx'
    Imported via "@/components/ui/StandardTable" from file '/Users/mbjunaid/My Projects/nexusai-erp-2/src/components/ap/ApInvoiceList.tsx'
    Imported via "@/components/ui/StandardTable" from file '/Users/mbjunaid/My Projects/nexusai-erp-2/src/components/ap/ApSupplierList.tsx'
    Imported via "@/components/ui/StandardTable" from file '/Users/mbjunaid/My Projects/nexusai-erp-2/src/components/inventory/WavePlanningConsole.tsx'
    Imported via "@/components/ui/StandardTable" from file '/Users/mbjunaid/My Projects/nexusai-erp-2/src/components/inventory/WmsTaskWorkbench.tsx'
    Imported via "@/components/ui/StandardTable" from file '/Users/mbjunaid/My Projects/nexusai-erp-2/src/components/ppm/BillingWorkbench.tsx'
    Imported via "@/components/ui/StandardTable" from file '/Users/mbjunaid/My Projects/nexusai-erp-2/src/components/ppm/PpmWorkbench.tsx'
    Imported via "@/components/ui/StandardTable" from file '/Users/mbjunaid/My Projects/nexusai-erp-2/src/components/procurement/SupplierManager.tsx'
    Imported via "@/components/ui/StandardTable" from file '/Users/mbjunaid/My Projects/nexusai-erp-2/src/components/procurement/SupplierSiteManager.tsx'
    Matched by include pattern 'src' in '/Users/mbjunaid/My Projects/nexusai-erp-2/tsconfig.json'
    Imported via "@/components/ui/StandardTable" from file '/Users/mbjunaid/My Projects/nexusai-erp-2/src/pages/ARInvoices.tsx'
    Imported via "@/components/ui/StandardTable" from file '/Users/mbjunaid/My Projects/nexusai-erp-2/src/pages/AuditLogs.tsx'
    Imported via "@/components/ui/StandardTable" from file '/Users/mbjunaid/My Projects/nexusai-erp-2/src/pages/ClientManagement.tsx'
    Imported via "@/components/ui/StandardTable" from file '/Users/mbjunaid/My Projects/nexusai-erp-2/src/pages/CostInsights.tsx'
    Imported via "@/components/ui/StandardTable" from file '/Users/mbjunaid/My Projects/nexusai-erp-2/src/pages/OpportunitiesDetail.tsx'
    Imported via "@/components/ui/StandardTable" from file '/Users/mbjunaid/My Projects/nexusai-erp-2/src/pages/OpportunityList.tsx'
    Imported via "@/components/ui/StandardTable" from file '/Users/mbjunaid/My Projects/nexusai-erp-2/src/pages/RetailProductCatalog.tsx'
    Imported via "@/components/ui/StandardTable" from file '/Users/mbjunaid/My Projects/nexusai-erp-2/src/pages/RoleManagement.tsx'
    Imported via "@/components/ui/StandardTable" from file '/Users/mbjunaid/My Projects/nexusai-erp-2/src/pages/StudentManagement.tsx'
    Imported via '@/components/ui/StandardTable' from file '/Users/mbjunaid/My Projects/nexusai-erp-2/src/pages/cost-management/DistributionsViewer.tsx'
    Imported via "@/components/ui/StandardTable" from file '/Users/mbjunaid/My Projects/nexusai-erp-2/src/pages/crm/AccountDetail.tsx'
    Imported via "@/components/ui/StandardTable" from file '/Users/mbjunaid/My Projects/nexusai-erp-2/src/pages/fixed-assets/AssetWorkbench.tsx'
    Imported via "@/components/ui/StandardTable" from file '/Users/mbjunaid/My Projects/nexusai-erp-2/src/pages/inventory/LotSerialManager.tsx'
    Imported via "@/components/ui/StandardTable" from file '/Users/mbjunaid/My Projects/nexusai-erp-2/src/pages/procurement/PurchaseOrderList.tsx'
    Imported via "@/components/ui/StandardTable" from file '/Users/mbjunaid/My Projects/nexusai-erp-2/src/pages/procurement/RequisitionBoard.tsx'
    Imported via "@/components/ui/StandardTable" from file '/Users/mbjunaid/My Projects/nexusai-erp-2/src/pages/projects/ExpenditureInquiry.tsx'
    Imported via "@/components/ui/StandardTable" from file '/Users/mbjunaid/My Projects/nexusai-erp-2/src/pages/projects/ExpenditureTypeManager.tsx'
    Imported via "@/components/ui/StandardTable" from file '/Users/mbjunaid/My Projects/nexusai-erp-2/src/pages/projects/SlaEventMonitor.tsx'
    Imported via "@/components/ui/StandardTable" from file '/Users/mbjunaid/My Projects/nexusai-erp-2/src/pages/projects/TransactionImport.tsx'
    Imported via "@/components/ui/StandardTable" from file '/Users/mbjunaid/My Projects/nexusai-erp-2/src/pages/supply-chain/PartnerList.tsx'
    Imported via "@/components/ui/StandardTable" from file '/Users/mbjunaid/My Projects/nexusai-erp-2/src/pages/supply-chain/ShipmentList.tsx'
src/pages/HRReports.tsx(7,39): error TS1149: File name '/Users/mbjunaid/My Projects/nexusai-erp-2/src/components/ui/standardtable.tsx' differs from already included file name '/Users/mbjunaid/My Projects/nexusai-erp-2/src/components/ui/StandardTable.tsx' only in casing.
  The file is in the program because:
    Imported via "@/components/ui/StandardTable" from file '/Users/mbjunaid/My Projects/nexusai-erp-2/src/pages/LeadsDetail.tsx'
    Imported via "@/components/ui/StandardTable" from file '/Users/mbjunaid/My Projects/nexusai-erp-2/src/components/crm/AccountRelatedLists.tsx'
    Imported via "@/components/ui/StandardTable" from file '/Users/mbjunaid/My Projects/nexusai-erp-2/src/pages/crm/ContactList.tsx'
    Imported via "@/components/ui/StandardTable" from file '/Users/mbjunaid/My Projects/nexusai-erp-2/src/components/treasury/TreasuryWorkbench.tsx'
    Imported via "@/components/ui/StandardTable" from file '/Users/mbjunaid/My Projects/nexusai-erp-2/src/components/treasury/CounterpartyManager.tsx'
    Imported via "@/components/ui/StandardTable" from file '/Users/mbjunaid/My Projects/nexusai-erp-2/src/components/cash/ReconciliationWorkbench.tsx'
    Imported via "@/components/ui/StandardTable" from file '/Users/mbjunaid/My Projects/nexusai-erp-2/src/pages/finance/FixedAssets.tsx'
    Imported via "@/components/ui/StandardTable" from file '/Users/mbjunaid/My Projects/nexusai-erp-2/src/pages/APInvoices.tsx'
    Imported via "@/components/ui/StandardTable" from file '/Users/mbjunaid/My Projects/nexusai-erp-2/src/components/ar/ArInvoiceList.tsx'
    Imported via "@/components/ui/StandardTable" from file '/Users/mbjunaid/My Projects/nexusai-erp-2/src/pages/billing/BillingWorkbench.tsx'
    Imported via "@/components/ui/StandardTable" from file '/Users/mbjunaid/My Projects/nexusai-erp-2/src/pages/billing/BillingRulesManager.tsx'
    Imported via "@/components/ui/StandardTable" from file '/Users/mbjunaid/My Projects/nexusai-erp-2/src/pages/billing/SubscriptionWorkbench.tsx'
    Imported via "@/components/ui/StandardTable" from file '/Users/mbjunaid/My Projects/nexusai-erp-2/src/pages/JournalEntries.tsx'
    Imported via "@/components/ui/StandardTable" from file '/Users/mbjunaid/My Projects/nexusai-erp-2/src/pages/gl/TrialBalance.tsx'
    Imported via "@/components/ui/StandardTable" from file '/Users/mbjunaid/My Projects/nexusai-erp-2/src/pages/gl/CoaStructureSetup.tsx'
    Imported via "@/components/ui/StandardTable" from file '/Users/mbjunaid/My Projects/nexusai-erp-2/src/pages/RevenueContractWorkbench.tsx'
    Imported via "@/components/ui/StandardTable" from file '/Users/mbjunaid/My Projects/nexusai-erp-2/src/pages/RevenueRuleManager.tsx'
    Imported via "@/components/ui/StandardTable" from file '/Users/mbjunaid/My Projects/nexusai-erp-2/src/pages/RevenueContractDetail.tsx'
    Imported via "@/components/ui/StandardTable" from file '/Users/mbjunaid/My Projects/nexusai-erp-2/src/pages/RevenuePeriodClose.tsx'
    Imported via "@/components/ui/StandardTable" from file '/Users/mbjunaid/My Projects/nexusai-erp-2/src/pages/SSPManager.tsx'
    Imported via "@/components/ui/StandardTable" from file '/Users/mbjunaid/My Projects/nexusai-erp-2/src/pages/RevenueSourceEvents.tsx'
    Imported via "@/components/ui/StandardTable" from file '/Users/mbjunaid/My Projects/nexusai-erp-2/src/pages/RevenueAuditConsole.tsx'
    Imported via "@/components/ui/StandardTable" from file '/Users/mbjunaid/My Projects/nexusai-erp-2/src/pages/manufacturing/BOMDesigner.tsx'
    Imported via "@/components/ui/StandardTable" from file '/Users/mbjunaid/My Projects/nexusai-erp-2/src/pages/manufacturing/RoutingEditor.tsx'
    Imported via "@/components/ui/StandardTable" from file '/Users/mbjunaid/My Projects/nexusai-erp-2/src/pages/manufacturing/WorkCenterManager.tsx'
    Imported via "@/components/ui/StandardTable" from file '/Users/mbjunaid/My Projects/nexusai-erp-2/src/pages/manufacturing/ResourceManager.tsx'
    Imported via "@/components/ui/StandardTable" from file '/Users/mbjunaid/My Projects/nexusai-erp-2/src/pages/manufacturing/WorkOrderList.tsx'
    Imported via "@/components/ui/StandardTable" from file '/Users/mbjunaid/My Projects/nexusai-erp-2/src/pages/manufacturing/QualityManager.tsx'
    Imported via "@/components/ui/StandardTable" from file '/Users/mbjunaid/My Projects/nexusai-erp-2/src/pages/manufacturing/MRPWorkbench.tsx'
    Imported via "@/components/ui/StandardTable" from file '/Users/mbjunaid/My Projects/nexusai-erp-2/src/pages/manufacturing/CalendarManager.tsx'
    Imported via "@/components/ui/StandardTable" from file '/Users/mbjunaid/My Projects/nexusai-erp-2/src/pages/manufacturing/StandardOpLibrary.tsx'
    Imported via "@/components/ui/StandardTable" from file '/Users/mbjunaid/My Projects/nexusai-erp-2/src/pages/manufacturing/CostingWorkbench.tsx'
    Imported via "@/components/ui/StandardTable" from file '/Users/mbjunaid/My Projects/nexusai-erp-2/src/pages/manufacturing/WIPDashboard.tsx'
    Imported via "@/components/ui/StandardTable" from file '/Users/mbjunaid/My Projects/nexusai-erp-2/src/pages/manufacturing/VarianceAnalysis.tsx'
    Imported via "@/components/ui/StandardTable" from file '/Users/mbjunaid/My Projects/nexusai-erp-2/src/pages/manufacturing/FormulaDesigner.tsx'
    Imported via "@/components/ui/StandardTable" from file '/Users/mbjunaid/My Projects/nexusai-erp-2/src/pages/manufacturing/RecipeManager.tsx'
    Imported via "@/components/ui/StandardTable" from file '/Users/mbjunaid/My Projects/nexusai-erp-2/src/pages/manufacturing/BatchWorkbench.tsx'
    Imported via "@/components/ui/StandardTable" from file '/Users/mbjunaid/My Projects/nexusai-erp-2/src/pages/manufacturing/BatchGenealogy.tsx'
    Imported via '@/components/ui/StandardTable' from file '/Users/mbjunaid/My Projects/nexusai-erp-2/src/pages/InventoryDashboardView.tsx'
    Imported via "@/components/ui/StandardTable" from file '/Users/mbjunaid/My Projects/nexusai-erp-2/src/pages/SupplierManagement.tsx'
    Imported via "@/components/ui/StandardTable" from file '/Users/mbjunaid/My Projects/nexusai-erp-2/src/pages/transportation/RoutePlanningWorkbench.tsx'
    Imported via "@/components/ui/StandardTable" from file '/Users/mbjunaid/My Projects/nexusai-erp-2/src/pages/transportation/CarrierManager.tsx'
    Imported via "@/components/ui/StandardTable" from file '/Users/mbjunaid/My Projects/nexusai-erp-2/src/pages/transportation/FreightSettlementConsole.tsx'
    Imported via "@/components/ui/StandardTable" from file '/Users/mbjunaid/My Projects/nexusai-erp-2/src/pages/projects/ProjectList.tsx'
    Imported via "@/components/ui/StandardTable" from file '/Users/mbjunaid/My Projects/nexusai-erp-2/src/pages/projects/TaskList.tsx'
    Imported via "@/components/ui/StandardTable" from file '/Users/mbjunaid/My Projects/nexusai-erp-2/src/pages/projects/AssetWorkbench.tsx'
    Imported via "@/components/ui/StandardTable" from file '/Users/mbjunaid/My Projects/nexusai-erp-2/src/pages/projects/BillRateManager.tsx'
    Imported via "@/components/ui/StandardTable" from file '/Users/mbjunaid/My Projects/nexusai-erp-2/src/pages/projects/BillingRulesManager.tsx'
    Imported via "@/components/ui/StandardTable" from file '/Users/mbjunaid/My Projects/nexusai-erp-2/src/pages/projects/BurdenManager.tsx'
    Imported via "@/components/ui/StandardTable" from file '/Users/mbjunaid/My Projects/nexusai-erp-2/src/pages/projects/ProjectTemplateManager.tsx'
    Imported via "@/components/ui/StandardTable" from file '/Users/mbjunaid/My Projects/nexusai-erp-2/src/pages/UserManagement.tsx'
    Imported via "@/components/ui/StandardTable" from file '/Users/mbjunaid/My Projects/nexusai-erp-2/src/pages/EnvironmentManagement.tsx'
    Imported via "@/components/ui/StandardTable" from file '/Users/mbjunaid/My Projects/nexusai-erp-2/src/pages/order/OrderWorkbench.tsx'
    Imported via "@/components/ui/StandardTable" from file '/Users/mbjunaid/My Projects/nexusai-erp-2/src/pages/order/ShipmentWorkbench.tsx'
    Imported via "@/components/ui/StandardTable" from file '/Users/mbjunaid/My Projects/nexusai-erp-2/src/pages/order/ReturnsWorkbench.tsx'
    Imported via "@/components/ui/StandardTable" from file '/Users/mbjunaid/My Projects/nexusai-erp-2/src/pages/order/OrderConfigManager.tsx'
    Imported via "@/components/ui/StandardTable" from file '/Users/mbjunaid/My Projects/nexusai-erp-2/src/pages/order/PriceListManager.tsx'
    Imported via "@/components/ui/StandardTable" from file '/Users/mbjunaid/My Projects/nexusai-erp-2/src/pages/SalesOrderManagement.tsx'
    Imported via "@/components/ui/StandardTable" from file '/Users/mbjunaid/My Projects/nexusai-erp-2/src/pages/PatientManagement.tsx'
    Imported via "@/components/ui/standardtable" from file '/Users/mbjunaid/My Projects/nexusai-erp-2/src/pages/ComplianceExceptions.tsx'
    Imported via "@/components/ui/standardtable" from file '/Users/mbjunaid/My Projects/nexusai-erp-2/src/pages/ComplianceGovernance.tsx'
    Imported via "@/components/ui/standardtable" from file '/Users/mbjunaid/My Projects/nexusai-erp-2/src/pages/AuditTrails.tsx'
    Imported via "@/components/ui/standardtable" from file '/Users/mbjunaid/My Projects/nexusai-erp-2/src/pages/SecurityProfiles.tsx'
    Imported via "@/components/ui/StandardTable" from file '/Users/mbjunaid/My Projects/nexusai-erp-2/src/pages/PartyDirectory.tsx'
    Imported via "@/components/ui/StandardTable" from file '/Users/mbjunaid/My Projects/nexusai-erp-2/src/pages/ReferenceDataList.tsx'
    Imported via "@/components/ui/StandardTable" from file '/Users/mbjunaid/My Projects/nexusai-erp-2/src/pages/ReferenceDataDetail.tsx'
    Imported via "@/components/ui/StandardTable" from file '/Users/mbjunaid/My Projects/nexusai-erp-2/src/pages/MatchRuleList.tsx'
    Imported via "@/components/ui/StandardTable" from file '/Users/mbjunaid/My Projects/nexusai-erp-2/src/pages/SurvivorshipRuleList.tsx'
    Imported via "@/components/ui/StandardTable" from file '/Users/mbjunaid/My Projects/nexusai-erp-2/src/pages/ItemDirectory.tsx'
    Imported via "@/components/ui/StandardTable" from file '/Users/mbjunaid/My Projects/nexusai-erp-2/src/pages/ChangeRequestInbox.tsx'
    Imported via "@/components/ui/StandardTable" from file '/Users/mbjunaid/My Projects/nexusai-erp-2/src/pages/learning/instructor/InstructorDashboard.tsx'
    Imported via "@/components/ui/standardtable" from file '/Users/mbjunaid/My Projects/nexusai-erp-2/src/pages/hr/selfservice/MyTimeCard.tsx'
    Imported via "@/components/ui/standardtable" from file '/Users/mbjunaid/My Projects/nexusai-erp-2/src/pages/HRAnalyticsDashboard.tsx'
    Imported via "@/components/ui/standardtable" from file '/Users/mbjunaid/My Projects/nexusai-erp-2/src/pages/HRReports.tsx'
    Imported via "@/components/ui/standardtable" from file '/Users/mbjunaid/My Projects/nexusai-erp-2/src/pages/analytics/KpiConfiguration.tsx'
    Imported via "@/components/ui/standardtable" from file '/Users/mbjunaid/My Projects/nexusai-erp-2/src/pages/analytics/ReportScheduler.tsx'
    Imported via "@/components/ui/StandardTable" from file '/Users/mbjunaid/My Projects/nexusai-erp-2/src/pages/learning/admin/CourseCatalogAdmin.tsx'
    Imported via "@/components/ui/standardtable" from file '/Users/mbjunaid/My Projects/nexusai-erp-2/src/pages/hr/selfservice/DelegationWorkbench.tsx'
    Imported via "@/components/ui/standardtable" from file '/Users/mbjunaid/My Projects/nexusai-erp-2/src/pages/hr/selfservice/VoluntaryDeductions.tsx'
    Imported via "@/components/ui/standardtable" from file '/Users/mbjunaid/My Projects/nexusai-erp-2/src/pages/hr/selfservice/StatutoryForms.tsx'
    Imported via "@/components/ui/StandardTable" from file '/Users/mbjunaid/My Projects/nexusai-erp-2/src/components/ap/ApApprovalList.tsx'
    Imported via "@/components/ui/StandardTable" from file '/Users/mbjunaid/My Projects/nexusai-erp-2/src/components/ap/ApInvoiceList.tsx'
    Imported via "@/components/ui/StandardTable" from file '/Users/mbjunaid/My Projects/nexusai-erp-2/src/components/ap/ApSupplierList.tsx'
    Imported via "@/components/ui/StandardTable" from file '/Users/mbjunaid/My Projects/nexusai-erp-2/src/components/inventory/WavePlanningConsole.tsx'
    Imported via "@/components/ui/StandardTable" from file '/Users/mbjunaid/My Projects/nexusai-erp-2/src/components/inventory/WmsTaskWorkbench.tsx'
    Imported via "@/components/ui/StandardTable" from file '/Users/mbjunaid/My Projects/nexusai-erp-2/src/components/ppm/BillingWorkbench.tsx'
    Imported via "@/components/ui/StandardTable" from file '/Users/mbjunaid/My Projects/nexusai-erp-2/src/components/ppm/PpmWorkbench.tsx'
    Imported via "@/components/ui/StandardTable" from file '/Users/mbjunaid/My Projects/nexusai-erp-2/src/components/procurement/SupplierManager.tsx'
    Imported via "@/components/ui/StandardTable" from file '/Users/mbjunaid/My Projects/nexusai-erp-2/src/components/procurement/SupplierSiteManager.tsx'
    Matched by include pattern 'src' in '/Users/mbjunaid/My Projects/nexusai-erp-2/tsconfig.json'
    Imported via "@/components/ui/StandardTable" from file '/Users/mbjunaid/My Projects/nexusai-erp-2/src/pages/ARInvoices.tsx'
    Imported via "@/components/ui/StandardTable" from file '/Users/mbjunaid/My Projects/nexusai-erp-2/src/pages/AuditLogs.tsx'
    Imported via "@/components/ui/StandardTable" from file '/Users/mbjunaid/My Projects/nexusai-erp-2/src/pages/ClientManagement.tsx'
    Imported via "@/components/ui/StandardTable" from file '/Users/mbjunaid/My Projects/nexusai-erp-2/src/pages/CostInsights.tsx'
    Imported via "@/components/ui/StandardTable" from file '/Users/mbjunaid/My Projects/nexusai-erp-2/src/pages/OpportunitiesDetail.tsx'
    Imported via "@/components/ui/StandardTable" from file '/Users/mbjunaid/My Projects/nexusai-erp-2/src/pages/OpportunityList.tsx'
    Imported via "@/components/ui/StandardTable" from file '/Users/mbjunaid/My Projects/nexusai-erp-2/src/pages/RetailProductCatalog.tsx'
    Imported via "@/components/ui/StandardTable" from file '/Users/mbjunaid/My Projects/nexusai-erp-2/src/pages/RoleManagement.tsx'
    Imported via "@/components/ui/StandardTable" from file '/Users/mbjunaid/My Projects/nexusai-erp-2/src/pages/StudentManagement.tsx'
    Imported via '@/components/ui/StandardTable' from file '/Users/mbjunaid/My Projects/nexusai-erp-2/src/pages/cost-management/DistributionsViewer.tsx'
    Imported via "@/components/ui/StandardTable" from file '/Users/mbjunaid/My Projects/nexusai-erp-2/src/pages/crm/AccountDetail.tsx'
    Imported via "@/components/ui/StandardTable" from file '/Users/mbjunaid/My Projects/nexusai-erp-2/src/pages/fixed-assets/AssetWorkbench.tsx'
    Imported via "@/components/ui/StandardTable" from file '/Users/mbjunaid/My Projects/nexusai-erp-2/src/pages/inventory/LotSerialManager.tsx'
    Imported via "@/components/ui/StandardTable" from file '/Users/mbjunaid/My Projects/nexusai-erp-2/src/pages/procurement/PurchaseOrderList.tsx'
    Imported via "@/components/ui/StandardTable" from file '/Users/mbjunaid/My Projects/nexusai-erp-2/src/pages/procurement/RequisitionBoard.tsx'
    Imported via "@/components/ui/StandardTable" from file '/Users/mbjunaid/My Projects/nexusai-erp-2/src/pages/projects/ExpenditureInquiry.tsx'
    Imported via "@/components/ui/StandardTable" from file '/Users/mbjunaid/My Projects/nexusai-erp-2/src/pages/projects/ExpenditureTypeManager.tsx'
    Imported via "@/components/ui/StandardTable" from file '/Users/mbjunaid/My Projects/nexusai-erp-2/src/pages/projects/SlaEventMonitor.tsx'
    Imported via "@/components/ui/StandardTable" from file '/Users/mbjunaid/My Projects/nexusai-erp-2/src/pages/projects/TransactionImport.tsx'
    Imported via "@/components/ui/StandardTable" from file '/Users/mbjunaid/My Projects/nexusai-erp-2/src/pages/supply-chain/PartnerList.tsx'
    Imported via "@/components/ui/StandardTable" from file '/Users/mbjunaid/My Projects/nexusai-erp-2/src/pages/supply-chain/ShipmentList.tsx'
src/pages/IndustryDetail.tsx(8,28): error TS2307: Cannot find module '@assets/stock_images/modern_hospital_heal_f0393426.jpg' or its corresponding type declarations.
src/pages/IndustryDetail.tsx(9,24): error TS2307: Cannot find module '@assets/stock_images/retail_store_shoppin_143d3777.jpg' or its corresponding type declarations.
src/pages/IndustryDetail.tsx(10,31): error TS2307: Cannot find module '@assets/stock_images/industrial_manufactu_283e69f0.jpg' or its corresponding type declarations.
src/pages/IndustryDetail.tsx(11,27): error TS2307: Cannot find module '@assets/stock_images/logistics_warehouse__5ce59285.jpg' or its corresponding type declarations.
src/pages/IndustryDetail.tsx(12,27): error TS2307: Cannot find module '@assets/stock_images/modern_education_uni_aed4c4fe.jpg' or its corresponding type declarations.
src/pages/IndustryDetail.tsx(13,28): error TS2307: Cannot find module '@assets/stock_images/government_building__65e1f24d.jpg' or its corresponding type declarations.
src/pages/IndustryDetail.tsx(14,28): error TS2307: Cannot find module '@assets/stock_images/automotive_car_deale_62f1f498.jpg' or its corresponding type declarations.
src/pages/IndustryDetail.tsx(15,25): error TS2307: Cannot find module '@assets/stock_images/banking_finance_corp_f11367f7.jpg' or its corresponding type declarations.
src/pages/ItemDirectory.tsx(171,25): error TS2322: Type 'unknown' is not assignable to type 'any[]'.
src/pages/maintenance/Asset360View.tsx(47,35): error TS18048: 'asset.healthScore' is possibly 'undefined'.
src/pages/manufacturing/VarianceAnalysis.tsx(198,29): error TS2322: Type '{ columns: Column<{ id: string; description: string | null; createdAt: Date | null; amount: string; productionOrderId: string; transactionDate: Date | null; varianceType: string; glPosted: boolean | null; }>[]; ... 4 more ...; itemsPerPage: number; }' is not assignable to type 'IntrinsicAttributes & StandardTableProps<{ id: string; description: string | null; createdAt: Date | null; amount: string; productionOrderId: string; transactionDate: Date | null; varianceType: string; glPosted: boolean | null; }>'.
  Property 'itemsPerPage' does not exist on type 'IntrinsicAttributes & StandardTableProps<{ id: string; description: string | null; createdAt: Date | null; amount: string; productionOrderId: string; transactionDate: Date | null; varianceType: string; glPosted: boolean | null; }>'.
src/pages/manufacturing/WIPDashboard.tsx(142,29): error TS2322: Type '{ columns: Column<{ id: string; balance: string | null; lastUpdated: Date | null; productionOrderId: string; costElementId: string; }>[]; data: { id: string; balance: string | null; lastUpdated: Date | null; productionOrderId: string; costElementId: string; }[]; page: number; onPageChange: Dispatch<...>; totalItems:...' is not assignable to type 'IntrinsicAttributes & StandardTableProps<{ id: string; balance: string | null; lastUpdated: Date | null; productionOrderId: string; costElementId: string; }>'.
  Property 'itemsPerPage' does not exist on type 'IntrinsicAttributes & StandardTableProps<{ id: string; balance: string | null; lastUpdated: Date | null; productionOrderId: string; costElementId: string; }>'.
src/pages/MatchRuleList.tsx(142,25): error TS2322: Type 'unknown' is not assignable to type 'any[]'.
src/pages/PatientManagement.tsx(101,7): error TS2322: Type '{ children: Element; title: string; subtitle: string; actions: Element; }' is not assignable to type 'IntrinsicAttributes & StandardPageProps'.
  Property 'subtitle' does not exist on type 'IntrinsicAttributes & StandardPageProps'.
src/pages/procurement/ProcurementDashboard.tsx(121,37): error TS2769: No overload matches this call.
  Overload 1 of 2, '(props: Props): YAxis', gave the following error.
    Type '{ prefix: string; fontSize: number; tickLine: false; axisLine: false; tickFormatter: (value: any) => string; }' is not assignable to type 'IntrinsicAttributes & IntrinsicClassAttributes<YAxis> & Pick<Readonly<Props>, "string" | "key" | ... 274 more ... | "AxisComp"> & InexactPartial<...> & InexactPartial<...>'.
      Property 'prefix' does not exist on type 'IntrinsicAttributes & IntrinsicClassAttributes<YAxis> & Pick<Readonly<Props>, "string" | "key" | ... 274 more ... | "AxisComp"> & InexactPartial<...> & InexactPartial<...>'. Did you mean 'refX'?
  Overload 2 of 2, '(props: Props, context: any): YAxis', gave the following error.
    Type '{ prefix: string; fontSize: number; tickLine: false; axisLine: false; tickFormatter: (value: any) => string; }' is not assignable to type 'IntrinsicAttributes & IntrinsicClassAttributes<YAxis> & Pick<Readonly<Props>, "string" | "key" | ... 274 more ... | "AxisComp"> & InexactPartial<...> & InexactPartial<...>'.
      Property 'prefix' does not exist on type 'IntrinsicAttributes & IntrinsicClassAttributes<YAxis> & Pick<Readonly<Props>, "string" | "key" | ... 274 more ... | "AxisComp"> & InexactPartial<...> & InexactPartial<...>'. Did you mean 'refX'?
src/pages/procurement/PurchaseOrderList.tsx(105,13): error TS2322: Type '{ children: Element; title: string; subtitle: string; actions: Element; }' is not assignable to type 'IntrinsicAttributes & StandardPageProps'.
  Property 'subtitle' does not exist on type 'IntrinsicAttributes & StandardPageProps'.
src/pages/procurement/RequisitionBoard.tsx(98,13): error TS2322: Type '{ children: Element; title: string; subtitle: string; actions: Element; }' is not assignable to type 'IntrinsicAttributes & StandardPageProps'.
  Property 'subtitle' does not exist on type 'IntrinsicAttributes & StandardPageProps'.
src/pages/recruitment/InterviewerDashboard.tsx(8,25): error TS2307: Cannot find module '@/hooks/use-user' or its corresponding type declarations.
src/pages/ReferenceDataDetail.tsx(32,52): error TS2339: Property 'lookupType' does not exist on type '{}'.
src/pages/ReferenceDataDetail.tsx(33,32): error TS2339: Property 'lookupType' does not exist on type '{}'.
src/pages/ReferenceDataDetail.tsx(68,88): error TS2339: Property 'lookupType' does not exist on type '{}'.
src/pages/ReferenceDataDetail.tsx(92,31): error TS2339: Property 'userLookupName' does not exist on type '{}'.
src/pages/ReferenceDataDetail.tsx(93,40): error TS2339: Property 'lookupType' does not exist on type '{}'.
src/pages/ReferenceDataDetail.tsx(93,66): error TS2339: Property 'customizationLevel' does not exist on type '{}'.
src/pages/ReferenceDataDetail.tsx(97,37): error TS2339: Property 'lookupType' does not exist on type '{}'.
src/pages/ReferenceDataDetail.tsx(163,74): error TS2339: Property 'id' does not exist on type '{}'.
src/pages/ReferenceDataDetail.tsx(167,64): error TS2339: Property 'applicationId' does not exist on type '{}'.
src/pages/ReferenceDataDetail.tsx(171,64): error TS2339: Property 'description' does not exist on type '{}'.
src/pages/ReferenceDataDetail.tsx(180,29): error TS2322: Type 'unknown' is not assignable to type 'any[]'.
src/pages/ReferenceDataList.tsx(144,25): error TS2322: Type 'unknown' is not assignable to type 'any[]'.
src/pages/RetailDashboard.tsx(39,65): error TS2353: Object literal may only specify known properties, and 'direction' does not exist in type '{ value: number; label: string; positive: boolean; }'.
src/pages/RetailProductCatalog.tsx(7,30): error TS1149: File name '/Users/mbjunaid/My Projects/nexusai-erp-2/src/components/ui/StandardPage.tsx' differs from already included file name '/Users/mbjunaid/My Projects/nexusai-erp-2/src/components/ui/standardpage.tsx' only in casing.
  The file is in the program because:
    Imported via "@/components/ui/standardpage" from file '/Users/mbjunaid/My Projects/nexusai-erp-2/src/pages/hr/selfservice/MyTimeCard.tsx'
    Imported via "@/components/ui/standardpage" from file '/Users/mbjunaid/My Projects/nexusai-erp-2/src/pages/hr/selfservice/DelegationWorkbench.tsx'
    Imported via "@/components/ui/standardpage" from file '/Users/mbjunaid/My Projects/nexusai-erp-2/src/pages/hr/selfservice/VoluntaryDeductions.tsx'
    Imported via "@/components/ui/standardpage" from file '/Users/mbjunaid/My Projects/nexusai-erp-2/src/pages/hr/selfservice/StatutoryForms.tsx'
    Matched by include pattern 'src' in '/Users/mbjunaid/My Projects/nexusai-erp-2/tsconfig.json'
    Imported via "@/components/ui/StandardPage" from file '/Users/mbjunaid/My Projects/nexusai-erp-2/src/pages/RetailProductCatalog.tsx'
src/pages/RetailProductCatalog.tsx(72,9): error TS2322: Type 'ColumnDef<any>[]' is not assignable to type 'Column<CellContext<any, unknown>>[]'.
  Type 'ColumnDef<any>' is not assignable to type 'Column<CellContext<any, unknown>>'.
    Type 'ColumnDefBase<any, unknown> & StringHeaderIdentifier' is not assignable to type 'Column<CellContext<any, unknown>>'.
      Types of property 'cell' are incompatible.
        Type 'ColumnDefTemplate<CellContext<any, unknown>> | undefined' is not assignable to type '((item: CellContext<any, unknown>) => ReactNode) | undefined'.
          Type 'string' is not assignable to type '(item: CellContext<any, unknown>) => ReactNode'.
src/pages/RetailProductCatalog.tsx(74,9): error TS2322: Type '"name"' is not assignable to type 'keyof CellContext<any, unknown> | undefined'.
src/pages/RevenueSourceEvents.tsx(23,15): error TS2724: '"@shared/schema/revenue"' has no exported member named 'RevenueSourceEvent'. Did you mean 'revenueSourceEvents'?
src/pages/SalesOrderManagement.tsx(97,21): error TS2345: Argument of type '{ orderId: string; customer: string; qty: string; contractPrice: string; status: string; }' is not assignable to parameter of type 'Partial<SalesOrder>'.
  Types of property 'status' are incompatible.
    Type 'string' is not assignable to type '"pending" | "confirmed" | "shipped" | undefined'.
src/pages/SecurityProfiles.tsx(25,39): error TS1149: File name '/Users/mbjunaid/My Projects/nexusai-erp-2/src/components/ui/standardtable.tsx' differs from already included file name '/Users/mbjunaid/My Projects/nexusai-erp-2/src/components/ui/StandardTable.tsx' only in casing.
  The file is in the program because:
    Imported via "@/components/ui/StandardTable" from file '/Users/mbjunaid/My Projects/nexusai-erp-2/src/pages/LeadsDetail.tsx'
    Imported via "@/components/ui/StandardTable" from file '/Users/mbjunaid/My Projects/nexusai-erp-2/src/components/crm/AccountRelatedLists.tsx'
    Imported via "@/components/ui/StandardTable" from file '/Users/mbjunaid/My Projects/nexusai-erp-2/src/pages/crm/ContactList.tsx'
    Imported via "@/components/ui/StandardTable" from file '/Users/mbjunaid/My Projects/nexusai-erp-2/src/components/treasury/TreasuryWorkbench.tsx'
    Imported via "@/components/ui/StandardTable" from file '/Users/mbjunaid/My Projects/nexusai-erp-2/src/components/treasury/CounterpartyManager.tsx'
    Imported via "@/components/ui/StandardTable" from file '/Users/mbjunaid/My Projects/nexusai-erp-2/src/components/cash/ReconciliationWorkbench.tsx'
    Imported via "@/components/ui/StandardTable" from file '/Users/mbjunaid/My Projects/nexusai-erp-2/src/pages/finance/FixedAssets.tsx'
    Imported via "@/components/ui/StandardTable" from file '/Users/mbjunaid/My Projects/nexusai-erp-2/src/pages/APInvoices.tsx'
    Imported via "@/components/ui/StandardTable" from file '/Users/mbjunaid/My Projects/nexusai-erp-2/src/components/ar/ArInvoiceList.tsx'
    Imported via "@/components/ui/StandardTable" from file '/Users/mbjunaid/My Projects/nexusai-erp-2/src/pages/billing/BillingWorkbench.tsx'
    Imported via "@/components/ui/StandardTable" from file '/Users/mbjunaid/My Projects/nexusai-erp-2/src/pages/billing/BillingRulesManager.tsx'
    Imported via "@/components/ui/StandardTable" from file '/Users/mbjunaid/My Projects/nexusai-erp-2/src/pages/billing/SubscriptionWorkbench.tsx'
    Imported via "@/components/ui/StandardTable" from file '/Users/mbjunaid/My Projects/nexusai-erp-2/src/pages/JournalEntries.tsx'
    Imported via "@/components/ui/StandardTable" from file '/Users/mbjunaid/My Projects/nexusai-erp-2/src/pages/gl/TrialBalance.tsx'
    Imported via "@/components/ui/StandardTable" from file '/Users/mbjunaid/My Projects/nexusai-erp-2/src/pages/gl/CoaStructureSetup.tsx'
    Imported via "@/components/ui/StandardTable" from file '/Users/mbjunaid/My Projects/nexusai-erp-2/src/pages/RevenueContractWorkbench.tsx'
    Imported via "@/components/ui/StandardTable" from file '/Users/mbjunaid/My Projects/nexusai-erp-2/src/pages/RevenueRuleManager.tsx'
    Imported via "@/components/ui/StandardTable" from file '/Users/mbjunaid/My Projects/nexusai-erp-2/src/pages/RevenueContractDetail.tsx'
    Imported via "@/components/ui/StandardTable" from file '/Users/mbjunaid/My Projects/nexusai-erp-2/src/pages/RevenuePeriodClose.tsx'
    Imported via "@/components/ui/StandardTable" from file '/Users/mbjunaid/My Projects/nexusai-erp-2/src/pages/SSPManager.tsx'
    Imported via "@/components/ui/StandardTable" from file '/Users/mbjunaid/My Projects/nexusai-erp-2/src/pages/RevenueSourceEvents.tsx'
    Imported via "@/components/ui/StandardTable" from file '/Users/mbjunaid/My Projects/nexusai-erp-2/src/pages/RevenueAuditConsole.tsx'
    Imported via "@/components/ui/StandardTable" from file '/Users/mbjunaid/My Projects/nexusai-erp-2/src/pages/manufacturing/BOMDesigner.tsx'
    Imported via "@/components/ui/StandardTable" from file '/Users/mbjunaid/My Projects/nexusai-erp-2/src/pages/manufacturing/RoutingEditor.tsx'
    Imported via "@/components/ui/StandardTable" from file '/Users/mbjunaid/My Projects/nexusai-erp-2/src/pages/manufacturing/WorkCenterManager.tsx'
    Imported via "@/components/ui/StandardTable" from file '/Users/mbjunaid/My Projects/nexusai-erp-2/src/pages/manufacturing/ResourceManager.tsx'
    Imported via "@/components/ui/StandardTable" from file '/Users/mbjunaid/My Projects/nexusai-erp-2/src/pages/manufacturing/WorkOrderList.tsx'
    Imported via "@/components/ui/StandardTable" from file '/Users/mbjunaid/My Projects/nexusai-erp-2/src/pages/manufacturing/QualityManager.tsx'
    Imported via "@/components/ui/StandardTable" from file '/Users/mbjunaid/My Projects/nexusai-erp-2/src/pages/manufacturing/MRPWorkbench.tsx'
    Imported via "@/components/ui/StandardTable" from file '/Users/mbjunaid/My Projects/nexusai-erp-2/src/pages/manufacturing/CalendarManager.tsx'
    Imported via "@/components/ui/StandardTable" from file '/Users/mbjunaid/My Projects/nexusai-erp-2/src/pages/manufacturing/StandardOpLibrary.tsx'
    Imported via "@/components/ui/StandardTable" from file '/Users/mbjunaid/My Projects/nexusai-erp-2/src/pages/manufacturing/CostingWorkbench.tsx'
    Imported via "@/components/ui/StandardTable" from file '/Users/mbjunaid/My Projects/nexusai-erp-2/src/pages/manufacturing/WIPDashboard.tsx'
    Imported via "@/components/ui/StandardTable" from file '/Users/mbjunaid/My Projects/nexusai-erp-2/src/pages/manufacturing/VarianceAnalysis.tsx'
    Imported via "@/components/ui/StandardTable" from file '/Users/mbjunaid/My Projects/nexusai-erp-2/src/pages/manufacturing/FormulaDesigner.tsx'
    Imported via "@/components/ui/StandardTable" from file '/Users/mbjunaid/My Projects/nexusai-erp-2/src/pages/manufacturing/RecipeManager.tsx'
    Imported via "@/components/ui/StandardTable" from file '/Users/mbjunaid/My Projects/nexusai-erp-2/src/pages/manufacturing/BatchWorkbench.tsx'
    Imported via "@/components/ui/StandardTable" from file '/Users/mbjunaid/My Projects/nexusai-erp-2/src/pages/manufacturing/BatchGenealogy.tsx'
    Imported via '@/components/ui/StandardTable' from file '/Users/mbjunaid/My Projects/nexusai-erp-2/src/pages/InventoryDashboardView.tsx'
    Imported via "@/components/ui/StandardTable" from file '/Users/mbjunaid/My Projects/nexusai-erp-2/src/pages/SupplierManagement.tsx'
    Imported via "@/components/ui/StandardTable" from file '/Users/mbjunaid/My Projects/nexusai-erp-2/src/pages/transportation/RoutePlanningWorkbench.tsx'
    Imported via "@/components/ui/StandardTable" from file '/Users/mbjunaid/My Projects/nexusai-erp-2/src/pages/transportation/CarrierManager.tsx'
    Imported via "@/components/ui/StandardTable" from file '/Users/mbjunaid/My Projects/nexusai-erp-2/src/pages/transportation/FreightSettlementConsole.tsx'
    Imported via "@/components/ui/StandardTable" from file '/Users/mbjunaid/My Projects/nexusai-erp-2/src/pages/projects/ProjectList.tsx'
    Imported via "@/components/ui/StandardTable" from file '/Users/mbjunaid/My Projects/nexusai-erp-2/src/pages/projects/TaskList.tsx'
    Imported via "@/components/ui/StandardTable" from file '/Users/mbjunaid/My Projects/nexusai-erp-2/src/pages/projects/AssetWorkbench.tsx'
    Imported via "@/components/ui/StandardTable" from file '/Users/mbjunaid/My Projects/nexusai-erp-2/src/pages/projects/BillRateManager.tsx'
    Imported via "@/components/ui/StandardTable" from file '/Users/mbjunaid/My Projects/nexusai-erp-2/src/pages/projects/BillingRulesManager.tsx'
    Imported via "@/components/ui/StandardTable" from file '/Users/mbjunaid/My Projects/nexusai-erp-2/src/pages/projects/BurdenManager.tsx'
    Imported via "@/components/ui/StandardTable" from file '/Users/mbjunaid/My Projects/nexusai-erp-2/src/pages/projects/ProjectTemplateManager.tsx'
    Imported via "@/components/ui/StandardTable" from file '/Users/mbjunaid/My Projects/nexusai-erp-2/src/pages/UserManagement.tsx'
    Imported via "@/components/ui/StandardTable" from file '/Users/mbjunaid/My Projects/nexusai-erp-2/src/pages/EnvironmentManagement.tsx'
    Imported via "@/components/ui/StandardTable" from file '/Users/mbjunaid/My Projects/nexusai-erp-2/src/pages/order/OrderWorkbench.tsx'
    Imported via "@/components/ui/StandardTable" from file '/Users/mbjunaid/My Projects/nexusai-erp-2/src/pages/order/ShipmentWorkbench.tsx'
    Imported via "@/components/ui/StandardTable" from file '/Users/mbjunaid/My Projects/nexusai-erp-2/src/pages/order/ReturnsWorkbench.tsx'
    Imported via "@/components/ui/StandardTable" from file '/Users/mbjunaid/My Projects/nexusai-erp-2/src/pages/order/OrderConfigManager.tsx'
    Imported via "@/components/ui/StandardTable" from file '/Users/mbjunaid/My Projects/nexusai-erp-2/src/pages/order/PriceListManager.tsx'
    Imported via "@/components/ui/StandardTable" from file '/Users/mbjunaid/My Projects/nexusai-erp-2/src/pages/SalesOrderManagement.tsx'
    Imported via "@/components/ui/StandardTable" from file '/Users/mbjunaid/My Projects/nexusai-erp-2/src/pages/PatientManagement.tsx'
    Imported via "@/components/ui/standardtable" from file '/Users/mbjunaid/My Projects/nexusai-erp-2/src/pages/ComplianceExceptions.tsx'
    Imported via "@/components/ui/standardtable" from file '/Users/mbjunaid/My Projects/nexusai-erp-2/src/pages/ComplianceGovernance.tsx'
    Imported via "@/components/ui/standardtable" from file '/Users/mbjunaid/My Projects/nexusai-erp-2/src/pages/AuditTrails.tsx'
    Imported via "@/components/ui/standardtable" from file '/Users/mbjunaid/My Projects/nexusai-erp-2/src/pages/SecurityProfiles.tsx'
    Imported via "@/components/ui/StandardTable" from file '/Users/mbjunaid/My Projects/nexusai-erp-2/src/pages/PartyDirectory.tsx'
    Imported via "@/components/ui/StandardTable" from file '/Users/mbjunaid/My Projects/nexusai-erp-2/src/pages/ReferenceDataList.tsx'
    Imported via "@/components/ui/StandardTable" from file '/Users/mbjunaid/My Projects/nexusai-erp-2/src/pages/ReferenceDataDetail.tsx'
    Imported via "@/components/ui/StandardTable" from file '/Users/mbjunaid/My Projects/nexusai-erp-2/src/pages/MatchRuleList.tsx'
    Imported via "@/components/ui/StandardTable" from file '/Users/mbjunaid/My Projects/nexusai-erp-2/src/pages/SurvivorshipRuleList.tsx'
    Imported via "@/components/ui/StandardTable" from file '/Users/mbjunaid/My Projects/nexusai-erp-2/src/pages/ItemDirectory.tsx'
    Imported via "@/components/ui/StandardTable" from file '/Users/mbjunaid/My Projects/nexusai-erp-2/src/pages/ChangeRequestInbox.tsx'
    Imported via "@/components/ui/StandardTable" from file '/Users/mbjunaid/My Projects/nexusai-erp-2/src/pages/learning/instructor/InstructorDashboard.tsx'
    Imported via "@/components/ui/standardtable" from file '/Users/mbjunaid/My Projects/nexusai-erp-2/src/pages/hr/selfservice/MyTimeCard.tsx'
    Imported via "@/components/ui/standardtable" from file '/Users/mbjunaid/My Projects/nexusai-erp-2/src/pages/HRAnalyticsDashboard.tsx'
    Imported via "@/components/ui/standardtable" from file '/Users/mbjunaid/My Projects/nexusai-erp-2/src/pages/HRReports.tsx'
    Imported via "@/components/ui/standardtable" from file '/Users/mbjunaid/My Projects/nexusai-erp-2/src/pages/analytics/KpiConfiguration.tsx'
    Imported via "@/components/ui/standardtable" from file '/Users/mbjunaid/My Projects/nexusai-erp-2/src/pages/analytics/ReportScheduler.tsx'
    Imported via "@/components/ui/StandardTable" from file '/Users/mbjunaid/My Projects/nexusai-erp-2/src/pages/learning/admin/CourseCatalogAdmin.tsx'
    Imported via "@/components/ui/standardtable" from file '/Users/mbjunaid/My Projects/nexusai-erp-2/src/pages/hr/selfservice/DelegationWorkbench.tsx'
    Imported via "@/components/ui/standardtable" from file '/Users/mbjunaid/My Projects/nexusai-erp-2/src/pages/hr/selfservice/VoluntaryDeductions.tsx'
    Imported via "@/components/ui/standardtable" from file '/Users/mbjunaid/My Projects/nexusai-erp-2/src/pages/hr/selfservice/StatutoryForms.tsx'
    Imported via "@/components/ui/StandardTable" from file '/Users/mbjunaid/My Projects/nexusai-erp-2/src/components/ap/ApApprovalList.tsx'
    Imported via "@/components/ui/StandardTable" from file '/Users/mbjunaid/My Projects/nexusai-erp-2/src/components/ap/ApInvoiceList.tsx'
    Imported via "@/components/ui/StandardTable" from file '/Users/mbjunaid/My Projects/nexusai-erp-2/src/components/ap/ApSupplierList.tsx'
    Imported via "@/components/ui/StandardTable" from file '/Users/mbjunaid/My Projects/nexusai-erp-2/src/components/inventory/WavePlanningConsole.tsx'
    Imported via "@/components/ui/StandardTable" from file '/Users/mbjunaid/My Projects/nexusai-erp-2/src/components/inventory/WmsTaskWorkbench.tsx'
    Imported via "@/components/ui/StandardTable" from file '/Users/mbjunaid/My Projects/nexusai-erp-2/src/components/ppm/BillingWorkbench.tsx'
    Imported via "@/components/ui/StandardTable" from file '/Users/mbjunaid/My Projects/nexusai-erp-2/src/components/ppm/PpmWorkbench.tsx'
    Imported via "@/components/ui/StandardTable" from file '/Users/mbjunaid/My Projects/nexusai-erp-2/src/components/procurement/SupplierManager.tsx'
    Imported via "@/components/ui/StandardTable" from file '/Users/mbjunaid/My Projects/nexusai-erp-2/src/components/procurement/SupplierSiteManager.tsx'
    Matched by include pattern 'src' in '/Users/mbjunaid/My Projects/nexusai-erp-2/tsconfig.json'
    Imported via "@/components/ui/StandardTable" from file '/Users/mbjunaid/My Projects/nexusai-erp-2/src/pages/ARInvoices.tsx'
    Imported via "@/components/ui/StandardTable" from file '/Users/mbjunaid/My Projects/nexusai-erp-2/src/pages/AuditLogs.tsx'
    Imported via "@/components/ui/StandardTable" from file '/Users/mbjunaid/My Projects/nexusai-erp-2/src/pages/ClientManagement.tsx'
    Imported via "@/components/ui/StandardTable" from file '/Users/mbjunaid/My Projects/nexusai-erp-2/src/pages/CostInsights.tsx'
    Imported via "@/components/ui/StandardTable" from file '/Users/mbjunaid/My Projects/nexusai-erp-2/src/pages/OpportunitiesDetail.tsx'
    Imported via "@/components/ui/StandardTable" from file '/Users/mbjunaid/My Projects/nexusai-erp-2/src/pages/OpportunityList.tsx'
    Imported via "@/components/ui/StandardTable" from file '/Users/mbjunaid/My Projects/nexusai-erp-2/src/pages/RetailProductCatalog.tsx'
    Imported via "@/components/ui/StandardTable" from file '/Users/mbjunaid/My Projects/nexusai-erp-2/src/pages/RoleManagement.tsx'
    Imported via "@/components/ui/StandardTable" from file '/Users/mbjunaid/My Projects/nexusai-erp-2/src/pages/StudentManagement.tsx'
    Imported via '@/components/ui/StandardTable' from file '/Users/mbjunaid/My Projects/nexusai-erp-2/src/pages/cost-management/DistributionsViewer.tsx'
    Imported via "@/components/ui/StandardTable" from file '/Users/mbjunaid/My Projects/nexusai-erp-2/src/pages/crm/AccountDetail.tsx'
    Imported via "@/components/ui/StandardTable" from file '/Users/mbjunaid/My Projects/nexusai-erp-2/src/pages/fixed-assets/AssetWorkbench.tsx'
    Imported via "@/components/ui/StandardTable" from file '/Users/mbjunaid/My Projects/nexusai-erp-2/src/pages/inventory/LotSerialManager.tsx'
    Imported via "@/components/ui/StandardTable" from file '/Users/mbjunaid/My Projects/nexusai-erp-2/src/pages/procurement/PurchaseOrderList.tsx'
    Imported via "@/components/ui/StandardTable" from file '/Users/mbjunaid/My Projects/nexusai-erp-2/src/pages/procurement/RequisitionBoard.tsx'
    Imported via "@/components/ui/StandardTable" from file '/Users/mbjunaid/My Projects/nexusai-erp-2/src/pages/projects/ExpenditureInquiry.tsx'
    Imported via "@/components/ui/StandardTable" from file '/Users/mbjunaid/My Projects/nexusai-erp-2/src/pages/projects/ExpenditureTypeManager.tsx'
    Imported via "@/components/ui/StandardTable" from file '/Users/mbjunaid/My Projects/nexusai-erp-2/src/pages/projects/SlaEventMonitor.tsx'
    Imported via "@/components/ui/StandardTable" from file '/Users/mbjunaid/My Projects/nexusai-erp-2/src/pages/projects/TransactionImport.tsx'
    Imported via "@/components/ui/StandardTable" from file '/Users/mbjunaid/My Projects/nexusai-erp-2/src/pages/supply-chain/PartnerList.tsx'
    Imported via "@/components/ui/StandardTable" from file '/Users/mbjunaid/My Projects/nexusai-erp-2/src/pages/supply-chain/ShipmentList.tsx'
src/pages/sla/ManualJournalEntry.tsx(109,53): error TS2322: Type '{ children: Element; title: string; subtitle: string; }' is not assignable to type 'IntrinsicAttributes & StandardPageProps'.
  Property 'subtitle' does not exist on type 'IntrinsicAttributes & StandardPageProps'.
src/pages/StudentManagement.tsx(51,7): error TS2322: Type '{ children: Element; title: string; subtitle: string; actions: Element; }' is not assignable to type 'IntrinsicAttributes & StandardPageProps'.
  Property 'subtitle' does not exist on type 'IntrinsicAttributes & StandardPageProps'.
src/pages/SupplierCollaborationPortal.tsx(65,14): error TS2304: Cannot find name 'FileText'.
src/pages/SurvivorshipRuleList.tsx(164,25): error TS2322: Type 'unknown' is not assignable to type 'any[]'.
src/pages/transportation/CarrierManager.tsx(42,25): error TS2322: Type '"xs"' is not assignable to type '"default" | "sm" | "lg" | "icon" | null | undefined'.
src/pages/transportation/CarrierManager.tsx(54,25): error TS2322: Type '"premium"' is not assignable to type '"link" | "default" | "destructive" | "outline" | "secondary" | "ghost" | null | undefined'.
src/pages/transportation/CarrierManager.tsx(108,25): error TS2322: Type '({ header: string; accessorKey: string; cell?: undefined; id?: undefined; } | { header: string; accessorKey: string; cell: (info: any) => Element; id?: undefined; } | { id: string; cell: () => Element; header?: undefined; accessorKey?: undefined; })[]' is not assignable to type 'Column<any>[]'.
  Type '{ header: string; accessorKey: string; cell?: undefined; id?: undefined; } | { header: string; accessorKey: string; cell: (info: any) => Element; id?: undefined; } | { id: string; cell: () => Element; header?: undefined; accessorKey?: undefined; }' is not assignable to type 'Column<any>'.
    Type '{ id: string; cell: () => JSX.Element; header?: undefined; accessorKey?: undefined; }' is not assignable to type 'Column<any>'.
      Types of property 'header' are incompatible.
        Type 'undefined' is not assignable to type 'string'.
src/pages/transportation/CarrierManager.tsx(133,40): error TS2322: Type '"default" | "success" | "warning"' is not assignable to type '"default" | "destructive" | "outline" | "secondary" | null | undefined'.
  Type '"success"' is not assignable to type '"default" | "destructive" | "outline" | "secondary" | null | undefined'.
src/pages/transportation/FreightSettlementConsole.tsx(78,24): error TS2322: Type '"default" | "destructive" | "secondary" | "success"' is not assignable to type '"default" | "destructive" | "outline" | "secondary" | null | undefined'.
  Type '"success"' is not assignable to type '"default" | "destructive" | "outline" | "secondary" | null | undefined'.
src/pages/transportation/FreightSettlementConsole.tsx(94,29): error TS2322: Type '"xs"' is not assignable to type '"default" | "sm" | "lg" | "icon" | null | undefined'.
src/pages/transportation/FreightSettlementConsole.tsx(95,29): error TS2322: Type '"glow"' is not assignable to type '"link" | "default" | "destructive" | "outline" | "secondary" | "ghost" | null | undefined'.
src/pages/transportation/FreightSettlementConsole.tsx(103,29): error TS2322: Type '"xs"' is not assignable to type '"default" | "sm" | "lg" | "icon" | null | undefined'.
src/pages/transportation/FreightSettlementConsole.tsx(126,29): error TS2322: Type '"premium"' is not assignable to type '"link" | "default" | "destructive" | "outline" | "secondary" | "ghost" | null | undefined'.
